Filtering the log data using "processImagePath BEGINSWITH "/Users/tyler.hackett/Library/Developer/CoreSimulator/Devices/F875505B-B6AE-445A-83C5-DDA0B4489670/data/Containers/Bundle/Application/F9EEBD1D-2408-4001-B011-EE989F789557/AvaxWallet.app""
Timestamp               Ty Process[PID:TID]
2023-01-13 11:20:25.561 Df AvaxWallet[51842:1d2b0d7] [com.apple.UIKit:EventDispatch] Sending UIEvent type: 0; subtype: 0; to windows: 1
2023-01-13 11:20:25.562 Df AvaxWallet[51842:1d2b0d7] [com.apple.UIKit:EventDispatch] Sending UIEvent type: 0; subtype: 0; to window: <UIWindow: 0x12231bc40>; contextId: 0xA225FEAF
2023-01-13 11:20:25.562 A  AvaxWallet[51842:1d2b0d7] (UIKitCore) send gesture actions
2023-01-13 11:20:25.563 I  AvaxWallet[51842:1d2b138] [com.facebook.react.log:javascript] '%s %s', '[11:20:25.56]', 'ExistingWalletTabClicked'
2023-01-13 11:20:25.573 Db AvaxWallet[51842:1d2b180] [com.apple.defaults:User Defaults] looked up value 1 for key RCTI18nUtil_makeRTLFlipLeftAndRightStyles in CFPrefsPlistSource<0x600001ff8300> (Domain: org.avalabs.corewallet, User: kCFPreferencesCurrentUser, ByHost: No, Container: (null), Contents Need Refresh: No) via CFPrefsSearchListSource<0x600001ff8000> (Domain: org.avalabs.corewallet, Container: (null))
2023-01-13 11:20:25.573 Db AvaxWallet[51842:1d2b180] [com.apple.defaults:User Defaults] looked up value 1 for key RCTI18nUtil_makeRTLFlipLeftAndRightStyles in CFPrefsPlistSource<0x600001ff8300> (Domain: org.avalabs.corewallet, User: kCFPreferencesCurrentUser, ByHost: No, Container: (null), Contents Need Refresh: No) via CFPrefsSearchListSource<0x600001ff8000> (Domain: org.avalabs.corewallet, Container: (null))
2023-01-13 11:20:25.585 Db AvaxWallet[51842:1d2b180] [com.apple.defaults:User Defaults] looked up value 1 for key RCTI18nUtil_makeRTLFlipLeftAndRightStyles in CFPrefsPlistSource<0x600001ff8300> (Domain: org.avalabs.corewallet, User: kCFPreferencesCurrentUser, ByHost: No, Container: (null), Contents Need Refresh: No) via CFPrefsSearchListSource<0x600001ff8000> (Domain: org.avalabs.corewallet, Container: (null))
2023-01-13 11:20:25.585 Db AvaxWallet[51842:1d2b180] [com.apple.defaults:User Defaults] looked up value 1 for key RCTI18nUtil_makeRTLFlipLeftAndRightStyles in CFPrefsPlistSource<0x600001ff8300> (Domain: org.avalabs.corewallet, User: kCFPreferencesCurrentUser, ByHost: No, Container: (null), Contents Need Refresh: No) via CFPrefsSearchListSource<0x600001ff8000> (Domain: org.avalabs.corewallet, Container: (null))
2023-01-13 11:20:25.585 Db AvaxWallet[51842:1d2b180] [com.apple.defaults:User Defaults] looked up value 1 for key RCTI18nUtil_makeRTLFlipLeftAndRightStyles in CFPrefsPlistSource<0x600001ff8300> (Domain: org.avalabs.corewallet, User: kCFPreferencesCurrentUser, ByHost: No, Container: (null), Contents Need Refresh: No) via CFPrefsSearchListSource<0x600001ff8000> (Domain: org.avalabs.corewallet, Container: (null))
2023-01-13 11:20:25.585 Db AvaxWallet[51842:1d2b180] [com.apple.defaults:User Defaults] looked up value 1 for key RCTI18nUtil_makeRTLFlipLeftAndRightStyles in CFPrefsPlistSource<0x600001ff8300> (Domain: org.avalabs.corewallet, User: kCFPreferencesCurrentUser, ByHost: No, Container: (null), Contents Need Refresh: No) via CFPrefsSearchListSource<0x600001ff8000> (Domain: org.avalabs.corewallet, Container: (null))
2023-01-13 11:20:25.585 Db AvaxWallet[51842:1d2b0d7] [com.apple.CFBundle:resources] Resource lookup at CFBundle 0x122304080 </Users/tyler.hackett/Library/Developer/CoreSimulator/Devices/F875505B-B6AE-445A-83C5-DDA0B4489670/data/Containers/Bundle/Application/F9EEBD1D-2408-4001-B011-EE989F789557/AvaxWallet.app> (executable, loaded)
	Request       : RNScreensViewController type: nib
	Result        : None
2023-01-13 11:20:25.586 Db AvaxWallet[51842:1d2b0d7] [com.apple.CFBundle:resources] Resource lookup at CFBundle 0x122304080 </Users/tyler.hackett/Library/Developer/CoreSimulator/Devices/F875505B-B6AE-445A-83C5-DDA0B4489670/data/Containers/Bundle/Application/F9EEBD1D-2408-4001-B011-EE989F789557/AvaxWallet.app> (executable, loaded)
	Request       : RNScreensView type: nib
	Result        : None
2023-01-13 11:20:25.586 Db AvaxWallet[51842:1d2b180] [com.apple.defaults:User Defaults] looked up value 1 for key RCTI18nUtil_makeRTLFlipLeftAndRightStyles in CFPrefsPlistSource<0x600001ff8300> (Domain: org.avalabs.corewallet, User: kCFPreferencesCurrentUser, ByHost: No, Container: (null), Contents Need Refresh: No) via CFPrefsSearchListSource<0x600001ff8000> (Domain: org.avalabs.corewallet, Container: (null))
2023-01-13 11:20:25.586 Db AvaxWallet[51842:1d2b180] [com.apple.defaults:User Defaults] looked up value 1 for key RCTI18nUtil_makeRTLFlipLeftAndRightStyles in CFPrefsPlistSource<0x600001ff8300> (Domain: org.avalabs.corewallet, User: kCFPreferencesCurrentUser, ByHost: No, Container: (null), Contents Need Refresh: No) via CFPrefsSearchListSource<0x600001ff8000> (Domain: org.avalabs.corewallet, Container: (null))
2023-01-13 11:20:25.586 Db AvaxWallet[51842:1d2b180] [com.apple.defaults:User Defaults] looked up value 1 for key RCTI18nUtil_makeRTLFlipLeftAndRightStyles in CFPrefsPlistSource<0x600001ff8300> (Domain: org.avalabs.corewallet, User: kCFPreferencesCurrentUser, ByHost: No, Container: (null), Contents Need Refresh: No) via CFPrefsSearchListSource<0x600001ff8000> (Domain: org.avalabs.corewallet, Container: (null))
2023-01-13 11:20:25.586 Db AvaxWallet[51842:1d2b180] [com.apple.defaults:User Defaults] looked up value 1 for key RCTI18nUtil_makeRTLFlipLeftAndRightStyles in CFPrefsPlistSource<0x600001ff8300> (Domain: org.avalabs.corewallet, User: kCFPreferencesCurrentUser, ByHost: No, Container: (null), Contents Need Refresh: No) via CFPrefsSearchListSource<0x600001ff8000> (Domain: org.avalabs.corewallet, Container: (null))
2023-01-13 11:20:25.624 Df AvaxWallet[51842:1d2b11f] Running: capture: with arguments (
    "<PHGCapturePayload: 0x6000030012c0>"
) on integration: PostHog
2023-01-13 11:20:25.624 Db AvaxWallet[51842:1d2b180] [com.apple.defaults:User Defaults] looked up value 1 for key RCTI18nUtil_makeRTLFlipLeftAndRightStyles in CFPrefsPlistSource<0x600001ff8300> (Domain: org.avalabs.corewallet, User: kCFPreferencesCurrentUser, ByHost: No, Container: (null), Contents Need Refresh: No) via CFPrefsSearchListSource<0x600001ff8000> (Domain: org.avalabs.corewallet, Container: (null))
2023-01-13 11:20:25.625 Db AvaxWallet[51842:1d2b180] [com.apple.defaults:User Defaults] looked up value 1 for key RCTI18nUtil_makeRTLFlipLeftAndRightStyles in CFPrefsPlistSource<0x600001ff8300> (Domain: org.avalabs.corewallet, User: kCFPreferencesCurrentUser, ByHost: No, Container: (null), Contents Need Refresh: No) via CFPrefsSearchListSource<0x600001ff8000> (Domain: org.avalabs.corewallet, Container: (null))
2023-01-13 11:20:25.625 Db AvaxWallet[51842:1d2b180] [com.apple.defaults:User Defaults] looked up value 1 for key RCTI18nUtil_makeRTLFlipLeftAndRightStyles in CFPrefsPlistSource<0x600001ff8300> (Domain: org.avalabs.corewallet, User: kCFPreferencesCurrentUser, ByHost: No, Container: (null), Contents Need Refresh: No) via CFPrefsSearchListSource<0x600001ff8000> (Domain: org.avalabs.corewallet, Container: (null))
2023-01-13 11:20:25.625 Db AvaxWallet[51842:1d2b180] [com.apple.defaults:User Defaults] looked up value 1 for key RCTI18nUtil_makeRTLFlipLeftAndRightStyles in CFPrefsPlistSource<0x600001ff8300> (Domain: org.avalabs.corewallet, User: kCFPreferencesCurrentUser, ByHost: No, Container: (null), Contents Need Refresh: No) via CFPrefsSearchListSource<0x600001ff8000> (Domain: org.avalabs.corewallet, Container: (null))
2023-01-13 11:20:25.625 Db AvaxWallet[51842:1d2b180] [com.apple.defaults:User Defaults] looked up value 1 for key RCTI18nUtil_makeRTLFlipLeftAndRightStyles in CFPrefsPlistSource<0x600001ff8300> (Domain: org.avalabs.corewallet, User: kCFPreferencesCurrentUser, ByHost: No, Container: (null), Contents Need Refresh: No) via CFPrefsSearchListSource<0x600001ff8000> (Domain: org.avalabs.corewallet, Container: (null))
2023-01-13 11:20:25.625 Db AvaxWallet[51842:1d2b180] [com.apple.defaults:User Defaults] looked up value 1 for key RCTI18nUtil_makeRTLFlipLeftAndRightStyles in CFPrefsPlistSource<0x600001ff8300> (Domain: org.avalabs.corewallet, User: kCFPreferencesCurrentUser, ByHost: No, Container: (null), Contents Need Refresh: No) via CFPrefsSearchListSource<0x600001ff8000> (Domain: org.avalabs.corewallet, Container: (null))
2023-01-13 11:20:25.625 Db AvaxWallet[51842:1d2b180] [com.apple.defaults:User Defaults] looked up value 1 for key RCTI18nUtil_makeRTLFlipLeftAndRightStyles in CFPrefsPlistSource<0x600001ff8300> (Domain: org.avalabs.corewallet, User: kCFPreferencesCurrentUser, ByHost: No, Container: (null), Contents Need Refresh: No) via CFPrefsSearchListSource<0x600001ff8000> (Domain: org.avalabs.corewallet, Container: (null))
2023-01-13 11:20:25.625 Db AvaxWallet[51842:1d2b180] [com.apple.defaults:User Defaults] looked up value 1 for key RCTI18nUtil_makeRTLFlipLeftAndRightStyles in CFPrefsPlistSource<0x600001ff8300> (Domain: org.avalabs.corewallet, User: kCFPreferencesCurrentUser, ByHost: No, Container: (null), Contents Need Refresh: No) via CFPrefsSearchListSource<0x600001ff8000> (Domain: org.avalabs.corewallet, Container: (null))
2023-01-13 11:20:25.625 Db AvaxWallet[51842:1d2b11f] [com.apple.SystemConfiguration:SCNetworkReachability] [0x122409400] __SCNetworkReachabilityGetFlagsFromPath(GetFlags), flags = 0x00000002, nw_path_status_satisfied, resolved endpoint flags
2023-01-13 11:20:25.625 Db AvaxWallet[51842:1d2b180] [com.apple.defaults:User Defaults] looked up value 1 for key RCTI18nUtil_makeRTLFlipLeftAndRightStyles in CFPrefsPlistSource<0x600001ff8300> (Domain: org.avalabs.corewallet, User: kCFPreferencesCurrentUser, ByHost: No, Container: (null), Contents Need Refresh: No) via CFPrefsSearchListSource<0x600001ff8000> (Domain: org.avalabs.corewallet, Container: (null))
2023-01-13 11:20:25.625 Db AvaxWallet[51842:1d2b11f] [com.apple.SystemConfiguration:SCNetworkReachability] [0x122409400] __SCNetworkReachabilityGetFlagsFromPath(GetFlags), flags = 0x00000002, nw_path_status_satisfied, resolved endpoint flags
2023-01-13 11:20:25.625 Db AvaxWallet[51842:1d2b180] [com.apple.defaults:User Defaults] looked up value 1 for key RCTI18nUtil_makeRTLFlipLeftAndRightStyles in CFPrefsPlistSource<0x600001ff8300> (Domain: org.avalabs.corewallet, User: kCFPreferencesCurrentUser, ByHost: No, Container: (null), Contents Need Refresh: No) via CFPrefsSearchListSource<0x600001ff8000> (Domain: org.avalabs.corewallet, Container: (null))
2023-01-13 11:20:25.625 Db AvaxWallet[51842:1d2b11f] [com.apple.SystemConfiguration:SCNetworkReachability] [0x122409400] __SCNetworkReachabilityGetFlagsFromPath(GetFlags), flags = 0x00000002, nw_path_status_satisfied, resolved endpoint flags
2023-01-13 11:20:25.625 Db AvaxWallet[51842:1d2b180] [com.apple.defaults:User Defaults] looked up value 1 for key RCTI18nUtil_makeRTLFlipLeftAndRightStyles in CFPrefsPlistSource<0x600001ff8300> (Domain: org.avalabs.corewallet, User: kCFPreferencesCurrentUser, ByHost: No, Container: (null), Contents Need Refresh: No) via CFPrefsSearchListSource<0x600001ff8000> (Domain: org.avalabs.corewallet, Container: (null))
2023-01-13 11:20:25.625 Db AvaxWallet[51842:1d2b180] [com.apple.defaults:User Defaults] looked up value 1 for key RCTI18nUtil_makeRTLFlipLeftAndRightStyles in CFPrefsPlistSource<0x600001ff8300> (Domain: org.avalabs.corewallet, User: kCFPreferencesCurrentUser, ByHost: No, Container: (null), Contents Need Refresh: No) via CFPrefsSearchListSource<0x600001ff8000> (Domain: org.avalabs.corewallet, Container: (null))
2023-01-13 11:20:25.625 Db AvaxWallet[51842:1d2b180] [com.apple.defaults:User Defaults] looked up value 1 for key RCTI18nUtil_makeRTLFlipLeftAndRightStyles in CFPrefsPlistSource<0x600001ff8300> (Domain: org.avalabs.corewallet, User: kCFPreferencesCurrentUser, ByHost: No, Container: (null), Contents Need Refresh: No) via CFPrefsSearchListSource<0x600001ff8000> (Domain: org.avalabs.corewallet, Container: (null))
2023-01-13 11:20:25.625 Df AvaxWallet[51842:1d2b11f] <0x600001ffbb00:PHGPostHogIntegration, phc_wkYCkQ0TybOM3y6OUtdUnUdjFimeG4Zsv69JJHIxic9> Enqueueing action: {
    "distinct_id" = "6B50F3B6-26D0-4C4F-A51B-D53ED1E4A10E";
    event = ExistingWalletTabClicked;
    "message_id" = "A215FE4D-5D12-4E63-BEAD-E906CA0AFA0E";
    properties =     {
        "$app_build" = 1;
        "$app_name" = Core;
        "$app_namespace" = "org.avalabs.corewallet";
        "$app_version" = "0.0.0";
        "$device_id" = "FC014079-B007-433B-A134-FB66C87457E5";
        "$device_manufacturer" = Apple;
        "$device_model" = arm64;
        "$device_name" = iPhone;
        "$device_type" = ios;
        "$ip" = "";
        "$lib" = "posthog-react-native";
        "$lib_version" = "1.1.4";
        "$locale" = "en-US";
        "$network_cellular" = 0;
        "$network_wifi" = 1;
        "$os_name" = iOS;
        "$os_version" = "16.2";
        "$screen_height" = 844;
        "$screen_width" = 390;
        "$timezone" = "America/Los_Angeles";
        "$user_id" = "ed0b8ada-8239-4c52-bc3b-c
2023-01-13 11:20:25.625 Db AvaxWallet[51842:1d2b180] [com.apple.defaults:User Defaults] looked up value 1 for key RCTI18nUtil_makeRTLFlipLeftAndRightStyles in CFPrefsPlistSource<0x600001ff8300> (Domain: org.avalabs.corewallet, User: kCFPreferencesCurrentUser, ByHost: No, Container: (null), Contents Need Refresh: No) via CFPrefsSearchListSource<0x600001ff8000> (Domain: org.avalabs.corewallet, Container: (null))
2023-01-13 11:20:25.626 Df AvaxWallet[51842:1d2b11f] [com.apple.FileURL:default] kExcludedFromBackupXattrName set on path: /Users/tyler.hackett/Library/Developer/CoreSimulator/Devices/F875505B-B6AE-445A-83C5-DDA0B4489670/data/Containers/Data/Application/95FB8320-E433-4B2F-B270-41FE21040F91/Library/Application Support/org.avalabs.corewallet/posthog.queue.plist
2023-01-13 11:20:25.626 Df AvaxWallet[51842:1d2b11f] <0x600001ffbb00:PHGPostHogIntegration, phc_wkYCkQ0TybOM3y6OUtdUnUdjFimeG4Zsv69JJHIxic9> Length is 1.
2023-01-13 11:20:25.626 Df AvaxWallet[51842:1d2b11f] <0x600001ffbb00:PHGPostHogIntegration, phc_wkYCkQ0TybOM3y6OUtdUnUdjFimeG4Zsv69JJHIxic9> Flushing 1 of 1 queued API calls.
2023-01-13 11:20:25.626 Df AvaxWallet[51842:1d2b11f] Flushing batch {
    "api_key" = "phc_wkYCkQ0TybOM3y6OUtdUnUdjFimeG4Zsv69JJHIxic9";
    batch =     (
                {
            "distinct_id" = "6B50F3B6-26D0-4C4F-A51B-D53ED1E4A10E";
            event = ExistingWalletTabClicked;
            "message_id" = "A215FE4D-5D12-4E63-BEAD-E906CA0AFA0E";
            properties =             {
                "$app_build" = 1;
                "$app_name" = Core;
                "$app_namespace" = "org.avalabs.corewallet";
                "$app_version" = "0.0.0";
                "$device_id" = "FC014079-B007-433B-A134-FB66C87457E5";
                "$device_manufacturer" = Apple;
                "$device_model" = arm64;
                "$device_name" = iPhone;
                "$device_type" = ios;
                "$ip" = "";
                "$lib" = "posthog-react-native";
                "$lib_version" = "1.1.4";
                "$locale" = "en-US";
                "$network_cellular" = 0;
                "$network_wifi" = 1;
                "$os_name" = iOS;
          .
2023-01-13 11:20:25.626 Df AvaxWallet[51842:1d2b11f] (CFNetwork) Task <0518F8D5-2FA5-48AF-8D88-E32B5E6EE4DD>.<2> resuming, timeouts(60.0, 604800.0) QOS(0x19) Voucher (null)
2023-01-13 11:20:25.627 Db AvaxWallet[51842:1d2b11f] [com.apple.network:activity] Returning should log: 0 for activity cfnetwork:foreground_task
2023-01-13 11:20:25.627 Db AvaxWallet[51842:1d2b11f] [com.apple.network:activity] Domain cfnetwork rate configured in registry as 1 / 20000
2023-01-13 11:20:25.627 Db AvaxWallet[51842:1d2b11f] [com.apple.network:activity] Domain cfnetwork rate configured after remote default override as 1 / 20000
2023-01-13 11:20:25.627 Db AvaxWallet[51842:1d2b11f] [com.apple.network:activity] After reading settings plist, domain cfnetwork rate configured as 1 / 2000000
2023-01-13 11:20:25.627 Db AvaxWallet[51842:1d2b11f] [com.apple.network:activity] After settings override, domain cfnetwork rate configured as 1 / 2000000
2023-01-13 11:20:25.627 Db AvaxWallet[51842:1d2b11f] [com.apple.network:activity] Final domain cfnetwork rate configured as 1 / 2000000
2023-01-13 11:20:25.627 Db AvaxWallet[51842:1d2b11f] [com.apple.network:activity] <nw_activity 12:2[No UUID] (reporting strategy default)> sampled at 1 / 2000000
2023-01-13 11:20:25.627 Db AvaxWallet[51842:1d2b11f] [com.apple.network:activity] Returning should log: 0 for activity cfnetwork:foreground_task
2023-01-13 11:20:25.627 Df AvaxWallet[51842:1d2b11f] (CFNetwork) [Telemetry]: Activity <nw_activity 12:2[4C4D2CF3-ABEF-4018-B044-5A06B9DC6C17] (reporting strategy default)> on Task <0518F8D5-2FA5-48AF-8D88-E32B5E6EE4DD>.<2> was not selected for reporting
2023-01-13 11:20:25.627 Df AvaxWallet[51842:1d2b0d7] sent notification PostHogDidSendRequest
2023-01-13 11:20:25.627 Df AvaxWallet[51842:1d2b11f] [com.apple.CFNetwork:ATS] Task <0518F8D5-2FA5-48AF-8D88-E32B5E6EE4DD>.<2> {strength 0, tls 4, sub 0, sig 1, ciphers 0, bundle 0, builtin 0}
2023-01-13 11:20:25.627 Db AvaxWallet[51842:1d2b11f] (CFNetwork) Connection 19: set is idle false
2023-01-13 11:20:25.627 Df AvaxWallet[51842:1d2b11f] [com.apple.network:connection] [C19] event: client:connection_reused @2.621s
2023-01-13 11:20:25.627 I  AvaxWallet[51842:1d2b11f] [com.apple.network:connection] nw_endpoint_handler_report_connection_idle [C19 104.18.20.25:443 ready parent-flow (satisfied (Path is satisfied), viable, interface: en0[802.11])] Reporting connection not idle to protocols
2023-01-13 11:20:25.627 I  AvaxWallet[51842:1d2b11f] [com.apple.network:connection] nw_flow_passthrough_notify [C19.1.1 104.18.20.25:443 ready socket-flow (satisfied (Path is satisfied), interface: en0[802.11])] received notification connection_idle
2023-01-13 11:20:25.627 Df AvaxWallet[51842:1d2b11f] (CFNetwork) Task <0518F8D5-2FA5-48AF-8D88-E32B5E6EE4DD>.<2> now using Connection 19
2023-01-13 11:20:25.627 Db AvaxWallet[51842:1d2b11f] [com.apple.network:activity] Returning should log: 0 for activity cfnetwork:foreground_task
2023-01-13 11:20:25.627 Db AvaxWallet[51842:1d2b11f] [com.apple.network:connection] nw_connection_modify_estimated_bytes_block_invoke [C19] Incremented estimated bytes to send by 557, total now 1103
2023-01-13 11:20:25.627 Db AvaxWallet[51842:1d2b11f] [com.apple.network:connection] nw_connection_modify_estimated_bytes_block_invoke [C19] Using lower threshold 12582912, upper threshold 31457280
2023-01-13 11:20:25.627 Db AvaxWallet[51842:1d2b11f] [com.apple.network:connection] nw_endpoint_handler_add_write_request [C19 104.18.20.25:443 ready parent-flow (satisfied (Path is satisfied), viable, interface: en0[802.11])] connected_child_handles_requests 0
2023-01-13 11:20:25.627 Df AvaxWallet[51842:1d2b11f] (CFNetwork) Task <0518F8D5-2FA5-48AF-8D88-E32B5E6EE4DD>.<2> sent request, body S 557
2023-01-13 11:20:25.627 Db AvaxWallet[51842:1d2b11f] [com.apple.network:connection] nw_endpoint_handler_add_write_request [C19 104.18.20.25:443 ready parent-flow (satisfied (Path is satisfied), viable, interface: en0[802.11])] connected_child_handles_requests 0
2023-01-13 11:20:25.649 Df AvaxWallet[51842:1d2b180] (CFNetwork) Task <A4C1D5F1-DB17-4F65-8897-5220B95E70DC>.<79> resuming, timeouts(60.0, 604800.0) QOS(0x19) Voucher (null)
2023-01-13 11:20:25.649 Db AvaxWallet[51842:1d2b180] [com.apple.network:activity] Returning should log: 0 for activity cfnetwork:foreground_task
2023-01-13 11:20:25.649 Db AvaxWallet[51842:1d2b180] [com.apple.network:activity] Domain cfnetwork rate configured in registry as 1 / 20000
2023-01-13 11:20:25.649 Db AvaxWallet[51842:1d2b180] [com.apple.network:activity] Domain cfnetwork rate configured after remote default override as 1 / 20000
2023-01-13 11:20:25.649 Db AvaxWallet[51842:1d2b180] [com.apple.network:activity] After reading settings plist, domain cfnetwork rate configured as 1 / 2000000
2023-01-13 11:20:25.649 Db AvaxWallet[51842:1d2b180] [com.apple.network:activity] After settings override, domain cfnetwork rate configured as 1 / 2000000
2023-01-13 11:20:25.649 Db AvaxWallet[51842:1d2b180] [com.apple.network:activity] Final domain cfnetwork rate configured as 1 / 2000000
2023-01-13 11:20:25.649 Db AvaxWallet[51842:1d2b180] [com.apple.network:activity] <nw_activity 12:2[No UUID] (reporting strategy default)> sampled at 1 / 2000000
2023-01-13 11:20:25.649 Db AvaxWallet[51842:1d2b180] [com.apple.network:activity] Returning should log: 0 for activity cfnetwork:foreground_task
2023-01-13 11:20:25.649 Df AvaxWallet[51842:1d2b180] (CFNetwork) [Telemetry]: Activity <nw_activity 12:2[2BEA3FF6-D547-4B27-A758-B62CB34854B2] (reporting strategy default)> on Task <A4C1D5F1-DB17-4F65-8897-5220B95E70DC>.<79> was not selected for reporting
2023-01-13 11:20:25.650 Db AvaxWallet[51842:1d2b180] [com.apple.CFNetwork:ATS] Uploading ATS exception ATSAllowsLocalNetworking
2023-01-13 11:20:25.650 A  AvaxWallet[51842:1d2b142] (Security) SecTrustReportNetworkingAnalytics
2023-01-13 11:20:25.650 I  AvaxWallet[51842:1d2b180] [com.apple.network:connection] nw_connection_create_with_id [C46] create connection to Hostname#996283b3:8081
2023-01-13 11:20:25.650 Df AvaxWallet[51842:1d2b180] (CFNetwork) Connection 46: starting, TC(0x0)
2023-01-13 11:20:25.650 Df AvaxWallet[51842:1d2b180] [com.apple.network:connection] [C46 9058EFB7-E7B9-423F-8F26-6CE8A2F1129B localhost:8081 tcp, url hash: 757f73a4, definite, attribution: developer, context: com.apple.CFNetwork.NSURLSession.{A344D172-F598-4FC5-9663-A84386BE66F4}{(null)}{Y}{2} (private), proc: FE83E01C-B577-322E-99B1-72345FEF6D33] start
2023-01-13 11:20:25.650 I  AvaxWallet[51842:1d2b180] [com.apple.network:connection] nw_endpoint_handler_start [C46 localhost:8081 initial parent-flow ((null))]
2023-01-13 11:20:25.650 Df AvaxWallet[51842:1d2b180] [com.apple.network:connection] [C46 localhost:8081 initial parent-flow ((null))] event: path:start @0.000s
2023-01-13 11:20:25.650 Db AvaxWallet[51842:1d2b180] [com.apple.network:connection] nw_endpoint_handler_path_change [C46 localhost:8081 waiting parent-flow (satisfied (Path is satisfied), interface: en0[802.11])]
2023-01-13 11:20:25.650 Df AvaxWallet[51842:1d2b180] [com.apple.network:connection] [C46 localhost:8081 waiting parent-flow (satisfied (Path is satisfied), interface: en0[802.11])] event: path:satisfied @0.000s, uuid: 0949B291-C39E-432C-8539-B7EB7187422C
2023-01-13 11:20:25.650 I  AvaxWallet[51842:1d2b180] [com.apple.network:connection] nw_connection_endpoint_report_on_nw_queue_block_invoke [C46 localhost:8081 waiting parent-flow (satisfied (Path is satisfied), interface: en0[802.11])] skipping state update
2023-01-13 11:20:25.650 Db AvaxWallet[51842:1d2b180] [com.apple.network:] nw_endpoint_proxy_handler_should_use_proxy Looking up proxy for hostname: localhost, ifindex: 0
2023-01-13 11:20:25.650 Db AvaxWallet[51842:1d2b180] [com.apple.SystemConfiguration:SCPreferences] create <SCPreferences 0x15be27af0 [0x1ba9afc60]> {name = SCDynamicStoreCopyProxiesWithOptions, id = /Library/Managed Preferences/mobile/com.apple.SystemConfiguration.plist, path = /Library/Managed Preferences/mobile/com.apple.SystemConfiguration.plist}
2023-01-13 11:20:25.650 Db AvaxWallet[51842:1d2b180] [com.apple.SystemConfiguration:SCPreferences] SCPreferences() access: /Library/Managed Preferences/mobile/com.apple.SystemConfiguration.plist, size=0
2023-01-13 11:20:25.650 Db AvaxWallet[51842:1d2b180] [com.apple.SystemConfiguration:SCPreferences] release <SCPreferences 0x15be27af0 [0x1ba9afc60]> {name = SCDynamicStoreCopyProxiesWithOptions, id = /Library/Managed Preferences/mobile/com.apple.SystemConfiguration.plist, path = /Library/Managed Preferences/mobile/com.apple.SystemConfiguration.plist, accessed}
2023-01-13 11:20:25.650 Df AvaxWallet[51842:1d2b142] [com.apple.securityd:SecError] SecTrustReportNetworkingAnalytics failed with error: -4
2023-01-13 11:20:25.651 Db AvaxWallet[51842:1d2b180] [com.apple.network:connection] nw_endpoint_flow_attach_protocols [C46 localhost:8081 in_progress parent-flow (satisfied (Path is satisfied), interface: en0[802.11])]
2023-01-13 11:20:25.651 Db AvaxWallet[51842:1d2b180] [com.apple.network:connection] nw_endpoint_flow_attach_protocols [C46 localhost:8081 in_progress parent-flow (satisfied (Path is satisfied), interface: en0[802.11])] stopping after adding persistent application protocols
2023-01-13 11:20:25.651 Df AvaxWallet[51842:1d2b180] [com.apple.network:connection] [C46 localhost:8081 in_progress parent-flow (satisfied (Path is satisfied), interface: en0[802.11])] event: flow:start_child @0.000s
2023-01-13 11:20:25.651 Df AvaxWallet[51842:1d2b180] [com.apple.network:connection] nw_connection_report_state_with_handler_on_nw_queue [C46] reporting state preparing
2023-01-13 11:20:25.651 I  AvaxWallet[51842:1d2b180] [com.apple.network:connection] nw_endpoint_handler_start [C46.1 localhost:8081 initial path ((null))]
2023-01-13 11:20:25.651 Db AvaxWallet[51842:1d2b180] [com.apple.network:connection] nw_endpoint_flow_receive_report [C46 localhost:8081 in_progress parent-flow (satisfied (Path is satisfied), interface: en0[802.11])] received child report: [C46.1 localhost:8081 initial path ((null))]
2023-01-13 11:20:25.651 Df AvaxWallet[51842:1d2b180] [com.apple.network:connection] [C46.1 localhost:8081 initial path ((null))] event: path:start @0.000s
2023-01-13 11:20:25.651 Db AvaxWallet[51842:1d2b180] [com.apple.network:connection] nw_endpoint_handler_path_change [C46.1 localhost:8081 waiting path (satisfied (Path is satisfied), interface: en0[802.11])]
2023-01-13 11:20:25.651 Db AvaxWallet[51842:1d2b180] [com.apple.network:connection] nw_endpoint_flow_receive_report [C46 localhost:8081 in_progress parent-flow (satisfied (Path is satisfied), interface: en0[802.11])] received child report: [C46.1 localhost:8081 waiting path (satisfied (Path is satisfied), interface: en0[802.11])]
2023-01-13 11:20:25.651 Df AvaxWallet[51842:1d2b180] [com.apple.network:connection] [C46.1 localhost:8081 waiting path (satisfied (Path is satisfied), interface: en0[802.11])] event: path:satisfied @0.000s, uuid: 0949B291-C39E-432C-8539-B7EB7187422C
2023-01-13 11:20:25.651 Db AvaxWallet[51842:1d2b180] [com.apple.network:] nw_endpoint_proxy_handler_should_use_proxy Looking up proxy for hostname: localhost, ifindex: 0
2023-01-13 11:20:25.651 Db AvaxWallet[51842:1d2b180] [com.apple.SystemConfiguration:SCPreferences] create <SCPreferences 0x15be27e70 [0x1ba9afc60]> {name = SCDynamicStoreCopyProxiesWithOptions, id = /Library/Managed Preferences/mobile/com.apple.SystemConfiguration.plist, path = /Library/Managed Preferences/mobile/com.apple.SystemConfiguration.plist}
2023-01-13 11:20:25.651 Db AvaxWallet[51842:1d2b180] [com.apple.SystemConfiguration:SCPreferences] SCPreferences() access: /Library/Managed Preferences/mobile/com.apple.SystemConfiguration.plist, size=0
2023-01-13 11:20:25.651 Db AvaxWallet[51842:1d2b180] [com.apple.SystemConfiguration:SCPreferences] release <SCPreferences 0x15be27e70 [0x1ba9afc60]> {name = SCDynamicStoreCopyProxiesWithOptions, id = /Library/Managed Preferences/mobile/com.apple.SystemConfiguration.plist, path = /Library/Managed Preferences/mobile/com.apple.SystemConfiguration.plist, accessed}
2023-01-13 11:20:25.651 Db AvaxWallet[51842:1d2b180] [com.apple.network:connection] -[NWConcrete_nw_endpoint_resolver startWithHandler:] [C46.1 localhost:8081 waiting resolver (satisfied (Path is satisfied), interface: en0[802.11])]
2023-01-13 11:20:25.651 Db AvaxWallet[51842:1d2b180] [com.apple.network:connection] nw_endpoint_flow_receive_report [C46 localhost:8081 in_progress parent-flow (satisfied (Path is satisfied), interface: en0[802.11])] received child report: [C46.1 localhost:8081 in_progress resolver (satisfied (Path is satisfied), interface: en0[802.11])]
2023-01-13 11:20:25.651 Df AvaxWallet[51842:1d2b180] [com.apple.network:connection] [C46.1 localhost:8081 in_progress resolver (satisfied (Path is satisfied), interface: en0[802.11])] event: resolver:start_dns @0.001s
2023-01-13 11:20:25.651 Db AvaxWallet[51842:1d2b0d7] [com.apple.defaults:User Defaults] looked up value 1 for key RCTI18nUtil_makeRTLFlipLeftAndRightStyles in CFPrefsPlistSource<0x600001ff8300> (Domain: org.avalabs.corewallet, User: kCFPreferencesCurrentUser, ByHost: No, Container: (null), Contents Need Refresh: No) via CFPrefsSearchListSource<0x600001ff8000> (Domain: org.avalabs.corewallet, Container: (null))
2023-01-13 11:20:25.651 Db AvaxWallet[51842:1d2b0d7] [com.apple.defaults:User Defaults] looked up value 1 for key RCTI18nUtil_makeRTLFlipLeftAndRightStyles in CFPrefsPlistSource<0x600001ff8300> (Domain: org.avalabs.corewallet, User: kCFPreferencesCurrentUser, ByHost: No, Container: (null), Contents Need Refresh: No) via CFPrefsSearchListSource<0x600001ff8000> (Domain: org.avalabs.corewallet, Container: (null))
2023-01-13 11:20:25.651 Db AvaxWallet[51842:1d2b0d7] [com.apple.defaults:User Defaults] looked up value 1 for key RCTI18nUtil_makeRTLFlipLeftAndRightStyles in CFPrefsPlistSource<0x600001ff8300> (Domain: org.avalabs.corewallet, User: kCFPreferencesCurrentUser, ByHost: No, Container: (null), Contents Need Refresh: No) via CFPrefsSearchListSource<0x600001ff8000> (Domain: org.avalabs.corewallet, Container: (null))
2023-01-13 11:20:25.651 Db AvaxWallet[51842:1d2b0d7] [com.apple.defaults:User Defaults] looked up value 1 for key RCTI18nUtil_makeRTLFlipLeftAndRightStyles in CFPrefsPlistSource<0x600001ff8300> (Domain: org.avalabs.corewallet, User: kCFPreferencesCurrentUser, ByHost: No, Container: (null), Contents Need Refresh: No) via CFPrefsSearchListSource<0x600001ff8000> (Domain: org.avalabs.corewallet, Container: (null))
2023-01-13 11:20:25.651 Db AvaxWallet[51842:1d2b0d7] [com.apple.defaults:User Defaults] looked up value 1 for key RCTI18nUtil_makeRTLFlipLeftAndRightStyles in CFPrefsPlistSource<0x600001ff8300> (Domain: org.avalabs.corewallet, User: kCFPreferencesCurrentUser, ByHost: No, Container: (null), Contents Need Refresh: No) via CFPrefsSearchListSource<0x600001ff8000> (Domain: org.avalabs.corewallet, Container: (null))
2023-01-13 11:20:25.651 Db AvaxWallet[51842:1d2b0d7] [com.apple.defaults:User Defaults] looked up value 1 for key RCTI18nUtil_makeRTLFlipLeftAndRightStyles in CFPrefsPlistSource<0x600001ff8300> (Domain: org.avalabs.corewallet, User: kCFPreferencesCurrentUser, ByHost: No, Container: (null), Contents Need Refresh: No) via CFPrefsSearchListSource<0x600001ff8000> (Domain: org.avalabs.corewallet, Container: (null))
2023-01-13 11:20:25.651 Db AvaxWallet[51842:1d2b0d7] [com.apple.defaults:User Defaults] looked up value 1 for key RCTI18nUtil_makeRTLFlipLeftAndRightStyles in CFPrefsPlistSource<0x600001ff8300> (Domain: org.avalabs.corewallet, User: kCFPreferencesCurrentUser, ByHost: No, Container: (null), Contents Need Refresh: No) via CFPrefsSearchListSource<0x600001ff8000> (Domain: org.avalabs.corewallet, Container: (null))
2023-01-13 11:20:25.651 Db AvaxWallet[51842:1d2b0d7] [com.apple.defaults:User Defaults] looked up value 1 for key RCTI18nUtil_makeRTLFlipLeftAndRightStyles in CFPrefsPlistSource<0x600001ff8300> (Domain: org.avalabs.corewallet, User: kCFPreferencesCurrentUser, ByHost: No, Container: (null), Contents Need Refresh: No) via CFPrefsSearchListSource<0x600001ff8000> (Domain: org.avalabs.corewallet, Container: (null))
2023-01-13 11:20:25.651 Db AvaxWallet[51842:1d2b0d7] [com.apple.defaults:User Defaults] looked up value 1 for key RCTI18nUtil_makeRTLFlipLeftAndRightStyles in CFPrefsPlistSource<0x600001ff8300> (Domain: org.avalabs.corewallet, User: kCFPreferencesCurrentUser, ByHost: No, Container: (null), Contents Need Refresh: No) via CFPrefsSearchListSource<0x600001ff8000> (Domain: org.avalabs.corewallet, Container: (null))
2023-01-13 11:20:25.651 Db AvaxWallet[51842:1d2b0d7] [com.apple.defaults:User Defaults] looked up value 1 for key RCTI18nUtil_makeRTLFlipLeftAndRightStyles in CFPrefsPlistSource<0x600001ff8300> (Domain: org.avalabs.corewallet, User: kCFPreferencesCurrentUser, ByHost: No, Container: (null), Contents Need Refresh: No) via CFPrefsSearchListSource<0x600001ff8000> (Domain: org.avalabs.corewallet, Container: (null))
2023-01-13 11:20:25.651 Db AvaxWallet[51842:1d2b0d7] [com.apple.defaults:User Defaults] looked up value 1 for key RCTI18nUtil_makeRTLFlipLeftAndRightStyles in CFPrefsPlistSource<0x600001ff8300> (Domain: org.avalabs.corewallet, User: kCFPreferencesCurrentUser, ByHost: No, Container: (null), Contents Need Refresh: No) via CFPrefsSearchListSource<0x600001ff8000> (Domain: org.avalabs.corewallet, Container: (null))
2023-01-13 11:20:25.651 Db AvaxWallet[51842:1d2b0d7] [com.apple.defaults:User Defaults] looked up value 1 for key RCTI18nUtil_makeRTLFlipLeftAndRightStyles in CFPrefsPlistSource<0x600001ff8300> (Domain: org.avalabs.corewallet, User: kCFPreferencesCurrentUser, ByHost: No, Container: (null), Contents Need Refresh: No) via CFPrefsSearchListSource<0x600001ff8000> (Domain: org.avalabs.corewallet, Container: (null))
2023-01-13 11:20:25.651 Db AvaxWallet[51842:1d2b0d7] [com.apple.defaults:User Defaults] looked up value 1 for key RCTI18nUtil_makeRTLFlipLeftAndRightStyles in CFPrefsPlistSource<0x600001ff8300> (Domain: org.avalabs.corewallet, User: kCFPreferencesCurrentUser, ByHost: No, Container: (null), Contents Need Refresh: No) via CFPrefsSearchListSource<0x600001ff8000> (Domain: org.avalabs.corewallet, Container: (null))
2023-01-13 11:20:25.651 Db AvaxWallet[51842:1d2b0d7] [com.apple.defaults:User Defaults] looked up value 1 for key RCTI18nUtil_makeRTLFlipLeftAndRightStyles in CFPrefsPlistSource<0x600001ff8300> (Domain: org.avalabs.corewallet, User: kCFPreferencesCurrentUser, ByHost: No, Container: (null), Contents Need Refresh: No) via CFPrefsSearchListSource<0x600001ff8000> (Domain: org.avalabs.corewallet, Container: (null))
2023-01-13 11:20:25.651 Db AvaxWallet[51842:1d2b0d7] [com.apple.defaults:User Defaults] looked up value 1 for key RCTI18nUtil_makeRTLFlipLeftAndRightStyles in CFPrefsPlistSource<0x600001ff8300> (Domain: org.avalabs.corewallet, User: kCFPreferencesCurrentUser, ByHost: No, Container: (null), Contents Need Refresh: No) via CFPrefsSearchListSource<0x600001ff8000> (Domain: org.avalabs.corewallet, Container: (null))
2023-01-13 11:20:25.652 Db AvaxWallet[51842:1d2b0d7] [com.apple.defaults:User Defaults] looked up value 1 for key RCTI18nUtil_makeRTLFlipLeftAndRightStyles in CFPrefsPlistSource<0x600001ff8300> (Domain: org.avalabs.corewallet, User: kCFPreferencesCurrentUser, ByHost: No, Container: (null), Contents Need Refresh: No) via CFPrefsSearchListSource<0x600001ff8000> (Domain: org.avalabs.corewallet, Container: (null))
2023-01-13 11:20:25.652 Db AvaxWallet[51842:1d2b0d7] [com.apple.defaults:User Defaults] looked up value 1 for key RCTI18nUtil_makeRTLFlipLeftAndRightStyles in CFPrefsPlistSource<0x600001ff8300> (Domain: org.avalabs.corewallet, User: kCFPreferencesCurrentUser, ByHost: No, Container: (null), Contents Need Refresh: No) via CFPrefsSearchListSource<0x600001ff8000> (Domain: org.avalabs.corewallet, Container: (null))
2023-01-13 11:20:25.652 Db AvaxWallet[51842:1d2b0d7] [com.apple.defaults:User Defaults] looked up value 1 for key RCTI18nUtil_makeRTLFlipLeftAndRightStyles in CFPrefsPlistSource<0x600001ff8300> (Domain: org.avalabs.corewallet, User: kCFPreferencesCurrentUser, ByHost: No, Container: (null), Contents Need Refresh: No) via CFPrefsSearchListSource<0x600001ff8000> (Domain: org.avalabs.corewallet, Container: (null))
2023-01-13 11:20:25.652 Db AvaxWallet[51842:1d2b0d7] [com.apple.defaults:User Defaults] looked up value 1 for key RCTI18nUtil_makeRTLFlipLeftAndRightStyles in CFPrefsPlistSource<0x600001ff8300> (Domain: org.avalabs.corewallet, User: kCFPreferencesCurrentUser, ByHost: No, Container: (null), Contents Need Refresh: No) via CFPrefsSearchListSource<0x600001ff8000> (Domain: org.avalabs.corewallet, Container: (null))
2023-01-13 11:20:25.652 I  AvaxWallet[51842:1d2b180] [com.apple.network:connection] nw_resolver_create_dns_service_locked [C46.1] Starting host resolution localhost:8081, flags 0xc000d000 proto 0
2023-01-13 11:20:25.652 Db AvaxWallet[51842:1d2b0d7] [com.apple.defaults:User Defaults] looked up value 1 for key RCTI18nUtil_makeRTLFlipLeftAndRightStyles in CFPrefsPlistSource<0x600001ff8300> (Domain: org.avalabs.corewallet, User: kCFPreferencesCurrentUser, ByHost: No, Container: (null), Contents Need Refresh: No) via CFPrefsSearchListSource<0x600001ff8000> (Domain: org.avalabs.corewallet, Container: (null))
2023-01-13 11:20:25.652 Db AvaxWallet[51842:1d2b0d7] [com.apple.defaults:User Defaults] looked up value 1 for key RCTI18nUtil_makeRTLFlipLeftAndRightStyles in CFPrefsPlistSource<0x600001ff8300> (Domain: org.avalabs.corewallet, User: kCFPreferencesCurrentUser, ByHost: No, Container: (null), Contents Need Refresh: No) via CFPrefsSearchListSource<0x600001ff8000> (Domain: org.avalabs.corewallet, Container: (null))
2023-01-13 11:20:25.652 Df AvaxWallet[51842:1d2b180] (CFNetwork) Task <A4C1D5F1-DB17-4F65-8897-5220B95E70DC>.<79> setting up Connection 46
2023-01-13 11:20:25.652 Db AvaxWallet[51842:1d2b0d7] [com.apple.defaults:User Defaults] looked up value 1 for key RCTI18nUtil_makeRTLFlipLeftAndRightStyles in CFPrefsPlistSource<0x600001ff8300> (Domain: org.avalabs.corewallet, User: kCFPreferencesCurrentUser, ByHost: No, Container: (null), Contents Need Refresh: No) via CFPrefsSearchListSource<0x600001ff8000> (Domain: org.avalabs.corewallet, Container: (null))
2023-01-13 11:20:25.652 Db AvaxWallet[51842:1d2b180] [com.apple.network:activity] Returning should log: 0 for activity cfnetwork:foreground_task
2023-01-13 11:20:25.652 Db AvaxWallet[51842:1d2b0d7] [com.apple.defaults:User Defaults] looked up value 1 for key RCTI18nUtil_makeRTLFlipLeftAndRightStyles in CFPrefsPlistSource<0x600001ff8300> (Domain: org.avalabs.corewallet, User: kCFPreferencesCurrentUser, ByHost: No, Container: (null), Contents Need Refresh: No) via CFPrefsSearchListSource<0x600001ff8000> (Domain: org.avalabs.corewallet, Container: (null))
2023-01-13 11:20:25.652 Db AvaxWallet[51842:1d2b0d7] [com.apple.defaults:User Defaults] looked up value 1 for key RCTI18nUtil_makeRTLFlipLeftAndRightStyles in CFPrefsPlistSource<0x600001ff8300> (Domain: org.avalabs.corewallet, User: kCFPreferencesCurrentUser, ByHost: No, Container: (null), Contents Need Refresh: No) via CFPrefsSearchListSource<0x600001ff8000> (Domain: org.avalabs.corewallet, Container: (null))
2023-01-13 11:20:25.652 Db AvaxWallet[51842:1d2b0d7] [com.apple.defaults:User Defaults] looked up value 1 for key RCTI18nUtil_makeRTLFlipLeftAndRightStyles in CFPrefsPlistSource<0x600001ff8300> (Domain: org.avalabs.corewallet, User: kCFPreferencesCurrentUser, ByHost: No, Container: (null), Contents Need Refresh: No) via CFPrefsSearchListSource<0x600001ff8000> (Domain: org.avalabs.corewallet, Container: (null))
2023-01-13 11:20:25.652 Db AvaxWallet[51842:1d2b0d7] [com.apple.defaults:User Defaults] looked up value 1 for key RCTI18nUtil_makeRTLFlipLeftAndRightStyles in CFPrefsPlistSource<0x600001ff8300> (Domain: org.avalabs.corewallet, User: kCFPreferencesCurrentUser, ByHost: No, Container: (null), Contents Need Refresh: No) via CFPrefsSearchListSource<0x600001ff8000> (Domain: org.avalabs.corewallet, Container: (null))
2023-01-13 11:20:25.652 Db AvaxWallet[51842:1d2b0d7] [com.apple.defaults:User Defaults] looked up value 1 for key RCTI18nUtil_makeRTLFlipLeftAndRightStyles in CFPrefsPlistSource<0x600001ff8300> (Domain: org.avalabs.corewallet, User: kCFPreferencesCurrentUser, ByHost: No, Container: (null), Contents Need Refresh: No) via CFPrefsSearchListSource<0x600001ff8000> (Domain: org.avalabs.corewallet, Container: (null))
2023-01-13 11:20:25.652 Db AvaxWallet[51842:1d2b0d7] [com.apple.defaults:User Defaults] looked up value 1 for key RCTI18nUtil_makeRTLFlipLeftAndRightStyles in CFPrefsPlistSource<0x600001ff8300> (Domain: org.avalabs.corewallet, User: kCFPreferencesCurrentUser, ByHost: No, Container: (null), Contents Need Refresh: No) via CFPrefsSearchListSource<0x600001ff8000> (Domain: org.avalabs.corewallet, Container: (null))
2023-01-13 11:20:25.652 Db AvaxWallet[51842:1d2b0d7] [com.apple.defaults:User Defaults] looked up value 1 for key RCTI18nUtil_makeRTLFlipLeftAndRightStyles in CFPrefsPlistSource<0x600001ff8300> (Domain: org.avalabs.corewallet, User: kCFPreferencesCurrentUser, ByHost: No, Container: (null), Contents Need Refresh: No) via CFPrefsSearchListSource<0x600001ff8000> (Domain: org.avalabs.corewallet, Container: (null))
2023-01-13 11:20:25.652 Db AvaxWallet[51842:1d2b0d7] [com.apple.defaults:User Defaults] looked up value 1 for key RCTI18nUtil_makeRTLFlipLeftAndRightStyles in CFPrefsPlistSource<0x600001ff8300> (Domain: org.avalabs.corewallet, User: kCFPreferencesCurrentUser, ByHost: No, Container: (null), Contents Need Refresh: No) via CFPrefsSearchListSource<0x600001ff8000> (Domain: org.avalabs.corewallet, Container: (null))
2023-01-13 11:20:25.652 I  AvaxWallet[51842:1d2b180] [com.apple.network:connection] nw_resolver_host_resolve_callback [C46.1] flags=0x40000003 ifindex=4294967295 error=NoError(0) hostname=localhost. addr=::1 ttl=1
2023-01-13 11:20:25.652 Db AvaxWallet[51842:1d2b0d7] [com.apple.defaults:User Defaults] looked up value 1 for key RCTI18nUtil_makeRTLFlipLeftAndRightStyles in CFPrefsPlistSource<0x600001ff8300> (Domain: org.avalabs.corewallet, User: kCFPreferencesCurrentUser, ByHost: No, Container: (null), Contents Need Refresh: No) via CFPrefsSearchListSource<0x600001ff8000> (Domain: org.avalabs.corewallet, Container: (null))
2023-01-13 11:20:25.652 Db AvaxWallet[51842:1d2b0d7] [com.apple.defaults:User Defaults] looked up value 1 for key RCTI18nUtil_makeRTLFlipLeftAndRightStyles in CFPrefsPlistSource<0x600001ff8300> (Domain: org.avalabs.corewallet, User: kCFPreferencesCurrentUser, ByHost: No, Container: (null), Contents Need Refresh: No) via CFPrefsSearchListSource<0x600001ff8000> (Domain: org.avalabs.corewallet, Container: (null))
2023-01-13 11:20:25.652 Db AvaxWallet[51842:1d2b0d7] [com.apple.defaults:User Defaults] looked up value 1 for key RCTI18nUtil_makeRTLFlipLeftAndRightStyles in CFPrefsPlistSource<0x600001ff8300> (Domain: org.avalabs.corewallet, User: kCFPreferencesCurrentUser, ByHost: No, Container: (null), Contents Need Refresh: No) via CFPrefsSearchListSource<0x600001ff8000> (Domain: org.avalabs.corewallet, Container: (null))
2023-01-13 11:20:25.652 I  AvaxWallet[51842:1d2b180] [com.apple.network:connection] nw_resolver_host_resolve_callback [C46.1] flags=0x40000002 ifindex=4294967295 error=NoError(0) hostname=localhost. addr=127.0.0.1 ttl=1
2023-01-13 11:20:25.652 Db AvaxWallet[51842:1d2b0d7] [com.apple.defaults:User Defaults] looked up value 1 for key RCTI18nUtil_makeRTLFlipLeftAndRightStyles in CFPrefsPlistSource<0x600001ff8300> (Domain: org.avalabs.corewallet, User: kCFPreferencesCurrentUser, ByHost: No, Container: (null), Contents Need Refresh: No) via CFPrefsSearchListSource<0x600001ff8000> (Domain: org.avalabs.corewallet, Container: (null))
2023-01-13 11:20:25.652 Db AvaxWallet[51842:1d2b0d7] [com.apple.defaults:User Defaults] looked up value 1 for key RCTI18nUtil_makeRTLFlipLeftAndRightStyles in CFPrefsPlistSource<0x600001ff8300> (Domain: org.avalabs.corewallet, User: kCFPreferencesCurrentUser, ByHost: No, Container: (null), Contents Need Refresh: No) via CFPrefsSearchListSource<0x600001ff8000> (Domain: org.avalabs.corewallet, Container: (null))
2023-01-13 11:20:25.652 Db AvaxWallet[51842:1d2b0d7] [com.apple.defaults:User Defaults] looked up value 1 for key RCTI18nUtil_makeRTLFlipLeftAndRightStyles in CFPrefsPlistSource<0x600001ff8300> (Domain: org.avalabs.corewallet, User: kCFPreferencesCurrentUser, ByHost: No, Container: (null), Contents Need Refresh: No) via CFPrefsSearchListSource<0x600001ff8000> (Domain: org.avalabs.corewallet, Container: (null))
2023-01-13 11:20:25.652 Db AvaxWallet[51842:1d2b180] [com.apple.network:] sa_dst_compare_rfc6724 Rule 6, prefer d2, d2 precedence 50 > d1 precedence 35
2023-01-13 11:20:25.652 Db AvaxWallet[51842:1d2b0d7] [com.apple.defaults:User Defaults] looked up value 1 for key RCTI18nUtil_makeRTLFlipLeftAndRightStyles in CFPrefsPlistSource<0x600001ff8300> (Domain: org.avalabs.corewallet, User: kCFPreferencesCurrentUser, ByHost: No, Container: (null), Contents Need Refresh: No) via CFPrefsSearchListSource<0x600001ff8000> (Domain: org.avalabs.corewallet, Container: (null))
2023-01-13 11:20:25.652 Db AvaxWallet[51842:1d2b180] [com.apple.network:] sa_dst_compare_internal <private>@0 < <private>@0
2023-01-13 11:20:25.652 Db AvaxWallet[51842:1d2b0d7] [com.apple.defaults:User Defaults] looked up value 1 for key RCTI18nUtil_makeRTLFlipLeftAndRightStyles in CFPrefsPlistSource<0x600001ff8300> (Domain: org.avalabs.corewallet, User: kCFPreferencesCurrentUser, ByHost: No, Container: (null), Contents Need Refresh: No) via CFPrefsSearchListSource<0x600001ff8000> (Domain: org.avalabs.corewallet, Container: (null))
2023-01-13 11:20:25.652 Db AvaxWallet[51842:1d2b180] [com.apple.network:connection] nw_endpoint_resolver_update [C46.1 localhost:8081 in_progress resolver (satisfied (Path is satisfied), interface: en0[802.11])] resolver is complete
2023-01-13 11:20:25.652 Db AvaxWallet[51842:1d2b0d7] [com.apple.defaults:User Defaults] looked up value 1 for key RCTI18nUtil_makeRTLFlipLeftAndRightStyles in CFPrefsPlistSource<0x600001ff8300> (Domain: org.avalabs.corewallet, User: kCFPreferencesCurrentUser, ByHost: No, Container: (null), Contents Need Refresh: No) via CFPrefsSearchListSource<0x600001ff8000> (Domain: org.avalabs.corewallet, Container: (null))
2023-01-13 11:20:25.652 Db AvaxWallet[51842:1d2b0d7] [com.apple.defaults:User Defaults] looked up value 1 for key RCTI18nUtil_makeRTLFlipLeftAndRightStyles in CFPrefsPlistSource<0x600001ff8300> (Domain: org.avalabs.corewallet, User: kCFPreferencesCurrentUser, ByHost: No, Container: (null), Contents Need Refresh: No) via CFPrefsSearchListSource<0x600001ff8000> (Domain: org.avalabs.corewallet, Container: (null))
2023-01-13 11:20:25.652 Df AvaxWallet[51842:1d2b180] [com.apple.network:connection] nw_endpoint_resolver_update [C46.1 localhost:8081 in_progress resolver (satisfied (Path is satisfied), interface: en0[802.11])] Adding endpoint handler for ::1.8081
2023-01-13 11:20:25.652 Db AvaxWallet[51842:1d2b0d7] [com.apple.defaults:User Defaults] looked up value 1 for key RCTI18nUtil_makeRTLFlipLeftAndRightStyles in CFPrefsPlistSource<0x600001ff8300> (Domain: org.avalabs.corewallet, User: kCFPreferencesCurrentUser, ByHost: No, Container: (null), Contents Need Refresh: No) via CFPrefsSearchListSource<0x600001ff8000> (Domain: org.avalabs.corewallet, Container: (null))
2023-01-13 11:20:25.652 Db AvaxWallet[51842:1d2b0d7] [com.apple.defaults:User Defaults] looked up value 1 for key RCTI18nUtil_makeRTLFlipLeftAndRightStyles in CFPrefsPlistSource<0x600001ff8300> (Domain: org.avalabs.corewallet, User: kCFPreferencesCurrentUser, ByHost: No, Container: (null), Contents Need Refresh: No) via CFPrefsSearchListSource<0x600001ff8000> (Domain: org.avalabs.corewallet, Container: (null))
2023-01-13 11:20:25.652 Df AvaxWallet[51842:1d2b180] [com.apple.network:connection] nw_endpoint_resolver_update [C46.1 localhost:8081 in_progress resolver (satisfied (Path is satisfied), interface: en0[802.11])] Adding endpoint handler for 127.0.0.1:8081
2023-01-13 11:20:25.652 Db AvaxWallet[51842:1d2b0d7] [com.apple.defaults:User Defaults] looked up value 1 for key RCTI18nUtil_makeRTLFlipLeftAndRightStyles in CFPrefsPlistSource<0x600001ff8300> (Domain: org.avalabs.corewallet, User: kCFPreferencesCurrentUser, ByHost: No, Container: (null), Contents Need Refresh: No) via CFPrefsSearchListSource<0x600001ff8000> (Domain: org.avalabs.corewallet, Container: (null))
2023-01-13 11:20:25.653 Db AvaxWallet[51842:1d2b0d7] [com.apple.defaults:User Defaults] looked up value 1 for key RCTI18nUtil_makeRTLFlipLeftAndRightStyles in CFPrefsPlistSource<0x600001ff8300> (Domain: org.avalabs.corewallet, User: kCFPreferencesCurrentUser, ByHost: No, Container: (null), Contents Need Refresh: No) via CFPrefsSearchListSource<0x600001ff8000> (Domain: org.avalabs.corewallet, Container: (null))
2023-01-13 11:20:25.653 Db AvaxWallet[51842:1d2b0d7] [com.apple.defaults:User Defaults] looked up value 1 for key RCTI18nUtil_makeRTLFlipLeftAndRightStyles in CFPrefsPlistSource<0x600001ff8300> (Domain: org.avalabs.corewallet, User: kCFPreferencesCurrentUser, ByHost: No, Container: (null), Contents Need Refresh: No) via CFPrefsSearchListSource<0x600001ff8000> (Domain: org.avalabs.corewallet, Container: (null))
2023-01-13 11:20:25.653 Db AvaxWallet[51842:1d2b0d7] [com.apple.defaults:User Defaults] looked up value 1 for key RCTI18nUtil_makeRTLFlipLeftAndRightStyles in CFPrefsPlistSource<0x600001ff8300> (Domain: org.avalabs.corewallet, User: kCFPreferencesCurrentUser, ByHost: No, Container: (null), Contents Need Refresh: No) via CFPrefsSearchListSource<0x600001ff8000> (Domain: org.avalabs.corewallet, Container: (null))
2023-01-13 11:20:25.653 Db AvaxWallet[51842:1d2b180] [com.apple.network:connection] nw_endpoint_resolver_update [C46.1 localhost:8081 in_progress resolver (satisfied (Path is satisfied), interface: en0[802.11])] Updated endpoint list is (::1.8081,127.0.0.1:8081)
2023-01-13 11:20:25.653 Db AvaxWallet[51842:1d2b0d7] [com.apple.defaults:User Defaults] looked up value 1 for key RCTI18nUtil_makeRTLFlipLeftAndRightStyles in CFPrefsPlistSource<0x600001ff8300> (Domain: org.avalabs.corewallet, User: kCFPreferencesCurrentUser, ByHost: No, Container: (null), Contents Need Refresh: No) via CFPrefsSearchListSource<0x600001ff8000> (Domain: org.avalabs.corewallet, Container: (null))
