2023-01-13 11:24:17.376 Db AvaxWallet[52267:1d2c62c] [com.apple.CFBundle:resources] Language lookup at CFBundle 0x12be168e0 </Applications/Xcode.app/Contents/Developer/Platforms/iPhoneOS.platform/Library/Developer/CoreSimulator/Profiles/Runtimes/iOS.simruntime/Contents/Resources/RuntimeRoot/System/Library/PrivateFrameworks/ProofReader.framework> (not loaded)
	Localizations : [de, en_AU, en_ZA, en, en_NZ, es_MX, es, en_CN, pt_BR, da, it, pt_PT, sv, en_IN, en_CA, tr, en_GB, vi, en_JP, ru, en_SG, fr, nl, pt]
	Dev language  : English
	User prefs    : [en]
	Main bundle   : [en]
	Allow mixed   : 0
	Result        : [en]
2023-01-13 11:24:17.376 Db AvaxWallet[52267:1d2c62c] [com.apple.CFBundle:resources] Resource lookup at CFBundle 0x12be168e0 </Applications/Xcode.app/Contents/Developer/Platforms/iPhoneOS.platform/Library/Developer/CoreSimulator/Profiles/Runtimes/iOS.simruntime/Contents/Resources/RuntimeRoot/System/Library/PrivateFrameworks/ProofReader.framework> (not loaded)
	Request       : Dictionary.dat localization: en
	Result        : file:///Applications/Xcode.app/Contents/Developer/Platforms/iPhoneOS.platform/Library/Developer/CoreSimulator/Profiles/Runtimes/iOS.simruntime/Contents/Resources/RuntimeRoot/System/Library/PrivateFrameworks/ProofReader.framework/en.lproj/Dictionary.dat
2023-01-13 11:24:17.376 I  AvaxWallet[52267:1d2c5f9] [com.apple.Pasteboard:Pasteboard] Retrieving local-only general pasteboard.
2023-01-13 11:24:17.378 I  AvaxWallet[52267:1d2c5f9] [com.apple.Pasteboard:Pasteboard] ...retrieving local-only general pasteboard completed successfully.
2023-01-13 11:24:17.381 Db AvaxWallet[52267:1d2c62c] [com.apple.CFBundle:resources] Resource lookup at CFBundle 0x12be168e0 </Applications/Xcode.app/Contents/Developer/Platforms/iPhoneOS.platform/Library/Developer/CoreSimulator/Profiles/Runtimes/iOS.simruntime/Contents/Resources/RuntimeRoot/System/Library/PrivateFrameworks/ProofReader.framework> (not loaded)
	Request       : bindict.dat localization: en
	Result        : file:///Applications/Xcode.app/Contents/Developer/Platforms/iPhoneOS.platform/Library/Developer/CoreSimulator/Profiles/Runtimes/iOS.simruntime/Contents/Resources/RuntimeRoot/System/Library/PrivateFrameworks/ProofReader.framework/en.lproj/bindict.dat
2023-01-13 11:24:17.384 Db AvaxWallet[52267:1d2c62c] [com.apple.defaults:User Defaults] looked up value (
    en
) for key AppleLanguages in CFPrefsSource<0x6000023c4080> (Domain: Volatile, User: , ByHost: No, Container: , Contents Need Refresh: No) via CFPrefsSearchListSource<0x6000018c0000> (Domain: org.avalabs.corewallet, Container: (null))
2023-01-13 11:24:17.384 Db AvaxWallet[52267:1d2c62c] [com.apple.defaults:User Defaults] found no value for key AppleTextBreakLocale in CFPrefsSearchListSource<0x6000018c0000> (Domain: org.avalabs.corewallet, Container: (null))
2023-01-13 11:24:17.384 Db AvaxWallet[52267:1d2c62c] [com.apple.defaults:User Defaults] looked up value (
    en
) for key AppleLanguages in CFPrefsSource<0x6000023c4080> (Domain: Volatile, User: , ByHost: No, Container: , Contents Need Refresh: No) via CFPrefsSearchListSource<0x6000018c0000> (Domain: org.avalabs.corewallet, Container: (null))
2023-01-13 11:24:17.384 Db AvaxWallet[52267:1d2c62c] [com.apple.defaults:User Defaults] found no value for key AppleTextBreakLocale in CFPrefsSearchListSource<0x6000018c0000> (Domain: org.avalabs.corewallet, Container: (null))
2023-01-13 11:24:17.384 Db AvaxWallet[52267:1d2c62c] [com.apple.defaults:User Defaults] looked up value (
    en
) for key AppleLanguages in CFPrefsSource<0x6000023c4080> (Domain: Volatile, User: , ByHost: No, Container: , Contents Need Refresh: No) via CFPrefsSearchListSource<0x6000018c0000> (Domain: org.avalabs.corewallet, Container: (null))
2023-01-13 11:24:17.385 Db AvaxWallet[52267:1d2c62c] [com.apple.CFBundle:resources] Resource lookup at CFBundle 0x12be168e0 </Applications/Xcode.app/Contents/Developer/Platforms/iPhoneOS.platform/Library/Developer/CoreSimulator/Profiles/Runtimes/iOS.simruntime/Contents/Resources/RuntimeRoot/System/Library/PrivateFrameworks/ProofReader.framework> (not loaded)
	Request       : gbindict.dat
	Result        : file:///Applications/Xcode.app/Contents/Developer/Platforms/iPhoneOS.platform/Library/Developer/CoreSimulator/Profiles/Runtimes/iOS.simruntime/Contents/Resources/RuntimeRoot/System/Library/PrivateFrameworks/ProofReader.framework/gbindict.dat
2023-01-13 11:24:17.386 Db AvaxWallet[52267:1d2c630] [com.apple.defaults:User Defaults] looked up value 1 for key RCTI18nUtil_makeRTLFlipLeftAndRightStyles in CFPrefsPlistSource<0x6000018c4880> (Domain: org.avalabs.corewallet, User: kCFPreferencesCurrentUser, ByHost: No, Container: (null), Contents Need Refresh: No) via CFPrefsSearchListSource<0x6000018c0000> (Domain: org.avalabs.corewallet, Container: (null))
2023-01-13 11:24:17.386 Db AvaxWallet[52267:1d2c62c] [com.apple.CFBundle:resources] Resource lookup at CFBundle 0x12be4c830 </Applications/Xcode.app/Contents/Developer/Platforms/iPhoneOS.platform/Library/Developer/CoreSimulator/Profiles/Runtimes/iOS.simruntime/Contents/Resources/RuntimeRoot/System/Library/LinguisticData//RequiredAssets_en.bundle> (not loaded)
	Request       : AssetData
	Result        : file:///Applications/Xcode.app/Contents/Developer/Platforms/iPhoneOS.platform/Library/Developer/CoreSimulator/Profiles/Runtimes/iOS.simruntime/Contents/Resources/RuntimeRoot/System/Library/LinguisticData//RequiredAssets_en.bundle/AssetData/
2023-01-13 11:24:17.386 Db AvaxWallet[52267:1d2c62c] [com.apple.CFBundle:resources] Resource lookup at CFBundle 0x12be4c830 </Applications/Xcode.app/Contents/Developer/Platforms/iPhoneOS.platform/Library/Developer/CoreSimulator/Profiles/Runtimes/iOS.simruntime/Contents/Resources/RuntimeRoot/System/Library/LinguisticData//RequiredAssets_en.bundle> (not loaded)
	Request       : AssetData
	Result        : file:///Applications/Xcode.app/Contents/Developer/Platforms/iPhoneOS.platform/Library/Developer/CoreSimulator/Profiles/Runtimes/iOS.simruntime/Contents/Resources/RuntimeRoot/System/Library/LinguisticData//RequiredAssets_en.bundle/AssetData/
2023-01-13 11:24:17.386 I  AvaxWallet[52267:1d2c62c] [com.apple.Lexicon:Immutable] creating static lexicon with locale=en_US, baseline_path=/Applications/Xcode.app/Contents/Developer/Platforms/iPhoneOS.platform/Library/Developer/CoreSimulator/Profiles/Runtimes/iOS.simruntime/Contents/Resources/RuntimeRoot/System/Library/LinguisticData/RequiredAssets_en.bundle/AssetData/Unigrams-en.dat, delta_path=/Applications/Xcode.app/Contents/Developer/Platforms/iPhoneOS.platform/Library/Developer/CoreSimulator/Profiles/Runtimes/iOS.simruntime/Contents/Resources/RuntimeRoot/System/Library/LinguisticData/RequiredAssets_en.bundle/AssetData/Delta-en_US.dat
2023-01-13 11:24:17.387 Db AvaxWallet[52267:1d2c62c] [com.apple.CFBundle:resources] Language lookup at CFBundle 0x12bf05b10 </Applications/Xcode.app/Contents/Developer/Platforms/iPhoneOS.platform/Library/Developer/CoreSimulator/Profiles/Runtimes/iOS.simruntime/Contents/Resources/RuntimeRoot/System/Library/PrivateFrameworks/Lexicon.framework> (framework, loaded)
	Localizations : [en]
	Dev language  : en
	User prefs    : [en]
	Main bundle   : [en]
	Allow mixed   : 0
	Result        : [en]
2023-01-13 11:24:17.388 Db AvaxWallet[52267:1d2c62c] [com.apple.CFBundle:resources] Resource lookup at CFBundle 0x12bf05b10 </Applications/Xcode.app/Contents/Developer/Platforms/iPhoneOS.platform/Library/Developer/CoreSimulator/Profiles/Runtimes/iOS.simruntime/Contents/Resources/RuntimeRoot/System/Library/PrivateFrameworks/Lexicon.framework> (framework, loaded)
	Request       : collator type: dat
	Result        : file:///Applications/Xcode.app/Contents/Developer/Platforms/iPhoneOS.platform/Library/Developer/CoreSimulator/Profiles/Runtimes/iOS.simruntime/Contents/Resources/RuntimeRoot/System/Library/PrivateFrameworks/Lexicon.framework/collator.dat
2023-01-13 11:24:17.389 Db AvaxWallet[52267:1d2c62c] [com.apple.CFBundle:resources] Resource lookup at CFBundle 0x12be168e0 </Applications/Xcode.app/Contents/Developer/Platforms/iPhoneOS.platform/Library/Developer/CoreSimulator/Profiles/Runtimes/iOS.simruntime/Contents/Resources/RuntimeRoot/System/Library/PrivateFrameworks/ProofReader.framework> (not loaded)
	Request       : Unigrams type: dat localization: en
	Result        : None
2023-01-13 11:24:17.390 Db AvaxWallet[52267:1d2c62c] [com.apple.CFBundle:resources] Resource lookup at CFBundle 0x12be168e0 </Applications/Xcode.app/Contents/Developer/Platforms/iPhoneOS.platform/Library/Developer/CoreSimulator/Profiles/Runtimes/iOS.simruntime/Contents/Resources/RuntimeRoot/System/Library/PrivateFrameworks/ProofReader.framework> (not loaded)
	Request       : Unigrams type: dat localization: en
	Result        : None
2023-01-13 11:24:17.390 Db AvaxWallet[52267:1d2c62c] [com.apple.defaults:User Defaults] found no value for key NSSpellCheckerAutocorrectMultilingual in CFPrefsSearchListSource<0x6000018c0000> (Domain: org.avalabs.corewallet, Container: (null))
2023-01-13 11:24:17.390 Db AvaxWallet[52267:1d2c62c] [com.apple.defaults:User Defaults] found no value for key UITextCheckerEnablePostEditingGrammarCheck in CFPrefsSearchListSource<0x6000018c0000> (Domain: org.avalabs.corewallet, Container: (null))
2023-01-13 11:24:17.394 Db AvaxWallet[52267:1d2c62c] [com.apple.defaults:User Defaults] looked up value 1 for key RCTI18nUtil_makeRTLFlipLeftAndRightStyles in CFPrefsPlistSource<0x6000018c4880> (Domain: org.avalabs.corewallet, User: kCFPreferencesCurrentUser, ByHost: No, Container: (null), Contents Need Refresh: No) via CFPrefsSearchListSource<0x6000018c0000> (Domain: org.avalabs.corewallet, Container: (null))
2023-01-13 11:24:17.394 Db AvaxWallet[52267:1d2c62c] [com.apple.defaults:User Defaults] looked up value 1 for key RCTI18nUtil_makeRTLFlipLeftAndRightStyles in CFPrefsPlistSource<0x6000018c4880> (Domain: org.avalabs.corewallet, User: kCFPreferencesCurrentUser, ByHost: No, Container: (null), Contents Need Refresh: No) via CFPrefsSearchListSource<0x6000018c0000> (Domain: org.avalabs.corewallet, Container: (null))
2023-01-13 11:24:17.395 Db AvaxWallet[52267:1d2c5f9] [com.apple.CFBundle:strings] Bundle: CFBundle 0x12b827e60 </Applications/Xcode.app/Contents/Developer/Platforms/iPhoneOS.platform/Library/Developer/CoreSimulator/Profiles/Runtimes/iOS.simruntime/Contents/Resources/RuntimeRoot/System/Library/AccessibilityBundles/AnnotationKit.axbundle> (bundle, loaded), key: color.picker.black, value: , table: Accessibility, localizationName: (null), result: Black
2023-01-13 11:24:17.395 Db AvaxWallet[52267:1d2c5f9] [com.apple.CFBundle:strings] Bundle: CFBundle 0x12b827e60 </Applications/Xcode.app/Contents/Developer/Platforms/iPhoneOS.platform/Library/Developer/CoreSimulator/Profiles/Runtimes/iOS.simruntime/Contents/Resources/RuntimeRoot/System/Library/AccessibilityBundles/AnnotationKit.axbundle> (bundle, loaded), key: color.picker.black, value: , table: Accessibility, localizationName: (null), result: Black
2023-01-13 11:24:17.396 I  AvaxWallet[52267:1d2c5f9] [com.apple.Accessibility:AXRuntimeNotifications] Attempting to send notification:  (1076) 10
2023-01-13 11:24:17.396 I  AvaxWallet[52267:1d2c5f9] [com.apple.Accessibility:AXRuntimeNotifications] Did post notification. notification:  (1001) error:0 data:(null)
2023-01-13 11:24:17.397 I  AvaxWallet[52267:1d2c5f9] [com.apple.Accessibility:AXRuntimeNotifications] Attempting to send notification:  (1017) (null)
2023-01-13 11:24:17.397 I  AvaxWallet[52267:1d2c5f9] [com.apple.Accessibility:AXRuntimeNotifications] consuming associated object for notification: <RCTUITextView: 0x12c0e9c00> 1017
2023-01-13 11:24:17.397 I  AvaxWallet[52267:1d2c5f9] [com.apple.Accessibility:AXRuntimeNotifications] Attempting to send notification:  (1076) 15
2023-01-13 11:24:17.397 Db AvaxWallet[52267:1d2c5f9] [com.apple.UIKit:KeyboardVisualMode] useVisualModeWindowed: 0 (windowingModeEnabled: 0)
2023-01-13 11:24:17.397 Db AvaxWallet[52267:1d2c5f9] [com.apple.UIKit:KeyboardVisualMode] useVisualModeWindowed: 0 (windowingModeEnabled: 0)
2023-01-13 11:24:17.398 Db AvaxWallet[52267:1d2c5f9] [com.apple.UIKit:KeyboardVisualMode] useVisualModeWindowed: 0 (windowingModeEnabled: 0)
2023-01-13 11:24:17.398 Db AvaxWallet[52267:1d2c5f9] [com.apple.UIKit:KeyboardVisualMode] TEW _shouldResizeWithScene 0 (windowingModeEnabled: 0, resizeFor: 0)
2023-01-13 11:24:17.398 Db AvaxWallet[52267:1d2c5f9] [com.apple.UIKit:KeyboardVisualMode] TEW _shouldResizeWithScene 0 (windowingModeEnabled: 0, resizeFor: 0)
2023-01-13 11:24:17.398 Db AvaxWallet[52267:1d2c5f9] [com.apple.UIKit:KeyboardVisualMode] TEW _shouldResizeWithScene 0 (windowingModeEnabled: 0, resizeFor: 0)
2023-01-13 11:24:17.398 Df AvaxWallet[52267:1d2c5f9] [com.apple.UIKit:InputWindowController] Change to input view set: (null)
2023-01-13 11:24:17.399 Db AvaxWallet[52267:1d2c5f9] [com.apple.UIKit:KeyboardVisualMode] TEW _shouldResizeWithScene 0 (windowingModeEnabled: 0, resizeFor: 0)
2023-01-13 11:24:17.399 Db AvaxWallet[52267:1d2c5f9] [com.apple.UIKit:KeyboardVisualMode] TEW _shouldResizeWithScene 0 (windowingModeEnabled: 0, resizeFor: 0)
2023-01-13 11:24:17.399 Df AvaxWallet[52267:1d2c5f9] [com.apple.UIKit:InputWindowController] Change to input view set: <<UIInputViewSet: 0x6000007d23a0>; (empty)>
2023-01-13 11:24:17.401 Db AvaxWallet[52267:1d2c5f9] [com.apple.CFBundle:resources] Resource lookup at CFBundle 0x12af0a7a0 </Applications/Xcode.app/Contents/Developer/Platforms/iPhoneOS.platform/Library/Developer/CoreSimulator/Profiles/Runtimes/iOS.simruntime/Contents/Resources/RuntimeRoot/System/Library/AccessibilityBundles/UIKit.axbundle> (framework, loaded)
	Request       : Accessibility type: strings localization: en
	Result        : file:///Applications/Xcode.app/Contents/Developer/Platforms/iPhoneOS.platform/Library/Developer/CoreSimulator/Profiles/Runtimes/iOS.simruntime/Contents/Resources/RuntimeRoot/System/Library/AccessibilityBundles/UIKit.axbundle/en.lproj/Accessibility.strings
2023-01-13 11:24:17.401 Db AvaxWallet[52267:1d2c5f9] [com.apple.CFBundle:resources] Resource lookup at CFBundle 0x12af0a7a0 </Applications/Xcode.app/Contents/Developer/Platforms/iPhoneOS.platform/Library/Developer/CoreSimulator/Profiles/Runtimes/iOS.simruntime/Contents/Resources/RuntimeRoot/System/Library/AccessibilityBundles/UIKit.axbundle> (framework, loaded)
	Request       : Accessibility type: stringsdict localization: en
	Result        : file:///Applications/Xcode.app/Contents/Developer/Platforms/iPhoneOS.platform/Library/Developer/CoreSimulator/Profiles/Runtimes/iOS.simruntime/Contents/Resources/RuntimeRoot/System/Library/AccessibilityBundles/UIKit.axbundle/en.lproj/Accessibility.stringsdict
2023-01-13 11:24:17.401 Db AvaxWallet[52267:1d2c5f9] [com.apple.CFBundle:strings] Bundle: CFBundle 0x12af0a7a0 </Applications/Xcode.app/Contents/Developer/Platforms/iPhoneOS.platform/Library/Developer/CoreSimulator/Profiles/Runtimes/iOS.simruntime/Contents/Resources/RuntimeRoot/System/Library/AccessibilityBundles/UIKit.axbundle> (framework, loaded), key: global.keyboard.key.emoji, value: (null), table: Accessibility, localizationName: en, result: Emoji
2023-01-13 11:24:17.401 Db AvaxWallet[52267:1d2c5f9] [com.apple.CFBundle:strings] Bundle: CFBundle 0x12af0a7a0 </Applications/Xcode.app/Contents/Developer/Platforms/iPhoneOS.platform/Library/Developer/CoreSimulator/Profiles/Runtimes/iOS.simruntime/Contents/Resources/RuntimeRoot/System/Library/AccessibilityBundles/UIKit.axbundle> (framework, loaded), key: globe.keyboard.key.hint, value: , table: Accessibility, localizationName: (null), result: Double-tap and hold, then drag up to select another keyboard
2023-01-13 11:24:17.401 Db AvaxWallet[52267:1d2c5f9] [com.apple.CFBundle:strings] Bundle: CFBundle 0x12af0a7a0 </Applications/Xcode.app/Contents/Developer/Platforms/iPhoneOS.platform/Library/Developer/CoreSimulator/Profiles/Runtimes/iOS.simruntime/Contents/Resources/RuntimeRoot/System/Library/AccessibilityBundles/UIKit.axbundle> (framework, loaded), key: dictation.key, value: , table: Accessibility, localizationName: (null), result: Dictate
2023-01-13 11:24:17.401 Db AvaxWallet[52267:1d2c5f9] [com.apple.CFBundle:strings] Bundle: CFBundle 0x12af0a7a0 </Applications/Xcode.app/Contents/Developer/Platforms/iPhoneOS.platform/Library/Developer/CoreSimulator/Profiles/Runtimes/iOS.simruntime/Contents/Resources/RuntimeRoot/System/Library/AccessibilityBundles/UIKit.axbundle> (framework, loaded), key: dictation.key.hint, value: , table: Accessibility, localizationName: (null), result: Double-tap to start dictation. Double-tap with two fingers when finished.
2023-01-13 11:24:17.402 Db AvaxWallet[52267:1d2c5f9] [com.apple.CFBundle:strings] Bundle: CFBundle 0x12af0a7a0 </Applications/Xcode.app/Contents/Developer/Platforms/iPhoneOS.platform/Library/Developer/CoreSimulator/Profiles/Runtimes/iOS.simruntime/Contents/Resources/RuntimeRoot/System/Library/AccessibilityBundles/UIKit.axbundle> (framework, loaded), key: keyboardMinimized.tabButton, value: , table: Accessibility, localizationName: (null), result: show keyboard
2023-01-13 11:24:17.402 Db AvaxWallet[52267:1d2c5f9] [com.apple.CFBundle:resources] Resource lookup at CFBundle 0x12af0a7a0 </Applications/Xcode.app/Contents/Developer/Platforms/iPhoneOS.platform/Library/Developer/CoreSimulator/Profiles/Runtimes/iOS.simruntime/Contents/Resources/RuntimeRoot/System/Library/AccessibilityBundles/UIKit.axbundle> (framework, loaded)
	Request       : Accessibility type: strings localization: en
	Result        : file:///Applications/Xcode.app/Contents/Developer/Platforms/iPhoneOS.platform/Library/Developer/CoreSimulator/Profiles/Runtimes/iOS.simruntime/Contents/Resources/RuntimeRoot/System/Library/AccessibilityBundles/UIKit.axbundle/en.lproj/Accessibility.strings
2023-01-13 11:24:17.402 Db AvaxWallet[52267:1d2c5f9] [com.apple.CFBundle:resources] Resource lookup at CFBundle 0x12af0a7a0 </Applications/Xcode.app/Contents/Developer/Platforms/iPhoneOS.platform/Library/Developer/CoreSimulator/Profiles/Runtimes/iOS.simruntime/Contents/Resources/RuntimeRoot/System/Library/AccessibilityBundles/UIKit.axbundle> (framework, loaded)
	Request       : Accessibility type: stringsdict localization: en
	Result        : file:///Applications/Xcode.app/Contents/Developer/Platforms/iPhoneOS.platform/Library/Developer/CoreSimulator/Profiles/Runtimes/iOS.simruntime/Contents/Resources/RuntimeRoot/System/Library/AccessibilityBundles/UIKit.axbundle/en.lproj/Accessibility.stringsdict
2023-01-13 11:24:17.402 Db AvaxWallet[52267:1d2c5f9] [com.apple.CFBundle:strings] Bundle: CFBundle 0x12af0a7a0 </Applications/Xcode.app/Contents/Developer/Platforms/iPhoneOS.platform/Library/Developer/CoreSimulator/Profiles/Runtimes/iOS.simruntime/Contents/Resources/RuntimeRoot/System/Library/AccessibilityBundles/UIKit.axbundle> (framework, loaded), key: global.keyboard.key.emoji, value: (null), table: Accessibility, localizationName: en, result: Emoji
2023-01-13 11:24:17.402 Db AvaxWallet[52267:1d2c5f9] [com.apple.CFBundle:strings] Bundle: CFBundle 0x12af0a7a0 </Applications/Xcode.app/Contents/Developer/Platforms/iPhoneOS.platform/Library/Developer/CoreSimulator/Profiles/Runtimes/iOS.simruntime/Contents/Resources/RuntimeRoot/System/Library/AccessibilityBundles/UIKit.axbundle> (framework, loaded), key: globe.keyboard.key.hint, value: , table: Accessibility, localizationName: (null), result: Double-tap and hold, then drag up to select another keyboard
2023-01-13 11:24:17.402 Db AvaxWallet[52267:1d2c5f9] [com.apple.CFBundle:strings] Bundle: CFBundle 0x12af0a7a0 </Applications/Xcode.app/Contents/Developer/Platforms/iPhoneOS.platform/Library/Developer/CoreSimulator/Profiles/Runtimes/iOS.simruntime/Contents/Resources/RuntimeRoot/System/Library/AccessibilityBundles/UIKit.axbundle> (framework, loaded), key: dictation.key, value: , table: Accessibility, localizationName: (null), result: Dictate
2023-01-13 11:24:17.402 Db AvaxWallet[52267:1d2c5f9] [com.apple.CFBundle:strings] Bundle: CFBundle 0x12af0a7a0 </Applications/Xcode.app/Contents/Developer/Platforms/iPhoneOS.platform/Library/Developer/CoreSimulator/Profiles/Runtimes/iOS.simruntime/Contents/Resources/RuntimeRoot/System/Library/AccessibilityBundles/UIKit.axbundle> (framework, loaded), key: dictation.key.hint, value: , table: Accessibility, localizationName: (null), result: Double-tap to start dictation. Double-tap with two fingers when finished.
2023-01-13 11:24:17.402 Db AvaxWallet[52267:1d2c5f9] [com.apple.CFBundle:strings] Bundle: CFBundle 0x12af0a7a0 </Applications/Xcode.app/Contents/Developer/Platforms/iPhoneOS.platform/Library/Developer/CoreSimulator/Profiles/Runtimes/iOS.simruntime/Contents/Resources/RuntimeRoot/System/Library/AccessibilityBundles/UIKit.axbundle> (framework, loaded), key: keyboardMinimized.tabButton, value: , table: Accessibility, localizationName: (null), result: show keyboard
2023-01-13 11:24:17.403 Db AvaxWallet[52267:1d2c5f9] [com.apple.defaults:User Defaults] found no value for key DictationLanguagesLastUsed in CFPrefsSearchListSource<0x6000018ddc80> (Domain: com.apple.keyboard.preferences, Container: (null))
2023-01-13 11:24:17.403 I  AvaxWallet[52267:1d2c5f9] [com.apple.siri:Client] -[AFDictationConnection dictationIsAvailableForLanguage:synchronous:] 0x600000d77670 Checking if language en-US is available
2023-01-13 11:24:17.403 Db AvaxWallet[52267:1d2c5f9] [com.apple.defaults:User Defaults] looked up value {
    "ar-SA" =     {
        "Auto Punctuation" = 0;
        "Continuous Listening" = 1;
        "Emoji Recognition" = 0;
        "High Quality" = 1;
        Installed = 0;
        "On Device Search" = 1;
    };
    "de-DE" =     {
        "Auto Punctuation" = 1;
        "Continuous Listening" = 1;
        "Emoji Recognition" = 1;
        "High Quality" = 1;
        Installed = 0;
        "On Device Search" = 1;
    };
    "en-AU" =     {
        "Auto Punctuation" = 1;
        "Continuous Listening" = 1;
        "Emoji Recognition" = 1;
        "High Quality" = 1;
        Installed = 0;
        "On Device Search" = 1;
    };
    "en-CA" =     {
        "Auto Punctuation" = 1;
        "Continuous Listening" = 1;
        "Emoji Recognition" = 1;
        "High Quality" = 1;
        Installed = 0;
        "On Device Search" = 1;
    };
    "en-GB" =     {
        "Auto Punctuation" = 1;
        "Continuous Listening" = 1;
        "Emoji Recognition" = 1;
        "High Quality" = 1;
        Installed =  for key <decode: missing data> in <decode: missing data> via <decode: missing data>
2023-01-13 11:24:17.403 Db AvaxWallet[52267:1d2c5f9] [com.apple.defaults:User Defaults] found no value for key Siri Data Sharing Opt-In Status 2.0 in CFPrefsSearchListSource<0x60000187c400> (Domain: com.apple.assistant.support, Container: (null))
2023-01-13 11:24:17.403 Db AvaxWallet[52267:1d2c5f9] [com.apple.defaults:User Defaults] found no value for key Assistant Enabled in CFPrefsSearchListSource<0x60000187c400> (Domain: com.apple.assistant.support, Container: (null))
2023-01-13 11:24:17.403 I  AvaxWallet[52267:1d2c5f9] [com.apple.siri:Client] -[AFDictationConnection dictationIsAvailableForLanguage:synchronous:] 0x600000d77670 Language en-US is available over network
2023-01-13 11:24:17.403 I  AvaxWallet[52267:1d2c5f9] [com.apple.siri:Client] -[AFDictationConnection dictationIsAvailableForLanguage:synchronous:] 0x600000d77670 Checking if language en-US is available
2023-01-13 11:24:17.404 Db AvaxWallet[52267:1d2c5f9] [com.apple.defaults:User Defaults] looked up value {
    "ar-SA" =     {
        "Auto Punctuation" = 0;
        "Continuous Listening" = 1;
        "Emoji Recognition" = 0;
        "High Quality" = 1;
        Installed = 0;
        "On Device Search" = 1;
    };
    "de-DE" =     {
        "Auto Punctuation" = 1;
        "Continuous Listening" = 1;
        "Emoji Recognition" = 1;
        "High Quality" = 1;
        Installed = 0;
        "On Device Search" = 1;
    };
    "en-AU" =     {
        "Auto Punctuation" = 1;
        "Continuous Listening" = 1;
        "Emoji Recognition" = 1;
        "High Quality" = 1;
        Installed = 0;
        "On Device Search" = 1;
    };
    "en-CA" =     {
        "Auto Punctuation" = 1;
        "Continuous Listening" = 1;
        "Emoji Recognition" = 1;
        "High Quality" = 1;
        Installed = 0;
        "On Device Search" = 1;
    };
    "en-GB" =     {
        "Auto Punctuation" = 1;
        "Continuous Listening" = 1;
        "Emoji Recognition" = 1;
        "High Quality" = 1;
        Installed =  for key <decode: missing data> in <decode: missing data> via <decode: missing data>
2023-01-13 11:24:17.404 Db AvaxWallet[52267:1d2c5f9] [com.apple.defaults:User Defaults] found no value for key Siri Data Sharing Opt-In Status 2.0 in CFPrefsSearchListSource<0x60000187c400> (Domain: com.apple.assistant.support, Container: (null))
2023-01-13 11:24:17.404 Db AvaxWallet[52267:1d2c5f9] [com.apple.defaults:User Defaults] found no value for key Assistant Enabled in CFPrefsSearchListSource<0x60000187c400> (Domain: com.apple.assistant.support, Container: (null))
2023-01-13 11:24:17.404 I  AvaxWallet[52267:1d2c5f9] [com.apple.siri:Client] -[AFDictationConnection dictationIsAvailableForLanguage:synchronous:] 0x600000d77670 Language en-US is available over network
2023-01-13 11:24:17.404 I  AvaxWallet[52267:1d2c5f9] [com.apple.siri:Client] +[AFDictationConnection dictationIsSupportedForLanguageCode:error:] Language en-US is supported for dictation
2023-01-13 11:24:17.404 I  AvaxWallet[52267:1d2c5f9] [com.apple.siri:Client] +[AFDictationConnection dictationIsSupportedForLanguageCode:error:] Language en-US is supported for dictation
2023-01-13 11:24:17.404 I  AvaxWallet[52267:1d2c5f9] [com.apple.siri:Client] +[AFDictationConnection dictationIsSupportedForLanguageCode:error:] Language emoji is NOT supported for dictation
2023-01-13 11:24:17.404 I  AvaxWallet[52267:1d2c5f9] [com.apple.siri:Client] -[AFDictationConnection dictationIsAvailableForLanguage:synchronous:] 0x600000d77670 Checking if language en-US is available
2023-01-13 11:24:17.404 Db AvaxWallet[52267:1d2c5f9] [com.apple.defaults:User Defaults] looked up value {
    "ar-SA" =     {
        "Auto Punctuation" = 0;
        "Continuous Listening" = 1;
        "Emoji Recognition" = 0;
        "High Quality" = 1;
        Installed = 0;
        "On Device Search" = 1;
    };
    "de-DE" =     {
        "Auto Punctuation" = 1;
        "Continuous Listening" = 1;
        "Emoji Recognition" = 1;
        "High Quality" = 1;
        Installed = 0;
        "On Device Search" = 1;
    };
    "en-AU" =     {
        "Auto Punctuation" = 1;
        "Continuous Listening" = 1;
        "Emoji Recognition" = 1;
        "High Quality" = 1;
        Installed = 0;
        "On Device Search" = 1;
    };
    "en-CA" =     {
        "Auto Punctuation" = 1;
        "Continuous Listening" = 1;
        "Emoji Recognition" = 1;
        "High Quality" = 1;
        Installed = 0;
        "On Device Search" = 1;
    };
    "en-GB" =     {
        "Auto Punctuation" = 1;
        "Continuous Listening" = 1;
        "Emoji Recognition" = 1;
        "High Quality" = 1;
        Installed =  for key <decode: missing data> in <decode: missing data> via <decode: missing data>
2023-01-13 11:24:17.404 Db AvaxWallet[52267:1d2c5f9] [com.apple.defaults:User Defaults] found no value for key Siri Data Sharing Opt-In Status 2.0 in CFPrefsSearchListSource<0x60000187c400> (Domain: com.apple.assistant.support, Container: (null))
2023-01-13 11:24:17.404 Db AvaxWallet[52267:1d2c5f9] [com.apple.defaults:User Defaults] found no value for key Assistant Enabled in CFPrefsSearchListSource<0x60000187c400> (Domain: com.apple.assistant.support, Container: (null))
2023-01-13 11:24:17.404 I  AvaxWallet[52267:1d2c5f9] [com.apple.siri:Client] -[AFDictationConnection dictationIsAvailableForLanguage:synchronous:] 0x600000d77670 Language en-US is available over network
2023-01-13 11:24:17.404 Db AvaxWallet[52267:1d2c5f9] [com.apple.defaults:User Defaults] found no value for key DictationLanguagesLastUsed in CFPrefsSearchListSource<0x6000018ddc80> (Domain: com.apple.keyboard.preferences, Container: (null))
2023-01-13 11:24:17.404 I  AvaxWallet[52267:1d2c5f9] [com.apple.siri:Client] -[AFDictationConnection dictationIsAvailableForLanguage:synchronous:] 0x600000d77670 Checking if language en-US is available
2023-01-13 11:24:17.405 Db AvaxWallet[52267:1d2c5f9] [com.apple.defaults:User Defaults] looked up value {
    "ar-SA" =     {
        "Auto Punctuation" = 0;
        "Continuous Listening" = 1;
        "Emoji Recognition" = 0;
        "High Quality" = 1;
        Installed = 0;
        "On Device Search" = 1;
    };
    "de-DE" =     {
        "Auto Punctuation" = 1;
        "Continuous Listening" = 1;
        "Emoji Recognition" = 1;
        "High Quality" = 1;
        Installed = 0;
        "On Device Search" = 1;
    };
    "en-AU" =     {
        "Auto Punctuation" = 1;
        "Continuous Listening" = 1;
        "Emoji Recognition" = 1;
        "High Quality" = 1;
        Installed = 0;
        "On Device Search" = 1;
    };
    "en-CA" =     {
        "Auto Punctuation" = 1;
        "Continuous Listening" = 1;
        "Emoji Recognition" = 1;
        "High Quality" = 1;
        Installed = 0;
        "On Device Search" = 1;
    };
    "en-GB" =     {
        "Auto Punctuation" = 1;
        "Continuous Listening" = 1;
        "Emoji Recognition" = 1;
        "High Quality" = 1;
        Installed =  for key <decode: missing data> in <decode: missing data> via <decode: missing data>
2023-01-13 11:24:17.405 Db AvaxWallet[52267:1d2c5f9] [com.apple.defaults:User Defaults] found no value for key Siri Data Sharing Opt-In Status 2.0 in CFPrefsSearchListSource<0x60000187c400> (Domain: com.apple.assistant.support, Container: (null))
2023-01-13 11:24:17.405 Db AvaxWallet[52267:1d2c5f9] [com.apple.defaults:User Defaults] found no value for key Assistant Enabled in CFPrefsSearchListSource<0x60000187c400> (Domain: com.apple.assistant.support, Container: (null))
2023-01-13 11:24:17.405 I  AvaxWallet[52267:1d2c5f9] [com.apple.siri:Client] -[AFDictationConnection dictationIsAvailableForLanguage:synchronous:] 0x600000d77670 Language en-US is available over network
2023-01-13 11:24:17.405 I  AvaxWallet[52267:1d2c5f9] [com.apple.siri:Client] -[AFDictationConnection dictationIsAvailableForLanguage:synchronous:] 0x600000d77670 Checking if language en-US is available
2023-01-13 11:24:17.405 Db AvaxWallet[52267:1d2c5f9] [com.apple.defaults:User Defaults] looked up value {
    "ar-SA" =     {
        "Auto Punctuation" = 0;
        "Continuous Listening" = 1;
        "Emoji Recognition" = 0;
        "High Quality" = 1;
        Installed = 0;
        "On Device Search" = 1;
    };
    "de-DE" =     {
        "Auto Punctuation" = 1;
        "Continuous Listening" = 1;
        "Emoji Recognition" = 1;
        "High Quality" = 1;
        Installed = 0;
        "On Device Search" = 1;
    };
    "en-AU" =     {
        "Auto Punctuation" = 1;
        "Continuous Listening" = 1;
        "Emoji Recognition" = 1;
        "High Quality" = 1;
        Installed = 0;
        "On Device Search" = 1;
    };
    "en-CA" =     {
        "Auto Punctuation" = 1;
        "Continuous Listening" = 1;
        "Emoji Recognition" = 1;
        "High Quality" = 1;
        Installed = 0;
        "On Device Search" = 1;
    };
    "en-GB" =     {
        "Auto Punctuation" = 1;
        "Continuous Listening" = 1;
        "Emoji Recognition" = 1;
        "High Quality" = 1;
        Installed =  for key <decode: missing data> in <decode: missing data> via <decode: missing data>
2023-01-13 11:24:17.405 Db AvaxWallet[52267:1d2c5f9] [com.apple.defaults:User Defaults] found no value for key Siri Data Sharing Opt-In Status 2.0 in CFPrefsSearchListSource<0x60000187c400> (Domain: com.apple.assistant.support, Container: (null))
2023-01-13 11:24:17.405 Db AvaxWallet[52267:1d2c5f9] [com.apple.defaults:User Defaults] found no value for key Assistant Enabled in CFPrefsSearchListSource<0x60000187c400> (Domain: com.apple.assistant.support, Container: (null))
2023-01-13 11:24:17.405 I  AvaxWallet[52267:1d2c5f9] [com.apple.siri:Client] -[AFDictationConnection dictationIsAvailableForLanguage:synchronous:] 0x600000d77670 Language en-US is available over network
2023-01-13 11:24:17.405 I  AvaxWallet[52267:1d2c5f9] [com.apple.siri:Client] -[AFDictationConnection dictationIsAvailableForLanguage:synchronous:] 0x600000d77670 Checking if language en-US is available
2023-01-13 11:24:17.405 Db AvaxWallet[52267:1d2c5f9] [com.apple.defaults:User Defaults] looked up value {
    "ar-SA" =     {
        "Auto Punctuation" = 0;
        "Continuous Listening" = 1;
        "Emoji Recognition" = 0;
        "High Quality" = 1;
        Installed = 0;
        "On Device Search" = 1;
    };
    "de-DE" =     {
        "Auto Punctuation" = 1;
        "Continuous Listening" = 1;
        "Emoji Recognition" = 1;
        "High Quality" = 1;
        Installed = 0;
        "On Device Search" = 1;
    };
    "en-AU" =     {
        "Auto Punctuation" = 1;
        "Continuous Listening" = 1;
        "Emoji Recognition" = 1;
        "High Quality" = 1;
        Installed = 0;
        "On Device Search" = 1;
    };
    "en-CA" =     {
        "Auto Punctuation" = 1;
        "Continuous Listening" = 1;
        "Emoji Recognition" = 1;
        "High Quality" = 1;
        Installed = 0;
        "On Device Search" = 1;
    };
    "en-GB" =     {
        "Auto Punctuation" = 1;
        "Continuous Listening" = 1;
        "Emoji Recognition" = 1;
        "High Quality" = 1;
        Installed =  for key <decode: missing data> in <decode: missing data> via <decode: missing data>
2023-01-13 11:24:17.405 Db AvaxWallet[52267:1d2c5f9] [com.apple.defaults:User Defaults] found no value for key Siri Data Sharing Opt-In Status 2.0 in CFPrefsSearchListSource<0x60000187c400> (Domain: com.apple.assistant.support, Container: (null))
2023-01-13 11:24:17.405 Db AvaxWallet[52267:1d2c5f9] [com.apple.defaults:User Defaults] found no value for key Assistant Enabled in CFPrefsSearchListSource<0x60000187c400> (Domain: com.apple.assistant.support, Container: (null))
2023-01-13 11:24:17.405 I  AvaxWallet[52267:1d2c5f9] [com.apple.siri:Client] -[AFDictationConnection dictationIsAvailableForLanguage:synchronous:] 0x600000d77670 Language en-US is available over network
2023-01-13 11:24:17.406 Db AvaxWallet[52267:1d2c5f9] [com.apple.CFBundle:resources] Resource lookup at CFBundle 0x12af0a7a0 </Applications/Xcode.app/Contents/Developer/Platforms/iPhoneOS.platform/Library/Developer/CoreSimulator/Profiles/Runtimes/iOS.simruntime/Contents/Resources/RuntimeRoot/System/Library/AccessibilityBundles/UIKit.axbundle> (framework, loaded)
	Request       : Accessibility type: strings localization: en
	Result        : file:///Applications/Xcode.app/Contents/Developer/Platforms/iPhoneOS.platform/Library/Developer/CoreSimulator/Profiles/Runtimes/iOS.simruntime/Contents/Resources/RuntimeRoot/System/Library/AccessibilityBundles/UIKit.axbundle/en.lproj/Accessibility.strings
2023-01-13 11:24:17.406 Db AvaxWallet[52267:1d2c5f9] [com.apple.CFBundle:resources] Resource lookup at CFBundle 0x12af0a7a0 </Applications/Xcode.app/Contents/Developer/Platforms/iPhoneOS.platform/Library/Developer/CoreSimulator/Profiles/Runtimes/iOS.simruntime/Contents/Resources/RuntimeRoot/System/Library/AccessibilityBundles/UIKit.axbundle> (framework, loaded)
	Request       : Accessibility type: stringsdict localization: en
	Result        : file:///Applications/Xcode.app/Contents/Developer/Platforms/iPhoneOS.platform/Library/Developer/CoreSimulator/Profiles/Runtimes/iOS.simruntime/Contents/Resources/RuntimeRoot/System/Library/AccessibilityBundles/UIKit.axbundle/en.lproj/Accessibility.stringsdict
2023-01-13 11:24:17.406 Db AvaxWallet[52267:1d2c5f9] [com.apple.CFBundle:strings] Bundle: CFBundle 0x12af0a7a0 </Applications/Xcode.app/Contents/Developer/Platforms/iPhoneOS.platform/Library/Developer/CoreSimulator/Profiles/Runtimes/iOS.simruntime/Contents/Resources/RuntimeRoot/System/Library/AccessibilityBundles/UIKit.axbundle> (framework, loaded), key: global.keyboard.key.emoji, value: (null), table: Accessibility, localizationName: en, result: Emoji
2023-01-13 11:24:17.406 Db AvaxWallet[52267:1d2c5f9] [com.apple.defaults:User Defaults] found no value for key KeyboardBias in CFPrefsSearchListSource<0x6000018ddc80> (Domain: com.apple.keyboard.preferences, Container: (null))
2023-01-13 11:24:17.407 Db AvaxWallet[52267:1d2c5f9] [com.apple.defaults:User Defaults] found no value for key KeyboardBias in CFPrefsSearchListSource<0x6000018ddc80> (Domain: com.apple.keyboard.preferences, Container: (null))
2023-01-13 11:24:17.407 Db AvaxWallet[52267:1d2c5f9] [com.apple.UIKit:KeyboardVisualMode] useVisualModeWindowed: 0 (windowingModeEnabled: 0)
2023-01-13 11:24:17.407 I  AvaxWallet[52267:1d2c62c] [com.apple.runningboard:assertion] Acquiring assertion: <RBSAssertionDescriptor| "systemAnimationFence" ID:(null) target:52267>
2023-01-13 11:24:17.407 Db AvaxWallet[52267:1d2c5f9] [com.apple.UIKit:KeyboardVisualMode] useVisualModeWindowed: 0 (windowingModeEnabled: 0)
2023-01-13 11:24:17.407 Db AvaxWallet[52267:1d2c5f9] [com.apple.UIKit:KeyboardVisualMode] Show keyboard with visual mode windowed (0)
2023-01-13 11:24:17.407 Df AvaxWallet[52267:1d2c5f9] [com.apple.UIKit:InputWindowController] Setting input views: <<UIInputViewSet: 0x6000007c95e0>; keyboard = <UIKeyboardAutomatic: 0x12b86b520; frame = (0 0; 390 233); opaque = NO; layer = <CALayer: 0x6000032d5440>>%; assistant = <TUISystemInputAssistantView: 0x12af636a0; frame = (0 0; 390 0); hidden = YES; tintColor = UIExtendedGrayColorSpace 0 1; backgroundColor = UIExtendedGrayColorSpace 0 0; layer = <CALayer: 0x6000032cfe40>>; usesKeyClicks = NO;  (not visible)>
2023-01-13 11:24:17.407 Db AvaxWallet[52267:1d2c5f9] [com.apple.UIKit:KeyboardVisualMode] useVisualModeWindowed: 0 (windowingModeEnabled: 0)
2023-01-13 11:24:17.407 Db AvaxWallet[52267:1d2c5f9] [com.apple.UIKit:KeyboardVisualMode] useVisualModeWindowed: 0 (windowingModeEnabled: 0)
2023-01-13 11:24:17.407 Db AvaxWallet[52267:1d2c5f9] [com.apple.UIKit:KeyboardVisualMode] useVisualModeWindowed: 0 (windowingModeEnabled: 0)
2023-01-13 11:24:17.407 Db AvaxWallet[52267:1d2c5f9] [com.apple.CFBundle:strings] Bundle: CFBundle 0x12b8ed930 </Applications/Xcode.app/Contents/Developer/Platforms/iPhoneOS.platform/Library/Developer/CoreSimulator/Profiles/Runtimes/iOS.simruntime/Contents/Resources/RuntimeRoot/System/Library/AccessibilityBundles/TextInputUI.axbundle> (bundle, loaded), key: expand.toolbar, value: , table: Accessibility, localizationName: (null), result: Expand toolbar
2023-01-13 11:24:17.407 Db AvaxWallet[52267:1d2c5f9] [com.apple.UIKit:KeyboardVisualMode] useVisualModeWindowed: 0 (windowingModeEnabled: 0)
2023-01-13 11:24:17.407 Db AvaxWallet[52267:1d2c5f9] [com.apple.UIKit:KeyboardVisualMode] useVisualModeWindowed: 0 (windowingModeEnabled: 0)
2023-01-13 11:24:17.408 Db AvaxWallet[52267:1d2c5f9] [com.apple.UIKit:KeyboardVisualMode] useVisualModeWindowed: 0 (windowingModeEnabled: 0)
2023-01-13 11:24:17.408 Db AvaxWallet[52267:1d2c5f9] [com.apple.UIKit:KeyboardVisualMode] useVisualModeWindowed: 0 (windowingModeEnabled: 0)
2023-01-13 11:24:17.408 Db AvaxWallet[52267:1d2c5f9] [com.apple.UIKit:KeyboardVisualMode] useVisualModeWindowed: 0 (windowingModeEnabled: 0)
2023-01-13 11:24:17.408 Db AvaxWallet[52267:1d2c5f9] [com.apple.UIKit:KeyboardVisualMode] useVisualModeWindowed: 0 (windowingModeEnabled: 0)
2023-01-13 11:24:17.408 Db AvaxWallet[52267:1d2c5f9] [com.apple.UIKit:KeyboardVisualMode] useVisualModeWindowed: 0 (windowingModeEnabled: 0)
2023-01-13 11:24:17.408 Db AvaxWallet[52267:1d2c5f9] [com.apple.CFBundle:strings] Bundle: CFBundle 0x12b8ed930 </Applications/Xcode.app/Contents/Developer/Platforms/iPhoneOS.platform/Library/Developer/CoreSimulator/Profiles/Runtimes/iOS.simruntime/Contents/Resources/RuntimeRoot/System/Library/AccessibilityBundles/TextInputUI.axbundle> (bundle, loaded), key: expand.toolbar, value: , table: Accessibility, localizationName: (null), result: Expand toolbar
2023-01-13 11:24:17.408 Db AvaxWallet[52267:1d2c62c] [com.apple.runningboard:assertion] Adding assertion 84277-52267-111003 to dictionary
2023-01-13 11:24:17.408 Db AvaxWallet[52267:1d2c5f9] [com.apple.UIKit:KeyboardVisualMode] useVisualModeWindowed: 0 (windowingModeEnabled: 0)
2023-01-13 11:24:17.408 Db AvaxWallet[52267:1d2c5f9] [com.apple.UIKit:KeyboardVisualMode] useVisualModeWindowed: 0 (windowingModeEnabled: 0)
2023-01-13 11:24:17.409 Df AvaxWallet[52267:1d2c5f9] [com.apple.UIKit:InputWindowController] Moving from placement: <UIInputViewSetPlacementOffScreenDown> to placement: <UIInputViewSetPlacementOffScreenDown>
2023-01-13 11:24:17.409 Df AvaxWallet[52267:1d2c5f9] [com.apple.UIKit:InputWindowController] Change to input view set: <<UIInputViewSet: 0x6000007c95e0>; keyboard = <UIKeyboardAutomatic: 0x12b86b520; frame = (0 0; 390 233); opaque = NO; layer = <CALayer: 0x6000032d5440>>%; assistant = <TUISystemInputAssistantView: 0x12af636a0; frame = (0 0; 390 0); hidden = YES; tintColor = UIExtendedGrayColorSpace 0 1; backgroundColor = UIExtendedGrayColorSpace 0 0; layer = <CALayer: 0x6000032cfe40>>; usesKeyClicks = NO;  (not visible)>
2023-01-13 11:24:17.409 Db AvaxWallet[52267:1d2c5f9] [com.apple.UIKit:KeyboardVisualMode] useVisualModeWindowed: 0 (windowingModeEnabled: 0)
2023-01-13 11:24:17.409 Db AvaxWallet[52267:1d2c5f9] [com.apple.UIKit:KeyboardVisualMode] useVisualModeWindowed: 0 (windowingModeEnabled: 0)
2023-01-13 11:24:17.409 Db AvaxWallet[52267:1d2c5f9] [com.apple.UIKit:KeyboardVisualMode] useVisualModeWindowed: 0 (windowingModeEnabled: 0)
2023-01-13 11:24:17.409 Db AvaxWallet[52267:1d2c5f9] [com.apple.CFBundle:strings] Bundle: CFBundle 0x12af0a7a0 </Applications/Xcode.app/Contents/Developer/Platforms/iPhoneOS.platform/Library/Developer/CoreSimulator/Profiles/Runtimes/iOS.simruntime/Contents/Resources/RuntimeRoot/System/Library/AccessibilityBundles/UIKit.axbundle> (framework, loaded), key: keyboard.bias.escape.label, value: , table: Accessibility, localizationName: (null), result: switch to default layout
2023-01-13 11:24:17.410 Db AvaxWallet[52267:1d2c5f9] [com.apple.UIKit:KeyboardVisualMode] useVisualModeWindowed: 0 (windowingModeEnabled: 0)
2023-01-13 11:24:17.411 Db AvaxWallet[52267:1d2c5f9] [com.apple.UIKit:KeyboardVisualMode] useVisualModeWindowed: 0 (windowingModeEnabled: 0)
2023-01-13 11:24:17.411 Db AvaxWallet[52267:1d2c5f9] [com.apple.UIKit:KeyboardVisualMode] useVisualModeWindowed: 0 (windowingModeEnabled: 0)
2023-01-13 11:24:17.411 Db AvaxWallet[52267:1d2c5f9] [com.apple.UIKit:KeyboardVisualMode] useVisualModeWindowed: 0 (windowingModeEnabled: 0)
2023-01-13 11:24:17.411 Db AvaxWallet[52267:1d2c5f9] [com.apple.UIKit:KeyboardVisualMode] useVisualModeWindowed: 0 (windowingModeEnabled: 0)
2023-01-13 11:24:17.411 Db AvaxWallet[52267:1d2c5f9] [com.apple.UIKit:KeyboardVisualMode] useVisualModeWindowed: 0 (windowingModeEnabled: 0)
2023-01-13 11:24:17.411 Db AvaxWallet[52267:1d2c5f9] [com.apple.CFBundle:strings] Bundle: CFBundle 0x12b8ed930 </Applications/Xcode.app/Contents/Developer/Platforms/iPhoneOS.platform/Library/Developer/CoreSimulator/Profiles/Runtimes/iOS.simruntime/Contents/Resources/RuntimeRoot/System/Library/AccessibilityBundles/TextInputUI.axbundle> (bundle, loaded), key: expand.toolbar, value: , table: Accessibility, localizationName: (null), result: Expand toolbar
2023-01-13 11:24:17.411 Db AvaxWallet[52267:1d2c5f9] [com.apple.UIKit:KeyboardVisualMode] useVisualModeWindowed: 0 (windowingModeEnabled: 0)
2023-01-13 11:24:17.411 Db AvaxWallet[52267:1d2c5f9] [com.apple.UIKit:KeyboardVisualMode] useVisualModeWindowed: 0 (windowingModeEnabled: 0)
2023-01-13 11:24:17.411 Db AvaxWallet[52267:1d2c5f9] [com.apple.UIKit:KeyboardVisualMode] useVisualModeWindowed: 0 (windowingModeEnabled: 0)
2023-01-13 11:24:17.411 Db AvaxWallet[52267:1d2c5f9] [com.apple.UIKit:KeyboardVisualMode] useVisualModeWindowed: 0 (windowingModeEnabled: 0)
2023-01-13 11:24:17.411 Db AvaxWallet[52267:1d2c5f9] [com.apple.UIKit:KeyboardVisualMode] useVisualModeWindowed: 0 (windowingModeEnabled: 0)
2023-01-13 11:24:17.412 Db AvaxWallet[52267:1d2c5f9] [com.apple.UIKit:KeyboardVisualMode] useVisualModeWindowed: 0 (windowingModeEnabled: 0)
2023-01-13 11:24:17.412 Db AvaxWallet[52267:1d2c5f9] [com.apple.UIKit:KeyboardVisualMode] useVisualModeWindowed: 0 (windowingModeEnabled: 0)
2023-01-13 11:24:17.412 Db AvaxWallet[52267:1d2c5f9] [com.apple.CFBundle:strings] Bundle: CFBundle 0x12b8ed930 </Applications/Xcode.app/Contents/Developer/Platforms/iPhoneOS.platform/Library/Developer/CoreSimulator/Profiles/Runtimes/iOS.simruntime/Contents/Resources/RuntimeRoot/System/Library/AccessibilityBundles/TextInputUI.axbundle> (bundle, loaded), key: expand.toolbar, value: , table: Accessibility, localizationName: (null), result: Expand toolbar
2023-01-13 11:24:17.412 Db AvaxWallet[52267:1d2c5f9] [com.apple.UIKit:KeyboardVisualMode] useVisualModeWindowed: 0 (windowingModeEnabled: 0)
2023-01-13 11:24:17.412 Db AvaxWallet[52267:1d2c5f9] [com.apple.UIKit:KeyboardVisualMode] useVisualModeWindowed: 0 (windowingModeEnabled: 0)
2023-01-13 11:24:17.412 Db AvaxWallet[52267:1d2c5f9] [com.apple.UIKit:KeyboardVisualMode] useVisualModeWindowed: 0 (windowingModeEnabled: 0)
2023-01-13 11:24:17.412 Db AvaxWallet[52267:1d2c5f9] [com.apple.UIKit:KeyboardVisualMode] useVisualModeWindowed: 0 (windowingModeEnabled: 0)
2023-01-13 11:24:17.412 Db AvaxWallet[52267:1d2c5f9] [com.apple.UIKit:KeyboardVisualMode] useVisualModeWindowed: 0 (windowingModeEnabled: 0)
2023-01-13 11:24:17.412 Db AvaxWallet[52267:1d2c5f9] [com.apple.UIKit:KeyboardVisualMode] useVisualModeWindowed: 0 (windowingModeEnabled: 0)
2023-01-13 11:24:17.412 Db AvaxWallet[52267:1d2c5f9] [com.apple.UIKit:KeyboardVisualMode] useVisualModeWindowed: 0 (windowingModeEnabled: 0)
2023-01-13 11:24:17.412 Db AvaxWallet[52267:1d2c5f9] [com.apple.UIKit:KeyboardVisualMode] useVisualModeWindowed: 0 (windowingModeEnabled: 0)
2023-01-13 11:24:17.412 Db AvaxWallet[52267:1d2c5f9] [com.apple.UIKit:KeyboardVisualMode] useVisualModeWindowed: 0 (windowingModeEnabled: 0)
2023-01-13 11:24:17.412 Db AvaxWallet[52267:1d2c5f9] [com.apple.UIKit:KeyboardVisualMode] useVisualModeWindowed: 0 (windowingModeEnabled: 0)
2023-01-13 11:24:17.413 Db AvaxWallet[52267:1d2c5f9] [com.apple.defaults:User Defaults] found no value for key DictationLanguagesLastUsed in CFPrefsSearchListSource<0x6000018ddc80> (Domain: com.apple.keyboard.preferences, Container: (null))
2023-01-13 11:24:17.413 I  AvaxWallet[52267:1d2c5f9] [com.apple.siri:Client] -[AFDictationConnection dictationIsAvailableForLanguage:synchronous:] 0x600000d77670 Checking if language en-US is available
2023-01-13 11:24:17.414 Db AvaxWallet[52267:1d2c5f9] [com.apple.defaults:User Defaults] looked up value {
    "ar-SA" =     {
        "Auto Punctuation" = 0;
        "Continuous Listening" = 1;
        "Emoji Recognition" = 0;
        "High Quality" = 1;
        Installed = 0;
        "On Device Search" = 1;
    };
    "de-DE" =     {
        "Auto Punctuation" = 1;
        "Continuous Listening" = 1;
        "Emoji Recognition" = 1;
        "High Quality" = 1;
        Installed = 0;
        "On Device Search" = 1;
    };
    "en-AU" =     {
        "Auto Punctuation" = 1;
        "Continuous Listening" = 1;
        "Emoji Recognition" = 1;
        "High Quality" = 1;
        Installed = 0;
        "On Device Search" = 1;
    };
    "en-CA" =     {
        "Auto Punctuation" = 1;
        "Continuous Listening" = 1;
        "Emoji Recognition" = 1;
        "High Quality" = 1;
        Installed = 0;
        "On Device Search" = 1;
    };
    "en-GB" =     {
        "Auto Punctuation" = 1;
        "Continuous Listening" = 1;
        "Emoji Recognition" = 1;
        "High Quality" = 1;
        Installed =  for key <decode: missing data> in <decode: missing data> via <decode: missing data>
2023-01-13 11:24:17.414 Db AvaxWallet[52267:1d2c5f9] [com.apple.defaults:User Defaults] found no value for key Siri Data Sharing Opt-In Status 2.0 in CFPrefsSearchListSource<0x60000187c400> (Domain: com.apple.assistant.support, Container: (null))
2023-01-13 11:24:17.414 Db AvaxWallet[52267:1d2c5f9] [com.apple.defaults:User Defaults] found no value for key Assistant Enabled in CFPrefsSearchListSource<0x60000187c400> (Domain: com.apple.assistant.support, Container: (null))
2023-01-13 11:24:17.414 I  AvaxWallet[52267:1d2c5f9] [com.apple.siri:Client] -[AFDictationConnection dictationIsAvailableForLanguage:synchronous:] 0x600000d77670 Language en-US is available over network
2023-01-13 11:24:17.414 I  AvaxWallet[52267:1d2c5f9] [com.apple.siri:Client] -[AFDictationConnection dictationIsAvailableForLanguage:synchronous:] 0x600000d77670 Checking if language en-US is available
2023-01-13 11:24:17.414 Db AvaxWallet[52267:1d2c5f9] [com.apple.defaults:User Defaults] looked up value {
    "ar-SA" =     {
        "Auto Punctuation" = 0;
        "Continuous Listening" = 1;
        "Emoji Recognition" = 0;
        "High Quality" = 1;
        Installed = 0;
        "On Device Search" = 1;
    };
    "de-DE" =     {
        "Auto Punctuation" = 1;
        "Continuous Listening" = 1;
        "Emoji Recognition" = 1;
        "High Quality" = 1;
        Installed = 0;
        "On Device Search" = 1;
    };
    "en-AU" =     {
        "Auto Punctuation" = 1;
        "Continuous Listening" = 1;
        "Emoji Recognition" = 1;
        "High Quality" = 1;
        Installed = 0;
        "On Device Search" = 1;
    };
    "en-CA" =     {
        "Auto Punctuation" = 1;
        "Continuous Listening" = 1;
        "Emoji Recognition" = 1;
        "High Quality" = 1;
        Installed = 0;
        "On Device Search" = 1;
    };
    "en-GB" =     {
        "Auto Punctuation" = 1;
        "Continuous Listening" = 1;
