2023-01-13 11:29:01.770 I  AvaxWallet[52778:1d2df6a] [com.apple.network:] nw_context_purge_endpoints Context <nw_context com.apple.CFNetwork.NSURLSession.{05FFD861-5CA5-4650-B8F0-6AE77FA92901}{(null)}{Y}{2} (private)> has more than 20 idle cache entries, purging 7 from 27 down to 20
2023-01-13 11:29:01.865 I  AvaxWallet[52778:1d2de35] [com.apple.Accessibility:AXRuntimeNotifications] Attempting to send notification:  (1001) AXForceUpdateChange
2023-01-13 11:29:01.865 I  AvaxWallet[52778:1d2de35] [com.apple.Accessibility:AXRuntimeNotifications] Did post notification. notification:  (1001) error:0 data:AXForceUpdateChange
2023-01-13 11:29:02.010 I  AvaxWallet[52778:1d2df6a] [com.apple.network:connection] nw_association_schedule_deactivation_block_invoke <nw_association glacier-api.avax.network:443> becoming dormant
2023-01-13 11:29:02.010 I  AvaxWallet[52778:1d2df6a] [com.apple.network:connection] nw_association_schedule_deactivation_block_invoke <nw_association 104.18.17.35:443> becoming dormant
2023-01-13 11:29:02.010 I  AvaxWallet[52778:1d2df6a] [com.apple.network:connection] nw_association_schedule_deactivation_block_invoke <nw_association 104.18.16.35:443> becoming dormant
2023-01-13 11:29:02.010 I  AvaxWallet[52778:1d2df6a] [com.apple.network:connection] nw_association_schedule_deactivation_block_invoke <nw_association 2606:4700::6812:1123.443> becoming dormant
2023-01-13 11:29:02.010 I  AvaxWallet[52778:1d2df6a] [com.apple.network:connection] nw_association_schedule_deactivation_block_invoke <nw_association 2606:4700::6812:1023.443> becoming dormant
2023-01-13 11:29:02.519 Db AvaxWallet[52778:1d2df6a] [com.apple.network:connection] nw_endpoint_handler_add_write_request [C1 ::1.56842 ready parent-flow (satisfied (Path is satisfied), viable, interface: en0[802.11])] connected_child_handles_requests 0
2023-01-13 11:29:02.529 I  AvaxWallet[52778:1d2e012] [com.apple.network:connection] nw_association_schedule_deactivation_block_invoke <nw_association proxy-api-dev.avax.network:443> becoming dormant
2023-01-13 11:29:02.529 I  AvaxWallet[52778:1d2e012] [com.apple.network:connection] nw_association_schedule_deactivation_block_invoke <nw_association 104.18.17.35:443> becoming dormant
2023-01-13 11:29:02.529 I  AvaxWallet[52778:1d2e012] [com.apple.network:connection] nw_association_schedule_deactivation_block_invoke <nw_association 104.18.16.35:443> becoming dormant
2023-01-13 11:29:02.529 I  AvaxWallet[52778:1d2e012] [com.apple.network:connection] nw_association_schedule_deactivation_block_invoke <nw_association 2606:4700::6812:1023.443> becoming dormant
2023-01-13 11:29:02.529 I  AvaxWallet[52778:1d2e012] [com.apple.network:connection] nw_association_schedule_deactivation_block_invoke <nw_association 2606:4700::6812:1123.443> becoming dormant
2023-01-13 11:29:02.533 I  AvaxWallet[52778:1d2de35] [com.wix.Detox:WebSocket] Action received: invoke
2023-01-13 11:29:02.648 Db AvaxWallet[52778:1d2df6a] [com.apple.network:connection] nw_endpoint_handler_add_write_request [C1 ::1.56842 ready parent-flow (satisfied (Path is satisfied), viable, interface: en0[802.11])] connected_child_handles_requests 0
2023-01-13 11:29:02.651 I  AvaxWallet[52778:1d2de35] [com.wix.Detox:WebSocket] Action received: invoke
2023-01-13 11:29:02.841 Df AvaxWallet[52778:1d2de35] [com.apple.UIKit:EventDispatch] Sending UIEvent type: 0; subtype: 0; to windows: 1
2023-01-13 11:29:02.842 Df AvaxWallet[52778:1d2de35] [com.apple.UIKit:EventDispatch] Sending UIEvent type: 0; subtype: 0; to window: <UIWindow: 0x12ad17440>; contextId: 0x1F6BF470
2023-01-13 11:29:02.843 A  AvaxWallet[52778:1d2de35] (UIKitCore) send gesture actions
2023-01-13 11:29:02.858 Df AvaxWallet[52778:1d2de35] [com.apple.UIKit:EventDispatch] Sending UIEvent type: 0; subtype: 0; to windows: 1
2023-01-13 11:29:02.858 Df AvaxWallet[52778:1d2de35] [com.apple.UIKit:EventDispatch] Sending UIEvent type: 0; subtype: 0; to window: <UIWindow: 0x12ad17440>; contextId: 0x1F6BF470
2023-01-13 11:29:02.858 A  AvaxWallet[52778:1d2de35] (UIKitCore) send gesture actions
2023-01-13 11:29:02.882 Df AvaxWallet[52778:1d2e141] [com.apple.FrontBoard:Common] Creating service facility connection with <BSServiceConnectionEndpoint: 0x600003c387e0; target: com.apple.frontboard.systemappservices; service: com.apple.frontboard.system-service>
2023-01-13 11:29:02.883 Df AvaxWallet[52778:1d2e141] [com.apple.FrontBoard:Common] [FBSSystemService][0x35a7] Sending request to open "com.apple.SafariViewService"
2023-01-13 11:29:02.883 Df AvaxWallet[52778:1d2e012] [com.apple.FrontBoard:Common] [FBSSystemAppProxy:0x600001980e00] Service facility connection invalidated
2023-01-13 11:29:02.885 I  AvaxWallet[52778:1d2de35] [com.apple.Accessibility:AXRuntimeNotifications] Attempting to send notification:  (1055) (null)
2023-01-13 11:29:02.885 I  AvaxWallet[52778:1d2de35] [com.apple.Accessibility:AXRuntimeNotifications] Attempting to send notification:  (1055) (null)
2023-01-13 11:29:02.885 Db AvaxWallet[52778:1d2de35] [com.apple.UIKit:KeyboardVisualMode] useVisualModeWindowed: 0 (windowingModeEnabled: 0)
2023-01-13 11:29:02.885 Df AvaxWallet[52778:1d2de35] [com.apple.UIKit:KeyboardSceneDelegate] Reloading input views for: <(null): 0x0> force: 0
2023-01-13 11:29:02.885 Db AvaxWallet[52778:1d2de35] [com.apple.UIKit:KeyboardVisualMode] useVisualModeWindowed: 0 (windowingModeEnabled: 0)
2023-01-13 11:29:02.885 Db AvaxWallet[52778:1d2de35] [com.apple.UIKit:KeyboardVisualMode] useVisualModeWindowed: 0 (windowingModeEnabled: 0)
2023-01-13 11:29:02.885 Db AvaxWallet[52778:1d2de35] [com.apple.UIKit:KeyboardVisualMode] useVisualModeWindowed: 0 (windowingModeEnabled: 0)
2023-01-13 11:29:02.886 Db AvaxWallet[52778:1d2de35] [com.apple.UIKit:KeyboardVisualMode] useVisualModeWindowed: 0 (windowingModeEnabled: 0)
2023-01-13 11:29:02.886 Db AvaxWallet[52778:1d2de35] [com.apple.UIKit:KeyboardVisualMode] Show keyboard with visual mode windowed (0)
2023-01-13 11:29:02.886 Df AvaxWallet[52778:1d2de35] [com.apple.UIKit:InputWindowController] Setting input views: <<UIInputViewSet: 0x6000003fe1c0>; (empty)>
2023-01-13 11:29:02.886 Df AvaxWallet[52778:1d2de35] [com.apple.UIKit:InputWindowController] Moving from placement: <UIInputViewSetPlacementOffScreenDown> to placement: <UIInputViewSetPlacementOffScreenDown>
2023-01-13 11:29:02.886 Df AvaxWallet[52778:1d2de35] [com.apple.UIKit:InputWindowController] Change to input view set: <<UIInputViewSet: 0x6000003fe1c0>; (empty)>
2023-01-13 11:29:02.886 Db AvaxWallet[52778:1d2de35] [com.apple.defaults:User Defaults] found no value for key DictationLanguagesLastUsed in CFPrefsSearchListSource<0x600001cc9a00> (Domain: com.apple.keyboard.preferences, Container: (null))
2023-01-13 11:29:02.886 I  AvaxWallet[52778:1d2de35] [com.apple.siri:Client] -[AFDictationConnection dictationIsAvailableForLanguage:synchronous:] 0x6000009701a0 Checking if language en-US is available
2023-01-13 11:29:02.887 Db AvaxWallet[52778:1d2de35] [com.apple.defaults:User Defaults] looked up value {
    "ar-SA" =     {
        "Auto Punctuation" = 0;
        "Continuous Listening" = 1;
        "Emoji Recognition" = 0;
        "High Quality" = 1;
        Installed = 0;
        "On Device Search" = 1;
    };
    "de-DE" =     {
        "Auto Punctuation" = 1;
        "Continuous Listening" = 1;
        "Emoji Recognition" = 1;
        "High Quality" = 1;
        Installed = 0;
        "On Device Search" = 1;
    };
    "en-AU" =     {
        "Auto Punctuation" = 1;
        "Continuous Listening" = 1;
        "Emoji Recognition" = 1;
        "High Quality" = 1;
        Installed = 0;
        "On Device Search" = 1;
    };
    "en-CA" =     {
        "Auto Punctuation" = 1;
        "Continuous Listening" = 1;
        "Emoji Recognition" = 1;
        "High Quality" = 1;
        Installed = 0;
        "On Device Search" = 1;
    };
    "en-GB" =     {
        "Auto Punctuation" = 1;
        "Continuous Listening" = 1;
        "Emoji Recognition" = 1;
        "High Quality" = 1;
        Installed =  for key <decode: missing data> in <decode: missing data> via <decode: missing data>
2023-01-13 11:29:02.887 Db AvaxWallet[52778:1d2de35] [com.apple.defaults:User Defaults] found no value for key Siri Data Sharing Opt-In Status 2.0 in CFPrefsSearchListSource<0x600001c6ce00> (Domain: com.apple.assistant.support, Container: (null))
2023-01-13 11:29:02.887 Db AvaxWallet[52778:1d2de95] [com.apple.BaseBoard:MachPort]  *|machport|* <BSMachPortTaskNameRight: 0x6000027ee300; usable: YES; (52778:cd13:send xpcCode) from (84275:22377:send task_name_for_pid:SafariViewServi.41855)> -> (<NSThread: 0x600002884780>{number = 16, name = (null)}) (
	0   BaseBoard                           0x000000018333a548 -[BSMachPortRight _initWithPort:type:owner:trace:] + 192
	1   BaseBoard                           0x000000018333af5c -[BSMachPortRight initWithXPCDictionary:] + 164
	2   BaseBoard                           0x000000018333c7e4 -[BSMachPortTaskNameRight initWithXPCDictionary:] + 56
	3   BaseBoard                           0x000000018330fc84 BSCreateDeserializedBSXPCEncodableObjectFromXPCDictionary + 148
	4   BaseBoard                           0x000000018330fbac BSCreateDeserializedBSXPCEncodableObjectFromXPCDictionaryWithKey + 56
	5   BaseBoard                           0x0000000183349d34 -[BSProcessHandle initWithXPCDictionary:] + 212
	6   BaseBoard                           0x0000000183375a7c _BSXPCDecodeObject + 1536
	7   BaseBoa
2023-01-13 11:29:02.887 Db AvaxWallet[52778:1d2de35] [com.apple.defaults:User Defaults] found no value for key Assistant Enabled in CFPrefsSearchListSource<0x600001c6ce00> (Domain: com.apple.assistant.support, Container: (null))
2023-01-13 11:29:02.887 I  AvaxWallet[52778:1d2de35] [com.apple.siri:Client] -[AFDictationConnection dictationIsAvailableForLanguage:synchronous:] 0x6000009701a0 Language en-US is available over network
2023-01-13 11:29:02.887 Df AvaxWallet[52778:1d2de95] [com.apple.FrontBoard:Common] [FBSSystemService][0x35a7] Request successful: <BSProcessHandle: 0x600003cfd890; SafariViewServi:41855; valid: YES>
2023-01-13 11:29:02.887 I  AvaxWallet[52778:1d2de35] [com.apple.siri:Client] -[AFDictationConnection dictationIsAvailableForLanguage:synchronous:] 0x6000009701a0 Checking if language en-US is available
2023-01-13 11:29:02.887 Db AvaxWallet[52778:1d2e012] [com.apple.defaults:User Defaults] found no value for key LogViewServiceAssertion in CFPrefsSearchListSource<0x600001cc5d00> (Domain: com.apple.UIKit, Container: (null))
2023-01-13 11:29:02.887 I  AvaxWallet[52778:1d2e141] [com.apple.runningboard:assertion] Acquiring assertion: <RBSAssertionDescriptor| "com.apple.viewservice.session" ID:(null) target:application<com.apple.SafariViewService>>
2023-01-13 11:29:02.887 Db AvaxWallet[52778:1d2de35] [com.apple.defaults:User Defaults] looked up value {
    "ar-SA" =     {
        "Auto Punctuation" = 0;
        "Continuous Listening" = 1;
        "Emoji Recognition" = 0;
        "High Quality" = 1;
        Installed = 0;
        "On Device Search" = 1;
    };
    "de-DE" =     {
        "Auto Punctuation" = 1;
        "Continuous Listening" = 1;
        "Emoji Recognition" = 1;
        "High Quality" = 1;
        Installed = 0;
        "On Device Search" = 1;
    };
    "en-AU" =     {
        "Auto Punctuation" = 1;
        "Continuous Listening" = 1;
        "Emoji Recognition" = 1;
        "High Quality" = 1;
        Installed = 0;
        "On Device Search" = 1;
    };
    "en-CA" =     {
        "Auto Punctuation" = 1;
        "Continuous Listening" = 1;
        "Emoji Recognition" = 1;
        "High Quality" = 1;
        Installed = 0;
        "On Device Search" = 1;
    };
    "en-GB" =     {
        "Auto Punctuation" = 1;
        "Continuous Listening" = 1;
        "Emoji Recognition" = 1;
        "High Quality" = 1;
        Installed =  for key <decode: missing data> in <decode: missing data> via <decode: missing data>
2023-01-13 11:29:02.887 Db AvaxWallet[52778:1d2de35] [com.apple.defaults:User Defaults] found no value for key Siri Data Sharing Opt-In Status 2.0 in CFPrefsSearchListSource<0x600001c6ce00> (Domain: com.apple.assistant.support, Container: (null))
2023-01-13 11:29:02.887 Db AvaxWallet[52778:1d2de35] [com.apple.defaults:User Defaults] found no value for key Assistant Enabled in CFPrefsSearchListSource<0x600001c6ce00> (Domain: com.apple.assistant.support, Container: (null))
2023-01-13 11:29:02.887 I  AvaxWallet[52778:1d2de35] [com.apple.siri:Client] -[AFDictationConnection dictationIsAvailableForLanguage:synchronous:] 0x6000009701a0 Language en-US is available over network
2023-01-13 11:29:02.887 I  AvaxWallet[52778:1d2de35] [com.apple.siri:Client] -[AFDictationConnection dictationIsAvailableForLanguage:synchronous:] 0x6000009701a0 Checking if language en-US is available
2023-01-13 11:29:02.887 Db AvaxWallet[52778:1d2e141] [com.apple.runningboard:assertion] Adding assertion 84277-52778-111237 to dictionary
2023-01-13 11:29:02.888 Db AvaxWallet[52778:1d2de35] [com.apple.defaults:User Defaults] looked up value {
    "ar-SA" =     {
        "Auto Punctuation" = 0;
        "Continuous Listening" = 1;
        "Emoji Recognition" = 0;
        "High Quality" = 1;
        Installed = 0;
        "On Device Search" = 1;
    };
    "de-DE" =     {
        "Auto Punctuation" = 1;
        "Continuous Listening" = 1;
        "Emoji Recognition" = 1;
        "High Quality" = 1;
        Installed = 0;
        "On Device Search" = 1;
    };
    "en-AU" =     {
        "Auto Punctuation" = 1;
        "Continuous Listening" = 1;
        "Emoji Recognition" = 1;
        "High Quality" = 1;
        Installed = 0;
        "On Device Search" = 1;
    };
    "en-CA" =     {
        "Auto Punctuation" = 1;
        "Continuous Listening" = 1;
        "Emoji Recognition" = 1;
        "High Quality" = 1;
        Installed = 0;
        "On Device Search" = 1;
    };
    "en-GB" =     {
        "Auto Punctuation" = 1;
        "Continuous Listening" = 1;
        "Emoji Recognition" = 1;
        "High Quality" = 1;
        Installed =  for key <decode: missing data> in <decode: missing data> via <decode: missing data>
2023-01-13 11:29:02.888 Db AvaxWallet[52778:1d2de35] [com.apple.defaults:User Defaults] found no value for key Siri Data Sharing Opt-In Status 2.0 in CFPrefsSearchListSource<0x600001c6ce00> (Domain: com.apple.assistant.support, Container: (null))
2023-01-13 11:29:02.888 Db AvaxWallet[52778:1d2de35] [com.apple.defaults:User Defaults] found no value for key Assistant Enabled in CFPrefsSearchListSource<0x600001c6ce00> (Domain: com.apple.assistant.support, Container: (null))
2023-01-13 11:29:02.888 I  AvaxWallet[52778:1d2de35] [com.apple.siri:Client] -[AFDictationConnection dictationIsAvailableForLanguage:synchronous:] 0x6000009701a0 Language en-US is available over network
2023-01-13 11:29:02.887 Db AvaxWallet[52778:1d2de95] [com.apple.BaseBoard:MachPort]  *|machport|* invalidate <BSMachPortTaskNameRight:0x6000027ee300 usable=YES (52778:cd13:send xpcCode) from (84275:22377:send task_name_for_pid:SafariViewServi.41855)> -> (<NSThread: 0x600002884780>{number = 16, name = (null)}) (
	0   BaseBoard                           0x000000018333acb4 -[BSMachPortRight _lock_invalidateForOwner:] + 288
	1   BaseBoard                           0x000000018333ad98 -[BSMachPortRight invalidate] + 56
	2   BaseBoard                           0x000000018334986c -[BSProcessHandle dealloc] + 28
	3   libobjc.A.dylib                     0x000000018004eeb4 _ZN19AutoreleasePoolPage12releaseUntilEPP11objc_object + 200
	4   libobjc.A.dylib                     0x000000018004ecc4 objc_autoreleasePoolPop + 252
	5   BoardServices                       0x0000000184b05190 BSXPCServiceConnectionExecuteCallOut + 240
	6   BoardServices                       0x0000000184ad64c0 __80+[BSXPCServiceConnectionProxy createImplementationOfProtocol:forClass:withName:]_block_invoke.100 + 152
	7   BoardServices
2023-01-13 11:29:02.887 Df AvaxWallet[52778:1d2e012] [com.apple.UIKit:ViewServiceAssertion] Assertion created: identifier: com.apple.SafariViewService; assertion: 0x600001183840
2023-01-13 11:29:02.889 Db AvaxWallet[52778:1d2de35] [com.apple.CFBundle:resources] Resource lookup at CFBundle 0x12af15880 </Applications/Xcode.app/Contents/Developer/Platforms/iPhoneOS.platform/Library/Developer/CoreSimulator/Profiles/Runtimes/iOS.simruntime/Contents/Resources/RuntimeRoot/System/Library/AccessibilityBundles/UIKit.axbundle> (framework, loaded)
	Request       : Accessibility type: strings localization: en
	Result        : file:///Applications/Xcode.app/Contents/Developer/Platforms/iPhoneOS.platform/Library/Developer/CoreSimulator/Profiles/Runtimes/iOS.simruntime/Contents/Resources/RuntimeRoot/System/Library/AccessibilityBundles/UIKit.axbundle/en.lproj/Accessibility.strings
2023-01-13 11:29:02.889 Db AvaxWallet[52778:1d2de35] [com.apple.CFBundle:resources] Resource lookup at CFBundle 0x12af15880 </Applications/Xcode.app/Contents/Developer/Platforms/iPhoneOS.platform/Library/Developer/CoreSimulator/Profiles/Runtimes/iOS.simruntime/Contents/Resources/RuntimeRoot/System/Library/AccessibilityBundles/UIKit.axbundle> (framework, loaded)
	Request       : Accessibility type: stringsdict localization: en
	Result        : file:///Applications/Xcode.app/Contents/Developer/Platforms/iPhoneOS.platform/Library/Developer/CoreSimulator/Profiles/Runtimes/iOS.simruntime/Contents/Resources/RuntimeRoot/System/Library/AccessibilityBundles/UIKit.axbundle/en.lproj/Accessibility.stringsdict
2023-01-13 11:29:02.889 Df AvaxWallet[52778:1d2e012] [com.apple.UIKit:ViewServiceAssertion] Did connect to service: identifier: com.apple.SafariViewService; assertion: 0x600001183840
2023-01-13 11:29:02.890 Df AvaxWallet[52778:1d2e012] [com.apple.UIKit:ViewServiceAssertion] Initialized service interface: identifier: com.apple.SafariViewService; assertion: 0x600001183840
2023-01-13 11:29:02.890 Db AvaxWallet[52778:1d2de35] [com.apple.CFBundle:strings] Bundle: CFBundle 0x12af15880 </Applications/Xcode.app/Contents/Developer/Platforms/iPhoneOS.platform/Library/Developer/CoreSimulator/Profiles/Runtimes/iOS.simruntime/Contents/Resources/RuntimeRoot/System/Library/AccessibilityBundles/UIKit.axbundle> (framework, loaded), key: global.keyboard.key.emoji, value: (null), table: Accessibility, localizationName: en, result: Emoji
2023-01-13 11:29:02.890 Db AvaxWallet[52778:1d2de35] [com.apple.UIKit:KeyboardVisualMode] useVisualModeWindowed: 0 (windowingModeEnabled: 0)
2023-01-13 11:29:02.890 Db AvaxWallet[52778:1d2de35] [com.apple.defaults:User Defaults] found no value for key KeyboardBias in CFPrefsSearchListSource<0x600001cc9a00> (Domain: com.apple.keyboard.preferences, Container: (null))
2023-01-13 11:29:02.890 Db AvaxWallet[52778:1d2de35] [com.apple.UIKit:KeyboardVisualMode] useVisualModeWindowed: 0 (windowingModeEnabled: 0)
2023-01-13 11:29:02.890 Db AvaxWallet[52778:1d2de35] [com.apple.UIKit:KeyboardVisualMode] useVisualModeWindowed: 0 (windowingModeEnabled: 0)
2023-01-13 11:29:02.890 Db AvaxWallet[52778:1d2de35] [com.apple.UIKit:KeyboardVisualMode] useVisualModeWindowed: 0 (windowingModeEnabled: 0)
2023-01-13 11:29:02.892 Df AvaxWallet[52778:1d2e012] [com.apple.UIKit:ViewServiceAssertion] Cancelled active service request: identifier: com.apple.SafariViewService; assertion: 0x0
2023-01-13 11:29:02.892 Df AvaxWallet[52778:1d2e012] [com.apple.UIKit:ViewServiceAssertion] Invalidating assertion: identifier: com.apple.SafariViewService; assertion: 0x0
2023-01-13 11:29:02.892 Df AvaxWallet[52778:1d2e012] [com.apple.UIKit:ViewServiceAssertion] Calling out to connection handler to cancel active service request: identifier: com.apple.SafariViewService; assertion: 0x0
2023-01-13 11:29:02.898 I  AvaxWallet[52778:1d2de35] [com.apple.Accessibility:AXRuntimeNotifications] Attempting to send notification:  (1000) (null)
2023-01-13 11:29:02.900 Db AvaxWallet[52778:1d2de35] [com.apple.CFBundle:strings] Bundle: CFBundle 0x12be0e980 </Applications/Xcode.app/Contents/Developer/Platforms/iPhoneOS.platform/Library/Developer/CoreSimulator/Profiles/Runtimes/iOS.simruntime/Contents/Resources/RuntimeRoot/System/Library/AccessibilityBundles/AnnotationKit.axbundle> (bundle, loaded), key: color.picker.white, value: , table: Accessibility, localizationName: (null), result: White
2023-01-13 11:29:02.900 Db AvaxWallet[52778:1d2de35] [com.apple.CFBundle:strings] Bundle: CFBundle 0x12be0e980 </Applications/Xcode.app/Contents/Developer/Platforms/iPhoneOS.platform/Library/Developer/CoreSimulator/Profiles/Runtimes/iOS.simruntime/Contents/Resources/RuntimeRoot/System/Library/AccessibilityBundles/AnnotationKit.axbundle> (bundle, loaded), key: color.picker.white, value: , table: Accessibility, localizationName: (null), result: White
2023-01-13 11:29:02.901 Db AvaxWallet[52778:1d2de35] [com.apple.CFBundle:strings] Bundle: CFBundle 0x12bc0e670 </Applications/Xcode.app/Contents/Developer/Platforms/iPhoneOS.platform/Library/Developer/CoreSimulator/Profiles/Runtimes/iOS.simruntime/Contents/Resources/RuntimeRoot/System/Library/PrivateFrameworks/UIKitCore.framework> (not loaded), key: CONTEXT_MENU_LOADING, value: Loading, table: Localizable, localizationName: (null), result: Loading
2023-01-13 11:29:02.901 Db AvaxWallet[52778:1d2de35] [com.apple.CFBundle:strings] Bundle: CFBundle 0x12bc0e670 </Applications/Xcode.app/Contents/Developer/Platforms/iPhoneOS.platform/Library/Developer/CoreSimulator/Profiles/Runtimes/iOS.simruntime/Contents/Resources/RuntimeRoot/System/Library/PrivateFrameworks/UIKitCore.framework> (not loaded), key: CONTEXT_MENU_LOADING, value: Loading, table: Localizable, localizationName: (null), result: Loading
2023-01-13 11:29:02.901 Db AvaxWallet[52778:1d2de35] [com.apple.CFBundle:strings] Bundle: CFBundle 0x12be0e980 </Applications/Xcode.app/Contents/Developer/Platforms/iPhoneOS.platform/Library/Developer/CoreSimulator/Profiles/Runtimes/iOS.simruntime/Contents/Resources/RuntimeRoot/System/Library/AccessibilityBundles/AnnotationKit.axbundle> (bundle, loaded), key: color.picker.white, value: , table: Accessibility, localizationName: (null), result: White
2023-01-13 11:29:02.901 Db AvaxWallet[52778:1d2de35] [com.apple.CFBundle:strings] Bundle: CFBundle 0x12be0e980 </Applications/Xcode.app/Contents/Developer/Platforms/iPhoneOS.platform/Library/Developer/CoreSimulator/Profiles/Runtimes/iOS.simruntime/Contents/Resources/RuntimeRoot/System/Library/AccessibilityBundles/AnnotationKit.axbundle> (bundle, loaded), key: color.picker.white, value: , table: Accessibility, localizationName: (null), result: White
2023-01-13 11:29:02.902 Db AvaxWallet[52778:1d2de35] [com.apple.CFBundle:strings] Bundle: CFBundle 0x12bc0e670 </Applications/Xcode.app/Contents/Developer/Platforms/iPhoneOS.platform/Library/Developer/CoreSimulator/Profiles/Runtimes/iOS.simruntime/Contents/Resources/RuntimeRoot/System/Library/PrivateFrameworks/UIKitCore.framework> (not loaded), key: CONTEXT_MENU_LOADING, value: Loading, table: Localizable, localizationName: (null), result: Loading
2023-01-13 11:29:02.902 Db AvaxWallet[52778:1d2de35] [com.apple.CFBundle:strings] Bundle: CFBundle 0x12bc0e670 </Applications/Xcode.app/Contents/Developer/Platforms/iPhoneOS.platform/Library/Developer/CoreSimulator/Profiles/Runtimes/iOS.simruntime/Contents/Resources/RuntimeRoot/System/Library/PrivateFrameworks/UIKitCore.framework> (not loaded), key: CONTEXT_MENU_LOADING, value: Loading, table: Localizable, localizationName: (null), result: Loading
2023-01-13 11:29:02.903 I  AvaxWallet[52778:1d2de35] [com.apple.Accessibility:AXRuntimeNotifications] Attempting to send notification:  (1001) (null)
2023-01-13 11:29:02.903 I  AvaxWallet[52778:1d2de35] [com.apple.Accessibility:AXRuntimeNotifications] Did post notification. notification:  (1055) error:0 data:(null)
2023-01-13 11:29:02.904 I  AvaxWallet[52778:1d2de35] [com.apple.Accessibility:AXRuntimeNotifications] Did post notification. notification:  (1000) error:0 data:(null)
2023-01-13 11:29:02.904 I  AvaxWallet[52778:1d2de35] [com.apple.Accessibility:AXRuntimeNotifications] Did post notification. notification:  (1001) error:0 data:(null)
2023-01-13 11:29:02.916 Db AvaxWallet[52778:1d2de35] [com.apple.BaseBoard:MachPort]  *|machport|* <BSMachPortSendRight: 0x600003cf6850; usable: YES; (52778:5d03:send take)> -> (<_NSMainThread: 0x6000027c45c0>{number = 1, name = main}) (
	0   BaseBoard                           0x000000018333a548 -[BSMachPortRight _initWithPort:type:owner:trace:] + 192
	1   BaseBoard                           0x000000018333bc00 -[BSMachPortSendRight initWithPort:] + 116
	2   UIKitCore                           0x0000000114877bec -[_UIRemoteViewControllerConnectionRequest _sendServiceViewControllerRequest] + 188
	3   DetoxSync                           0x00000001181f267c ____detox_sync_dispatch_wrapper_block_invoke + 44
	4   libdispatch.dylib                   0x0000000180135768 _dispatch_client_callout + 16
	5   libdispatch.dylib                   0x0000000180145f04 _dispatch_lane_barrier_sync_invoke_and_complete + 92
	6   DetoxSync                           0x00000001181f2034 __detox_sync_dispatch_sync + 200
	7   UIKitCore                           0x000000011487734c __115-[_UIRemoteViewControllerConnectio
2023-01-13 11:29:02.918 Db AvaxWallet[52778:1d2de35] [com.apple.BaseBoard:MachPort]  *|machport|* invalidate <BSMachPortSendRight:0x600003cf6850 usable=YES (52778:5d03:send take)> -> (<_NSMainThread: 0x6000027c45c0>{number = 1, name = main}) (
	0   BaseBoard                           0x000000018333acb4 -[BSMachPortRight _lock_invalidateForOwner:] + 288
	1   BaseBoard                           0x000000018333ad98 -[BSMachPortRight invalidate] + 56
	2   BaseBoard                           0x000000018333a72c -[BSMachPortRight dealloc] + 24
	3   UIKitCore                           0x0000000114877d80 -[_UIRemoteViewControllerConnectionRequest _sendServiceViewControllerRequest] + 592
	4   DetoxSync                           0x00000001181f267c ____detox_sync_dispatch_wrapper_block_invoke + 44
	5   libdispatch.dylib                   0x0000000180135768 _dispatch_client_callout + 16
	6   libdispatch.dylib                   0x0000000180145f04 _dispatch_lane_barrier_sync_invoke_and_complete + 92
	7   DetoxSync                           0x00000001181f2034 __detox_sync_dispatch_sync + 200
	8   UIKitCore
2023-01-13 11:29:03.029 Db AvaxWallet[52778:1d2e012] [com.apple.BaseBoard:MachPort]  *|machport|* <BSMachPortSendRight: 0x600003c3d290; usable: YES; (52778:10823:send secCode) from (41855:4803:send take)> -> (<NSThread: 0x600002712a80>{number = 18, name = (null)}) (
	0   BaseBoard                           0x000000018333a548 -[BSMachPortRight _initWithPort:type:owner:trace:] + 192
	1   BaseBoard                           0x000000018333b428 -[BSMachPortRight initWithCoder:] + 308
	2   Foundation                          0x0000000180cbbd88 _decodeObject + 1348
	3   Foundation                          0x0000000180cbc24c _decodeObjectAfterSettingAllowListForKey + 164
	4   Foundation                          0x0000000180cbc170 -[NSXPCDecoder decodeObjectOfClass:forKey:] + 48
	5   UIKitCore                           0x0000000114894008 -[_UIViewServiceControllerOperatorCreateResult initWithCoder:] + 416
	6   Foundation                          0x0000000180cbbd88 _decodeObject + 1348
	7   Foundation                          0x0000000180cbb7b8 -[NSXPCDecoder _decodeObjectOfClasses:atObject:] + 144
2023-01-13 11:29:03.034 Db AvaxWallet[52778:1d2de35] [com.apple.BaseBoard:MachPort]  *|machport|* invalidate <BSMachPortSendRight:0x600003c3d290 usable=YES (52778:10823:send secCode) from (41855:4803:send take)> -> (<_NSMainThread: 0x6000027c45c0>{number = 1, name = main}) (
	0   BaseBoard                           0x000000018333acb4 -[BSMachPortRight _lock_invalidateForOwner:] + 288
	1   BaseBoard                           0x000000018333ab90 -[BSMachPortRight extractPortAndIKnowWhatImDoingISwear] + 120
	2   UIKitCore                           0x00000001148791ec -[_UIRemoteViewController _awakeWithConnectionInfo:] + 764
	3   UIKit                               0x00000001198696dc -[_UIRemoteViewControllerAccessibility _awakeWithConnectionInfo:] + 48
	4   UIKitCore                           0x0000000114878d24 __124+[_UIRemoteViewController _requestViewController:traitCollection:fromServiceWithBundleIdentifier:service:connectionHandler:]_block_invoke_2 + 80
	5   DetoxSync                           0x00000001181f267c ____detox_sync_dispatch_wrapper_block_invoke + 44
	6   libdispatch.dylib
2023-01-13 11:29:03.036 Db AvaxWallet[52778:1d2de35] [com.apple.UIKit:KeyboardVisualMode] TEW _shouldResizeWithScene 0 (windowingModeEnabled: 0, resizeFor: 0)
2023-01-13 11:29:03.036 Db AvaxWallet[52778:1d2de35] [com.apple.UIKit:KeyboardVisualMode] TEW _shouldResizeWithScene 0 (windowingModeEnabled: 0, resizeFor: 0)
2023-01-13 11:29:03.036 Df AvaxWallet[52778:1d2de35] [com.apple.UIKit:InputWindowController] Change to input view set: (null)
2023-01-13 11:29:03.037 Db AvaxWallet[52778:1d2de35] [com.apple.UIKit:KeyboardVisualMode] TEW _shouldResizeWithScene 0 (windowingModeEnabled: 0, resizeFor: 0)
2023-01-13 11:29:03.037 Db AvaxWallet[52778:1d2de35] [com.apple.UIKit:KeyboardVisualMode] TEW _shouldResizeWithScene 0 (windowingModeEnabled: 0, resizeFor: 0)
2023-01-13 11:29:03.037 E  AvaxWallet[52778:1d2e012] [com.apple.Accessibility:AXRuntimeCommon] Unknown client: AvaxWallet
2023-01-13 11:29:03.039 Db AvaxWallet[52778:1d2de35] [com.apple.UIKit:KeyboardVisualMode] TEW _shouldResizeWithScene 0 (windowingModeEnabled: 0, resizeFor: 0)
2023-01-13 11:29:03.039 Db AvaxWallet[52778:1d2de35] [com.apple.UIKit:KeyboardVisualMode] TEW _shouldResizeWithScene 0 (windowingModeEnabled: 0, resizeFor: 0)
2023-01-13 11:29:03.039 Db AvaxWallet[52778:1d2de35] [com.apple.UIKit:KeyboardVisualMode] TEW _shouldResizeWithScene 0 (windowingModeEnabled: 0, resizeFor: 0)
2023-01-13 11:29:03.040 Df AvaxWallet[52778:1d2de35] [com.apple.UIKit:InputWindowController] Change to input view set: (null)
2023-01-13 11:29:03.040 Db AvaxWallet[52778:1d2de35] [com.apple.UIKit:KeyboardVisualMode] TEW _shouldResizeWithScene 0 (windowingModeEnabled: 0, resizeFor: 0)
2023-01-13 11:29:03.040 I  AvaxWallet[52778:1d2e012] [com.apple.runningboard:assertion] Acquiring assertion: <RBSAssertionDescriptor| "injecting inherited from "UIScene:com.apple.frontboard.systemappservices::FBSceneManager:sceneID%3Aorg.avalabs.corewallet-default" to 41855<UIHostedWindow:91ab6c91>" ID:(null) target:41855<UIHostedWindow:91ab6c91>>
2023-01-13 11:29:03.040 Db AvaxWallet[52778:1d2de35] [com.apple.UIKit:KeyboardVisualMode] TEW _shouldResizeWithScene 0 (windowingModeEnabled: 0, resizeFor: 0)
2023-01-13 11:29:03.040 Df AvaxWallet[52778:1d2de35] [com.apple.UIKit:InputWindowController] Change to input view set: <<UIInputViewSet: 0x6000003fe3a0>; (empty)>
2023-01-13 11:29:03.040 Db AvaxWallet[52778:1d2e012] [com.apple.runningboard:assertion] Adding assertion 84277-52778-111240 to dictionary
2023-01-13 11:29:03.043 Db AvaxWallet[52778:1d2de35] [com.apple.CFBundle:resources] Resource lookup at CFBundle 0x12af15880 </Applications/Xcode.app/Contents/Developer/Platforms/iPhoneOS.platform/Library/Developer/CoreSimulator/Profiles/Runtimes/iOS.simruntime/Contents/Resources/RuntimeRoot/System/Library/AccessibilityBundles/UIKit.axbundle> (framework, loaded)
	Request       : Accessibility type: strings localization: en
	Result        : file:///Applications/Xcode.app/Contents/Developer/Platforms/iPhoneOS.platform/Library/Developer/CoreSimulator/Profiles/Runtimes/iOS.simruntime/Contents/Resources/RuntimeRoot/System/Library/AccessibilityBundles/UIKit.axbundle/en.lproj/Accessibility.strings
2023-01-13 11:29:03.043 Db AvaxWallet[52778:1d2de35] [com.apple.CFBundle:resources] Resource lookup at CFBundle 0x12af15880 </Applications/Xcode.app/Contents/Developer/Platforms/iPhoneOS.platform/Library/Developer/CoreSimulator/Profiles/Runtimes/iOS.simruntime/Contents/Resources/RuntimeRoot/System/Library/AccessibilityBundles/UIKit.axbundle> (framework, loaded)
	Request       : Accessibility type: stringsdict localization: en
	Result        : file:///Applications/Xcode.app/Contents/Developer/Platforms/iPhoneOS.platform/Library/Developer/CoreSimulator/Profiles/Runtimes/iOS.simruntime/Contents/Resources/RuntimeRoot/System/Library/AccessibilityBundles/UIKit.axbundle/en.lproj/Accessibility.stringsdict
2023-01-13 11:29:03.043 Db AvaxWallet[52778:1d2de35] [com.apple.CFBundle:strings] Bundle: CFBundle 0x12af15880 </Applications/Xcode.app/Contents/Developer/Platforms/iPhoneOS.platform/Library/Developer/CoreSimulator/Profiles/Runtimes/iOS.simruntime/Contents/Resources/RuntimeRoot/System/Library/AccessibilityBundles/UIKit.axbundle> (framework, loaded), key: global.keyboard.key.emoji, value: (null), table: Accessibility, localizationName: en, result: Emoji
2023-01-13 11:29:03.043 Db AvaxWallet[52778:1d2de35] [com.apple.CFBundle:strings] Bundle: CFBundle 0x12af15880 </Applications/Xcode.app/Contents/Developer/Platforms/iPhoneOS.platform/Library/Developer/CoreSimulator/Profiles/Runtimes/iOS.simruntime/Contents/Resources/RuntimeRoot/System/Library/AccessibilityBundles/UIKit.axbundle> (framework, loaded), key: globe.keyboard.key.hint, value: , table: Accessibility, localizationName: (null), result: Double-tap and hold, then drag up to select another keyboard
2023-01-13 11:29:03.043 Db AvaxWallet[52778:1d2de35] [com.apple.CFBundle:strings] Bundle: CFBundle 0x12af15880 </Applications/Xcode.app/Contents/Developer/Platforms/iPhoneOS.platform/Library/Developer/CoreSimulator/Profiles/Runtimes/iOS.simruntime/Contents/Resources/RuntimeRoot/System/Library/AccessibilityBundles/UIKit.axbundle> (framework, loaded), key: dictation.key, value: , table: Accessibility, localizationName: (null), result: Dictate
2023-01-13 11:29:03.043 Db AvaxWallet[52778:1d2de35] [com.apple.CFBundle:strings] Bundle: CFBundle 0x12af15880 </Applications/Xcode.app/Contents/Developer/Platforms/iPhoneOS.platform/Library/Developer/CoreSimulator/Profiles/Runtimes/iOS.simruntime/Contents/Resources/RuntimeRoot/System/Library/AccessibilityBundles/UIKit.axbundle> (framework, loaded), key: dictation.key.hint, value: , table: Accessibility, localizationName: (null), result: Double-tap to start dictation. Double-tap with two fingers when finished.
2023-01-13 11:29:03.043 Db AvaxWallet[52778:1d2de35] [com.apple.CFBundle:strings] Bundle: CFBundle 0x12af15880 </Applications/Xcode.app/Contents/Developer/Platforms/iPhoneOS.platform/Library/Developer/CoreSimulator/Profiles/Runtimes/iOS.simruntime/Contents/Resources/RuntimeRoot/System/Library/AccessibilityBundles/UIKit.axbundle> (framework, loaded), key: keyboardMinimized.tabButton, value: , table: Accessibility, localizationName: (null), result: show keyboard
2023-01-13 11:29:03.043 Db AvaxWallet[52778:1d2de35] [com.apple.CFBundle:resources] Resource lookup at CFBundle 0x12af15880 </Applications/Xcode.app/Contents/Developer/Platforms/iPhoneOS.platform/Library/Developer/CoreSimulator/Profiles/Runtimes/iOS.simruntime/Contents/Resources/RuntimeRoot/System/Library/AccessibilityBundles/UIKit.axbundle> (framework, loaded)
	Request       : Accessibility type: strings localization: en
	Result        : file:///Applications/Xcode.app/Contents/Developer/Platforms/iPhoneOS.platform/Library/Developer/CoreSimulator/Profiles/Runtimes/iOS.simruntime/Contents/Resources/RuntimeRoot/System/Library/AccessibilityBundles/UIKit.axbundle/en.lproj/Accessibility.strings
2023-01-13 11:29:03.043 Db AvaxWallet[52778:1d2de35] [com.apple.CFBundle:resources] Resource lookup at CFBundle 0x12af15880 </Applications/Xcode.app/Contents/Developer/Platforms/iPhoneOS.platform/Library/Developer/CoreSimulator/Profiles/Runtimes/iOS.simruntime/Contents/Resources/RuntimeRoot/System/Library/AccessibilityBundles/UIKit.axbundle> (framework, loaded)
	Request       : Accessibility type: stringsdict localization: en
	Result        : file:///Applications/Xcode.app/Contents/Developer/Platforms/iPhoneOS.platform/Library/Developer/CoreSimulator/Profiles/Runtimes/iOS.simruntime/Contents/Resources/RuntimeRoot/System/Library/AccessibilityBundles/UIKit.axbundle/en.lproj/Accessibility.stringsdict
2023-01-13 11:29:03.043 Db AvaxWallet[52778:1d2de35] [com.apple.CFBundle:strings] Bundle: CFBundle 0x12af15880 </Applications/Xcode.app/Contents/Developer/Platforms/iPhoneOS.platform/Library/Developer/CoreSimulator/Profiles/Runtimes/iOS.simruntime/Contents/Resources/RuntimeRoot/System/Library/AccessibilityBundles/UIKit.axbundle> (framework, loaded), key: global.keyboard.key.emoji, value: (null), table: Accessibility, localizationName: en, result: Emoji
2023-01-13 11:29:03.044 Db AvaxWallet[52778:1d2de35] [com.apple.CFBundle:strings] Bundle: CFBundle 0x12af15880 </Applications/Xcode.app/Contents/Developer/Platforms/iPhoneOS.platform/Library/Developer/CoreSimulator/Profiles/Runtimes/iOS.simruntime/Contents/Resources/RuntimeRoot/System/Library/AccessibilityBundles/UIKit.axbundle> (framework, loaded), key: globe.keyboard.key.hint, value: , table: Accessibility, localizationName: (null), result: Double-tap and hold, then drag up to select another keyboard
2023-01-13 11:29:03.044 Db AvaxWallet[52778:1d2de35] [com.apple.CFBundle:strings] Bundle: CFBundle 0x12af15880 </Applications/Xcode.app/Contents/Developer/Platforms/iPhoneOS.platform/Library/Developer/CoreSimulator/Profiles/Runtimes/iOS.simruntime/Contents/Resources/RuntimeRoot/System/Library/AccessibilityBundles/UIKit.axbundle> (framework, loaded), key: dictation.key, value: , table: Accessibility, localizationName: (null), result: Dictate
2023-01-13 11:29:03.044 Db AvaxWallet[52778:1d2de35] [com.apple.CFBundle:strings] Bundle: CFBundle 0x12af15880 </Applications/Xcode.app/Contents/Developer/Platforms/iPhoneOS.platform/Library/Developer/CoreSimulator/Profiles/Runtimes/iOS.simruntime/Contents/Resources/RuntimeRoot/System/Library/AccessibilityBundles/UIKit.axbundle> (framework, loaded), key: dictation.key.hint, value: , table: Accessibility, localizationName: (null), result: Double-tap to start dictation. Double-tap with two fingers when finished.
2023-01-13 11:29:03.044 Db AvaxWallet[52778:1d2de35] [com.apple.CFBundle:strings] Bundle: CFBundle 0x12af15880 </Applications/Xcode.app/Contents/Developer/Platforms/iPhoneOS.platform/Library/Developer/CoreSimulator/Profiles/Runtimes/iOS.simruntime/Contents/Resources/RuntimeRoot/System/Library/AccessibilityBundles/UIKit.axbundle> (framework, loaded), key: keyboardMinimized.tabButton, value: , table: Accessibility, localizationName: (null), result: show keyboard
2023-01-13 11:29:03.044 Db AvaxWallet[52778:1d2de35] [com.apple.defaults:User Defaults] found no value for key DictationLanguagesLastUsed in CFPrefsSearchListSource<0x600001cc9a00> (Domain: com.apple.keyboard.preferences, Container: (null))
2023-01-13 11:29:03.045 I  AvaxWallet[52778:1d2de35] [com.apple.siri:Client] -[AFDictationConnection dictationIsAvailableForLanguage:synchronous:] 0x6000009701a0 Checking if language en-US is available
2023-01-13 11:29:03.045 Db AvaxWallet[52778:1d2de35] [com.apple.defaults:User Defaults] looked up value {
    "ar-SA" =     {
        "Auto Punctuation" = 0;
        "Continuous Listening" = 1;
        "Emoji Recognition" = 0;
        "High Quality" = 1;
        Installed = 0;
        "On Device Search" = 1;
    };
    "de-DE" =     {
        "Auto Punctuation" = 1;
        "Continuous Listening" = 1;
        "Emoji Recognition" = 1;
        "High Quality" = 1;
        Installed = 0;
        "On Device Search" = 1;
    };
    "en-AU" =     {
        "Auto Punctuation" = 1;
        "Continuous Listening" = 1;
        "Emoji Recognition" = 1;
        "High Quality" = 1;
        Installed = 0;
        "On Device Search" = 1;
    };
    "en-CA" =     {
        "Auto Punctuation" = 1;
        "Continuous Listening" = 1;
        "Emoji Recognition" = 1;
        "High Quality" = 1;
        Installed = 0;
        "On Device Search" = 1;
    };
    "en-GB" =     {
        "Auto Punctuation" = 1;
        "Continuous Listening" = 1;
        "Emoji Recognition" = 1;
        "High Quality" = 1;
        Installed =  for key <decode: missing data> in <decode: missing data> via <decode: missing data>
2023-01-13 11:29:03.045 Db AvaxWallet[52778:1d2de35] [com.apple.defaults:User Defaults] found no value for key Siri Data Sharing Opt-In Status 2.0 in CFPrefsSearchListSource<0x600001c6ce00> (Domain: com.apple.assistant.support, Container: (null))
2023-01-13 11:29:03.045 Db AvaxWallet[52778:1d2de35] [com.apple.defaults:User Defaults] found no value for key Assistant Enabled in CFPrefsSearchListSource<0x600001c6ce00> (Domain: com.apple.assistant.support, Container: (null))
2023-01-13 11:29:03.045 I  AvaxWallet[52778:1d2de35] [com.apple.siri:Client] -[AFDictationConnection dictationIsAvailableForLanguage:synchronous:] 0x6000009701a0 Language en-US is available over network
2023-01-13 11:29:03.045 I  AvaxWallet[52778:1d2de35] [com.apple.siri:Client] -[AFDictationConnection dictationIsAvailableForLanguage:synchronous:] 0x6000009701a0 Checking if language en-US is available
2023-01-13 11:29:03.045 Db AvaxWallet[52778:1d2de35] [com.apple.defaults:User Defaults] looked up value {
    "ar-SA" =     {
        "Auto Punctuation" = 0;
        "Continuous Listening" = 1;
        "Emoji Recognition" = 0;
        "High Quality" = 1;
        Installed = 0;
        "On Device Search" = 1;
    };
    "de-DE" =     {
        "Auto Punctuation" = 1;
        "Continuous Listening" = 1;
        "Emoji Recognition" = 1;
        "High Quality" = 1;
        Installed = 0;
        "On Device Search" = 1;
    };
    "en-AU" =     {
        "Auto Punctuation" = 1;
        "Continuous Listening" = 1;
        "Emoji Recognition" = 1;
        "High Quality" = 1;
        Installed = 0;
        "On Device Search" = 1;
    };
    "en-CA" =     {
        "Auto Punctuation" = 1;
        "Continuous Listening" = 1;
        "Emoji Recognition" = 1;
        "High Quality" = 1;
        Installed = 0;
        "On Device Search" = 1;
    };
    "en-GB" =     {
        "Auto Punctuation" = 1;
        "Continuous Listening" = 1;
        "Emoji Recognition" = 1;
        "High Quality" = 1;
        Installed =  for key <decode: missing data> in <decode: missing data> via <decode: missing data>
2023-01-13 11:29:03.045 Db AvaxWallet[52778:1d2de35] [com.apple.defaults:User Defaults] found no value for key Siri Data Sharing Opt-In Status 2.0 in CFPrefsSearchListSource<0x600001c6ce00> (Domain: com.apple.assistant.support, Container: (null))
2023-01-13 11:29:03.045 Db AvaxWallet[52778:1d2de35] [com.apple.defaults:User Defaults] found no value for key Assistant Enabled in CFPrefsSearchListSource<0x600001c6ce00> (Domain: com.apple.assistant.support, Container: (null))
2023-01-13 11:29:03.045 I  AvaxWallet[52778:1d2de35] [com.apple.siri:Client] -[AFDictationConnection dictationIsAvailableForLanguage:synchronous:] 0x6000009701a0 Language en-US is available over network
2023-01-13 11:29:03.045 I  AvaxWallet[52778:1d2de35] [com.apple.siri:Client] -[AFDictationConnection dictationIsAvailableForLanguage:synchronous:] 0x6000009701a0 Checking if language en-US is available
2023-01-13 11:29:03.045 Db AvaxWallet[52778:1d2de35] [com.apple.defaults:User Defaults] looked up value {
    "ar-SA" =     {
        "Auto Punctuation" = 0;
        "Continuous Listening" = 1;
        "Emoji Recognition" = 0;
        "High Quality" = 1;
        Installed = 0;
        "On Device Search" = 1;
    };
    "de-DE" =     {
        "Auto Punctuation" = 1;
        "Continuous Listening" = 1;
        "Emoji Recognition" = 1;
        "High Quality" = 1;
        Installed = 0;
        "On Device Search" = 1;
    };
    "en-AU" =     {
        "Auto Punctuation" = 1;
        "Continuous Listening" = 1;
        "Emoji Recognition" = 1;
        "High Quality" = 1;
        Installed = 0;
        "On Device Search" = 1;
    };
    "en-CA" =     {
        "Auto Punctuation" = 1;
        "Continuous Listening" = 1;
        "Emoji Recognition" = 1;
        "High Quality" = 1;
        Installed = 0;
        "On Device Search" = 1;
    };
    "en-GB" =     {
        "Auto Punctuation" = 1;
        "Continuous Listening" = 1;
        "Emoji Recognition" = 1;
        "High Quality" = 1;
        Installed =  for key <decode: missing data> in <decode: missing data> via <decode: missing data>
2023-01-13 11:29:03.045 Db AvaxWallet[52778:1d2de35] [com.apple.defaults:User Defaults] found no value for key Siri Data Sharing Opt-In Status 2.0 in CFPrefsSearchListSource<0x600001c6ce00> (Domain: com.apple.assistant.support, Container: (null))
2023-01-13 11:29:03.045 Db AvaxWallet[52778:1d2de35] [com.apple.defaults:User Defaults] found no value for key Assistant Enabled in CFPrefsSearchListSource<0x600001c6ce00> (Domain: com.apple.assistant.support, Container: (null))
2023-01-13 11:29:03.045 I  AvaxWallet[52778:1d2de35] [com.apple.siri:Client] -[AFDictationConnection dictationIsAvailableForLanguage:synchronous:] 0x6000009701a0 Language en-US is available over network
2023-01-13 11:29:03.046 Db AvaxWallet[52778:1d2de35] [com.apple.CFBundle:resources] Resource lookup at CFBundle 0x12af15880 </Applications/Xcode.app/Contents/Developer/Platforms/iPhoneOS.platform/Library/Developer/CoreSimulator/Profiles/Runtimes/iOS.simruntime/Contents/Resources/RuntimeRoot/System/Library/AccessibilityBundles/UIKit.axbundle> (framework, loaded)
	Request       : Accessibility type: strings localization: en
	Result        : file:///Applications/Xcode.app/Contents/Developer/Platforms/iPhoneOS.platform/Library/Developer/CoreSimulator/Profiles/Runtimes/iOS.simruntime/Contents/Resources/RuntimeRoot/System/Library/AccessibilityBundles/UIKit.axbundle/en.lproj/Accessibility.strings
2023-01-13 11:29:03.046 Db AvaxWallet[52778:1d2de35] [com.apple.CFBundle:resources] Resource lookup at CFBundle 0x12af15880 </Applications/Xcode.app/Contents/Developer/Platforms/iPhoneOS.platform/Library/Developer/CoreSimulator/Profiles/Runtimes/iOS.simruntime/Contents/Resources/RuntimeRoot/System/Library/AccessibilityBundles/UIKit.axbundle> (framework, loaded)
	Request       : Accessibility type: stringsdict localization: en
	Result        : file:///Applications/Xcode.app/Contents/Developer/Platforms/iPhoneOS.platform/Library/Developer/CoreSimulator/Profiles/Runtimes/iOS.simruntime/Contents/Resources/RuntimeRoot/System/Library/AccessibilityBundles/UIKit.axbundle/en.lproj/Accessibility.stringsdict
2023-01-13 11:29:03.046 Db AvaxWallet[52778:1d2de35] [com.apple.CFBundle:strings] Bundle: CFBundle 0x12af15880 </Applications/Xcode.app/Contents/Developer/Platforms/iPhoneOS.platform/Library/Developer/CoreSimulator/Profiles/Runtimes/iOS.simruntime/Contents/Resources/RuntimeRoot/System/Library/AccessibilityBundles/UIKit.axbundle> (framework, loaded), key: global.keyboard.key.emoji, value: (null), table: Accessibility, localizationName: en, result: Emoji
2023-01-13 11:29:03.046 Db AvaxWallet[52778:1d2de35] [com.apple.defaults:User Defaults] found no value for key KeyboardBias in CFPrefsSearchListSource<0x600001cc9a00> (Domain: com.apple.keyboard.preferences, Container: (null))
2023-01-13 11:29:03.047 Db AvaxWallet[52778:1d2de35] [com.apple.defaults:User Defaults] found no value for key KeyboardBias in CFPrefsSearchListSource<0x600001cc9a00> (Domain: com.apple.keyboard.preferences, Container: (null))
2023-01-13 11:29:03.047 I  AvaxWallet[52778:1d2e012] [com.apple.runningboard:assertion] Acquiring assertion: <RBSAssertionDescriptor| "injecting inherited from "UIHostedWindow:9ac8021c" to 41855<UIHostedWindow:389955d3>" ID:(null) target:41855<UIHostedWindow:389955d3>>
2023-01-13 11:29:03.048 I  AvaxWallet[52778:1d2de95] [com.apple.runningboard:assertion] Acquiring assertion: <RBSAssertionDescriptor| "injecting inherited from "UIScene:com.apple.frontboard.systemappservices::FBSceneManager:sceneID%3Aorg.avalabs.corewallet-default" to 41855<UIHostedWindow:23ed70cd>" ID:(null) target:41855<UIHostedWindow:23ed70cd>>
2023-01-13 11:29:03.048 I  AvaxWallet[52778:1d2e141] [com.apple.runningboard:assertion] Acquiring assertion: <RBSAssertionDescriptor| "systemAnimationFence" ID:(null) target:52778>
2023-01-13 11:29:03.049 Db AvaxWallet[52778:1d2e012] [com.apple.runningboard:assertion] Adding assertion 84277-52778-111243 to dictionary
2023-01-13 11:29:03.051 Db AvaxWallet[52778:1d2de95] [com.apple.runningboard:assertion] Adding assertion 84277-52778-111244 to dictionary
2023-01-13 11:29:03.052 Db AvaxWallet[52778:1d2e141] [com.apple.runningboard:assertion] Adding assertion 84277-52778-111245 to dictionary
2023-01-13 11:29:03.139 Df AvaxWallet[52778:1d2de35] [com.apple.UIKit:KeyboardSceneDelegate] Reloading input views for: <SFBrowserRemoteViewController: 0x12c0c1c00> force: 0
2023-01-13 11:29:03.139 Db AvaxWallet[52778:1d2de35] [com.apple.UIKit:KeyboardVisualMode] useVisualModeWindowed: 0 (windowingModeEnabled: 0)
2023-01-13 11:29:03.139 Db AvaxWallet[52778:1d2de35] [com.apple.UIKit:KeyboardVisualMode] useVisualModeWindowed: 0 (windowingModeEnabled: 0)
2023-01-13 11:29:03.139 Db AvaxWallet[52778:1d2de35] [com.apple.UIKit:KeyboardVisualMode] useVisualModeWindowed: 0 (windowingModeEnabled: 0)
2023-01-13 11:29:03.140 Db AvaxWallet[52778:1d2de35] [com.apple.UIKit:KeyboardVisualMode] useVisualModeWindowed: 0 (windowingModeEnabled: 0)
2023-01-13 11:29:03.140 Db AvaxWallet[52778:1d2de35] [com.apple.UIKit:KeyboardVisualMode] Show keyboard with visual mode windowed (0)
2023-01-13 11:29:03.140 Df AvaxWallet[52778:1d2de35] [com.apple.UIKit:InputWindowController] Setting input views: <<UIInputViewSet: 0x6000003feda0>; (empty)>
2023-01-13 11:29:03.140 Df AvaxWallet[52778:1d2de35] [com.apple.UIKit:InputWindowController] Moving from placement: <UIInputViewSetPlacementOffScreenDown> to placement: <UIInputViewSetPlacementOffScreenDownByScreenHeight>
