2023-01-13 11:23:55.465 Db AvaxWallet[52267:1d2c5f9] [com.apple.UIKit:KeyboardVisualMode] useVisualModeWindowed: 0 (windowingModeEnabled: 0)
2023-01-13 11:23:55.466 Db AvaxWallet[52267:1d2c5f9] [com.apple.UIKit:KeyboardVisualMode] useVisualModeWindowed: 0 (windowingModeEnabled: 0)
2023-01-13 11:23:55.466 Db AvaxWallet[52267:1d2c5f9] [com.apple.TextInput:IXADefault] TIStatisticScalarSetBoolean TIStatistic Aggd: com.apple.keyboard.keyboardUI.lowercaseKeyplaneEnabled=yes
2023-01-13 11:23:55.466 Db AvaxWallet[52267:1d2c5f9] [com.apple.TextInput:IXADefault] TIStatisticScalarSetValue TIStatistic Aggd: com.apple.keyboard.keyboardUI.lowercaseKeyplaneEnabled=1
2023-01-13 11:23:55.468 Db AvaxWallet[52267:1d2c5f9] [com.apple.UIKit:KeyboardVisualMode] TEW _shouldResizeWithScene 0 (windowingModeEnabled: 0, resizeFor: 0)
2023-01-13 11:23:55.469 Db AvaxWallet[52267:1d2c5f9] [com.apple.UIKit:KeyboardVisualMode] TEW _shouldResizeWithScene 0 (windowingModeEnabled: 0, resizeFor: 0)
2023-01-13 11:23:55.469 Df AvaxWallet[52267:1d2c5f9] [com.apple.UIKit:InputWindowController] Change to input view set: (null)
2023-01-13 11:23:55.469 Db AvaxWallet[52267:1d2c5f9] [com.apple.defaults:User Defaults] found no value for key _UIConstraintBasedLayoutPlaySoundWhenEngaged in CFPrefsSearchListSource<0x6000018c0000> (Domain: org.avalabs.corewallet, Container: (null))
2023-01-13 11:23:55.470 Db AvaxWallet[52267:1d2c5f9] [com.apple.UIKit:KeyboardVisualMode] TEW _shouldResizeWithScene 0 (windowingModeEnabled: 0, resizeFor: 0)
2023-01-13 11:23:55.470 Db AvaxWallet[52267:1d2c5f9] [com.apple.UIKit:KeyboardVisualMode] TEW _shouldResizeWithScene 0 (windowingModeEnabled: 0, resizeFor: 0)
2023-01-13 11:23:55.470 Db AvaxWallet[52267:1d2c5f9] [com.apple.UIKit:KeyboardVisualMode] useVisualModeWindowed: 0 (windowingModeEnabled: 0)
2023-01-13 11:23:55.471 Db AvaxWallet[52267:1d2c5f9] [com.apple.UIKit:KeyboardVisualMode] useVisualModeWindowed: 0 (windowingModeEnabled: 0)
2023-01-13 11:23:55.471 Db AvaxWallet[52267:1d2c5f9] [com.apple.UIKit:KeyboardVisualMode] useVisualModeWindowed: 0 (windowingModeEnabled: 0)
2023-01-13 11:23:55.471 Db AvaxWallet[52267:1d2c5f9] [com.apple.UIKit:KeyboardVisualMode] useVisualModeWindowed: 0 (windowingModeEnabled: 0)
2023-01-13 11:23:55.471 Db AvaxWallet[52267:1d2c5f9] [com.apple.UIKit:KeyboardVisualMode] useVisualModeWindowed: 0 (windowingModeEnabled: 0)
2023-01-13 11:23:55.472 Db AvaxWallet[52267:1d2c5f9] [com.apple.foundation:general] Lookup of 'AppleLocale' from current preferences failed (app preferences do not contain the key; falling back to generation via preferred languages)
2023-01-13 11:23:55.472 Db AvaxWallet[52267:1d2c5f9] [com.apple.foundation:general] CFLocaleCopyCurrent() constructing a locale identifier from preferred languages without a set country code
2023-01-13 11:23:55.473 I  AvaxWallet[52267:1d2c5f9] [com.apple.Accessibility:AXRuntimeNotifications] Did post notification. notification:  (1001) error:0 data:(null)
2023-01-13 11:23:55.473 I  AvaxWallet[52267:1d2c5f9] [com.apple.Accessibility:AXRuntimeNotifications] Attempting to send notification:  (1018) (null)
2023-01-13 11:23:55.473 I  AvaxWallet[52267:1d2c5f9] [com.apple.Accessibility:AXRuntimeNotifications] consuming associated object for notification: <RCTUITextView: 0x12d943a00> 1018
2023-01-13 11:23:55.475 I  AvaxWallet[52267:1d2c5f9] [com.apple.Pasteboard:Pasteboard] Began listening to global pasteboard change notifications.
2023-01-13 11:23:55.476 I  AvaxWallet[52267:1d2c5f9] [com.apple.Pasteboard:Pasteboard] Retrieving local-only general pasteboard.
2023-01-13 11:23:55.479 I  AvaxWallet[52267:1d2c5f9] [com.apple.Pasteboard:Pasteboard] ...retrieving local-only general pasteboard completed successfully.
2023-01-13 11:23:55.508 Db AvaxWallet[52267:1d2c5f9] [com.apple.CFBundle:resources] Language lookup at CFBundle 0x15b64eef0 </Applications/Xcode.app/Contents/Developer/Platforms/iPhoneOS.platform/Library/Developer/CoreSimulator/Profiles/Runtimes/iOS.simruntime/Contents/Resources/RuntimeRoot/System/Library/PrivateFrameworks/CoreEmoji.framework> (not loaded)
	Localizations : [de, ur, he, en_AU, ar, el, ja, mr, sq, en, uk, es_419, zh_CN, pa, es, is, pt_BR, da, et, it, bg, sk, kk, pt_PT, ms, ta, sv, cs, km, ko, yue_CN, fil, hy, mn, my, no, hu, zh_HK, ka, tr, pl, zh_TW, en_GB, vi, lv, lo, lt, ru, fr_CA, uz, fr, fi, id, nl, th, az, bn, ro, hr, hi, ca, hi_Latn]
	Dev language  : en
	User prefs    : [en]
	Main bundle   : [en]
	Allow mixed   : 0
	Result        : [en]
2023-01-13 11:23:55.508 Db AvaxWallet[52267:1d2c5f9] [com.apple.CFBundle:resources] Resource lookup at CFBundle 0x15b64eef0 </Applications/Xcode.app/Contents/Developer/Platforms/iPhoneOS.platform/Library/Developer/CoreSimulator/Profiles/Runtimes/iOS.simruntime/Contents/Resources/RuntimeRoot/System/Library/PrivateFrameworks/CoreEmoji.framework> (not loaded)
	Request       : emoji type: bitmap
	Result        : file:///Applications/Xcode.app/Contents/Developer/Platforms/iPhoneOS.platform/Library/Developer/CoreSimulator/Profiles/Runtimes/iOS.simruntime/Contents/Resources/RuntimeRoot/System/Library/PrivateFrameworks/CoreEmoji.framework/emoji.bitmap
2023-01-13 11:23:55.508 Db AvaxWallet[52267:1d2c5f9] [com.apple.defaults:User Defaults] found no value for key LogInputModeIndicator in CFPrefsSearchListSource<0x6000018c2a00> (Domain: com.apple.UIKit, Container: (null))
2023-01-13 11:23:55.509 Db AvaxWallet[52267:1d2c5f9] [com.apple.UIKit:KeyboardVisualMode] useVisualModeWindowed: 0 (windowingModeEnabled: 0)
2023-01-13 11:23:55.509 Db AvaxWallet[52267:1d2c5f9] [com.apple.UIKit:KeyboardVisualMode] useVisualModeWindowed: 0 (windowingModeEnabled: 0)
2023-01-13 11:23:55.509 Db AvaxWallet[52267:1d2c5f9] [com.apple.UIKit:KeyboardVisualMode] useVisualModeWindowed: 0 (windowingModeEnabled: 0)
2023-01-13 11:23:55.509 Db AvaxWallet[52267:1d2c5f9] [com.apple.UIKit:KeyboardVisualMode] useVisualModeWindowed: 0 (windowingModeEnabled: 0)
2023-01-13 11:23:55.509 Db AvaxWallet[52267:1d2c5f9] [com.apple.UIKit:KeyboardVisualMode] useVisualModeWindowed: 0 (windowingModeEnabled: 0)
2023-01-13 11:23:55.509 I  AvaxWallet[52267:1d2c5f9] [com.apple.Accessibility:AXRuntimeNotifications] Did post notification. notification:  (1018) error:0 data:(null)
2023-01-13 11:23:55.509 Db AvaxWallet[52267:1d2c5f9] [com.apple.UIKit:KeyboardVisualMode] useVisualModeWindowed: 0 (windowingModeEnabled: 0)
2023-01-13 11:23:55.509 Db AvaxWallet[52267:1d2c5f9] [com.apple.UIKit:KeyboardVisualMode] useVisualModeWindowed: 0 (windowingModeEnabled: 0)
2023-01-13 11:23:55.509 Db AvaxWallet[52267:1d2c5f9] [com.apple.UIKit:KeyboardVisualMode] useVisualModeWindowed: 0 (windowingModeEnabled: 0)
2023-01-13 11:23:55.509 Db AvaxWallet[52267:1d2c5f9] [com.apple.defaults:User Defaults] found no value for key ReduceMotionReduceSlideTransitionsPreference in CFPrefsSearchListSource<0x6000018dd080> (Domain: com.apple.Accessibility, Container: (null))
2023-01-13 11:23:55.509 Db AvaxWallet[52267:1d2c5f9] [com.apple.Accessibility:AXSupportCommon] CF Read: domain = com.apple.Accessibility, preference = ReduceMotionReduceSlideTransitionsPreference, appID = (null) result = (null) (-1 - empty, 0 - false, 1 - true)
2023-01-13 11:23:55.510 Db AvaxWallet[52267:1d2c5f9] [com.apple.defaults:User Defaults] found no value for key ReduceMotionReduceSlideTransitionsPreference in CFPrefsPlistSource<0x6000018dd300> (Domain: com.apple.Accessibility, User: kCFPreferencesCurrentUser, ByHost: No, Container: /Users/tyler.hackett/Library/Developer/CoreSimulator/Devices/F875505B-B6AE-445A-83C5-DDA0B4489670/data, Contents Need Refresh: No)
2023-01-13 11:23:55.510 E  AvaxWallet[52267:1d2c5f9] [com.apple.UIKit:SceneConfiguration] Info.plist contained no UIScene configuration dictionary (looking for configuration named "(no name)")
2023-01-13 11:23:55.510 Db AvaxWallet[52267:1d2c5f9] [com.apple.UIKit:KeyboardVisualMode] TEW _shouldResizeWithScene 0 (windowingModeEnabled: 0, resizeFor: 0)
2023-01-13 11:23:55.510 Db AvaxWallet[52267:1d2c5f9] [com.apple.UIKit:KeyboardVisualMode] TEW _shouldResizeWithScene 0 (windowingModeEnabled: 0, resizeFor: 0)
2023-01-13 11:23:55.510 Db AvaxWallet[52267:1d2c5f9] [com.apple.UIKit:KeyboardVisualMode] TEW _shouldResizeWithScene 0 (windowingModeEnabled: 0, resizeFor: 0)
2023-01-13 11:23:55.511 Df AvaxWallet[52267:1d2c5f9] [com.apple.UIKit:InputWindowController] Change to input view set: (null)
2023-01-13 11:23:55.511 Db AvaxWallet[52267:1d2c5f9] [com.apple.UIKit:KeyboardVisualMode] TEW _shouldResizeWithScene 0 (windowingModeEnabled: 0, resizeFor: 0)
2023-01-13 11:23:55.511 Db AvaxWallet[52267:1d2c5f9] [com.apple.UIKit:KeyboardVisualMode] TEW _shouldResizeWithScene 0 (windowingModeEnabled: 0, resizeFor: 0)
2023-01-13 11:23:55.511 Df AvaxWallet[52267:1d2c5f9] [com.apple.UIKit:InputWindowController] Change to input view set: <<UIInputViewSet: 0x6000007cf980>; (empty)>
2023-01-13 11:23:55.515 Db AvaxWallet[52267:1d2c5f9] [com.apple.CFBundle:resources] Language lookup at CFBundle 0x12af0a7a0 </Applications/Xcode.app/Contents/Developer/Platforms/iPhoneOS.platform/Library/Developer/CoreSimulator/Profiles/Runtimes/iOS.simruntime/Contents/Resources/RuntimeRoot/System/Library/AccessibilityBundles/UIKit.axbundle> (framework, loaded)
	Localizations : [de, he, en_AU, ar, el, ja, en, uk, es_419, zh_CN, es, da, it, bg, sk, kk, pt_PT, ms, sv, cs, ko, yue_CN, no, hu, zh_HK, tr, pl, zh_TW, en_GB, vi, ru, fr_CA, fr, fi, id, nl, th, pt, ro, hr, hi, ca]
	Dev language  : English
	User prefs    : [en]
	Main bundle   : [en]
	Allow mixed   : 0
	Result        : [en]
2023-01-13 11:23:55.516 Db AvaxWallet[52267:1d2c5f9] [com.apple.CFBundle:resources] Resource lookup at CFBundle 0x12af0a7a0 </Applications/Xcode.app/Contents/Developer/Platforms/iPhoneOS.platform/Library/Developer/CoreSimulator/Profiles/Runtimes/iOS.simruntime/Contents/Resources/RuntimeRoot/System/Library/AccessibilityBundles/UIKit.axbundle> (framework, loaded)
	Request       : Accessibility type: loctable
	Result        : None
2023-01-13 11:23:55.516 Db AvaxWallet[52267:1d2c5f9] [com.apple.CFBundle:resources] Resource lookup at CFBundle 0x12af0a7a0 </Applications/Xcode.app/Contents/Developer/Platforms/iPhoneOS.platform/Library/Developer/CoreSimulator/Profiles/Runtimes/iOS.simruntime/Contents/Resources/RuntimeRoot/System/Library/AccessibilityBundles/UIKit.axbundle> (framework, loaded)
	Request       : Accessibility type: strings localization: en
	Result        : file:///Applications/Xcode.app/Contents/Developer/Platforms/iPhoneOS.platform/Library/Developer/CoreSimulator/Profiles/Runtimes/iOS.simruntime/Contents/Resources/RuntimeRoot/System/Library/AccessibilityBundles/UIKit.axbundle/en.lproj/Accessibility.strings
2023-01-13 11:23:55.516 Db AvaxWallet[52267:1d2c5f9] [com.apple.CFBundle:resources] Resource lookup at CFBundle 0x12af0a7a0 </Applications/Xcode.app/Contents/Developer/Platforms/iPhoneOS.platform/Library/Developer/CoreSimulator/Profiles/Runtimes/iOS.simruntime/Contents/Resources/RuntimeRoot/System/Library/AccessibilityBundles/UIKit.axbundle> (framework, loaded)
	Request       : Accessibility type: stringsdict localization: en
	Result        : file:///Applications/Xcode.app/Contents/Developer/Platforms/iPhoneOS.platform/Library/Developer/CoreSimulator/Profiles/Runtimes/iOS.simruntime/Contents/Resources/RuntimeRoot/System/Library/AccessibilityBundles/UIKit.axbundle/en.lproj/Accessibility.stringsdict
2023-01-13 11:23:55.516 Db AvaxWallet[52267:1d2c5f9] [com.apple.CFBundle:strings] Bundle: CFBundle 0x12af0a7a0 </Applications/Xcode.app/Contents/Developer/Platforms/iPhoneOS.platform/Library/Developer/CoreSimulator/Profiles/Runtimes/iOS.simruntime/Contents/Resources/RuntimeRoot/System/Library/AccessibilityBundles/UIKit.axbundle> (framework, loaded), key: global.keyboard.key.emoji, value: (null), table: Accessibility, localizationName: en, result: Emoji
2023-01-13 11:23:55.516 Db AvaxWallet[52267:1d2c5f9] [com.apple.CFBundle:resources] Resource lookup at CFBundle 0x12af0a7a0 </Applications/Xcode.app/Contents/Developer/Platforms/iPhoneOS.platform/Library/Developer/CoreSimulator/Profiles/Runtimes/iOS.simruntime/Contents/Resources/RuntimeRoot/System/Library/AccessibilityBundles/UIKit.axbundle> (framework, loaded)
	Request       : Accessibility type: loctable
	Result        : None
2023-01-13 11:23:55.516 Db AvaxWallet[52267:1d2c5f9] [com.apple.CFBundle:resources] Resource lookup at CFBundle 0x12af0a7a0 </Applications/Xcode.app/Contents/Developer/Platforms/iPhoneOS.platform/Library/Developer/CoreSimulator/Profiles/Runtimes/iOS.simruntime/Contents/Resources/RuntimeRoot/System/Library/AccessibilityBundles/UIKit.axbundle> (framework, loaded)
	Request       : Accessibility type: strings
	Result        : file:///Applications/Xcode.app/Contents/Developer/Platforms/iPhoneOS.platform/Library/Developer/CoreSimulator/Profiles/Runtimes/iOS.simruntime/Contents/Resources/RuntimeRoot/System/Library/AccessibilityBundles/UIKit.axbundle/en.lproj/Accessibility.strings
2023-01-13 11:23:55.516 Db AvaxWallet[52267:1d2c5f9] [com.apple.CFBundle:resources] Resource lookup at CFBundle 0x12af0a7a0 </Applications/Xcode.app/Contents/Developer/Platforms/iPhoneOS.platform/Library/Developer/CoreSimulator/Profiles/Runtimes/iOS.simruntime/Contents/Resources/RuntimeRoot/System/Library/AccessibilityBundles/UIKit.axbundle> (framework, loaded)
	Request       : Accessibility type: stringsdict
	Result        : file:///Applications/Xcode.app/Contents/Developer/Platforms/iPhoneOS.platform/Library/Developer/CoreSimulator/Profiles/Runtimes/iOS.simruntime/Contents/Resources/RuntimeRoot/System/Library/AccessibilityBundles/UIKit.axbundle/en.lproj/Accessibility.stringsdict
2023-01-13 11:23:55.516 Db AvaxWallet[52267:1d2c5f9] [com.apple.CFBundle:strings] Bundle: CFBundle 0x12af0a7a0 </Applications/Xcode.app/Contents/Developer/Platforms/iPhoneOS.platform/Library/Developer/CoreSimulator/Profiles/Runtimes/iOS.simruntime/Contents/Resources/RuntimeRoot/System/Library/AccessibilityBundles/UIKit.axbundle> (framework, loaded), key: globe.keyboard.key.hint, value: , table: Accessibility, localizationName: (null), result: Double-tap and hold, then drag up to select another keyboard
2023-01-13 11:23:55.516 Db AvaxWallet[52267:1d2c5f9] [com.apple.CFBundle:strings] Lazy cache miss for bundle: CFBundle 0x12af0a7a0 </Applications/Xcode.app/Contents/Developer/Platforms/iPhoneOS.platform/Library/Developer/CoreSimulator/Profiles/Runtimes/iOS.simruntime/Contents/Resources/RuntimeRoot/System/Library/AccessibilityBundles/UIKit.axbundle> (framework, loaded) key: dictation.key table: Accessibility
2023-01-13 11:23:55.516 Db AvaxWallet[52267:1d2c5f9] [com.apple.CFBundle:strings] Bundle: CFBundle 0x12af0a7a0 </Applications/Xcode.app/Contents/Developer/Platforms/iPhoneOS.platform/Library/Developer/CoreSimulator/Profiles/Runtimes/iOS.simruntime/Contents/Resources/RuntimeRoot/System/Library/AccessibilityBundles/UIKit.axbundle> (framework, loaded), key: dictation.key, value: , table: Accessibility, localizationName: (null), result: Dictate
2023-01-13 11:23:55.516 Db AvaxWallet[52267:1d2c5f9] [com.apple.CFBundle:strings] Lazy cache miss for bundle: CFBundle 0x12af0a7a0 </Applications/Xcode.app/Contents/Developer/Platforms/iPhoneOS.platform/Library/Developer/CoreSimulator/Profiles/Runtimes/iOS.simruntime/Contents/Resources/RuntimeRoot/System/Library/AccessibilityBundles/UIKit.axbundle> (framework, loaded) key: dictation.key.hint table: Accessibility
2023-01-13 11:23:55.516 Db AvaxWallet[52267:1d2c5f9] [com.apple.CFBundle:strings] Bundle: CFBundle 0x12af0a7a0 </Applications/Xcode.app/Contents/Developer/Platforms/iPhoneOS.platform/Library/Developer/CoreSimulator/Profiles/Runtimes/iOS.simruntime/Contents/Resources/RuntimeRoot/System/Library/AccessibilityBundles/UIKit.axbundle> (framework, loaded), key: dictation.key.hint, value: , table: Accessibility, localizationName: (null), result: Double-tap to start dictation. Double-tap with two fingers when finished.
2023-01-13 11:23:55.517 Db AvaxWallet[52267:1d2c5f9] [com.apple.CFBundle:strings] Lazy cache miss for bundle: CFBundle 0x12af0a7a0 </Applications/Xcode.app/Contents/Developer/Platforms/iPhoneOS.platform/Library/Developer/CoreSimulator/Profiles/Runtimes/iOS.simruntime/Contents/Resources/RuntimeRoot/System/Library/AccessibilityBundles/UIKit.axbundle> (framework, loaded) key: keyboardMinimized.tabButton table: Accessibility
2023-01-13 11:23:55.517 Db AvaxWallet[52267:1d2c5f9] [com.apple.CFBundle:strings] Bundle: CFBundle 0x12af0a7a0 </Applications/Xcode.app/Contents/Developer/Platforms/iPhoneOS.platform/Library/Developer/CoreSimulator/Profiles/Runtimes/iOS.simruntime/Contents/Resources/RuntimeRoot/System/Library/AccessibilityBundles/UIKit.axbundle> (framework, loaded), key: keyboardMinimized.tabButton, value: , table: Accessibility, localizationName: (null), result: show keyboard
2023-01-13 11:23:55.517 Db AvaxWallet[52267:1d2c5f9] [com.apple.CFBundle:resources] Resource lookup at CFBundle 0x12af0a7a0 </Applications/Xcode.app/Contents/Developer/Platforms/iPhoneOS.platform/Library/Developer/CoreSimulator/Profiles/Runtimes/iOS.simruntime/Contents/Resources/RuntimeRoot/System/Library/AccessibilityBundles/UIKit.axbundle> (framework, loaded)
	Request       : Accessibility type: strings localization: en
	Result        : file:///Applications/Xcode.app/Contents/Developer/Platforms/iPhoneOS.platform/Library/Developer/CoreSimulator/Profiles/Runtimes/iOS.simruntime/Contents/Resources/RuntimeRoot/System/Library/AccessibilityBundles/UIKit.axbundle/en.lproj/Accessibility.strings
2023-01-13 11:23:55.517 Db AvaxWallet[52267:1d2c5f9] [com.apple.CFBundle:resources] Resource lookup at CFBundle 0x12af0a7a0 </Applications/Xcode.app/Contents/Developer/Platforms/iPhoneOS.platform/Library/Developer/CoreSimulator/Profiles/Runtimes/iOS.simruntime/Contents/Resources/RuntimeRoot/System/Library/AccessibilityBundles/UIKit.axbundle> (framework, loaded)
	Request       : Accessibility type: stringsdict localization: en
	Result        : file:///Applications/Xcode.app/Contents/Developer/Platforms/iPhoneOS.platform/Library/Developer/CoreSimulator/Profiles/Runtimes/iOS.simruntime/Contents/Resources/RuntimeRoot/System/Library/AccessibilityBundles/UIKit.axbundle/en.lproj/Accessibility.stringsdict
2023-01-13 11:23:55.517 Db AvaxWallet[52267:1d2c5f9] [com.apple.CFBundle:strings] Bundle: CFBundle 0x12af0a7a0 </Applications/Xcode.app/Contents/Developer/Platforms/iPhoneOS.platform/Library/Developer/CoreSimulator/Profiles/Runtimes/iOS.simruntime/Contents/Resources/RuntimeRoot/System/Library/AccessibilityBundles/UIKit.axbundle> (framework, loaded), key: global.keyboard.key.emoji, value: (null), table: Accessibility, localizationName: en, result: Emoji
2023-01-13 11:23:55.517 Db AvaxWallet[52267:1d2c5f9] [com.apple.CFBundle:strings] Bundle: CFBundle 0x12af0a7a0 </Applications/Xcode.app/Contents/Developer/Platforms/iPhoneOS.platform/Library/Developer/CoreSimulator/Profiles/Runtimes/iOS.simruntime/Contents/Resources/RuntimeRoot/System/Library/AccessibilityBundles/UIKit.axbundle> (framework, loaded), key: globe.keyboard.key.hint, value: , table: Accessibility, localizationName: (null), result: Double-tap and hold, then drag up to select another keyboard
2023-01-13 11:23:55.517 Db AvaxWallet[52267:1d2c5f9] [com.apple.CFBundle:strings] Bundle: CFBundle 0x12af0a7a0 </Applications/Xcode.app/Contents/Developer/Platforms/iPhoneOS.platform/Library/Developer/CoreSimulator/Profiles/Runtimes/iOS.simruntime/Contents/Resources/RuntimeRoot/System/Library/AccessibilityBundles/UIKit.axbundle> (framework, loaded), key: dictation.key, value: , table: Accessibility, localizationName: (null), result: Dictate
2023-01-13 11:23:55.517 Db AvaxWallet[52267:1d2c5f9] [com.apple.CFBundle:strings] Bundle: CFBundle 0x12af0a7a0 </Applications/Xcode.app/Contents/Developer/Platforms/iPhoneOS.platform/Library/Developer/CoreSimulator/Profiles/Runtimes/iOS.simruntime/Contents/Resources/RuntimeRoot/System/Library/AccessibilityBundles/UIKit.axbundle> (framework, loaded), key: dictation.key.hint, value: , table: Accessibility, localizationName: (null), result: Double-tap to start dictation. Double-tap with two fingers when finished.
2023-01-13 11:23:55.517 Db AvaxWallet[52267:1d2c5f9] [com.apple.CFBundle:strings] Bundle: CFBundle 0x12af0a7a0 </Applications/Xcode.app/Contents/Developer/Platforms/iPhoneOS.platform/Library/Developer/CoreSimulator/Profiles/Runtimes/iOS.simruntime/Contents/Resources/RuntimeRoot/System/Library/AccessibilityBundles/UIKit.axbundle> (framework, loaded), key: keyboardMinimized.tabButton, value: , table: Accessibility, localizationName: (null), result: show keyboard
2023-01-13 11:23:55.519 Db AvaxWallet[52267:1d2c5f9] [com.apple.defaults:User Defaults] found no value for key DictationLanguagesLastUsed in CFPrefsSearchListSource<0x6000018ddc80> (Domain: com.apple.keyboard.preferences, Container: (null))
2023-01-13 11:23:55.519 I  AvaxWallet[52267:1d2c5f9] [com.apple.siri:Client] -[AFDictationConnection dictationIsAvailableForLanguage:synchronous:] 0x600000d6b740 Checking if language en-US is available
2023-01-13 11:23:55.519 Db AvaxWallet[52267:1d2c5f9] [com.apple.defaults:User Defaults] looked up value {
    "ar-SA" =     {
        "Auto Punctuation" = 0;
        "Continuous Listening" = 1;
        "Emoji Recognition" = 0;
        "High Quality" = 1;
        Installed = 0;
        "On Device Search" = 1;
    };
    "de-DE" =     {
        "Auto Punctuation" = 1;
        "Continuous Listening" = 1;
        "Emoji Recognition" = 1;
        "High Quality" = 1;
        Installed = 0;
        "On Device Search" = 1;
    };
    "en-AU" =     {
        "Auto Punctuation" = 1;
        "Continuous Listening" = 1;
        "Emoji Recognition" = 1;
        "High Quality" = 1;
        Installed = 0;
        "On Device Search" = 1;
    };
    "en-CA" =     {
        "Auto Punctuation" = 1;
        "Continuous Listening" = 1;
        "Emoji Recognition" = 1;
        "High Quality" = 1;
        Installed = 0;
        "On Device Search" = 1;
    };
    "en-GB" =     {
        "Auto Punctuation" = 1;
        "Continuous Listening" = 1;
        "Emoji Recognition" = 1;
        "High Quality" = 1;
        Installed =  for key <decode: missing data> in <decode: missing data> via <decode: missing data>
2023-01-13 11:23:55.519 Db AvaxWallet[52267:1d2c5f9] [com.apple.defaults:User Defaults] found no value for key Siri Data Sharing Opt-In Status 2.0 in CFPrefsSearchListSource<0x60000187c400> (Domain: com.apple.assistant.support, Container: (null))
2023-01-13 11:23:55.519 Db AvaxWallet[52267:1d2c5f9] [com.apple.defaults:User Defaults] found no value for key Assistant Enabled in CFPrefsSearchListSource<0x60000187c400> (Domain: com.apple.assistant.support, Container: (null))
2023-01-13 11:23:55.519 I  AvaxWallet[52267:1d2c5f9] [com.apple.siri:Client] -[AFDictationConnection dictationIsAvailableForLanguage:synchronous:] 0x600000d6b740 Language en-US is available over network
2023-01-13 11:23:55.519 I  AvaxWallet[52267:1d2c5f9] [com.apple.siri:Client] -[AFDictationConnection dictationIsAvailableForLanguage:synchronous:] 0x600000d6b740 Checking if language en-US is available
2023-01-13 11:23:55.520 Db AvaxWallet[52267:1d2c5f9] [com.apple.defaults:User Defaults] looked up value {
    "ar-SA" =     {
        "Auto Punctuation" = 0;
        "Continuous Listening" = 1;
        "Emoji Recognition" = 0;
        "High Quality" = 1;
        Installed = 0;
        "On Device Search" = 1;
    };
    "de-DE" =     {
        "Auto Punctuation" = 1;
        "Continuous Listening" = 1;
        "Emoji Recognition" = 1;
        "High Quality" = 1;
        Installed = 0;
        "On Device Search" = 1;
    };
    "en-AU" =     {
        "Auto Punctuation" = 1;
        "Continuous Listening" = 1;
        "Emoji Recognition" = 1;
        "High Quality" = 1;
        Installed = 0;
        "On Device Search" = 1;
    };
    "en-CA" =     {
        "Auto Punctuation" = 1;
        "Continuous Listening" = 1;
        "Emoji Recognition" = 1;
        "High Quality" = 1;
        Installed = 0;
        "On Device Search" = 1;
    };
    "en-GB" =     {
        "Auto Punctuation" = 1;
        "Continuous Listening" = 1;
        "Emoji Recognition" = 1;
        "High Quality" = 1;
        Installed =  for key <decode: missing data> in <decode: missing data> via <decode: missing data>
2023-01-13 11:23:55.520 Db AvaxWallet[52267:1d2c5f9] [com.apple.defaults:User Defaults] found no value for key Siri Data Sharing Opt-In Status 2.0 in CFPrefsSearchListSource<0x60000187c400> (Domain: com.apple.assistant.support, Container: (null))
2023-01-13 11:23:55.520 Db AvaxWallet[52267:1d2c5f9] [com.apple.defaults:User Defaults] found no value for key Assistant Enabled in CFPrefsSearchListSource<0x60000187c400> (Domain: com.apple.assistant.support, Container: (null))
2023-01-13 11:23:55.520 I  AvaxWallet[52267:1d2c5f9] [com.apple.siri:Client] -[AFDictationConnection dictationIsAvailableForLanguage:synchronous:] 0x600000d6b740 Language en-US is available over network
2023-01-13 11:23:55.520 I  AvaxWallet[52267:1d2c5f9] [com.apple.siri:Client] +[AFDictationConnection dictationIsSupportedForLanguageCode:error:] Language en-US is supported for dictation
2023-01-13 11:23:55.520 I  AvaxWallet[52267:1d2c5f9] [com.apple.siri:Client] +[AFDictationConnection dictationIsSupportedForLanguageCode:error:] Language en-US is supported for dictation
2023-01-13 11:23:55.520 I  AvaxWallet[52267:1d2c5f9] [com.apple.siri:Client] +[AFDictationConnection dictationIsSupportedForLanguageCode:error:] Language emoji is NOT supported for dictation
2023-01-13 11:23:55.520 I  AvaxWallet[52267:1d2c5f9] [com.apple.siri:Client] -[AFDictationConnection dictationIsAvailableForLanguage:synchronous:] 0x600000d6b740 Checking if language en-US is available
2023-01-13 11:23:55.520 Db AvaxWallet[52267:1d2c5f9] [com.apple.defaults:User Defaults] looked up value {
    "ar-SA" =     {
        "Auto Punctuation" = 0;
        "Continuous Listening" = 1;
        "Emoji Recognition" = 0;
        "High Quality" = 1;
        Installed = 0;
        "On Device Search" = 1;
    };
    "de-DE" =     {
        "Auto Punctuation" = 1;
        "Continuous Listening" = 1;
        "Emoji Recognition" = 1;
        "High Quality" = 1;
        Installed = 0;
        "On Device Search" = 1;
    };
    "en-AU" =     {
        "Auto Punctuation" = 1;
        "Continuous Listening" = 1;
        "Emoji Recognition" = 1;
        "High Quality" = 1;
        Installed = 0;
        "On Device Search" = 1;
    };
    "en-CA" =     {
        "Auto Punctuation" = 1;
        "Continuous Listening" = 1;
        "Emoji Recognition" = 1;
        "High Quality" = 1;
        Installed = 0;
        "On Device Search" = 1;
    };
    "en-GB" =     {
        "Auto Punctuation" = 1;
        "Continuous Listening" = 1;
        "Emoji Recognition" = 1;
        "High Quality" = 1;
        Installed =  for key <decode: missing data> in <decode: missing data> via <decode: missing data>
2023-01-13 11:23:55.520 Db AvaxWallet[52267:1d2c5f9] [com.apple.defaults:User Defaults] found no value for key Siri Data Sharing Opt-In Status 2.0 in CFPrefsSearchListSource<0x60000187c400> (Domain: com.apple.assistant.support, Container: (null))
2023-01-13 11:23:55.520 Db AvaxWallet[52267:1d2c5f9] [com.apple.defaults:User Defaults] found no value for key Assistant Enabled in CFPrefsSearchListSource<0x60000187c400> (Domain: com.apple.assistant.support, Container: (null))
2023-01-13 11:23:55.520 I  AvaxWallet[52267:1d2c5f9] [com.apple.siri:Client] -[AFDictationConnection dictationIsAvailableForLanguage:synchronous:] 0x600000d6b740 Language en-US is available over network
2023-01-13 11:23:55.520 Db AvaxWallet[52267:1d2c5f9] [com.apple.defaults:User Defaults] found no value for key DictationLanguagesLastUsed in CFPrefsSearchListSource<0x6000018ddc80> (Domain: com.apple.keyboard.preferences, Container: (null))
2023-01-13 11:23:55.520 I  AvaxWallet[52267:1d2c5f9] [com.apple.siri:Client] -[AFDictationConnection dictationIsAvailableForLanguage:synchronous:] 0x600000d6b740 Checking if language en-US is available
2023-01-13 11:23:55.521 Db AvaxWallet[52267:1d2c5f9] [com.apple.defaults:User Defaults] looked up value {
    "ar-SA" =     {
        "Auto Punctuation" = 0;
        "Continuous Listening" = 1;
        "Emoji Recognition" = 0;
        "High Quality" = 1;
        Installed = 0;
        "On Device Search" = 1;
    };
    "de-DE" =     {
        "Auto Punctuation" = 1;
        "Continuous Listening" = 1;
        "Emoji Recognition" = 1;
        "High Quality" = 1;
        Installed = 0;
        "On Device Search" = 1;
    };
    "en-AU" =     {
        "Auto Punctuation" = 1;
        "Continuous Listening" = 1;
        "Emoji Recognition" = 1;
        "High Quality" = 1;
        Installed = 0;
        "On Device Search" = 1;
    };
    "en-CA" =     {
        "Auto Punctuation" = 1;
        "Continuous Listening" = 1;
        "Emoji Recognition" = 1;
        "High Quality" = 1;
        Installed = 0;
        "On Device Search" = 1;
    };
    "en-GB" =     {
        "Auto Punctuation" = 1;
        "Continuous Listening" = 1;
        "Emoji Recognition" = 1;
        "High Quality" = 1;
        Installed =  for key <decode: missing data> in <decode: missing data> via <decode: missing data>
2023-01-13 11:23:55.521 Db AvaxWallet[52267:1d2c5f9] [com.apple.defaults:User Defaults] found no value for key Siri Data Sharing Opt-In Status 2.0 in CFPrefsSearchListSource<0x60000187c400> (Domain: com.apple.assistant.support, Container: (null))
2023-01-13 11:23:55.521 Db AvaxWallet[52267:1d2c5f9] [com.apple.defaults:User Defaults] found no value for key Assistant Enabled in CFPrefsSearchListSource<0x60000187c400> (Domain: com.apple.assistant.support, Container: (null))
2023-01-13 11:23:55.521 I  AvaxWallet[52267:1d2c5f9] [com.apple.siri:Client] -[AFDictationConnection dictationIsAvailableForLanguage:synchronous:] 0x600000d6b740 Language en-US is available over network
2023-01-13 11:23:55.521 I  AvaxWallet[52267:1d2c5f9] [com.apple.siri:Client] -[AFDictationConnection dictationIsAvailableForLanguage:synchronous:] 0x600000d6b740 Checking if language en-US is available
2023-01-13 11:23:55.521 Db AvaxWallet[52267:1d2c5f9] [com.apple.defaults:User Defaults] looked up value {
    "ar-SA" =     {
        "Auto Punctuation" = 0;
        "Continuous Listening" = 1;
        "Emoji Recognition" = 0;
        "High Quality" = 1;
        Installed = 0;
        "On Device Search" = 1;
    };
    "de-DE" =     {
        "Auto Punctuation" = 1;
        "Continuous Listening" = 1;
        "Emoji Recognition" = 1;
        "High Quality" = 1;
        Installed = 0;
        "On Device Search" = 1;
    };
    "en-AU" =     {
        "Auto Punctuation" = 1;
        "Continuous Listening" = 1;
        "Emoji Recognition" = 1;
        "High Quality" = 1;
        Installed = 0;
        "On Device Search" = 1;
    };
    "en-CA" =     {
        "Auto Punctuation" = 1;
        "Continuous Listening" = 1;
        "Emoji Recognition" = 1;
        "High Quality" = 1;
        Installed = 0;
        "On Device Search" = 1;
    };
    "en-GB" =     {
        "Auto Punctuation" = 1;
        "Continuous Listening" = 1;
        "Emoji Recognition" = 1;
        "High Quality" = 1;
        Installed =  for key <decode: missing data> in <decode: missing data> via <decode: missing data>
2023-01-13 11:23:55.521 Db AvaxWallet[52267:1d2c5f9] [com.apple.defaults:User Defaults] found no value for key Siri Data Sharing Opt-In Status 2.0 in CFPrefsSearchListSource<0x60000187c400> (Domain: com.apple.assistant.support, Container: (null))
2023-01-13 11:23:55.521 Db AvaxWallet[52267:1d2c5f9] [com.apple.defaults:User Defaults] found no value for key Assistant Enabled in CFPrefsSearchListSource<0x60000187c400> (Domain: com.apple.assistant.support, Container: (null))
2023-01-13 11:23:55.521 I  AvaxWallet[52267:1d2c5f9] [com.apple.siri:Client] -[AFDictationConnection dictationIsAvailableForLanguage:synchronous:] 0x600000d6b740 Language en-US is available over network
2023-01-13 11:23:55.521 I  AvaxWallet[52267:1d2c5f9] [com.apple.siri:Client] -[AFDictationConnection dictationIsAvailableForLanguage:synchronous:] 0x600000d6b740 Checking if language en-US is available
2023-01-13 11:23:55.521 Db AvaxWallet[52267:1d2c5f9] [com.apple.defaults:User Defaults] looked up value {
    "ar-SA" =     {
        "Auto Punctuation" = 0;
        "Continuous Listening" = 1;
        "Emoji Recognition" = 0;
        "High Quality" = 1;
        Installed = 0;
        "On Device Search" = 1;
    };
    "de-DE" =     {
        "Auto Punctuation" = 1;
        "Continuous Listening" = 1;
        "Emoji Recognition" = 1;
        "High Quality" = 1;
        Installed = 0;
        "On Device Search" = 1;
    };
    "en-AU" =     {
        "Auto Punctuation" = 1;
        "Continuous Listening" = 1;
        "Emoji Recognition" = 1;
        "High Quality" = 1;
        Installed = 0;
        "On Device Search" = 1;
    };
    "en-CA" =     {
        "Auto Punctuation" = 1;
        "Continuous Listening" = 1;
        "Emoji Recognition" = 1;
        "High Quality" = 1;
        Installed = 0;
        "On Device Search" = 1;
    };
    "en-GB" =     {
        "Auto Punctuation" = 1;
        "Continuous Listening" = 1;
        "Emoji Recognition" = 1;
        "High Quality" = 1;
        Installed =  for key <decode: missing data> in <decode: missing data> via <decode: missing data>
2023-01-13 11:23:55.521 Db AvaxWallet[52267:1d2c5f9] [com.apple.defaults:User Defaults] found no value for key Siri Data Sharing Opt-In Status 2.0 in CFPrefsSearchListSource<0x60000187c400> (Domain: com.apple.assistant.support, Container: (null))
2023-01-13 11:23:55.521 Db AvaxWallet[52267:1d2c5f9] [com.apple.defaults:User Defaults] found no value for key Assistant Enabled in CFPrefsSearchListSource<0x60000187c400> (Domain: com.apple.assistant.support, Container: (null))
2023-01-13 11:23:55.521 I  AvaxWallet[52267:1d2c5f9] [com.apple.siri:Client] -[AFDictationConnection dictationIsAvailableForLanguage:synchronous:] 0x600000d6b740 Language en-US is available over network
2023-01-13 11:23:55.522 Db AvaxWallet[52267:1d2c5f9] [com.apple.CFBundle:resources] Resource lookup at CFBundle 0x12af0a7a0 </Applications/Xcode.app/Contents/Developer/Platforms/iPhoneOS.platform/Library/Developer/CoreSimulator/Profiles/Runtimes/iOS.simruntime/Contents/Resources/RuntimeRoot/System/Library/AccessibilityBundles/UIKit.axbundle> (framework, loaded)
	Request       : Accessibility type: strings localization: en
	Result        : file:///Applications/Xcode.app/Contents/Developer/Platforms/iPhoneOS.platform/Library/Developer/CoreSimulator/Profiles/Runtimes/iOS.simruntime/Contents/Resources/RuntimeRoot/System/Library/AccessibilityBundles/UIKit.axbundle/en.lproj/Accessibility.strings
2023-01-13 11:23:55.522 Db AvaxWallet[52267:1d2c5f9] [com.apple.CFBundle:resources] Resource lookup at CFBundle 0x12af0a7a0 </Applications/Xcode.app/Contents/Developer/Platforms/iPhoneOS.platform/Library/Developer/CoreSimulator/Profiles/Runtimes/iOS.simruntime/Contents/Resources/RuntimeRoot/System/Library/AccessibilityBundles/UIKit.axbundle> (framework, loaded)
	Request       : Accessibility type: stringsdict localization: en
	Result        : file:///Applications/Xcode.app/Contents/Developer/Platforms/iPhoneOS.platform/Library/Developer/CoreSimulator/Profiles/Runtimes/iOS.simruntime/Contents/Resources/RuntimeRoot/System/Library/AccessibilityBundles/UIKit.axbundle/en.lproj/Accessibility.stringsdict
2023-01-13 11:23:55.522 Db AvaxWallet[52267:1d2c5f9] [com.apple.CFBundle:strings] Bundle: CFBundle 0x12af0a7a0 </Applications/Xcode.app/Contents/Developer/Platforms/iPhoneOS.platform/Library/Developer/CoreSimulator/Profiles/Runtimes/iOS.simruntime/Contents/Resources/RuntimeRoot/System/Library/AccessibilityBundles/UIKit.axbundle> (framework, loaded), key: global.keyboard.key.emoji, value: (null), table: Accessibility, localizationName: en, result: Emoji
2023-01-13 11:23:55.523 Db AvaxWallet[52267:1d2c5f9] [com.apple.defaults:User Defaults] found no value for key KeyboardBias in CFPrefsSearchListSource<0x6000018ddc80> (Domain: com.apple.keyboard.preferences, Container: (null))
2023-01-13 11:23:55.523 Db AvaxWallet[52267:1d2c5f9] [com.apple.defaults:User Defaults] found no value for key KeyboardBias in CFPrefsSearchListSource<0x6000018ddc80> (Domain: com.apple.keyboard.preferences, Container: (null))
2023-01-13 11:23:55.524 Db AvaxWallet[52267:1d2c5f9] [com.apple.runningboard:process] Decoded RBSProcessHandle with IPC ID 50a60210000cc2b
2023-01-13 11:23:55.524 Df AvaxWallet[52267:1d2c5f9] [com.apple.runningboard:connection] Creating side-channel connection to com.apple.runningboard
2023-01-13 11:23:55.524 Df AvaxWallet[52267:1d2c5f9] [com.apple.runningboard:process] Hit the server for a process handle 50a60210000cc2b that resolved to: [application<org.avalabs.corewallet>:52267]
2023-01-13 11:23:55.524 I  AvaxWallet[52267:1d2c658] [com.apple.runningboard:assertion] Acquiring assertion: <RBSAssertionDescriptor| "systemAnimationFence" ID:(null) target:52267>
2023-01-13 11:23:55.525 Db AvaxWallet[52267:1d2c5f9] [com.apple.UIKit:KeyboardVisualMode] useVisualModeWindowed: 0 (windowingModeEnabled: 0)
2023-01-13 11:23:55.525 Db AvaxWallet[52267:1d2c658] [com.apple.runningboard:assertion] Adding assertion 84277-52267-110982 to dictionary
2023-01-13 11:23:55.525 Db AvaxWallet[52267:1d2c5f9] [com.apple.UIKit:KeyboardVisualMode] useVisualModeWindowed: 0 (windowingModeEnabled: 0)
2023-01-13 11:23:55.525 Db AvaxWallet[52267:1d2c5f9] [com.apple.UIKit:KeyboardVisualMode] Show keyboard with visual mode windowed (0)
2023-01-13 11:23:55.525 Df AvaxWallet[52267:1d2c5f9] [com.apple.UIKit:InputWindowController] Setting input views: <<UIInputViewSet: 0x6000007f9540>; keyboard = <UIKeyboardAutomatic: 0x12b86b520; frame = (0 0; 390 233); opaque = NO; layer = <CALayer: 0x6000032d5440>>%; assistant = <TUISystemInputAssistantView: 0x12af636a0; frame = (0 0; 0 0); hidden = YES; tintColor = UIExtendedGrayColorSpace 0 1; layer = <CALayer: 0x6000032cfe40>>; usesKeyClicks = NO;  (not visible)>
2023-01-13 11:23:55.526 Db AvaxWallet[52267:1d2c5f9] [com.apple.UIKit:KeyboardVisualMode] useVisualModeWindowed: 0 (windowingModeEnabled: 0)
2023-01-13 11:23:55.526 Db AvaxWallet[52267:1d2c5f9] [com.apple.UIKit:KeyboardVisualMode] useVisualModeWindowed: 0 (windowingModeEnabled: 0)
2023-01-13 11:23:55.526 Db AvaxWallet[52267:1d2c5f9] [com.apple.UIKit:KeyboardVisualMode] useVisualModeWindowed: 0 (windowingModeEnabled: 0)
2023-01-13 11:23:55.526 Db AvaxWallet[52267:1d2c5f9] [com.apple.UIKit:KeyboardVisualMode] useVisualModeWindowed: 0 (windowingModeEnabled: 0)
2023-01-13 11:23:55.526 Db AvaxWallet[52267:1d2c5f9] [com.apple.UIKit:KeyboardVisualMode] useVisualModeWindowed: 0 (windowingModeEnabled: 0)
2023-01-13 11:23:55.526 Db AvaxWallet[52267:1d2c5f9] [com.apple.UIKit:KeyboardVisualMode] useVisualModeWindowed: 0 (windowingModeEnabled: 0)
2023-01-13 11:23:55.526 Db AvaxWallet[52267:1d2c5f9] [com.apple.UIKit:KeyboardVisualMode] useVisualModeWindowed: 0 (windowingModeEnabled: 0)
2023-01-13 11:23:55.526 Db AvaxWallet[52267:1d2c5f9] [com.apple.UIKit:KeyboardVisualMode] useVisualModeWindowed: 0 (windowingModeEnabled: 0)
2023-01-13 11:23:55.526 Db AvaxWallet[52267:1d2c5f9] [com.apple.UIKit:KeyboardVisualMode] useVisualModeWindowed: 0 (windowingModeEnabled: 0)
2023-01-13 11:23:55.526 Db AvaxWallet[52267:1d2c5f9] [com.apple.UIKit:KeyboardVisualMode] useVisualModeWindowed: 0 (windowingModeEnabled: 0)
2023-01-13 11:23:55.528 Db AvaxWallet[52267:1d2c5f9] [com.apple.CFBundle:resources] Language lookup at CFBundle 0x15b432660 </Applications/Xcode.app/Contents/Developer/Platforms/iPhoneOS.platform/Library/Developer/CoreSimulator/Profiles/Runtimes/iOS.simruntime/Contents/Resources/RuntimeRoot/System/Library/PrivateFrameworks/AXCoreUtilities.framework> (framework, loaded)
	Localizations : [de, he, en_AU, ar, el, ja, en, uk, es_419, zh_CN, es, da, it, bg, sk, kk, pt_PT, ms, sv, cs, ko, no, hu, zh_HK, tr, pl, zh_TW, en_GB, vi, ru, fr_CA, fr, fi, id, nl, th, pt, ro, hr, hi, ca]
	Dev language  : en
	User prefs    : [en]
	Main bundle   : [en]
	Allow mixed   : 0
	Result        : [en]
2023-01-13 11:23:55.528 Db AvaxWallet[52267:1d2c5f9] [com.apple.CFBundle:resources] Resource lookup at CFBundle 0x15b432660 </Applications/Xcode.app/Contents/Developer/Platforms/iPhoneOS.platform/Library/Developer/CoreSimulator/Profiles/Runtimes/iOS.simruntime/Contents/Resources/RuntimeRoot/System/Library/PrivateFrameworks/AXCoreUtilities.framework> (framework, loaded)
	Request       : AXLanguageToFallback type: plist
	Result        : file:///Applications/Xcode.app/Contents/Developer/Platforms/iPhoneOS.platform/Library/Developer/CoreSimulator/Profiles/Runtimes/iOS.simruntime/Contents/Resources/RuntimeRoot/System/Library/PrivateFrameworks/AXCoreUtilities.framework/AXLanguageToFallback.plist
2023-01-13 11:23:55.529 Db AvaxWallet[52267:1d2c5f9] [com.apple.CFBundle:resources] Resource lookup at CFBundle 0x15b432660 </Applications/Xcode.app/Contents/Developer/Platforms/iPhoneOS.platform/Library/Developer/CoreSimulator/Profiles/Runtimes/iOS.simruntime/Contents/Resources/RuntimeRoot/System/Library/PrivateFrameworks/AXCoreUtilities.framework> (framework, loaded)
	Request       : AXLanguageToLocale type: plist
	Result        : file:///Applications/Xcode.app/Contents/Developer/Platforms/iPhoneOS.platform/Library/Developer/CoreSimulator/Profiles/Runtimes/iOS.simruntime/Contents/Resources/RuntimeRoot/System/Library/PrivateFrameworks/AXCoreUtilities.framework/AXLanguageToLocale.plist
2023-01-13 11:23:55.529 Db AvaxWallet[52267:1d2c5f9] [com.apple.CFBundle:resources] Resource lookup at CFBundle 0x12af0a7a0 </Applications/Xcode.app/Contents/Developer/Platforms/iPhoneOS.platform/Library/Developer/CoreSimulator/Profiles/Runtimes/iOS.simruntime/Contents/Resources/RuntimeRoot/System/Library/AccessibilityBundles/UIKit.axbundle> (framework, loaded)
	Request       : Accessibility type: strings localization: en
	Result        : file:///Applications/Xcode.app/Contents/Developer/Platforms/iPhoneOS.platform/Library/Developer/CoreSimulator/Profiles/Runtimes/iOS.simruntime/Contents/Resources/RuntimeRoot/System/Library/AccessibilityBundles/UIKit.axbundle/en.lproj/Accessibility.strings
2023-01-13 11:23:55.529 Db AvaxWallet[52267:1d2c5f9] [com.apple.CFBundle:resources] Resource lookup at CFBundle 0x12af0a7a0 </Applications/Xcode.app/Contents/Developer/Platforms/iPhoneOS.platform/Library/Developer/CoreSimulator/Profiles/Runtimes/iOS.simruntime/Contents/Resources/RuntimeRoot/System/Library/AccessibilityBundles/UIKit.axbundle> (framework, loaded)
	Request       : Accessibility type: stringsdict localization: en
	Result        : file:///Applications/Xcode.app/Contents/Developer/Platforms/iPhoneOS.platform/Library/Developer/CoreSimulator/Profiles/Runtimes/iOS.simruntime/Contents/Resources/RuntimeRoot/System/Library/AccessibilityBundles/UIKit.axbundle/en.lproj/Accessibility.stringsdict
2023-01-13 11:23:55.529 Db AvaxWallet[52267:1d2c5f9] [com.apple.CFBundle:strings] Bundle: CFBundle 0x12af0a7a0 </Applications/Xcode.app/Contents/Developer/Platforms/iPhoneOS.platform/Library/Developer/CoreSimulator/Profiles/Runtimes/iOS.simruntime/Contents/Resources/RuntimeRoot/System/Library/AccessibilityBundles/UIKit.axbundle> (framework, loaded), key: shift.key, value: (null), table: Accessibility, localizationName: en, result: shift
2023-01-13 11:23:55.529 Db AvaxWallet[52267:1d2c5f9] [com.apple.CFBundle:resources] Resource lookup at CFBundle 0x12af0a7a0 </Applications/Xcode.app/Contents/Developer/Platforms/iPhoneOS.platform/Library/Developer/CoreSimulator/Profiles/Runtimes/iOS.simruntime/Contents/Resources/RuntimeRoot/System/Library/AccessibilityBundles/UIKit.axbundle> (framework, loaded)
	Request       : Accessibility type: strings localization: en
	Result        : file:///Applications/Xcode.app/Contents/Developer/Platforms/iPhoneOS.platform/Library/Developer/CoreSimulator/Profiles/Runtimes/iOS.simruntime/Contents/Resources/RuntimeRoot/System/Library/AccessibilityBundles/UIKit.axbundle/en.lproj/Accessibility.strings
2023-01-13 11:23:55.529 Db AvaxWallet[52267:1d2c5f9] [com.apple.CFBundle:resources] Resource lookup at CFBundle 0x12af0a7a0 </Applications/Xcode.app/Contents/Developer/Platforms/iPhoneOS.platform/Library/Developer/CoreSimulator/Profiles/Runtimes/iOS.simruntime/Contents/Resources/RuntimeRoot/System/Library/AccessibilityBundles/UIKit.axbundle> (framework, loaded)
	Request       : Accessibility type: stringsdict localization: en
	Result        : file:///Applications/Xcode.app/Contents/Developer/Platforms/iPhoneOS.platform/Library/Developer/CoreSimulator/Profiles/Runtimes/iOS.simruntime/Contents/Resources/RuntimeRoot/System/Library/AccessibilityBundles/UIKit.axbundle/en.lproj/Accessibility.stringsdict
2023-01-13 11:23:55.530 Db AvaxWallet[52267:1d2c5f9] [com.apple.CFBundle:strings] Bundle: CFBundle 0x12af0a7a0 </Applications/Xcode.app/Contents/Developer/Platforms/iPhoneOS.platform/Library/Developer/CoreSimulator/Profiles/Runtimes/iOS.simruntime/Contents/Resources/RuntimeRoot/System/Library/AccessibilityBundles/UIKit.axbundle> (framework, loaded), key: more.numbers.key, value: (null), table: Accessibility, localizationName: en, result: numbers
2023-01-13 11:23:55.530 Db AvaxWallet[52267:1d2c5f9] [com.apple.UIKit:KeyboardVisualMode] useVisualModeWindowed: 0 (windowingModeEnabled: 0)
2023-01-13 11:23:55.530 Db AvaxWallet[52267:1d2c5f9] [com.apple.UIKit:KeyboardVisualMode] useVisualModeWindowed: 0 (windowingModeEnabled: 0)
2023-01-13 11:23:55.530 Df AvaxWallet[52267:1d2c5f9] [com.apple.UIKit:InputWindowController] Change to input view set: <<UIInputViewSet: 0x6000007f9540>; keyboard = <UIKeyboardAutomatic: 0x12b86b520; frame = (0 0; 390 233); opaque = NO; layer = <CALayer: 0x6000032d5440>>%; assistant = <TUISystemInputAssistantView: 0x12af636a0; frame = (0 0; 0 0); hidden = YES; tintColor = UIExtendedGrayColorSpace 0 1; layer = <CALayer: 0x6000032cfe40>>; usesKeyClicks = NO;  (not visible)>
2023-01-13 11:23:55.530 Db AvaxWallet[52267:1d2c5f9] [com.apple.UIKit:KeyboardVisualMode] useVisualModeWindowed: 0 (windowingModeEnabled: 0)
2023-01-13 11:23:55.530 Db AvaxWallet[52267:1d2c5f9] [com.apple.UIKit:KeyboardVisualMode] useVisualModeWindowed: 0 (windowingModeEnabled: 0)
2023-01-13 11:23:55.530 Db AvaxWallet[52267:1d2c5f9] [com.apple.UIKit:KeyboardVisualMode] useVisualModeWindowed: 0 (windowingModeEnabled: 0)
2023-01-13 11:23:55.531 Db AvaxWallet[52267:1d2c5f9] [com.apple.CFBundle:strings] Lazy cache miss for bundle: CFBundle 0x12af0a7a0 </Applications/Xcode.app/Contents/Developer/Platforms/iPhoneOS.platform/Library/Developer/CoreSimulator/Profiles/Runtimes/iOS.simruntime/Contents/Resources/RuntimeRoot/System/Library/AccessibilityBundles/UIKit.axbundle> (framework, loaded) key: keyboard.bias.escape.label table: Accessibility
2023-01-13 11:23:55.531 Db AvaxWallet[52267:1d2c5f9] [com.apple.CFBundle:strings] Bundle: CFBundle 0x12af0a7a0 </Applications/Xcode.app/Contents/Developer/Platforms/iPhoneOS.platform/Library/Developer/CoreSimulator/Profiles/Runtimes/iOS.simruntime/Contents/Resources/RuntimeRoot/System/Library/AccessibilityBundles/UIKit.axbundle> (framework, loaded), key: keyboard.bias.escape.label, value: , table: Accessibility, localizationName: (null), result: switch to default layout
2023-01-13 11:23:55.531 Db AvaxWallet[52267:1d2c5f9] [com.apple.UIKit:KeyboardVisualMode] useVisualModeWindowed: 0 (windowingModeEnabled: 0)
2023-01-13 11:23:55.532 Db AvaxWallet[52267:1d2c5f9] [com.apple.UIKit:KeyboardVisualMode] useVisualModeWindowed: 0 (windowingModeEnabled: 0)
2023-01-13 11:23:55.532 Db AvaxWallet[52267:1d2c5f9] [com.apple.UIKit:KeyboardVisualMode] useVisualModeWindowed: 0 (windowingModeEnabled: 0)
2023-01-13 11:23:55.533 Db AvaxWallet[52267:1d2c5f9] [com.apple.UIKit:KeyboardVisualMode] useVisualModeWindowed: 0 (windowingModeEnabled: 0)
2023-01-13 11:23:55.533 Db AvaxWallet[52267:1d2c5f9] [com.apple.UIKit:KeyboardVisualMode] useVisualModeWindowed: 0 (windowingModeEnabled: 0)
2023-01-13 11:23:55.533 Db AvaxWallet[52267:1d2c5f9] [com.apple.UIKit:KeyboardVisualMode] useVisualModeWindowed: 0 (windowingModeEnabled: 0)
2023-01-13 11:23:55.533 Db AvaxWallet[52267:1d2c5f9] [com.apple.UIKit:KeyboardVisualMode] useVisualModeWindowed: 0 (windowingModeEnabled: 0)
2023-01-13 11:23:55.533 Db AvaxWallet[52267:1d2c5f9] [com.apple.UIKit:KeyboardVisualMode] useVisualModeWindowed: 0 (windowingModeEnabled: 0)
2023-01-13 11:23:55.533 Db AvaxWallet[52267:1d2c5f9] [com.apple.UIKit:KeyboardVisualMode] useVisualModeWindowed: 0 (windowingModeEnabled: 0)
2023-01-13 11:23:55.533 Db AvaxWallet[52267:1d2c5f9] [com.apple.UIKit:KeyboardVisualMode] useVisualModeWindowed: 0 (windowingModeEnabled: 0)
2023-01-13 11:23:55.533 Db AvaxWallet[52267:1d2c5f9] [com.apple.UIKit:KeyboardVisualMode] useVisualModeWindowed: 0 (windowingModeEnabled: 0)
2023-01-13 11:23:55.533 Db AvaxWallet[52267:1d2c5f9] [com.apple.UIKit:KeyboardVisualMode] useVisualModeWindowed: 0 (windowingModeEnabled: 0)
2023-01-13 11:23:55.534 Db AvaxWallet[52267:1d2c5f9] [com.apple.UIKit:KeyboardVisualMode] useVisualModeWindowed: 0 (windowingModeEnabled: 0)
2023-01-13 11:23:55.534 Db AvaxWallet[52267:1d2c5f9] [com.apple.UIKit:KeyboardVisualMode] useVisualModeWindowed: 0 (windowingModeEnabled: 0)
2023-01-13 11:23:55.534 Db AvaxWallet[52267:1d2c5f9] [com.apple.UIKit:KeyboardVisualMode] useVisualModeWindowed: 0 (windowingModeEnabled: 0)
2023-01-13 11:23:55.534 Db AvaxWallet[52267:1d2c5f9] [com.apple.UIKit:KeyboardVisualMode] useVisualModeWindowed: 0 (windowingModeEnabled: 0)
2023-01-13 11:23:55.534 Db AvaxWallet[52267:1d2c5f9] [com.apple.UIKit:KeyboardVisualMode] useVisualModeWindowed: 0 (windowingModeEnabled: 0)
