        "Auto Punctuation" = 1;
        "Continuous Listening" = 1;
        "Emoji Recognition" = 1;
        "High Quality" = 1;
        Installed = 0;
        "On Device Search" = 1;
    };
    "en-GB" =     {
        "Auto Punctuation" = 1;
        "Continuous Listening" = 1;
        "Emoji Recognition" = 1;
        "High Quality" = 1;
        Installed =  for key <decode: missing data> in <decode: missing data> via <decode: missing data>
2023-01-13 11:41:56.041 Db AvaxWallet[53632:1d310c2] [com.apple.defaults:User Defaults] found no value for key Siri Data Sharing Opt-In Status 2.0 in CFPrefsSearchListSource<0x600000c0b900> (Domain: com.apple.assistant.support, Container: (null))
2023-01-13 11:41:56.041 Db AvaxWallet[53632:1d310c2] [com.apple.defaults:User Defaults] found no value for key Assistant Enabled in CFPrefsSearchListSource<0x600000c0b900> (Domain: com.apple.assistant.support, Container: (null))
2023-01-13 11:41:56.041 I  AvaxWallet[53632:1d310c2] [com.apple.siri:Client] -[AFDictationConnection dictationIsAvailableForLanguage:synchronous:] 0x60000191cea0 Language en-US is available over network
2023-01-13 11:41:56.041 Db AvaxWallet[53632:1d310c2] [com.apple.CFBundle:resources] Resource lookup at CFBundle 0x143806cb0 </Applications/Xcode.app/Contents/Developer/Platforms/iPhoneOS.platform/Library/Developer/CoreSimulator/Profiles/Runtimes/iOS.simruntime/Contents/Resources/RuntimeRoot/System/Library/AccessibilityBundles/UIKit.axbundle> (framework, loaded)
	Request       : Accessibility type: strings localization: en
	Result        : file:///Applications/Xcode.app/Contents/Developer/Platforms/iPhoneOS.platform/Library/Developer/CoreSimulator/Profiles/Runtimes/iOS.simruntime/Contents/Resources/RuntimeRoot/System/Library/AccessibilityBundles/UIKit.axbundle/en.lproj/Accessibility.strings
2023-01-13 11:41:56.041 Db AvaxWallet[53632:1d310c2] [com.apple.CFBundle:resources] Resource lookup at CFBundle 0x143806cb0 </Applications/Xcode.app/Contents/Developer/Platforms/iPhoneOS.platform/Library/Developer/CoreSimulator/Profiles/Runtimes/iOS.simruntime/Contents/Resources/RuntimeRoot/System/Library/AccessibilityBundles/UIKit.axbundle> (framework, loaded)
	Request       : Accessibility type: stringsdict localization: en
	Result        : file:///Applications/Xcode.app/Contents/Developer/Platforms/iPhoneOS.platform/Library/Developer/CoreSimulator/Profiles/Runtimes/iOS.simruntime/Contents/Resources/RuntimeRoot/System/Library/AccessibilityBundles/UIKit.axbundle/en.lproj/Accessibility.stringsdict
2023-01-13 11:41:56.042 Db AvaxWallet[53632:1d310c2] [com.apple.CFBundle:strings] Bundle: CFBundle 0x143806cb0 </Applications/Xcode.app/Contents/Developer/Platforms/iPhoneOS.platform/Library/Developer/CoreSimulator/Profiles/Runtimes/iOS.simruntime/Contents/Resources/RuntimeRoot/System/Library/AccessibilityBundles/UIKit.axbundle> (framework, loaded), key: global.keyboard.key.emoji, value: (null), table: Accessibility, localizationName: en, result: Emoji
2023-01-13 11:41:56.043 Db AvaxWallet[53632:1d310c2] [com.apple.UIKit:KeyboardVisualMode] useVisualModeWindowed: 0 (windowingModeEnabled: 0)
2023-01-13 11:41:56.043 Db AvaxWallet[53632:1d310c2] [com.apple.defaults:User Defaults] found no value for key KeyboardBias in CFPrefsSearchListSource<0x600000ca4e80> (Domain: com.apple.keyboard.preferences, Container: (null))
2023-01-13 11:41:56.043 Db AvaxWallet[53632:1d310c2] [com.apple.UIKit:KeyboardVisualMode] useVisualModeWindowed: 0 (windowingModeEnabled: 0)
2023-01-13 11:41:56.043 Db AvaxWallet[53632:1d310c2] [com.apple.UIKit:KeyboardVisualMode] useVisualModeWindowed: 0 (windowingModeEnabled: 0)
2023-01-13 11:41:56.043 Db AvaxWallet[53632:1d310c2] [com.apple.UIKit:KeyboardVisualMode] useVisualModeWindowed: 0 (windowingModeEnabled: 0)
2023-01-13 11:41:56.044 I  AvaxWallet[53632:1d310c2] [com.apple.Accessibility:AXRuntimeNotifications] Did post notification. notification:  (1055) error:0 data:(null)
2023-01-13 11:41:56.044 I  AvaxWallet[53632:1d310c2] [com.apple.Accessibility:AXRuntimeNotifications] Attempting to send notification:  (1000) (null)
2023-01-13 11:41:56.045 Db AvaxWallet[53632:1d310c2] [com.apple.UIKit:KeyboardVisualMode] useVisualModeWindowed: 0 (windowingModeEnabled: 0)
2023-01-13 11:41:56.045 Db AvaxWallet[53632:1d310c2] [com.apple.UIKit:KeyboardVisualMode] useVisualModeWindowed: 0 (windowingModeEnabled: 0)
2023-01-13 11:41:56.045 I  AvaxWallet[53632:1d310c2] [com.apple.Accessibility:AXRuntimeNotifications] Did post notification. notification:  (1000) error:0 data:(null)
2023-01-13 11:41:56.241 I  AvaxWallet[53632:1d310fe] [com.apple.network:] nw_context_purge_endpoints Context <nw_context com.apple.CFNetwork.NSURLSession.{B8712684-1F90-49F7-B714-6045512568C1}{(null)}{Y}{2} (private)> has more than 20 idle cache entries, purging 9 from 29 down to 20
2023-01-13 11:41:56.356 I  AvaxWallet[53632:1d310c2] [com.apple.Accessibility:AXRuntimeNotifications] Attempting to send notification:  (1001) AXForceUpdateChange
2023-01-13 11:41:56.356 I  AvaxWallet[53632:1d310c2] [com.apple.Accessibility:AXRuntimeNotifications] Did post notification. notification:  (1001) error:0 data:AXForceUpdateChange
2023-01-13 11:41:56.357 Db AvaxWallet[53632:1d310f1] [com.apple.network:connection] nw_endpoint_handler_add_write_request [C1 ::1.64213 ready parent-flow (satisfied (Path is satisfied), viable, interface: en0[802.11])] connected_child_handles_requests 0
2023-01-13 11:41:56.359 I  AvaxWallet[53632:1d310c2] [com.wix.Detox:WebSocket] Action received: invoke
2023-01-13 11:41:56.363 Db AvaxWallet[53632:1d310f1] [com.apple.network:connection] nw_endpoint_handler_add_write_request [C1 ::1.64213 ready parent-flow (satisfied (Path is satisfied), viable, interface: en0[802.11])] connected_child_handles_requests 0
2023-01-13 11:41:56.365 I  AvaxWallet[53632:1d310c2] [com.wix.Detox:WebSocket] Action received: invoke
2023-01-13 11:41:56.430 I  AvaxWallet[53632:1d310f1] [com.apple.network:connection] nw_association_schedule_deactivation_block_invoke <nw_association proxy-api-dev.avax.network:443> becoming dormant
2023-01-13 11:41:56.430 I  AvaxWallet[53632:1d310f1] [com.apple.network:connection] nw_association_schedule_deactivation_block_invoke <nw_association 104.18.17.35:443> becoming dormant
2023-01-13 11:41:56.430 I  AvaxWallet[53632:1d310f1] [com.apple.network:connection] nw_association_schedule_deactivation_block_invoke <nw_association 104.18.16.35:443> becoming dormant
2023-01-13 11:41:56.430 I  AvaxWallet[53632:1d310f1] [com.apple.network:connection] nw_association_schedule_deactivation_block_invoke <nw_association 2606:4700::6812:1123.443> becoming dormant
2023-01-13 11:41:56.430 I  AvaxWallet[53632:1d310f1] [com.apple.network:connection] nw_association_schedule_deactivation_block_invoke <nw_association 2606:4700::6812:1023.443> becoming dormant
2023-01-13 11:41:56.519 Df AvaxWallet[53632:1d310c2] [com.apple.UIKit:EventDispatch] Sending UIEvent type: 0; subtype: 0; to windows: 1
2023-01-13 11:41:56.520 Df AvaxWallet[53632:1d310c2] [com.apple.UIKit:EventDispatch] Sending UIEvent type: 0; subtype: 0; to window: <UIWindow: 0x14381e4d0>; contextId: 0x297205C
2023-01-13 11:41:56.521 A  AvaxWallet[53632:1d310c2] (UIKitCore) send gesture actions
2023-01-13 11:41:56.536 Df AvaxWallet[53632:1d310c2] [com.apple.UIKit:EventDispatch] Sending UIEvent type: 0; subtype: 0; to windows: 1
2023-01-13 11:41:56.536 Df AvaxWallet[53632:1d310c2] [com.apple.UIKit:EventDispatch] Sending UIEvent type: 0; subtype: 0; to window: <UIWindow: 0x14381e4d0>; contextId: 0x297205C
2023-01-13 11:41:56.536 A  AvaxWallet[53632:1d310c2] (UIKitCore) send gesture actions
2023-01-13 11:41:56.556 Df AvaxWallet[53632:1d310f1] [com.apple.FrontBoard:Common] Creating service facility connection with <BSServiceConnectionEndpoint: 0x600002da08d0; target: com.apple.frontboard.systemappservices; service: com.apple.frontboard.system-service>
2023-01-13 11:41:56.556 Df AvaxWallet[53632:1d310f1] [com.apple.FrontBoard:Common] [FBSSystemService][0x3ae4] Sending request to open "com.apple.SafariViewService"
2023-01-13 11:41:56.556 Df AvaxWallet[53632:1d31207] [com.apple.FrontBoard:Common] [FBSSystemAppProxy:0x60000098e0d0] Service facility connection invalidated
2023-01-13 11:41:56.558 I  AvaxWallet[53632:1d310c2] [com.apple.Accessibility:AXRuntimeNotifications] Attempting to send notification:  (1055) (null)
2023-01-13 11:41:56.558 I  AvaxWallet[53632:1d310c2] [com.apple.Accessibility:AXRuntimeNotifications] Attempting to send notification:  (1055) (null)
2023-01-13 11:41:56.558 Db AvaxWallet[53632:1d310c2] [com.apple.UIKit:KeyboardVisualMode] useVisualModeWindowed: 0 (windowingModeEnabled: 0)
2023-01-13 11:41:56.558 Df AvaxWallet[53632:1d310c2] [com.apple.UIKit:KeyboardSceneDelegate] Reloading input views for: <(null): 0x0> force: 0
2023-01-13 11:41:56.558 Db AvaxWallet[53632:1d310c2] [com.apple.UIKit:KeyboardVisualMode] useVisualModeWindowed: 0 (windowingModeEnabled: 0)
2023-01-13 11:41:56.558 Db AvaxWallet[53632:1d310c2] [com.apple.UIKit:KeyboardVisualMode] useVisualModeWindowed: 0 (windowingModeEnabled: 0)
2023-01-13 11:41:56.558 Db AvaxWallet[53632:1d310c2] [com.apple.UIKit:KeyboardVisualMode] useVisualModeWindowed: 0 (windowingModeEnabled: 0)
2023-01-13 11:41:56.559 Db AvaxWallet[53632:1d310c2] [com.apple.UIKit:KeyboardVisualMode] useVisualModeWindowed: 0 (windowingModeEnabled: 0)
2023-01-13 11:41:56.559 Db AvaxWallet[53632:1d310c2] [com.apple.UIKit:KeyboardVisualMode] Show keyboard with visual mode windowed (0)
2023-01-13 11:41:56.559 Df AvaxWallet[53632:1d310c2] [com.apple.UIKit:InputWindowController] Setting input views: <<UIInputViewSet: 0x6000013e6a80>; (empty)>
2023-01-13 11:41:56.559 Df AvaxWallet[53632:1d310c2] [com.apple.UIKit:InputWindowController] Moving from placement: <UIInputViewSetPlacementOffScreenDown> to placement: <UIInputViewSetPlacementOffScreenDown>
2023-01-13 11:41:56.559 Df AvaxWallet[53632:1d310c2] [com.apple.UIKit:InputWindowController] Change to input view set: <<UIInputViewSet: 0x6000013e6a80>; (empty)>
2023-01-13 11:41:56.559 Db AvaxWallet[53632:1d310f2] [com.apple.BaseBoard:MachPort]  *|machport|* <BSMachPortTaskNameRight: 0x6000038b3d00; usable: YES; (53632:10f17:send xpcCode) from (84275:22377:send task_name_for_pid:SafariViewServi.41855)> -> (<NSThread: 0x6000037b4dc0>{number = 6, name = (null)}) (
	0   BaseBoard                           0x000000018333a548 -[BSMachPortRight _initWithPort:type:owner:trace:] + 192
	1   BaseBoard                           0x000000018333af5c -[BSMachPortRight initWithXPCDictionary:] + 164
	2   BaseBoard                           0x000000018333c7e4 -[BSMachPortTaskNameRight initWithXPCDictionary:] + 56
	3   BaseBoard                           0x000000018330fc84 BSCreateDeserializedBSXPCEncodableObjectFromXPCDictionary + 148
	4   BaseBoard                           0x000000018330fbac BSCreateDeserializedBSXPCEncodableObjectFromXPCDictionaryWithKey + 56
	5   BaseBoard                           0x0000000183349d34 -[BSProcessHandle initWithXPCDictionary:] + 212
	6   BaseBoard                           0x0000000183375a7c _BSXPCDecodeObject + 1536
	7   BaseBoa
2023-01-13 11:41:56.559 Df AvaxWallet[53632:1d310f2] [com.apple.FrontBoard:Common] [FBSSystemService][0x3ae4] Request successful: <BSProcessHandle: 0x600002da0bd0; SafariViewServi:41855; valid: YES>
2023-01-13 11:41:56.559 Db AvaxWallet[53632:1d31207] [com.apple.defaults:User Defaults] found no value for key LogViewServiceAssertion in CFPrefsSearchListSource<0x600000ca8880> (Domain: com.apple.UIKit, Container: (null))
2023-01-13 11:41:56.559 I  AvaxWallet[53632:1d310f1] [com.apple.runningboard:assertion] Acquiring assertion: <RBSAssertionDescriptor| "com.apple.viewservice.session" ID:(null) target:application<com.apple.SafariViewService>>
2023-01-13 11:41:56.559 Df AvaxWallet[53632:1d31207] [com.apple.UIKit:ViewServiceAssertion] Assertion created: identifier: com.apple.SafariViewService; assertion: 0x6000001b69e0
2023-01-13 11:41:56.559 Db AvaxWallet[53632:1d310c2] [com.apple.defaults:User Defaults] found no value for key DictationLanguagesLastUsed in CFPrefsSearchListSource<0x600000ca4e80> (Domain: com.apple.keyboard.preferences, Container: (null))
2023-01-13 11:41:56.559 Db AvaxWallet[53632:1d310f2] [com.apple.BaseBoard:MachPort]  *|machport|* invalidate <BSMachPortTaskNameRight:0x6000038b3d00 usable=YES (53632:10f17:send xpcCode) from (84275:22377:send task_name_for_pid:SafariViewServi.41855)> -> (<NSThread: 0x6000037b4dc0>{number = 6, name = (null)}) (
	0   BaseBoard                           0x000000018333acb4 -[BSMachPortRight _lock_invalidateForOwner:] + 288
	1   BaseBoard                           0x000000018333ad98 -[BSMachPortRight invalidate] + 56
	2   BaseBoard                           0x000000018334986c -[BSProcessHandle dealloc] + 28
	3   libobjc.A.dylib                     0x000000018004eeb4 _ZN19AutoreleasePoolPage12releaseUntilEPP11objc_object + 200
	4   libobjc.A.dylib                     0x000000018004ecc4 objc_autoreleasePoolPop + 252
	5   BoardServices                       0x0000000184b05190 BSXPCServiceConnectionExecuteCallOut + 240
	6   BoardServices                       0x0000000184ad64c0 __80+[BSXPCServiceConnectionProxy createImplementationOfProtocol:forClass:withName:]_block_invoke.100 + 152
	7   BoardServices
2023-01-13 11:41:56.559 I  AvaxWallet[53632:1d310c2] [com.apple.siri:Client] -[AFDictationConnection dictationIsAvailableForLanguage:synchronous:] 0x60000191cea0 Checking if language en-US is available
2023-01-13 11:41:56.560 Db AvaxWallet[53632:1d310c2] [com.apple.defaults:User Defaults] looked up value {
    "ar-SA" =     {
        "Auto Punctuation" = 0;
        "Continuous Listening" = 1;
        "Emoji Recognition" = 0;
        "High Quality" = 1;
        Installed = 0;
        "On Device Search" = 1;
    };
    "de-DE" =     {
        "Auto Punctuation" = 1;
        "Continuous Listening" = 1;
        "Emoji Recognition" = 1;
        "High Quality" = 1;
        Installed = 0;
        "On Device Search" = 1;
    };
    "en-AU" =     {
        "Auto Punctuation" = 1;
        "Continuous Listening" = 1;
        "Emoji Recognition" = 1;
        "High Quality" = 1;
        Installed = 0;
        "On Device Search" = 1;
    };
    "en-CA" =     {
        "Auto Punctuation" = 1;
        "Continuous Listening" = 1;
        "Emoji Recognition" = 1;
        "High Quality" = 1;
        Installed = 0;
        "On Device Search" = 1;
    };
    "en-GB" =     {
        "Auto Punctuation" = 1;
        "Continuous Listening" = 1;
        "Emoji Recognition" = 1;
        "High Quality" = 1;
        Installed =  for key <decode: missing data> in <decode: missing data> via <decode: missing data>
2023-01-13 11:41:56.560 Db AvaxWallet[53632:1d310c2] [com.apple.defaults:User Defaults] found no value for key Siri Data Sharing Opt-In Status 2.0 in CFPrefsSearchListSource<0x600000c0b900> (Domain: com.apple.assistant.support, Container: (null))
2023-01-13 11:41:56.560 Db AvaxWallet[53632:1d310c2] [com.apple.defaults:User Defaults] found no value for key Assistant Enabled in CFPrefsSearchListSource<0x600000c0b900> (Domain: com.apple.assistant.support, Container: (null))
2023-01-13 11:41:56.560 I  AvaxWallet[53632:1d310c2] [com.apple.siri:Client] -[AFDictationConnection dictationIsAvailableForLanguage:synchronous:] 0x60000191cea0 Language en-US is available over network
2023-01-13 11:41:56.560 I  AvaxWallet[53632:1d310c2] [com.apple.siri:Client] -[AFDictationConnection dictationIsAvailableForLanguage:synchronous:] 0x60000191cea0 Checking if language en-US is available
2023-01-13 11:41:56.560 Db AvaxWallet[53632:1d310c2] [com.apple.defaults:User Defaults] looked up value {
    "ar-SA" =     {
        "Auto Punctuation" = 0;
        "Continuous Listening" = 1;
        "Emoji Recognition" = 0;
        "High Quality" = 1;
        Installed = 0;
        "On Device Search" = 1;
    };
    "de-DE" =     {
        "Auto Punctuation" = 1;
        "Continuous Listening" = 1;
        "Emoji Recognition" = 1;
        "High Quality" = 1;
        Installed = 0;
        "On Device Search" = 1;
    };
    "en-AU" =     {
        "Auto Punctuation" = 1;
        "Continuous Listening" = 1;
        "Emoji Recognition" = 1;
        "High Quality" = 1;
        Installed = 0;
        "On Device Search" = 1;
    };
    "en-CA" =     {
        "Auto Punctuation" = 1;
        "Continuous Listening" = 1;
        "Emoji Recognition" = 1;
        "High Quality" = 1;
        Installed = 0;
        "On Device Search" = 1;
    };
    "en-GB" =     {
        "Auto Punctuation" = 1;
        "Continuous Listening" = 1;
        "Emoji Recognition" = 1;
        "High Quality" = 1;
        Installed =  for key <decode: missing data> in <decode: missing data> via <decode: missing data>
2023-01-13 11:41:56.560 Db AvaxWallet[53632:1d310c2] [com.apple.defaults:User Defaults] found no value for key Siri Data Sharing Opt-In Status 2.0 in CFPrefsSearchListSource<0x600000c0b900> (Domain: com.apple.assistant.support, Container: (null))
2023-01-13 11:41:56.561 Db AvaxWallet[53632:1d310c2] [com.apple.defaults:User Defaults] found no value for key Assistant Enabled in CFPrefsSearchListSource<0x600000c0b900> (Domain: com.apple.assistant.support, Container: (null))
2023-01-13 11:41:56.561 I  AvaxWallet[53632:1d310c2] [com.apple.siri:Client] -[AFDictationConnection dictationIsAvailableForLanguage:synchronous:] 0x60000191cea0 Language en-US is available over network
2023-01-13 11:41:56.561 I  AvaxWallet[53632:1d310c2] [com.apple.siri:Client] -[AFDictationConnection dictationIsAvailableForLanguage:synchronous:] 0x60000191cea0 Checking if language en-US is available
2023-01-13 11:41:56.561 Db AvaxWallet[53632:1d310c2] [com.apple.defaults:User Defaults] looked up value {
    "ar-SA" =     {
        "Auto Punctuation" = 0;
        "Continuous Listening" = 1;
        "Emoji Recognition" = 0;
        "High Quality" = 1;
        Installed = 0;
        "On Device Search" = 1;
    };
    "de-DE" =     {
        "Auto Punctuation" = 1;
        "Continuous Listening" = 1;
        "Emoji Recognition" = 1;
        "High Quality" = 1;
        Installed = 0;
        "On Device Search" = 1;
    };
    "en-AU" =     {
        "Auto Punctuation" = 1;
        "Continuous Listening" = 1;
        "Emoji Recognition" = 1;
        "High Quality" = 1;
        Installed = 0;
        "On Device Search" = 1;
    };
    "en-CA" =     {
        "Auto Punctuation" = 1;
        "Continuous Listening" = 1;
        "Emoji Recognition" = 1;
        "High Quality" = 1;
        Installed = 0;
        "On Device Search" = 1;
    };
    "en-GB" =     {
        "Auto Punctuation" = 1;
        "Continuous Listening" = 1;
        "Emoji Recognition" = 1;
        "High Quality" = 1;
        Installed =  for key <decode: missing data> in <decode: missing data> via <decode: missing data>
2023-01-13 11:41:56.562 Db AvaxWallet[53632:1d310c2] [com.apple.defaults:User Defaults] found no value for key Siri Data Sharing Opt-In Status 2.0 in CFPrefsSearchListSource<0x600000c0b900> (Domain: com.apple.assistant.support, Container: (null))
2023-01-13 11:41:56.562 Db AvaxWallet[53632:1d310c2] [com.apple.defaults:User Defaults] found no value for key Assistant Enabled in CFPrefsSearchListSource<0x600000c0b900> (Domain: com.apple.assistant.support, Container: (null))
2023-01-13 11:41:56.562 I  AvaxWallet[53632:1d310c2] [com.apple.siri:Client] -[AFDictationConnection dictationIsAvailableForLanguage:synchronous:] 0x60000191cea0 Language en-US is available over network
2023-01-13 11:41:56.560 Db AvaxWallet[53632:1d310f1] [com.apple.runningboard:assertion] Adding assertion 84277-53632-111807 to dictionary
2023-01-13 11:41:56.563 Df AvaxWallet[53632:1d310f1] [com.apple.UIKit:ViewServiceAssertion] Did connect to service: identifier: com.apple.SafariViewService; assertion: 0x6000001b69e0
2023-01-13 11:41:56.563 Df AvaxWallet[53632:1d310f1] [com.apple.UIKit:ViewServiceAssertion] Initialized service interface: identifier: com.apple.SafariViewService; assertion: 0x6000001b69e0
2023-01-13 11:41:56.563 Db AvaxWallet[53632:1d310c2] [com.apple.CFBundle:resources] Resource lookup at CFBundle 0x143806cb0 </Applications/Xcode.app/Contents/Developer/Platforms/iPhoneOS.platform/Library/Developer/CoreSimulator/Profiles/Runtimes/iOS.simruntime/Contents/Resources/RuntimeRoot/System/Library/AccessibilityBundles/UIKit.axbundle> (framework, loaded)
	Request       : Accessibility type: strings localization: en
	Result        : file:///Applications/Xcode.app/Contents/Developer/Platforms/iPhoneOS.platform/Library/Developer/CoreSimulator/Profiles/Runtimes/iOS.simruntime/Contents/Resources/RuntimeRoot/System/Library/AccessibilityBundles/UIKit.axbundle/en.lproj/Accessibility.strings
2023-01-13 11:41:56.563 Db AvaxWallet[53632:1d310c2] [com.apple.CFBundle:resources] Resource lookup at CFBundle 0x143806cb0 </Applications/Xcode.app/Contents/Developer/Platforms/iPhoneOS.platform/Library/Developer/CoreSimulator/Profiles/Runtimes/iOS.simruntime/Contents/Resources/RuntimeRoot/System/Library/AccessibilityBundles/UIKit.axbundle> (framework, loaded)
	Request       : Accessibility type: stringsdict localization: en
	Result        : file:///Applications/Xcode.app/Contents/Developer/Platforms/iPhoneOS.platform/Library/Developer/CoreSimulator/Profiles/Runtimes/iOS.simruntime/Contents/Resources/RuntimeRoot/System/Library/AccessibilityBundles/UIKit.axbundle/en.lproj/Accessibility.stringsdict
2023-01-13 11:41:56.563 Db AvaxWallet[53632:1d310c2] [com.apple.CFBundle:strings] Bundle: CFBundle 0x143806cb0 </Applications/Xcode.app/Contents/Developer/Platforms/iPhoneOS.platform/Library/Developer/CoreSimulator/Profiles/Runtimes/iOS.simruntime/Contents/Resources/RuntimeRoot/System/Library/AccessibilityBundles/UIKit.axbundle> (framework, loaded), key: global.keyboard.key.emoji, value: (null), table: Accessibility, localizationName: en, result: Emoji
2023-01-13 11:41:56.563 Db AvaxWallet[53632:1d310c2] [com.apple.UIKit:KeyboardVisualMode] useVisualModeWindowed: 0 (windowingModeEnabled: 0)
2023-01-13 11:41:56.564 Db AvaxWallet[53632:1d310c2] [com.apple.defaults:User Defaults] found no value for key KeyboardBias in CFPrefsSearchListSource<0x600000ca4e80> (Domain: com.apple.keyboard.preferences, Container: (null))
2023-01-13 11:41:56.564 Df AvaxWallet[53632:1d310f1] [com.apple.UIKit:ViewServiceAssertion] Cancelled active service request: identifier: com.apple.SafariViewService; assertion: 0x0
2023-01-13 11:41:56.564 Db AvaxWallet[53632:1d310c2] [com.apple.UIKit:KeyboardVisualMode] useVisualModeWindowed: 0 (windowingModeEnabled: 0)
2023-01-13 11:41:56.564 Db AvaxWallet[53632:1d310c2] [com.apple.UIKit:KeyboardVisualMode] useVisualModeWindowed: 0 (windowingModeEnabled: 0)
2023-01-13 11:41:56.564 Db AvaxWallet[53632:1d310c2] [com.apple.UIKit:KeyboardVisualMode] useVisualModeWindowed: 0 (windowingModeEnabled: 0)
2023-01-13 11:41:56.564 Df AvaxWallet[53632:1d310f1] [com.apple.UIKit:ViewServiceAssertion] Invalidating assertion: identifier: com.apple.SafariViewService; assertion: 0x0
2023-01-13 11:41:56.564 Df AvaxWallet[53632:1d310f1] [com.apple.UIKit:ViewServiceAssertion] Calling out to connection handler to cancel active service request: identifier: com.apple.SafariViewService; assertion: 0x0
2023-01-13 11:41:56.569 I  AvaxWallet[53632:1d310c2] [com.apple.Accessibility:AXRuntimeNotifications] Attempting to send notification:  (1000) (null)
2023-01-13 11:41:56.569 Db AvaxWallet[53632:1d310c2] [com.apple.CFBundle:strings] Bundle: CFBundle 0x14382b180 </Applications/Xcode.app/Contents/Developer/Platforms/iPhoneOS.platform/Library/Developer/CoreSimulator/Profiles/Runtimes/iOS.simruntime/Contents/Resources/RuntimeRoot/System/Library/AccessibilityBundles/AnnotationKit.axbundle> (bundle, loaded), key: color.picker.white, value: , table: Accessibility, localizationName: (null), result: White
2023-01-13 11:41:56.569 Db AvaxWallet[53632:1d310c2] [com.apple.CFBundle:strings] Bundle: CFBundle 0x14382b180 </Applications/Xcode.app/Contents/Developer/Platforms/iPhoneOS.platform/Library/Developer/CoreSimulator/Profiles/Runtimes/iOS.simruntime/Contents/Resources/RuntimeRoot/System/Library/AccessibilityBundles/AnnotationKit.axbundle> (bundle, loaded), key: color.picker.white, value: , table: Accessibility, localizationName: (null), result: White
2023-01-13 11:41:56.570 Db AvaxWallet[53632:1d310c2] [com.apple.CFBundle:strings] Bundle: CFBundle 0x143b0cb80 </Applications/Xcode.app/Contents/Developer/Platforms/iPhoneOS.platform/Library/Developer/CoreSimulator/Profiles/Runtimes/iOS.simruntime/Contents/Resources/RuntimeRoot/System/Library/PrivateFrameworks/UIKitCore.framework> (not loaded), key: CONTEXT_MENU_LOADING, value: Loading, table: Localizable, localizationName: (null), result: Loading
2023-01-13 11:41:56.570 Db AvaxWallet[53632:1d310c2] [com.apple.CFBundle:strings] Bundle: CFBundle 0x143b0cb80 </Applications/Xcode.app/Contents/Developer/Platforms/iPhoneOS.platform/Library/Developer/CoreSimulator/Profiles/Runtimes/iOS.simruntime/Contents/Resources/RuntimeRoot/System/Library/PrivateFrameworks/UIKitCore.framework> (not loaded), key: CONTEXT_MENU_LOADING, value: Loading, table: Localizable, localizationName: (null), result: Loading
2023-01-13 11:41:56.570 Db AvaxWallet[53632:1d310c2] [com.apple.CFBundle:strings] Bundle: CFBundle 0x14382b180 </Applications/Xcode.app/Contents/Developer/Platforms/iPhoneOS.platform/Library/Developer/CoreSimulator/Profiles/Runtimes/iOS.simruntime/Contents/Resources/RuntimeRoot/System/Library/AccessibilityBundles/AnnotationKit.axbundle> (bundle, loaded), key: color.picker.white, value: , table: Accessibility, localizationName: (null), result: White
2023-01-13 11:41:56.570 Db AvaxWallet[53632:1d310c2] [com.apple.CFBundle:strings] Bundle: CFBundle 0x14382b180 </Applications/Xcode.app/Contents/Developer/Platforms/iPhoneOS.platform/Library/Developer/CoreSimulator/Profiles/Runtimes/iOS.simruntime/Contents/Resources/RuntimeRoot/System/Library/AccessibilityBundles/AnnotationKit.axbundle> (bundle, loaded), key: color.picker.white, value: , table: Accessibility, localizationName: (null), result: White
2023-01-13 11:41:56.571 Db AvaxWallet[53632:1d310c2] [com.apple.CFBundle:strings] Bundle: CFBundle 0x143b0cb80 </Applications/Xcode.app/Contents/Developer/Platforms/iPhoneOS.platform/Library/Developer/CoreSimulator/Profiles/Runtimes/iOS.simruntime/Contents/Resources/RuntimeRoot/System/Library/PrivateFrameworks/UIKitCore.framework> (not loaded), key: CONTEXT_MENU_LOADING, value: Loading, table: Localizable, localizationName: (null), result: Loading
2023-01-13 11:41:56.571 Db AvaxWallet[53632:1d310c2] [com.apple.CFBundle:strings] Bundle: CFBundle 0x143b0cb80 </Applications/Xcode.app/Contents/Developer/Platforms/iPhoneOS.platform/Library/Developer/CoreSimulator/Profiles/Runtimes/iOS.simruntime/Contents/Resources/RuntimeRoot/System/Library/PrivateFrameworks/UIKitCore.framework> (not loaded), key: CONTEXT_MENU_LOADING, value: Loading, table: Localizable, localizationName: (null), result: Loading
2023-01-13 11:41:56.572 I  AvaxWallet[53632:1d310c2] [com.apple.Accessibility:AXRuntimeNotifications] Attempting to send notification:  (1001) (null)
2023-01-13 11:41:56.572 I  AvaxWallet[53632:1d310c2] [com.apple.Accessibility:AXRuntimeNotifications] Did post notification. notification:  (1055) error:0 data:(null)
2023-01-13 11:41:56.572 I  AvaxWallet[53632:1d310c2] [com.apple.Accessibility:AXRuntimeNotifications] Did post notification. notification:  (1000) error:0 data:(null)
2023-01-13 11:41:56.573 I  AvaxWallet[53632:1d310c2] [com.apple.Accessibility:AXRuntimeNotifications] Did post notification. notification:  (1001) error:0 data:(null)
2023-01-13 11:41:56.576 Db AvaxWallet[53632:1d310c2] [com.apple.BaseBoard:MachPort]  *|machport|* <BSMachPortSendRight: 0x600002c8cd80; usable: YES; (53632:7a03:send take)> -> (<_NSMainThread: 0x6000037a0480>{number = 1, name = main}) (
	0   BaseBoard                           0x000000018333a548 -[BSMachPortRight _initWithPort:type:owner:trace:] + 192
	1   BaseBoard                           0x000000018333bc00 -[BSMachPortSendRight initWithPort:] + 116
	2   UIKitCore                           0x00000001105bbbec -[_UIRemoteViewControllerConnectionRequest _sendServiceViewControllerRequest] + 188
	3   DetoxSync                           0x0000000113f3667c ____detox_sync_dispatch_wrapper_block_invoke + 44
	4   libdispatch.dylib                   0x0000000180135768 _dispatch_client_callout + 16
	5   libdispatch.dylib                   0x0000000180145f04 _dispatch_lane_barrier_sync_invoke_and_complete + 92
	6   DetoxSync                           0x0000000113f36034 __detox_sync_dispatch_sync + 200
	7   UIKitCore                           0x00000001105bb34c __115-[_UIRemoteViewControllerConnectio
2023-01-13 11:41:56.579 Db AvaxWallet[53632:1d310c2] [com.apple.BaseBoard:MachPort]  *|machport|* invalidate <BSMachPortSendRight:0x600002c8cd80 usable=YES (53632:7a03:send take)> -> (<_NSMainThread: 0x6000037a0480>{number = 1, name = main}) (
	0   BaseBoard                           0x000000018333acb4 -[BSMachPortRight _lock_invalidateForOwner:] + 288
	1   BaseBoard                           0x000000018333ad98 -[BSMachPortRight invalidate] + 56
	2   BaseBoard                           0x000000018333a72c -[BSMachPortRight dealloc] + 24
	3   UIKitCore                           0x00000001105bbd80 -[_UIRemoteViewControllerConnectionRequest _sendServiceViewControllerRequest] + 592
	4   DetoxSync                           0x0000000113f3667c ____detox_sync_dispatch_wrapper_block_invoke + 44
	5   libdispatch.dylib                   0x0000000180135768 _dispatch_client_callout + 16
	6   libdispatch.dylib                   0x0000000180145f04 _dispatch_lane_barrier_sync_invoke_and_complete + 92
	7   DetoxSync                           0x0000000113f36034 __detox_sync_dispatch_sync + 200
	8   UIKitCore
2023-01-13 11:41:56.595 Db AvaxWallet[53632:1d310f1] [com.apple.BaseBoard:MachPort]  *|machport|* <BSMachPortSendRight: 0x600002d17000; usable: YES; (53632:11727:send secCode) from (41855:4803:send take)> -> (<NSThread: 0x6000037b0bc0>{number = 2, name = (null)}) (
	0   BaseBoard                           0x000000018333a548 -[BSMachPortRight _initWithPort:type:owner:trace:] + 192
	1   BaseBoard                           0x000000018333b428 -[BSMachPortRight initWithCoder:] + 308
	2   Foundation                          0x0000000180cbbd88 _decodeObject + 1348
	3   Foundation                          0x0000000180cbc24c _decodeObjectAfterSettingAllowListForKey + 164
	4   Foundation                          0x0000000180cbc170 -[NSXPCDecoder decodeObjectOfClass:forKey:] + 48
	5   UIKitCore                           0x00000001105d8008 -[_UIViewServiceControllerOperatorCreateResult initWithCoder:] + 416
	6   Foundation                          0x0000000180cbbd88 _decodeObject + 1348
	7   Foundation                          0x0000000180cbb7b8 -[NSXPCDecoder _decodeObjectOfClasses:atObject:] + 144
2023-01-13 11:41:56.599 Db AvaxWallet[53632:1d310c2] [com.apple.BaseBoard:MachPort]  *|machport|* invalidate <BSMachPortSendRight:0x600002d17000 usable=YES (53632:11727:send secCode) from (41855:4803:send take)> -> (<_NSMainThread: 0x6000037a0480>{number = 1, name = main}) (
	0   BaseBoard                           0x000000018333acb4 -[BSMachPortRight _lock_invalidateForOwner:] + 288
	1   BaseBoard                           0x000000018333ab90 -[BSMachPortRight extractPortAndIKnowWhatImDoingISwear] + 120
	2   UIKitCore                           0x00000001105bd1ec -[_UIRemoteViewController _awakeWithConnectionInfo:] + 764
	3   UIKit                               0x00000001155ad6dc -[_UIRemoteViewControllerAccessibility _awakeWithConnectionInfo:] + 48
	4   UIKitCore                           0x00000001105bcd24 __124+[_UIRemoteViewController _requestViewController:traitCollection:fromServiceWithBundleIdentifier:service:connectionHandler:]_block_invoke_2 + 80
	5   DetoxSync                           0x0000000113f3667c ____detox_sync_dispatch_wrapper_block_invoke + 44
	6   libdispatch.dylib
2023-01-13 11:41:56.601 Db AvaxWallet[53632:1d310c2] [com.apple.UIKit:KeyboardVisualMode] TEW _shouldResizeWithScene 0 (windowingModeEnabled: 0, resizeFor: 0)
2023-01-13 11:41:56.601 Db AvaxWallet[53632:1d310c2] [com.apple.UIKit:KeyboardVisualMode] TEW _shouldResizeWithScene 0 (windowingModeEnabled: 0, resizeFor: 0)
2023-01-13 11:41:56.601 Df AvaxWallet[53632:1d310c2] [com.apple.UIKit:InputWindowController] Change to input view set: (null)
2023-01-13 11:41:56.601 Db AvaxWallet[53632:1d310c2] [com.apple.UIKit:KeyboardVisualMode] TEW _shouldResizeWithScene 0 (windowingModeEnabled: 0, resizeFor: 0)
2023-01-13 11:41:56.602 Db AvaxWallet[53632:1d310c2] [com.apple.UIKit:KeyboardVisualMode] TEW _shouldResizeWithScene 0 (windowingModeEnabled: 0, resizeFor: 0)
2023-01-13 11:41:56.602 E  AvaxWallet[53632:1d310f2] [com.apple.Accessibility:AXRuntimeCommon] Unknown client: AvaxWallet
2023-01-13 11:41:56.603 Db AvaxWallet[53632:1d310c2] [com.apple.UIKit:KeyboardVisualMode] TEW _shouldResizeWithScene 0 (windowingModeEnabled: 0, resizeFor: 0)
2023-01-13 11:41:56.603 Db AvaxWallet[53632:1d310c2] [com.apple.UIKit:KeyboardVisualMode] TEW _shouldResizeWithScene 0 (windowingModeEnabled: 0, resizeFor: 0)
2023-01-13 11:41:56.604 Db AvaxWallet[53632:1d310c2] [com.apple.UIKit:KeyboardVisualMode] TEW _shouldResizeWithScene 0 (windowingModeEnabled: 0, resizeFor: 0)
2023-01-13 11:41:56.604 Df AvaxWallet[53632:1d310c2] [com.apple.UIKit:InputWindowController] Change to input view set: (null)
2023-01-13 11:41:56.604 Db AvaxWallet[53632:1d310c2] [com.apple.UIKit:KeyboardVisualMode] TEW _shouldResizeWithScene 0 (windowingModeEnabled: 0, resizeFor: 0)
2023-01-13 11:41:56.604 I  AvaxWallet[53632:1d310f2] [com.apple.runningboard:assertion] Acquiring assertion: <RBSAssertionDescriptor| "injecting inherited from "UIScene:com.apple.frontboard.systemappservices::FBSceneManager:sceneID%3Aorg.avalabs.corewallet-default" to 41855<UIHostedWindow:a40de3f0>" ID:(null) target:41855<UIHostedWindow:a40de3f0>>
2023-01-13 11:41:56.604 Db AvaxWallet[53632:1d310c2] [com.apple.UIKit:KeyboardVisualMode] TEW _shouldResizeWithScene 0 (windowingModeEnabled: 0, resizeFor: 0)
2023-01-13 11:41:56.604 Df AvaxWallet[53632:1d310c2] [com.apple.UIKit:InputWindowController] Change to input view set: <<UIInputViewSet: 0x6000013e8f00>; (empty)>
2023-01-13 11:41:56.604 Db AvaxWallet[53632:1d310f2] [com.apple.runningboard:assertion] Adding assertion 84277-53632-111810 to dictionary
2023-01-13 11:41:56.606 Db AvaxWallet[53632:1d310c2] [com.apple.CFBundle:resources] Resource lookup at CFBundle 0x143806cb0 </Applications/Xcode.app/Contents/Developer/Platforms/iPhoneOS.platform/Library/Developer/CoreSimulator/Profiles/Runtimes/iOS.simruntime/Contents/Resources/RuntimeRoot/System/Library/AccessibilityBundles/UIKit.axbundle> (framework, loaded)
	Request       : Accessibility type: strings localization: en
	Result        : file:///Applications/Xcode.app/Contents/Developer/Platforms/iPhoneOS.platform/Library/Developer/CoreSimulator/Profiles/Runtimes/iOS.simruntime/Contents/Resources/RuntimeRoot/System/Library/AccessibilityBundles/UIKit.axbundle/en.lproj/Accessibility.strings
2023-01-13 11:41:56.606 Db AvaxWallet[53632:1d310c2] [com.apple.CFBundle:resources] Resource lookup at CFBundle 0x143806cb0 </Applications/Xcode.app/Contents/Developer/Platforms/iPhoneOS.platform/Library/Developer/CoreSimulator/Profiles/Runtimes/iOS.simruntime/Contents/Resources/RuntimeRoot/System/Library/AccessibilityBundles/UIKit.axbundle> (framework, loaded)
	Request       : Accessibility type: stringsdict localization: en
	Result        : file:///Applications/Xcode.app/Contents/Developer/Platforms/iPhoneOS.platform/Library/Developer/CoreSimulator/Profiles/Runtimes/iOS.simruntime/Contents/Resources/RuntimeRoot/System/Library/AccessibilityBundles/UIKit.axbundle/en.lproj/Accessibility.stringsdict
2023-01-13 11:41:56.606 Db AvaxWallet[53632:1d310c2] [com.apple.CFBundle:strings] Bundle: CFBundle 0x143806cb0 </Applications/Xcode.app/Contents/Developer/Platforms/iPhoneOS.platform/Library/Developer/CoreSimulator/Profiles/Runtimes/iOS.simruntime/Contents/Resources/RuntimeRoot/System/Library/AccessibilityBundles/UIKit.axbundle> (framework, loaded), key: global.keyboard.key.emoji, value: (null), table: Accessibility, localizationName: en, result: Emoji
2023-01-13 11:41:56.606 Db AvaxWallet[53632:1d310c2] [com.apple.CFBundle:strings] Bundle: CFBundle 0x143806cb0 </Applications/Xcode.app/Contents/Developer/Platforms/iPhoneOS.platform/Library/Developer/CoreSimulator/Profiles/Runtimes/iOS.simruntime/Contents/Resources/RuntimeRoot/System/Library/AccessibilityBundles/UIKit.axbundle> (framework, loaded), key: globe.keyboard.key.hint, value: , table: Accessibility, localizationName: (null), result: Double-tap and hold, then drag up to select another keyboard
2023-01-13 11:41:56.606 Db AvaxWallet[53632:1d310c2] [com.apple.CFBundle:strings] Bundle: CFBundle 0x143806cb0 </Applications/Xcode.app/Contents/Developer/Platforms/iPhoneOS.platform/Library/Developer/CoreSimulator/Profiles/Runtimes/iOS.simruntime/Contents/Resources/RuntimeRoot/System/Library/AccessibilityBundles/UIKit.axbundle> (framework, loaded), key: dictation.key, value: , table: Accessibility, localizationName: (null), result: Dictate
2023-01-13 11:41:56.606 Db AvaxWallet[53632:1d310c2] [com.apple.CFBundle:strings] Bundle: CFBundle 0x143806cb0 </Applications/Xcode.app/Contents/Developer/Platforms/iPhoneOS.platform/Library/Developer/CoreSimulator/Profiles/Runtimes/iOS.simruntime/Contents/Resources/RuntimeRoot/System/Library/AccessibilityBundles/UIKit.axbundle> (framework, loaded), key: dictation.key.hint, value: , table: Accessibility, localizationName: (null), result: Double-tap to start dictation. Double-tap with two fingers when finished.
2023-01-13 11:41:56.606 Db AvaxWallet[53632:1d310c2] [com.apple.CFBundle:strings] Bundle: CFBundle 0x143806cb0 </Applications/Xcode.app/Contents/Developer/Platforms/iPhoneOS.platform/Library/Developer/CoreSimulator/Profiles/Runtimes/iOS.simruntime/Contents/Resources/RuntimeRoot/System/Library/AccessibilityBundles/UIKit.axbundle> (framework, loaded), key: keyboardMinimized.tabButton, value: , table: Accessibility, localizationName: (null), result: show keyboard
2023-01-13 11:41:56.607 Db AvaxWallet[53632:1d310c2] [com.apple.CFBundle:resources] Resource lookup at CFBundle 0x143806cb0 </Applications/Xcode.app/Contents/Developer/Platforms/iPhoneOS.platform/Library/Developer/CoreSimulator/Profiles/Runtimes/iOS.simruntime/Contents/Resources/RuntimeRoot/System/Library/AccessibilityBundles/UIKit.axbundle> (framework, loaded)
	Request       : Accessibility type: strings localization: en
	Result        : file:///Applications/Xcode.app/Contents/Developer/Platforms/iPhoneOS.platform/Library/Developer/CoreSimulator/Profiles/Runtimes/iOS.simruntime/Contents/Resources/RuntimeRoot/System/Library/AccessibilityBundles/UIKit.axbundle/en.lproj/Accessibility.strings
2023-01-13 11:41:56.607 Db AvaxWallet[53632:1d310c2] [com.apple.CFBundle:resources] Resource lookup at CFBundle 0x143806cb0 </Applications/Xcode.app/Contents/Developer/Platforms/iPhoneOS.platform/Library/Developer/CoreSimulator/Profiles/Runtimes/iOS.simruntime/Contents/Resources/RuntimeRoot/System/Library/AccessibilityBundles/UIKit.axbundle> (framework, loaded)
	Request       : Accessibility type: stringsdict localization: en
	Result        : file:///Applications/Xcode.app/Contents/Developer/Platforms/iPhoneOS.platform/Library/Developer/CoreSimulator/Profiles/Runtimes/iOS.simruntime/Contents/Resources/RuntimeRoot/System/Library/AccessibilityBundles/UIKit.axbundle/en.lproj/Accessibility.stringsdict
2023-01-13 11:41:56.607 Db AvaxWallet[53632:1d310c2] [com.apple.CFBundle:strings] Bundle: CFBundle 0x143806cb0 </Applications/Xcode.app/Contents/Developer/Platforms/iPhoneOS.platform/Library/Developer/CoreSimulator/Profiles/Runtimes/iOS.simruntime/Contents/Resources/RuntimeRoot/System/Library/AccessibilityBundles/UIKit.axbundle> (framework, loaded), key: global.keyboard.key.emoji, value: (null), table: Accessibility, localizationName: en, result: Emoji
2023-01-13 11:41:56.607 Db AvaxWallet[53632:1d310c2] [com.apple.CFBundle:strings] Bundle: CFBundle 0x143806cb0 </Applications/Xcode.app/Contents/Developer/Platforms/iPhoneOS.platform/Library/Developer/CoreSimulator/Profiles/Runtimes/iOS.simruntime/Contents/Resources/RuntimeRoot/System/Library/AccessibilityBundles/UIKit.axbundle> (framework, loaded), key: globe.keyboard.key.hint, value: , table: Accessibility, localizationName: (null), result: Double-tap and hold, then drag up to select another keyboard
2023-01-13 11:41:56.607 Db AvaxWallet[53632:1d310c2] [com.apple.CFBundle:strings] Bundle: CFBundle 0x143806cb0 </Applications/Xcode.app/Contents/Developer/Platforms/iPhoneOS.platform/Library/Developer/CoreSimulator/Profiles/Runtimes/iOS.simruntime/Contents/Resources/RuntimeRoot/System/Library/AccessibilityBundles/UIKit.axbundle> (framework, loaded), key: dictation.key, value: , table: Accessibility, localizationName: (null), result: Dictate
2023-01-13 11:41:56.607 Db AvaxWallet[53632:1d310c2] [com.apple.CFBundle:strings] Bundle: CFBundle 0x143806cb0 </Applications/Xcode.app/Contents/Developer/Platforms/iPhoneOS.platform/Library/Developer/CoreSimulator/Profiles/Runtimes/iOS.simruntime/Contents/Resources/RuntimeRoot/System/Library/AccessibilityBundles/UIKit.axbundle> (framework, loaded), key: dictation.key.hint, value: , table: Accessibility, localizationName: (null), result: Double-tap to start dictation. Double-tap with two fingers when finished.
2023-01-13 11:41:56.607 Db AvaxWallet[53632:1d310c2] [com.apple.CFBundle:strings] Bundle: CFBundle 0x143806cb0 </Applications/Xcode.app/Contents/Developer/Platforms/iPhoneOS.platform/Library/Developer/CoreSimulator/Profiles/Runtimes/iOS.simruntime/Contents/Resources/RuntimeRoot/System/Library/AccessibilityBundles/UIKit.axbundle> (framework, loaded), key: keyboardMinimized.tabButton, value: , table: Accessibility, localizationName: (null), result: show keyboard
2023-01-13 11:41:56.608 Db AvaxWallet[53632:1d310c2] [com.apple.defaults:User Defaults] found no value for key DictationLanguagesLastUsed in CFPrefsSearchListSource<0x600000ca4e80> (Domain: com.apple.keyboard.preferences, Container: (null))
2023-01-13 11:41:56.608 I  AvaxWallet[53632:1d310c2] [com.apple.siri:Client] -[AFDictationConnection dictationIsAvailableForLanguage:synchronous:] 0x60000191cea0 Checking if language en-US is available
2023-01-13 11:41:56.609 Db AvaxWallet[53632:1d310c2] [com.apple.defaults:User Defaults] looked up value {
    "ar-SA" =     {
        "Auto Punctuation" = 0;
        "Continuous Listening" = 1;
        "Emoji Recognition" = 0;
        "High Quality" = 1;
        Installed = 0;
        "On Device Search" = 1;
    };
    "de-DE" =     {
        "Auto Punctuation" = 1;
        "Continuous Listening" = 1;
        "Emoji Recognition" = 1;
        "High Quality" = 1;
        Installed = 0;
        "On Device Search" = 1;
    };
    "en-AU" =     {
        "Auto Punctuation" = 1;
        "Continuous Listening" = 1;
        "Emoji Recognition" = 1;
        "High Quality" = 1;
        Installed = 0;
        "On Device Search" = 1;
    };
    "en-CA" =     {
        "Auto Punctuation" = 1;
        "Continuous Listening" = 1;
        "Emoji Recognition" = 1;
        "High Quality" = 1;
        Installed = 0;
        "On Device Search" = 1;
    };
    "en-GB" =     {
        "Auto Punctuation" = 1;
        "Continuous Listening" = 1;
        "Emoji Recognition" = 1;
        "High Quality" = 1;
        Installed =  for key <decode: missing data> in <decode: missing data> via <decode: missing data>
2023-01-13 11:41:56.609 Db AvaxWallet[53632:1d310c2] [com.apple.defaults:User Defaults] found no value for key Siri Data Sharing Opt-In Status 2.0 in CFPrefsSearchListSource<0x600000c0b900> (Domain: com.apple.assistant.support, Container: (null))
2023-01-13 11:41:56.609 Db AvaxWallet[53632:1d310c2] [com.apple.defaults:User Defaults] found no value for key Assistant Enabled in CFPrefsSearchListSource<0x600000c0b900> (Domain: com.apple.assistant.support, Container: (null))
2023-01-13 11:41:56.609 I  AvaxWallet[53632:1d310c2] [com.apple.siri:Client] -[AFDictationConnection dictationIsAvailableForLanguage:synchronous:] 0x60000191cea0 Language en-US is available over network
2023-01-13 11:41:56.609 I  AvaxWallet[53632:1d310c2] [com.apple.siri:Client] -[AFDictationConnection dictationIsAvailableForLanguage:synchronous:] 0x60000191cea0 Checking if language en-US is available
2023-01-13 11:41:56.609 Db AvaxWallet[53632:1d310c2] [com.apple.defaults:User Defaults] looked up value {
    "ar-SA" =     {
        "Auto Punctuation" = 0;
        "Continuous Listening" = 1;
        "Emoji Recognition" = 0;
        "High Quality" = 1;
        Installed = 0;
        "On Device Search" = 1;
    };
    "de-DE" =     {
        "Auto Punctuation" = 1;
        "Continuous Listening" = 1;
        "Emoji Recognition" = 1;
        "High Quality" = 1;
        Installed = 0;
        "On Device Search" = 1;
    };
    "en-AU" =     {
        "Auto Punctuation" = 1;
        "Continuous Listening" = 1;
        "Emoji Recognition" = 1;
        "High Quality" = 1;
        Installed = 0;
        "On Device Search" = 1;
    };
    "en-CA" =     {
        "Auto Punctuation" = 1;
        "Continuous Listening" = 1;
        "Emoji Recognition" = 1;
        "High Quality" = 1;
        Installed = 0;
        "On Device Search" = 1;
    };
    "en-GB" =     {
        "Auto Punctuation" = 1;
        "Continuous Listening" = 1;
        "Emoji Recognition" = 1;
        "High Quality" = 1;
        Installed =  for key <decode: missing data> in <decode: missing data> via <decode: missing data>
2023-01-13 11:41:56.609 Db AvaxWallet[53632:1d310c2] [com.apple.defaults:User Defaults] found no value for key Siri Data Sharing Opt-In Status 2.0 in CFPrefsSearchListSource<0x600000c0b900> (Domain: com.apple.assistant.support, Container: (null))
2023-01-13 11:41:56.609 Db AvaxWallet[53632:1d310c2] [com.apple.defaults:User Defaults] found no value for key Assistant Enabled in CFPrefsSearchListSource<0x600000c0b900> (Domain: com.apple.assistant.support, Container: (null))
2023-01-13 11:41:56.609 I  AvaxWallet[53632:1d310c2] [com.apple.siri:Client] -[AFDictationConnection dictationIsAvailableForLanguage:synchronous:] 0x60000191cea0 Language en-US is available over network
2023-01-13 11:41:56.609 I  AvaxWallet[53632:1d310c2] [com.apple.siri:Client] -[AFDictationConnection dictationIsAvailableForLanguage:synchronous:] 0x60000191cea0 Checking if language en-US is available
2023-01-13 11:41:56.609 Db AvaxWallet[53632:1d310c2] [com.apple.defaults:User Defaults] looked up value {
    "ar-SA" =     {
        "Auto Punctuation" = 0;
        "Continuous Listening" = 1;
        "Emoji Recognition" = 0;
        "High Quality" = 1;
        Installed = 0;
        "On Device Search" = 1;
    };
    "de-DE" =     {
        "Auto Punctuation" = 1;
        "Continuous Listening" = 1;
        "Emoji Recognition" = 1;
        "High Quality" = 1;
        Installed = 0;
        "On Device Search" = 1;
    };
    "en-AU" =     {
        "Auto Punctuation" = 1;
        "Continuous Listening" = 1;
        "Emoji Recognition" = 1;
        "High Quality" = 1;
        Installed = 0;
        "On Device Search" = 1;
    };
    "en-CA" =     {
        "Auto Punctuation" = 1;
        "Continuous Listening" = 1;
        "Emoji Recognition" = 1;
        "High Quality" = 1;
        Installed = 0;
        "On Device Search" = 1;
    };
    "en-GB" =     {
        "Auto Punctuation" = 1;
        "Continuous Listening" = 1;
        "Emoji Recognition" = 1;
        "High Quality" = 1;
        Installed =  for key <decode: missing data> in <decode: missing data> via <decode: missing data>
2023-01-13 11:41:56.609 Db AvaxWallet[53632:1d310c2] [com.apple.defaults:User Defaults] found no value for key Siri Data Sharing Opt-In Status 2.0 in CFPrefsSearchListSource<0x600000c0b900> (Domain: com.apple.assistant.support, Container: (null))
2023-01-13 11:41:56.609 Db AvaxWallet[53632:1d310c2] [com.apple.defaults:User Defaults] found no value for key Assistant Enabled in CFPrefsSearchListSource<0x600000c0b900> (Domain: com.apple.assistant.support, Container: (null))
2023-01-13 11:41:56.609 I  AvaxWallet[53632:1d310c2] [com.apple.siri:Client] -[AFDictationConnection dictationIsAvailableForLanguage:synchronous:] 0x60000191cea0 Language en-US is available over network
2023-01-13 11:41:56.610 Db AvaxWallet[53632:1d310c2] [com.apple.CFBundle:resources] Resource lookup at CFBundle 0x143806cb0 </Applications/Xcode.app/Contents/Developer/Platforms/iPhoneOS.platform/Library/Developer/CoreSimulator/Profiles/Runtimes/iOS.simruntime/Contents/Resources/RuntimeRoot/System/Library/AccessibilityBundles/UIKit.axbundle> (framework, loaded)
	Request       : Accessibility type: strings localization: en
	Result        : file:///Applications/Xcode.app/Contents/Developer/Platforms/iPhoneOS.platform/Library/Developer/CoreSimulator/Profiles/Runtimes/iOS.simruntime/Contents/Resources/RuntimeRoot/System/Library/AccessibilityBundles/UIKit.axbundle/en.lproj/Accessibility.strings
2023-01-13 11:41:56.610 Db AvaxWallet[53632:1d310c2] [com.apple.CFBundle:resources] Resource lookup at CFBundle 0x143806cb0 </Applications/Xcode.app/Contents/Developer/Platforms/iPhoneOS.platform/Library/Developer/CoreSimulator/Profiles/Runtimes/iOS.simruntime/Contents/Resources/RuntimeRoot/System/Library/AccessibilityBundles/UIKit.axbundle> (framework, loaded)
	Request       : Accessibility type: stringsdict localization: en
