2023-01-13 11:40:11.986 I  AvaxWallet[53452:1d306af] [com.apple.siri:Client] -[AFDictationConnection dictationIsAvailableForLanguage:synchronous:] 0x600001636700 Language en-US is available over network
2023-01-13 11:40:11.986 I  AvaxWallet[53452:1d306af] [com.apple.siri:Client] -[AFDictationConnection dictationIsAvailableForLanguage:synchronous:] 0x600001636700 Checking if language en-US is available
2023-01-13 11:40:11.986 Db AvaxWallet[53452:1d306af] [com.apple.defaults:User Defaults] looked up value {
    "ar-SA" =     {
        "Auto Punctuation" = 0;
        "Continuous Listening" = 1;
        "Emoji Recognition" = 0;
        "High Quality" = 1;
        Installed = 0;
        "On Device Search" = 1;
    };
    "de-DE" =     {
        "Auto Punctuation" = 1;
        "Continuous Listening" = 1;
        "Emoji Recognition" = 1;
        "High Quality" = 1;
        Installed = 0;
        "On Device Search" = 1;
    };
    "en-AU" =     {
        "Auto Punctuation" = 1;
        "Continuous Listening" = 1;
        "Emoji Recognition" = 1;
        "High Quality" = 1;
        Installed = 0;
        "On Device Search" = 1;
    };
    "en-CA" =     {
        "Auto Punctuation" = 1;
        "Continuous Listening" = 1;
        "Emoji Recognition" = 1;
        "High Quality" = 1;
        Installed = 0;
        "On Device Search" = 1;
    };
    "en-GB" =     {
        "Auto Punctuation" = 1;
        "Continuous Listening" = 1;
        "Emoji Recognition" = 1;
        "High Quality" = 1;
        Installed =  for key <decode: missing data> in <decode: missing data> via <decode: missing data>
2023-01-13 11:40:11.986 Db AvaxWallet[53452:1d306af] [com.apple.defaults:User Defaults] found no value for key Siri Data Sharing Opt-In Status 2.0 in CFPrefsSearchListSource<0x60000031c880> (Domain: com.apple.assistant.support, Container: (null))
2023-01-13 11:40:11.986 Db AvaxWallet[53452:1d306af] [com.apple.defaults:User Defaults] found no value for key Assistant Enabled in CFPrefsSearchListSource<0x60000031c880> (Domain: com.apple.assistant.support, Container: (null))
2023-01-13 11:40:11.986 I  AvaxWallet[53452:1d306af] [com.apple.siri:Client] -[AFDictationConnection dictationIsAvailableForLanguage:synchronous:] 0x600001636700 Language en-US is available over network
2023-01-13 11:40:11.986 I  AvaxWallet[53452:1d306af] [com.apple.siri:Client] -[AFDictationConnection dictationIsAvailableForLanguage:synchronous:] 0x600001636700 Checking if language en-US is available
2023-01-13 11:40:11.986 Db AvaxWallet[53452:1d306af] [com.apple.defaults:User Defaults] looked up value {
    "ar-SA" =     {
        "Auto Punctuation" = 0;
        "Continuous Listening" = 1;
        "Emoji Recognition" = 0;
        "High Quality" = 1;
        Installed = 0;
        "On Device Search" = 1;
    };
    "de-DE" =     {
        "Auto Punctuation" = 1;
        "Continuous Listening" = 1;
        "Emoji Recognition" = 1;
        "High Quality" = 1;
        Installed = 0;
        "On Device Search" = 1;
    };
    "en-AU" =     {
        "Auto Punctuation" = 1;
        "Continuous Listening" = 1;
        "Emoji Recognition" = 1;
        "High Quality" = 1;
        Installed = 0;
        "On Device Search" = 1;
    };
    "en-CA" =     {
        "Auto Punctuation" = 1;
        "Continuous Listening" = 1;
        "Emoji Recognition" = 1;
        "High Quality" = 1;
        Installed = 0;
        "On Device Search" = 1;
    };
    "en-GB" =     {
        "Auto Punctuation" = 1;
        "Continuous Listening" = 1;
        "Emoji Recognition" = 1;
        "High Quality" = 1;
        Installed =  for key <decode: missing data> in <decode: missing data> via <decode: missing data>
2023-01-13 11:40:11.986 Db AvaxWallet[53452:1d306af] [com.apple.defaults:User Defaults] found no value for key Siri Data Sharing Opt-In Status 2.0 in CFPrefsSearchListSource<0x60000031c880> (Domain: com.apple.assistant.support, Container: (null))
2023-01-13 11:40:11.986 Db AvaxWallet[53452:1d306af] [com.apple.defaults:User Defaults] found no value for key Assistant Enabled in CFPrefsSearchListSource<0x60000031c880> (Domain: com.apple.assistant.support, Container: (null))
2023-01-13 11:40:11.986 I  AvaxWallet[53452:1d306af] [com.apple.siri:Client] -[AFDictationConnection dictationIsAvailableForLanguage:synchronous:] 0x600001636700 Language en-US is available over network
2023-01-13 11:40:11.986 Db AvaxWallet[53452:1d306af] [com.apple.defaults:User Defaults] found no value for key DictationLanguagesLastUsed in CFPrefsSearchListSource<0x6000003b9a80> (Domain: com.apple.keyboard.preferences, Container: (null))
2023-01-13 11:40:11.986 I  AvaxWallet[53452:1d306af] [com.apple.siri:Client] -[AFDictationConnection dictationIsAvailableForLanguage:synchronous:] 0x600001636700 Checking if language en-US is available
2023-01-13 11:40:11.986 Db AvaxWallet[53452:1d306af] [com.apple.defaults:User Defaults] looked up value {
    "ar-SA" =     {
        "Auto Punctuation" = 0;
        "Continuous Listening" = 1;
        "Emoji Recognition" = 0;
        "High Quality" = 1;
        Installed = 0;
        "On Device Search" = 1;
    };
    "de-DE" =     {
        "Auto Punctuation" = 1;
        "Continuous Listening" = 1;
        "Emoji Recognition" = 1;
        "High Quality" = 1;
        Installed = 0;
        "On Device Search" = 1;
    };
    "en-AU" =     {
        "Auto Punctuation" = 1;
        "Continuous Listening" = 1;
        "Emoji Recognition" = 1;
        "High Quality" = 1;
        Installed = 0;
        "On Device Search" = 1;
    };
    "en-CA" =     {
        "Auto Punctuation" = 1;
        "Continuous Listening" = 1;
        "Emoji Recognition" = 1;
        "High Quality" = 1;
        Installed = 0;
        "On Device Search" = 1;
    };
    "en-GB" =     {
        "Auto Punctuation" = 1;
        "Continuous Listening" = 1;
        "Emoji Recognition" = 1;
        "High Quality" = 1;
        Installed =  for key <decode: missing data> in <decode: missing data> via <decode: missing data>
2023-01-13 11:40:11.986 Db AvaxWallet[53452:1d306af] [com.apple.defaults:User Defaults] found no value for key Siri Data Sharing Opt-In Status 2.0 in CFPrefsSearchListSource<0x60000031c880> (Domain: com.apple.assistant.support, Container: (null))
2023-01-13 11:40:11.986 Db AvaxWallet[53452:1d306af] [com.apple.defaults:User Defaults] found no value for key Assistant Enabled in CFPrefsSearchListSource<0x60000031c880> (Domain: com.apple.assistant.support, Container: (null))
2023-01-13 11:40:11.986 I  AvaxWallet[53452:1d306af] [com.apple.siri:Client] -[AFDictationConnection dictationIsAvailableForLanguage:synchronous:] 0x600001636700 Language en-US is available over network
2023-01-13 11:40:11.986 I  AvaxWallet[53452:1d306af] [com.apple.siri:Client] -[AFDictationConnection dictationIsAvailableForLanguage:synchronous:] 0x600001636700 Checking if language en-US is available
2023-01-13 11:40:11.986 Db AvaxWallet[53452:1d306af] [com.apple.defaults:User Defaults] looked up value {
    "ar-SA" =     {
        "Auto Punctuation" = 0;
        "Continuous Listening" = 1;
        "Emoji Recognition" = 0;
        "High Quality" = 1;
        Installed = 0;
        "On Device Search" = 1;
    };
    "de-DE" =     {
        "Auto Punctuation" = 1;
        "Continuous Listening" = 1;
        "Emoji Recognition" = 1;
        "High Quality" = 1;
        Installed = 0;
        "On Device Search" = 1;
    };
    "en-AU" =     {
        "Auto Punctuation" = 1;
        "Continuous Listening" = 1;
        "Emoji Recognition" = 1;
        "High Quality" = 1;
        Installed = 0;
        "On Device Search" = 1;
    };
    "en-CA" =     {
        "Auto Punctuation" = 1;
        "Continuous Listening" = 1;
        "Emoji Recognition" = 1;
        "High Quality" = 1;
        Installed = 0;
        "On Device Search" = 1;
    };
    "en-GB" =     {
        "Auto Punctuation" = 1;
        "Continuous Listening" = 1;
        "Emoji Recognition" = 1;
        "High Quality" = 1;
        Installed =  for key <decode: missing data> in <decode: missing data> via <decode: missing data>
2023-01-13 11:40:11.986 Db AvaxWallet[53452:1d306af] [com.apple.defaults:User Defaults] found no value for key Siri Data Sharing Opt-In Status 2.0 in CFPrefsSearchListSource<0x60000031c880> (Domain: com.apple.assistant.support, Container: (null))
2023-01-13 11:40:11.986 Db AvaxWallet[53452:1d306af] [com.apple.defaults:User Defaults] found no value for key Assistant Enabled in CFPrefsSearchListSource<0x60000031c880> (Domain: com.apple.assistant.support, Container: (null))
2023-01-13 11:40:11.987 I  AvaxWallet[53452:1d306af] [com.apple.siri:Client] -[AFDictationConnection dictationIsAvailableForLanguage:synchronous:] 0x600001636700 Language en-US is available over network
2023-01-13 11:40:11.987 I  AvaxWallet[53452:1d306af] [com.apple.siri:Client] +[AFDictationConnection dictationIsSupportedForLanguageCode:error:] Language en-US is supported for dictation
2023-01-13 11:40:11.987 Db AvaxWallet[53452:1d306af] [com.apple.UIKit:KeyboardVisualMode] useVisualModeWindowed: 0 (windowingModeEnabled: 0)
2023-01-13 11:40:11.987 Db AvaxWallet[53452:1d306af] [com.apple.UIKit:KeyboardVisualMode] useVisualModeWindowed: 0 (windowingModeEnabled: 0)
2023-01-13 11:40:11.987 Db AvaxWallet[53452:1d306af] [com.apple.foundation:general] Lookup of 'AppleLocale' from current preferences failed (app preferences do not contain the key; falling back to generation via preferred languages)
2023-01-13 11:40:11.987 Db AvaxWallet[53452:1d306af] [com.apple.foundation:general] CFLocaleCopyCurrent() constructing a locale identifier from preferred languages without a set country code
2023-01-13 11:40:11.988 I  AvaxWallet[53452:1d306af] [com.apple.siri:Client] +[AFDictationConnection dictationIsSupportedForLanguageCode:error:] Language en-US is supported for dictation
2023-01-13 11:40:11.988 I  AvaxWallet[53452:1d306af] [com.apple.siri:Client] +[AFDictationConnection dictationIsSupportedForLanguageCode:error:] Language emoji is NOT supported for dictation
2023-01-13 11:40:11.988 I  AvaxWallet[53452:1d306af] [com.apple.siri:Client] -[AFDictationConnection dictationIsAvailableForLanguage:synchronous:] 0x600001636700 Checking if language en-US is available
2023-01-13 11:40:11.988 Db AvaxWallet[53452:1d306af] [com.apple.defaults:User Defaults] looked up value {
    "ar-SA" =     {
        "Auto Punctuation" = 0;
        "Continuous Listening" = 1;
        "Emoji Recognition" = 0;
        "High Quality" = 1;
        Installed = 0;
        "On Device Search" = 1;
    };
    "de-DE" =     {
        "Auto Punctuation" = 1;
        "Continuous Listening" = 1;
        "Emoji Recognition" = 1;
        "High Quality" = 1;
        Installed = 0;
        "On Device Search" = 1;
    };
    "en-AU" =     {
        "Auto Punctuation" = 1;
        "Continuous Listening" = 1;
        "Emoji Recognition" = 1;
        "High Quality" = 1;
        Installed = 0;
        "On Device Search" = 1;
    };
    "en-CA" =     {
        "Auto Punctuation" = 1;
        "Continuous Listening" = 1;
        "Emoji Recognition" = 1;
        "High Quality" = 1;
        Installed = 0;
        "On Device Search" = 1;
    };
    "en-GB" =     {
        "Auto Punctuation" = 1;
        "Continuous Listening" = 1;
        "Emoji Recognition" = 1;
        "High Quality" = 1;
        Installed =  for key <decode: missing data> in <decode: missing data> via <decode: missing data>
2023-01-13 11:40:11.988 Db AvaxWallet[53452:1d306af] [com.apple.defaults:User Defaults] found no value for key Siri Data Sharing Opt-In Status 2.0 in CFPrefsSearchListSource<0x60000031c880> (Domain: com.apple.assistant.support, Container: (null))
2023-01-13 11:40:11.988 Db AvaxWallet[53452:1d306af] [com.apple.defaults:User Defaults] found no value for key Assistant Enabled in CFPrefsSearchListSource<0x60000031c880> (Domain: com.apple.assistant.support, Container: (null))
2023-01-13 11:40:11.988 I  AvaxWallet[53452:1d306af] [com.apple.siri:Client] -[AFDictationConnection dictationIsAvailableForLanguage:synchronous:] 0x600001636700 Language en-US is available over network
2023-01-13 11:40:11.988 Db AvaxWallet[53452:1d306af] [com.apple.defaults:User Defaults] found no value for key DictationLanguagesLastUsed in CFPrefsSearchListSource<0x6000003b9a80> (Domain: com.apple.keyboard.preferences, Container: (null))
2023-01-13 11:40:11.988 I  AvaxWallet[53452:1d306af] [com.apple.siri:Client] -[AFDictationConnection dictationIsAvailableForLanguage:synchronous:] 0x600001636700 Checking if language en-US is available
2023-01-13 11:40:11.988 Db AvaxWallet[53452:1d306af] [com.apple.defaults:User Defaults] looked up value {
    "ar-SA" =     {
        "Auto Punctuation" = 0;
        "Continuous Listening" = 1;
        "Emoji Recognition" = 0;
        "High Quality" = 1;
        Installed = 0;
        "On Device Search" = 1;
    };
    "de-DE" =     {
        "Auto Punctuation" = 1;
        "Continuous Listening" = 1;
        "Emoji Recognition" = 1;
        "High Quality" = 1;
        Installed = 0;
        "On Device Search" = 1;
    };
    "en-AU" =     {
        "Auto Punctuation" = 1;
        "Continuous Listening" = 1;
        "Emoji Recognition" = 1;
        "High Quality" = 1;
        Installed = 0;
        "On Device Search" = 1;
    };
    "en-CA" =     {
        "Auto Punctuation" = 1;
        "Continuous Listening" = 1;
        "Emoji Recognition" = 1;
        "High Quality" = 1;
        Installed = 0;
        "On Device Search" = 1;
    };
    "en-GB" =     {
        "Auto Punctuation" = 1;
        "Continuous Listening" = 1;
        "Emoji Recognition" = 1;
        "High Quality" = 1;
        Installed =  for key <decode: missing data> in <decode: missing data> via <decode: missing data>
2023-01-13 11:40:11.988 Db AvaxWallet[53452:1d306af] [com.apple.defaults:User Defaults] found no value for key Siri Data Sharing Opt-In Status 2.0 in CFPrefsSearchListSource<0x60000031c880> (Domain: com.apple.assistant.support, Container: (null))
2023-01-13 11:40:11.988 Db AvaxWallet[53452:1d306af] [com.apple.defaults:User Defaults] found no value for key Assistant Enabled in CFPrefsSearchListSource<0x60000031c880> (Domain: com.apple.assistant.support, Container: (null))
2023-01-13 11:40:11.988 I  AvaxWallet[53452:1d306af] [com.apple.siri:Client] -[AFDictationConnection dictationIsAvailableForLanguage:synchronous:] 0x600001636700 Language en-US is available over network
2023-01-13 11:40:11.988 I  AvaxWallet[53452:1d306af] [com.apple.siri:Client] -[AFDictationConnection dictationIsAvailableForLanguage:synchronous:] 0x600001636700 Checking if language en-US is available
2023-01-13 11:40:11.988 Db AvaxWallet[53452:1d306af] [com.apple.defaults:User Defaults] looked up value {
    "ar-SA" =     {
        "Auto Punctuation" = 0;
        "Continuous Listening" = 1;
        "Emoji Recognition" = 0;
        "High Quality" = 1;
        Installed = 0;
        "On Device Search" = 1;
    };
    "de-DE" =     {
        "Auto Punctuation" = 1;
        "Continuous Listening" = 1;
        "Emoji Recognition" = 1;
        "High Quality" = 1;
        Installed = 0;
        "On Device Search" = 1;
    };
    "en-AU" =     {
        "Auto Punctuation" = 1;
        "Continuous Listening" = 1;
        "Emoji Recognition" = 1;
        "High Quality" = 1;
        Installed = 0;
        "On Device Search" = 1;
    };
    "en-CA" =     {
        "Auto Punctuation" = 1;
        "Continuous Listening" = 1;
        "Emoji Recognition" = 1;
        "High Quality" = 1;
        Installed = 0;
        "On Device Search" = 1;
    };
    "en-GB" =     {
        "Auto Punctuation" = 1;
        "Continuous Listening" = 1;
        "Emoji Recognition" = 1;
        "High Quality" = 1;
        Installed =  for key <decode: missing data> in <decode: missing data> via <decode: missing data>
2023-01-13 11:40:11.989 Db AvaxWallet[53452:1d306af] [com.apple.defaults:User Defaults] found no value for key Siri Data Sharing Opt-In Status 2.0 in CFPrefsSearchListSource<0x60000031c880> (Domain: com.apple.assistant.support, Container: (null))
2023-01-13 11:40:11.989 Db AvaxWallet[53452:1d306af] [com.apple.defaults:User Defaults] found no value for key Assistant Enabled in CFPrefsSearchListSource<0x60000031c880> (Domain: com.apple.assistant.support, Container: (null))
2023-01-13 11:40:11.989 I  AvaxWallet[53452:1d306af] [com.apple.siri:Client] -[AFDictationConnection dictationIsAvailableForLanguage:synchronous:] 0x600001636700 Language en-US is available over network
2023-01-13 11:40:11.989 I  AvaxWallet[53452:1d306af] [com.apple.siri:Client] -[AFDictationConnection dictationIsAvailableForLanguage:synchronous:] 0x600001636700 Checking if language en-US is available
2023-01-13 11:40:11.989 Db AvaxWallet[53452:1d306af] [com.apple.defaults:User Defaults] looked up value {
    "ar-SA" =     {
        "Auto Punctuation" = 0;
        "Continuous Listening" = 1;
        "Emoji Recognition" = 0;
        "High Quality" = 1;
        Installed = 0;
        "On Device Search" = 1;
    };
    "de-DE" =     {
        "Auto Punctuation" = 1;
        "Continuous Listening" = 1;
        "Emoji Recognition" = 1;
        "High Quality" = 1;
        Installed = 0;
        "On Device Search" = 1;
    };
    "en-AU" =     {
        "Auto Punctuation" = 1;
        "Continuous Listening" = 1;
        "Emoji Recognition" = 1;
        "High Quality" = 1;
        Installed = 0;
        "On Device Search" = 1;
    };
    "en-CA" =     {
        "Auto Punctuation" = 1;
        "Continuous Listening" = 1;
        "Emoji Recognition" = 1;
        "High Quality" = 1;
        Installed = 0;
        "On Device Search" = 1;
    };
    "en-GB" =     {
        "Auto Punctuation" = 1;
        "Continuous Listening" = 1;
        "Emoji Recognition" = 1;
        "High Quality" = 1;
        Installed =  for key <decode: missing data> in <decode: missing data> via <decode: missing data>
2023-01-13 11:40:11.989 Db AvaxWallet[53452:1d306af] [com.apple.defaults:User Defaults] found no value for key Siri Data Sharing Opt-In Status 2.0 in CFPrefsSearchListSource<0x60000031c880> (Domain: com.apple.assistant.support, Container: (null))
2023-01-13 11:40:11.989 Db AvaxWallet[53452:1d306af] [com.apple.defaults:User Defaults] found no value for key Assistant Enabled in CFPrefsSearchListSource<0x60000031c880> (Domain: com.apple.assistant.support, Container: (null))
2023-01-13 11:40:11.989 I  AvaxWallet[53452:1d306af] [com.apple.siri:Client] -[AFDictationConnection dictationIsAvailableForLanguage:synchronous:] 0x600001636700 Language en-US is available over network
2023-01-13 11:40:11.989 Db AvaxWallet[53452:1d306af] [com.apple.defaults:User Defaults] found no value for key DictationLanguagesLastUsed in CFPrefsSearchListSource<0x6000003b9a80> (Domain: com.apple.keyboard.preferences, Container: (null))
2023-01-13 11:40:11.989 I  AvaxWallet[53452:1d306af] [com.apple.siri:Client] -[AFDictationConnection dictationIsAvailableForLanguage:synchronous:] 0x600001636700 Checking if language en-US is available
2023-01-13 11:40:11.989 Db AvaxWallet[53452:1d306af] [com.apple.defaults:User Defaults] looked up value {
    "ar-SA" =     {
        "Auto Punctuation" = 0;
        "Continuous Listening" = 1;
        "Emoji Recognition" = 0;
        "High Quality" = 1;
        Installed = 0;
        "On Device Search" = 1;
    };
    "de-DE" =     {
        "Auto Punctuation" = 1;
        "Continuous Listening" = 1;
        "Emoji Recognition" = 1;
        "High Quality" = 1;
        Installed = 0;
        "On Device Search" = 1;
    };
    "en-AU" =     {
        "Auto Punctuation" = 1;
        "Continuous Listening" = 1;
        "Emoji Recognition" = 1;
        "High Quality" = 1;
        Installed = 0;
        "On Device Search" = 1;
    };
    "en-CA" =     {
        "Auto Punctuation" = 1;
        "Continuous Listening" = 1;
        "Emoji Recognition" = 1;
        "High Quality" = 1;
        Installed = 0;
        "On Device Search" = 1;
    };
    "en-GB" =     {
        "Auto Punctuation" = 1;
        "Continuous Listening" = 1;
        "Emoji Recognition" = 1;
        "High Quality" = 1;
        Installed =  for key <decode: missing data> in <decode: missing data> via <decode: missing data>
2023-01-13 11:40:11.989 Db AvaxWallet[53452:1d306af] [com.apple.defaults:User Defaults] found no value for key Siri Data Sharing Opt-In Status 2.0 in CFPrefsSearchListSource<0x60000031c880> (Domain: com.apple.assistant.support, Container: (null))
2023-01-13 11:40:11.989 Db AvaxWallet[53452:1d306af] [com.apple.defaults:User Defaults] found no value for key Assistant Enabled in CFPrefsSearchListSource<0x60000031c880> (Domain: com.apple.assistant.support, Container: (null))
2023-01-13 11:40:11.989 I  AvaxWallet[53452:1d306af] [com.apple.siri:Client] -[AFDictationConnection dictationIsAvailableForLanguage:synchronous:] 0x600001636700 Language en-US is available over network
2023-01-13 11:40:11.989 I  AvaxWallet[53452:1d306af] [com.apple.siri:Client] -[AFDictationConnection dictationIsAvailableForLanguage:synchronous:] 0x600001636700 Checking if language en-US is available
2023-01-13 11:40:11.989 Db AvaxWallet[53452:1d306af] [com.apple.defaults:User Defaults] looked up value {
    "ar-SA" =     {
        "Auto Punctuation" = 0;
        "Continuous Listening" = 1;
        "Emoji Recognition" = 0;
        "High Quality" = 1;
        Installed = 0;
        "On Device Search" = 1;
    };
    "de-DE" =     {
        "Auto Punctuation" = 1;
        "Continuous Listening" = 1;
        "Emoji Recognition" = 1;
        "High Quality" = 1;
        Installed = 0;
        "On Device Search" = 1;
    };
    "en-AU" =     {
        "Auto Punctuation" = 1;
        "Continuous Listening" = 1;
        "Emoji Recognition" = 1;
        "High Quality" = 1;
        Installed = 0;
        "On Device Search" = 1;
    };
    "en-CA" =     {
        "Auto Punctuation" = 1;
        "Continuous Listening" = 1;
        "Emoji Recognition" = 1;
        "High Quality" = 1;
        Installed = 0;
        "On Device Search" = 1;
    };
    "en-GB" =     {
        "Auto Punctuation" = 1;
        "Continuous Listening" = 1;
        "Emoji Recognition" = 1;
        "High Quality" = 1;
        Installed =  for key <decode: missing data> in <decode: missing data> via <decode: missing data>
2023-01-13 11:40:11.989 Db AvaxWallet[53452:1d306af] [com.apple.defaults:User Defaults] found no value for key Siri Data Sharing Opt-In Status 2.0 in CFPrefsSearchListSource<0x60000031c880> (Domain: com.apple.assistant.support, Container: (null))
2023-01-13 11:40:11.989 Db AvaxWallet[53452:1d306af] [com.apple.defaults:User Defaults] found no value for key Assistant Enabled in CFPrefsSearchListSource<0x60000031c880> (Domain: com.apple.assistant.support, Container: (null))
2023-01-13 11:40:11.989 I  AvaxWallet[53452:1d306af] [com.apple.siri:Client] -[AFDictationConnection dictationIsAvailableForLanguage:synchronous:] 0x600001636700 Language en-US is available over network
2023-01-13 11:40:11.989 I  AvaxWallet[53452:1d306af] [com.apple.siri:Client] +[AFDictationConnection dictationIsSupportedForLanguageCode:error:] Language en-US is supported for dictation
2023-01-13 11:40:11.990 Db AvaxWallet[53452:1d306af] [com.apple.UIKit:KeyboardVisualMode] useVisualModeWindowed: 0 (windowingModeEnabled: 0)
2023-01-13 11:40:11.990 Db AvaxWallet[53452:1d306af] [com.apple.foundation:general] Lookup of 'AppleLocale' from current preferences failed (app preferences do not contain the key; falling back to generation via preferred languages)
2023-01-13 11:40:11.990 Db AvaxWallet[53452:1d306af] [com.apple.foundation:general] CFLocaleCopyCurrent() constructing a locale identifier from preferred languages without a set country code
2023-01-13 11:40:11.990 Db AvaxWallet[53452:1d306af] [com.apple.foundation:general] Lookup of 'AppleLocale' from current preferences failed (app preferences do not contain the key; falling back to generation via preferred languages)
2023-01-13 11:40:11.990 Db AvaxWallet[53452:1d306af] [com.apple.foundation:general] CFLocaleCopyCurrent() constructing a locale identifier from preferred languages without a set country code
2023-01-13 11:40:11.990 Db AvaxWallet[53452:1d306af] [com.apple.UIKit:KeyboardVisualMode] useVisualModeWindowed: 0 (windowingModeEnabled: 0)
2023-01-13 11:40:11.990 Db AvaxWallet[53452:1d306af] [com.apple.UIKit:KeyboardVisualMode] useVisualModeWindowed: 0 (windowingModeEnabled: 0)
2023-01-13 11:40:11.990 Db AvaxWallet[53452:1d306af] [com.apple.UIKit:KeyboardVisualMode] useVisualModeWindowed: 0 (windowingModeEnabled: 0)
2023-01-13 11:40:11.990 Db AvaxWallet[53452:1d306af] [com.apple.UIKit:KeyboardVisualMode] useVisualModeWindowed: 0 (windowingModeEnabled: 0)
2023-01-13 11:40:11.990 Db AvaxWallet[53452:1d306af] [com.apple.UIKit:KeyboardVisualMode] useVisualModeWindowed: 0 (windowingModeEnabled: 0)
2023-01-13 11:40:11.990 Db AvaxWallet[53452:1d306af] [com.apple.foundation:general] Lookup of 'AppleLocale' from current preferences failed (app preferences do not contain the key; falling back to generation via preferred languages)
2023-01-13 11:40:11.990 Db AvaxWallet[53452:1d306af] [com.apple.foundation:general] CFLocaleCopyCurrent() constructing a locale identifier from preferred languages without a set country code
2023-01-13 11:40:11.990 Db AvaxWallet[53452:1d306af] [com.apple.foundation:general] Lookup of 'AppleLocale' from current preferences failed (app preferences do not contain the key; falling back to generation via preferred languages)
2023-01-13 11:40:11.990 Db AvaxWallet[53452:1d306af] [com.apple.foundation:general] CFLocaleCopyCurrent() constructing a locale identifier from preferred languages without a set country code
2023-01-13 11:40:11.990 Db AvaxWallet[53452:1d306af] [com.apple.foundation:general] Lookup of 'AppleLocale' from current preferences failed (app preferences do not contain the key; falling back to generation via preferred languages)
2023-01-13 11:40:11.990 Db AvaxWallet[53452:1d306af] [com.apple.foundation:general] CFLocaleCopyCurrent() constructing a locale identifier from preferred languages without a set country code
2023-01-13 11:40:11.990 Db AvaxWallet[53452:1d306af] [com.apple.foundation:general] Lookup of 'AppleLocale' from current preferences failed (app preferences do not contain the key; falling back to generation via preferred languages)
2023-01-13 11:40:11.990 Db AvaxWallet[53452:1d306af] [com.apple.foundation:general] CFLocaleCopyCurrent() constructing a locale identifier from preferred languages without a set country code
2023-01-13 11:40:11.990 Db AvaxWallet[53452:1d306af] [com.apple.foundation:general] Lookup of 'AppleLocale' from current preferences failed (app preferences do not contain the key; falling back to generation via preferred languages)
2023-01-13 11:40:11.991 Db AvaxWallet[53452:1d306af] [com.apple.foundation:general] CFLocaleCopyCurrent() constructing a locale identifier from preferred languages without a set country code
2023-01-13 11:40:11.991 Db AvaxWallet[53452:1d306af] [com.apple.UIKit:KeyboardVisualMode] useVisualModeWindowed: 0 (windowingModeEnabled: 0)
2023-01-13 11:40:11.991 Db AvaxWallet[53452:1d306af] [com.apple.UIKit:KeyboardVisualMode] useVisualModeWindowed: 0 (windowingModeEnabled: 0)
2023-01-13 11:40:11.991 Db AvaxWallet[53452:1d306af] [com.apple.UIKit:KeyboardVisualMode] useVisualModeWindowed: 0 (windowingModeEnabled: 0)
2023-01-13 11:40:11.991 Db AvaxWallet[53452:1d306af] [com.apple.UIKit:KeyboardVisualMode] useVisualModeWindowed: 0 (windowingModeEnabled: 0)
2023-01-13 11:40:11.991 Db AvaxWallet[53452:1d306af] [com.apple.UIKit:KeyboardVisualMode] useVisualModeWindowed: 0 (windowingModeEnabled: 0)
2023-01-13 11:40:11.991 Db AvaxWallet[53452:1d306af] [com.apple.foundation:general] Lookup of 'AppleLocale' from current preferences failed (app preferences do not contain the key; falling back to generation via preferred languages)
2023-01-13 11:40:11.991 Db AvaxWallet[53452:1d306af] [com.apple.foundation:general] CFLocaleCopyCurrent() constructing a locale identifier from preferred languages without a set country code
2023-01-13 11:40:11.991 Db AvaxWallet[53452:1d306af] [com.apple.foundation:general] Lookup of 'AppleLocale' from current preferences failed (app preferences do not contain the key; falling back to generation via preferred languages)
2023-01-13 11:40:11.991 Db AvaxWallet[53452:1d306af] [com.apple.foundation:general] CFLocaleCopyCurrent() constructing a locale identifier from preferred languages without a set country code
2023-01-13 11:40:11.991 Db AvaxWallet[53452:1d306af] [com.apple.foundation:general] Lookup of 'AppleLocale' from current preferences failed (app preferences do not contain the key; falling back to generation via preferred languages)
2023-01-13 11:40:11.991 Db AvaxWallet[53452:1d306af] [com.apple.foundation:general] CFLocaleCopyCurrent() constructing a locale identifier from preferred languages without a set country code
2023-01-13 11:40:11.991 Db AvaxWallet[53452:1d306af] [com.apple.foundation:general] Lookup of 'AppleLocale' from current preferences failed (app preferences do not contain the key; falling back to generation via preferred languages)
2023-01-13 11:40:11.991 Db AvaxWallet[53452:1d306af] [com.apple.foundation:general] CFLocaleCopyCurrent() constructing a locale identifier from preferred languages without a set country code
2023-01-13 11:40:11.991 Db AvaxWallet[53452:1d306af] [com.apple.foundation:general] Lookup of 'AppleLocale' from current preferences failed (app preferences do not contain the key; falling back to generation via preferred languages)
2023-01-13 11:40:11.991 Db AvaxWallet[53452:1d306af] [com.apple.foundation:general] CFLocaleCopyCurrent() constructing a locale identifier from preferred languages without a set country code
2023-01-13 11:40:11.991 Db AvaxWallet[53452:1d306af] [com.apple.UIKit:KeyboardVisualMode] useVisualModeWindowed: 0 (windowingModeEnabled: 0)
2023-01-13 11:40:11.991 Db AvaxWallet[53452:1d306af] [com.apple.UIKit:KeyboardVisualMode] useVisualModeWindowed: 0 (windowingModeEnabled: 0)
2023-01-13 11:40:11.991 Db AvaxWallet[53452:1d306af] [com.apple.UIKit:KeyboardVisualMode] useVisualModeWindowed: 0 (windowingModeEnabled: 0)
2023-01-13 11:40:11.991 Db AvaxWallet[53452:1d306af] [com.apple.UIKit:KeyboardVisualMode] useVisualModeWindowed: 0 (windowingModeEnabled: 0)
2023-01-13 11:40:11.991 Db AvaxWallet[53452:1d306af] [com.apple.UIKit:KeyboardVisualMode] useVisualModeWindowed: 0 (windowingModeEnabled: 0)
2023-01-13 11:40:11.991 Db AvaxWallet[53452:1d306af] [com.apple.foundation:general] Lookup of 'AppleLocale' from current preferences failed (app preferences do not contain the key; falling back to generation via preferred languages)
2023-01-13 11:40:11.991 Db AvaxWallet[53452:1d306af] [com.apple.foundation:general] CFLocaleCopyCurrent() constructing a locale identifier from preferred languages without a set country code
2023-01-13 11:40:11.991 Db AvaxWallet[53452:1d306af] [com.apple.foundation:general] Lookup of 'AppleLocale' from current preferences failed (app preferences do not contain the key; falling back to generation via preferred languages)
2023-01-13 11:40:11.991 Db AvaxWallet[53452:1d306af] [com.apple.foundation:general] CFLocaleCopyCurrent() constructing a locale identifier from preferred languages without a set country code
2023-01-13 11:40:11.991 Db AvaxWallet[53452:1d306af] [com.apple.foundation:general] Lookup of 'AppleLocale' from current preferences failed (app preferences do not contain the key; falling back to generation via preferred languages)
2023-01-13 11:40:11.991 Db AvaxWallet[53452:1d306af] [com.apple.foundation:general] CFLocaleCopyCurrent() constructing a locale identifier from preferred languages without a set country code
2023-01-13 11:40:11.991 Db AvaxWallet[53452:1d306af] [com.apple.foundation:general] Lookup of 'AppleLocale' from current preferences failed (app preferences do not contain the key; falling back to generation via preferred languages)
2023-01-13 11:40:11.991 Db AvaxWallet[53452:1d306af] [com.apple.foundation:general] CFLocaleCopyCurrent() constructing a locale identifier from preferred languages without a set country code
2023-01-13 11:40:11.991 Db AvaxWallet[53452:1d306af] [com.apple.foundation:general] Lookup of 'AppleLocale' from current preferences failed (app preferences do not contain the key; falling back to generation via preferred languages)
2023-01-13 11:40:11.991 Db AvaxWallet[53452:1d306af] [com.apple.foundation:general] CFLocaleCopyCurrent() constructing a locale identifier from preferred languages without a set country code
2023-01-13 11:40:11.991 Db AvaxWallet[53452:1d306af] [com.apple.UIKit:KeyboardVisualMode] useVisualModeWindowed: 0 (windowingModeEnabled: 0)
2023-01-13 11:40:11.991 Db AvaxWallet[53452:1d306af] [com.apple.UIKit:KeyboardVisualMode] useVisualModeWindowed: 0 (windowingModeEnabled: 0)
2023-01-13 11:40:11.991 Db AvaxWallet[53452:1d306af] [com.apple.UIKit:KeyboardVisualMode] useVisualModeWindowed: 0 (windowingModeEnabled: 0)
2023-01-13 11:40:11.991 Db AvaxWallet[53452:1d306af] [com.apple.UIKit:KeyboardVisualMode] useVisualModeWindowed: 0 (windowingModeEnabled: 0)
2023-01-13 11:40:11.992 Db AvaxWallet[53452:1d306af] [com.apple.UIKit:KeyboardVisualMode] useVisualModeWindowed: 0 (windowingModeEnabled: 0)
2023-01-13 11:40:11.992 Db AvaxWallet[53452:1d306af] [com.apple.foundation:general] Lookup of 'AppleLocale' from current preferences failed (app preferences do not contain the key; falling back to generation via preferred languages)
2023-01-13 11:40:11.992 Db AvaxWallet[53452:1d306af] [com.apple.foundation:general] CFLocaleCopyCurrent() constructing a locale identifier from preferred languages without a set country code
2023-01-13 11:40:11.992 Db AvaxWallet[53452:1d306af] [com.apple.foundation:general] Lookup of 'AppleLocale' from current preferences failed (app preferences do not contain the key; falling back to generation via preferred languages)
2023-01-13 11:40:11.992 Db AvaxWallet[53452:1d306af] [com.apple.foundation:general] CFLocaleCopyCurrent() constructing a locale identifier from preferred languages without a set country code
2023-01-13 11:40:11.992 Db AvaxWallet[53452:1d306af] [com.apple.foundation:general] Lookup of 'AppleLocale' from current preferences failed (app preferences do not contain the key; falling back to generation via preferred languages)
2023-01-13 11:40:11.992 Db AvaxWallet[53452:1d306af] [com.apple.foundation:general] CFLocaleCopyCurrent() constructing a locale identifier from preferred languages without a set country code
2023-01-13 11:40:11.992 Db AvaxWallet[53452:1d306af] [com.apple.foundation:general] Lookup of 'AppleLocale' from current preferences failed (app preferences do not contain the key; falling back to generation via preferred languages)
2023-01-13 11:40:11.992 Db AvaxWallet[53452:1d306af] [com.apple.foundation:general] CFLocaleCopyCurrent() constructing a locale identifier from preferred languages without a set country code
2023-01-13 11:40:11.992 Db AvaxWallet[53452:1d306af] [com.apple.foundation:general] Lookup of 'AppleLocale' from current preferences failed (app preferences do not contain the key; falling back to generation via preferred languages)
2023-01-13 11:40:11.992 Db AvaxWallet[53452:1d306af] [com.apple.foundation:general] CFLocaleCopyCurrent() constructing a locale identifier from preferred languages without a set country code
2023-01-13 11:40:11.992 Db AvaxWallet[53452:1d306af] [com.apple.UIKit:KeyboardVisualMode] useVisualModeWindowed: 0 (windowingModeEnabled: 0)
2023-01-13 11:40:11.992 Db AvaxWallet[53452:1d306af] [com.apple.UIKit:KeyboardVisualMode] useVisualModeWindowed: 0 (windowingModeEnabled: 0)
2023-01-13 11:40:11.992 Db AvaxWallet[53452:1d306af] [com.apple.UIKit:KeyboardVisualMode] useVisualModeWindowed: 0 (windowingModeEnabled: 0)
2023-01-13 11:40:11.992 Db AvaxWallet[53452:1d306af] [com.apple.UIKit:KeyboardVisualMode] useVisualModeWindowed: 0 (windowingModeEnabled: 0)
2023-01-13 11:40:11.992 Db AvaxWallet[53452:1d306af] [com.apple.UIKit:KeyboardVisualMode] useVisualModeWindowed: 0 (windowingModeEnabled: 0)
2023-01-13 11:40:11.992 Db AvaxWallet[53452:1d306af] [com.apple.foundation:general] Lookup of 'AppleLocale' from current preferences failed (app preferences do not contain the key; falling back to generation via preferred languages)
2023-01-13 11:40:11.992 Db AvaxWallet[53452:1d306af] [com.apple.foundation:general] CFLocaleCopyCurrent() constructing a locale identifier from preferred languages without a set country code
2023-01-13 11:40:11.992 Db AvaxWallet[53452:1d306af] [com.apple.foundation:general] Lookup of 'AppleLocale' from current preferences failed (app preferences do not contain the key; falling back to generation via preferred languages)
2023-01-13 11:40:11.992 Db AvaxWallet[53452:1d306af] [com.apple.foundation:general] CFLocaleCopyCurrent() constructing a locale identifier from preferred languages without a set country code
2023-01-13 11:40:11.992 Db AvaxWallet[53452:1d306af] [com.apple.foundation:general] Lookup of 'AppleLocale' from current preferences failed (app preferences do not contain the key; falling back to generation via preferred languages)
2023-01-13 11:40:11.992 Db AvaxWallet[53452:1d306af] [com.apple.foundation:general] CFLocaleCopyCurrent() constructing a locale identifier from preferred languages without a set country code
2023-01-13 11:40:11.992 Db AvaxWallet[53452:1d306af] [com.apple.foundation:general] Lookup of 'AppleLocale' from current preferences failed (app preferences do not contain the key; falling back to generation via preferred languages)
2023-01-13 11:40:11.992 Db AvaxWallet[53452:1d306af] [com.apple.foundation:general] CFLocaleCopyCurrent() constructing a locale identifier from preferred languages without a set country code
2023-01-13 11:40:11.992 Db AvaxWallet[53452:1d306af] [com.apple.foundation:general] Lookup of 'AppleLocale' from current preferences failed (app preferences do not contain the key; falling back to generation via preferred languages)
2023-01-13 11:40:11.992 Db AvaxWallet[53452:1d306af] [com.apple.foundation:general] CFLocaleCopyCurrent() constructing a locale identifier from preferred languages without a set country code
2023-01-13 11:40:11.992 Db AvaxWallet[53452:1d306af] [com.apple.defaults:User Defaults] found no value for key HWKeyboardCapsLockRomanSwitch in CFPrefsSearchListSource<0x6000003b9a80> (Domain: com.apple.keyboard.preferences, Container: (null))
2023-01-13 11:40:11.993 Db AvaxWallet[53452:1d306af] [com.apple.UIKit:KeyboardVisualMode] useVisualModeWindowed: 0 (windowingModeEnabled: 0)
2023-01-13 11:40:11.993 Db AvaxWallet[53452:1d306af] [com.apple.UIKit:KeyboardVisualMode] useVisualModeWindowed: 0 (windowingModeEnabled: 0)
2023-01-13 11:40:11.993 Db AvaxWallet[53452:1d306af] [com.apple.UIKit:KeyboardVisualMode] useVisualModeWindowed: 0 (windowingModeEnabled: 0)
2023-01-13 11:40:11.993 Db AvaxWallet[53452:1d306af] [com.apple.UIKit:KeyboardVisualMode] useVisualModeWindowed: 0 (windowingModeEnabled: 0)
2023-01-13 11:40:11.993 Db AvaxWallet[53452:1d306af] [com.apple.UIKit:KeyboardVisualMode] useVisualModeWindowed: 0 (windowingModeEnabled: 0)
2023-01-13 11:40:11.993 Db AvaxWallet[53452:1d306af] [com.apple.UIKit:KeyboardVisualMode] useVisualModeWindowed: 0 (windowingModeEnabled: 0)
2023-01-13 11:40:11.993 Db AvaxWallet[53452:1d306af] [com.apple.defaults:User Defaults] found no value for key AppleTextBreakLocale in CFPrefsSearchListSource<0x6000003bc080> (Domain: org.avalabs.corewallet, Container: (null))
2023-01-13 11:40:11.993 Db AvaxWallet[53452:1d306af] [com.apple.defaults:User Defaults] looked up value (
    en
) for key AppleLanguages in CFPrefsSource<0x6000038bc480> (Domain: Volatile, User: , ByHost: No, Container: , Contents Need Refresh: No) via CFPrefsSearchListSource<0x6000003bc080> (Domain: org.avalabs.corewallet, Container: (null))
2023-01-13 11:40:11.993 Db AvaxWallet[53452:1d306af] [com.apple.UIKit:KeyboardVisualMode] useVisualModeWindowed: 0 (windowingModeEnabled: 0)
2023-01-13 11:40:11.993 Db AvaxWallet[53452:1d306af] [com.apple.UIKit:KeyboardVisualMode] useVisualModeWindowed: 0 (windowingModeEnabled: 0)
2023-01-13 11:40:11.993 Db AvaxWallet[53452:1d306af] [com.apple.UIKit:KeyboardVisualMode] useVisualModeWindowed: 0 (windowingModeEnabled: 0)
2023-01-13 11:40:11.993 Db AvaxWallet[53452:1d306af] [com.apple.UIKit:KeyboardVisualMode] useVisualModeWindowed: 0 (windowingModeEnabled: 0)
2023-01-13 11:40:11.993 Db AvaxWallet[53452:1d306af] [com.apple.UIKit:KeyboardVisualMode] useVisualModeWindowed: 0 (windowingModeEnabled: 0)
2023-01-13 11:40:11.993 Db AvaxWallet[53452:1d306af] [com.apple.UIKit:KeyboardVisualMode] useVisualModeWindowed: 0 (windowingModeEnabled: 0)
2023-01-13 11:40:11.994 Db AvaxWallet[53452:1d306af] [com.apple.UIKit:KeyboardVisualMode] useVisualModeWindowed: 0 (windowingModeEnabled: 0)
2023-01-13 11:40:11.994 Db AvaxWallet[53452:1d306af] [com.apple.UIKit:KeyboardVisualMode] useVisualModeWindowed: 0 (windowingModeEnabled: 0)
2023-01-13 11:40:11.994 Db AvaxWallet[53452:1d306af] [com.apple.TextInput:IXADefault] TIStatisticScalarSetBoolean TIStatistic Aggd: com.apple.keyboard.keyboardUI.lowercaseKeyplaneEnabled=yes
2023-01-13 11:40:11.994 Db AvaxWallet[53452:1d306af] [com.apple.TextInput:IXADefault] TIStatisticScalarSetValue TIStatistic Aggd: com.apple.keyboard.keyboardUI.lowercaseKeyplaneEnabled=1
2023-01-13 11:40:11.995 Db AvaxWallet[53452:1d306af] [com.apple.UIKit:KeyboardVisualMode] useVisualModeWindowed: 0 (windowingModeEnabled: 0)
2023-01-13 11:40:11.995 Db AvaxWallet[53452:1d306af] [com.apple.UIKit:KeyboardVisualMode] useVisualModeWindowed: 0 (windowingModeEnabled: 0)
2023-01-13 11:40:11.995 Db AvaxWallet[53452:1d306af] [com.apple.UIKit:KeyboardVisualMode] useVisualModeWindowed: 0 (windowingModeEnabled: 0)
2023-01-13 11:40:11.995 Db AvaxWallet[53452:1d306af] [com.apple.UIKit:KeyboardVisualMode] useVisualModeWindowed: 0 (windowingModeEnabled: 0)
2023-01-13 11:40:11.995 Db AvaxWallet[53452:1d306af] [com.apple.defaults:User Defaults] found no value for key YukonSelectionPainting in CFPrefsSearchListSource<0x6000003b9a80> (Domain: com.apple.keyboard.preferences, Container: (null))
2023-01-13 11:40:11.995 Db AvaxWallet[53452:1d306af] [com.apple.defaults:User Defaults] looked up value (
    en
) for key AppleLanguages in CFPrefsSource<0x6000038bc480> (Domain: Volatile, User: , ByHost: No, Container: , Contents Need Refresh: No) via CFPrefsSearchListSource<0x6000003bc080> (Domain: org.avalabs.corewallet, Container: (null))
2023-01-13 11:40:11.997 Db AvaxWallet[53452:1d306af] [com.apple.CFBundle:resources] Language lookup at CFBundle 0x14f7795d0 </Applications/Xcode.app/Contents/Developer/Platforms/iPhoneOS.platform/Library/Developer/CoreSimulator/Profiles/Runtimes/iOS.simruntime/Contents/Resources/RuntimeRoot/System/Library/PrivateFrameworks/CoreNLP.framework> (framework, loaded)
	Localizations : [en]
	Dev language  : en
	User prefs    : [en]
	Main bundle   : [en]
	Allow mixed   : 0
	Result        : [en]
2023-01-13 11:40:11.997 Db AvaxWallet[53452:1d306af] [com.apple.CFBundle:resources] Resource lookup at CFBundle 0x14f7795d0 </Applications/Xcode.app/Contents/Developer/Platforms/iPhoneOS.platform/Library/Developer/CoreSimulator/Profiles/Runtimes/iOS.simruntime/Contents/Resources/RuntimeRoot/System/Library/PrivateFrameworks/CoreNLP.framework> (framework, loaded)
	Request       : tokruleLE.data
	Result        : file:///Applications/Xcode.app/Contents/Developer/Platforms/iPhoneOS.platform/Library/Developer/CoreSimulator/Profiles/Runtimes/iOS.simruntime/Contents/Resources/RuntimeRoot/System/Library/PrivateFrameworks/CoreNLP.framework/tokruleLE.data
2023-01-13 11:40:11.999 Db AvaxWallet[53452:1d306af] [com.apple.UIKit:KeyboardVisualMode] useVisualModeWindowed: 0 (windowingModeEnabled: 0)
2023-01-13 11:40:11.999 Db AvaxWallet[53452:1d306af] [com.apple.UIKit:KeyboardVisualMode] useVisualModeWindowed: 0 (windowingModeEnabled: 0)
2023-01-13 11:40:11.999 Db AvaxWallet[53452:1d306af] [com.apple.UIKit:KeyboardVisualMode] useVisualModeWindowed: 0 (windowingModeEnabled: 0)
2023-01-13 11:40:11.999 Db AvaxWallet[53452:1d306af] [com.apple.UIKit:KeyboardVisualMode] useVisualModeWindowed: 0 (windowingModeEnabled: 0)
2023-01-13 11:40:11.999 Db AvaxWallet[53452:1d306af] [com.apple.UIKit:KeyboardVisualMode] useVisualModeWindowed: 0 (windowingModeEnabled: 0)
2023-01-13 11:40:11.999 Db AvaxWallet[53452:1d306af] [com.apple.UIKit:KeyboardVisualMode] useVisualModeWindowed: 0 (windowingModeEnabled: 0)
2023-01-13 11:40:11.999 Db AvaxWallet[53452:1d306af] [com.apple.UIKit:KeyboardVisualMode] useVisualModeWindowed: 0 (windowingModeEnabled: 0)
2023-01-13 11:40:11.999 Db AvaxWallet[53452:1d306af] [com.apple.UIKit:KeyboardVisualMode] useVisualModeWindowed: 0 (windowingModeEnabled: 0)
2023-01-13 11:40:11.999 Db AvaxWallet[53452:1d306af] [com.apple.UIKit:KeyboardVisualMode] useVisualModeWindowed: 0 (windowingModeEnabled: 0)
2023-01-13 11:40:11.999 Db AvaxWallet[53452:1d306af] [com.apple.UIKit:KeyboardVisualMode] useVisualModeWindowed: 0 (windowingModeEnabled: 0)
2023-01-13 11:40:12.000 Db AvaxWallet[53452:1d306af] [com.apple.UIKit:KeyboardVisualMode] useVisualModeWindowed: 0 (windowingModeEnabled: 0)
2023-01-13 11:40:12.000 Db AvaxWallet[53452:1d306af] [com.apple.UIKit:KeyboardVisualMode] useVisualModeWindowed: 0 (windowingModeEnabled: 0)
2023-01-13 11:40:12.000 Db AvaxWallet[53452:1d306af] [com.apple.UIKit:KeyboardVisualMode] useVisualModeWindowed: 0 (windowingModeEnabled: 0)
2023-01-13 11:40:12.000 Db AvaxWallet[53452:1d306af] [com.apple.UIKit:KeyboardVisualMode] useVisualModeWindowed: 0 (windowingModeEnabled: 0)
2023-01-13 11:40:12.000 Db AvaxWallet[53452:1d306af] [com.apple.defaults:User Defaults] found no value for key KeyboardBias in CFPrefsSearchListSource<0x6000003b9a80> (Domain: com.apple.keyboard.preferences, Container: (null))
2023-01-13 11:40:12.001 Db AvaxWallet[53452:1d306af] [com.apple.foundation:general] Lookup of 'AppleLocale' from current preferences failed (app preferences do not contain the key; falling back to generation via preferred languages)
2023-01-13 11:40:12.001 Db AvaxWallet[53452:1d306af] [com.apple.foundation:general] CFLocaleCopyCurrent() constructing a locale identifier from preferred languages without a set country code
2023-01-13 11:40:12.001 Db AvaxWallet[53452:1d306af] [com.apple.UIKit:KeyboardVisualMode] useVisualModeWindowed: 0 (windowingModeEnabled: 0)
2023-01-13 11:40:12.001 Db AvaxWallet[53452:1d306af] [com.apple.UIKit:KeyboardVisualMode] useVisualModeWindowed: 0 (windowingModeEnabled: 0)
2023-01-13 11:40:12.001 Db AvaxWallet[53452:1d306af] [com.apple.UIKit:KeyboardVisualMode] useVisualModeWindowed: 0 (windowingModeEnabled: 0)
2023-01-13 11:40:12.001 Db AvaxWallet[53452:1d306af] [com.apple.UIKit:KeyboardVisualMode] useVisualModeWindowed: 0 (windowingModeEnabled: 0)
2023-01-13 11:40:12.001 Db AvaxWallet[53452:1d306af] [com.apple.foundation:general] Lookup of 'AppleLocale' from current preferences failed (app preferences do not contain the key; falling back to generation via preferred languages)
2023-01-13 11:40:12.001 Db AvaxWallet[53452:1d306af] [com.apple.foundation:general] CFLocaleCopyCurrent() constructing a locale identifier from preferred languages without a set country code
2023-01-13 11:40:12.002 Db AvaxWallet[53452:1d306af] [com.apple.CFBundle:strings] Bundle: CFBundle 0x150029940 </Applications/Xcode.app/Contents/Developer/Platforms/iPhoneOS.platform/Library/Developer/CoreSimulator/Profiles/Runtimes/iOS.simruntime/Contents/Resources/RuntimeRoot/System/Library/PrivateFrameworks/UIKitCore.framework> (not loaded), key: Replace, value: Replace, table: Localizable, localizationName: (null), result: Replace
2023-01-13 11:40:12.003 Db AvaxWallet[53452:1d306af] [com.apple.defaults:User Defaults] found no value for key LogScrollView in CFPrefsSearchListSource<0x6000003bea80> (Domain: com.apple.UIKit, Container: (null))
2023-01-13 11:40:12.007 I  AvaxWallet[53452:1d306af] [com.apple.Pasteboard:Pasteboard] Retrieving local-only general pasteboard.
2023-01-13 11:40:12.008 I  AvaxWallet[53452:1d306af] [com.apple.Pasteboard:Pasteboard] ...retrieving local-only general pasteboard completed successfully.
2023-01-13 11:40:12.017 Db AvaxWallet[53452:1d30898] [com.apple.defaults:User Defaults] looked up value 1 for key RCTI18nUtil_makeRTLFlipLeftAndRightStyles in CFPrefsPlistSource<0x6000003bc380> (Domain: org.avalabs.corewallet, User: kCFPreferencesCurrentUser, ByHost: No, Container: (null), Contents Need Refresh: No) via CFPrefsSearchListSource<0x6000003bc080> (Domain: org.avalabs.corewallet, Container: (null))
2023-01-13 11:40:12.026 Db AvaxWallet[53452:1d306af] [com.apple.CFBundle:strings] Bundle: CFBundle 0x14f51d200 </Applications/Xcode.app/Contents/Developer/Platforms/iPhoneOS.platform/Library/Developer/CoreSimulator/Profiles/Runtimes/iOS.simruntime/Contents/Resources/RuntimeRoot/System/Library/AccessibilityBundles/AnnotationKit.axbundle> (bundle, loaded), key: color.picker.black, value: , table: Accessibility, localizationName: (null), result: Black
2023-01-13 11:40:12.026 Db AvaxWallet[53452:1d30898] [com.apple.defaults:User Defaults] looked up value 1 for key RCTI18nUtil_makeRTLFlipLeftAndRightStyles in CFPrefsPlistSource<0x6000003bc380> (Domain: org.avalabs.corewallet, User: kCFPreferencesCurrentUser, ByHost: No, Container: (null), Contents Need Refresh: No) via CFPrefsSearchListSource<0x6000003bc080> (Domain: org.avalabs.corewallet, Container: (null))
