2023-01-13 11:40:12.049 A  AvaxWallet[53452:1d30898] (RunningBoardServices) didChangeInheritances
2023-01-13 11:40:12.049 I  AvaxWallet[53452:1d30898] [com.apple.runningboard:connection] didChangeInheritances: <RBSInheritanceChangeSet| gained:{(
    <RBSInheritance| environment:UIHostedWindow:316c3d51 name:com.apple.frontboard.visibility origID:84277-84275-111695 payload>
)} lost:(null)>
2023-01-13 11:40:12.049 Db AvaxWallet[53452:1d306af] [com.apple.CFBundle:resources] Resource lookup at CFBundle 0x150006f00 </Applications/Xcode.app/Contents/Developer/Platforms/iPhoneOS.platform/Library/Developer/CoreSimulator/Profiles/Runtimes/iOS.simruntime/Contents/Resources/RuntimeRoot/System/Library/AccessibilityBundles/UIKit.axbundle> (framework, loaded)
	Request       : Accessibility type: strings localization: en
	Result        : file:///Applications/Xcode.app/Contents/Developer/Platforms/iPhoneOS.platform/Library/Developer/CoreSimulator/Profiles/Runtimes/iOS.simruntime/Contents/Resources/RuntimeRoot/System/Library/AccessibilityBundles/UIKit.axbundle/en.lproj/Accessibility.strings
2023-01-13 11:40:12.049 Db AvaxWallet[53452:1d306af] [com.apple.CFBundle:resources] Resource lookup at CFBundle 0x150006f00 </Applications/Xcode.app/Contents/Developer/Platforms/iPhoneOS.platform/Library/Developer/CoreSimulator/Profiles/Runtimes/iOS.simruntime/Contents/Resources/RuntimeRoot/System/Library/AccessibilityBundles/UIKit.axbundle> (framework, loaded)
	Request       : Accessibility type: stringsdict localization: en
	Result        : file:///Applications/Xcode.app/Contents/Developer/Platforms/iPhoneOS.platform/Library/Developer/CoreSimulator/Profiles/Runtimes/iOS.simruntime/Contents/Resources/RuntimeRoot/System/Library/AccessibilityBundles/UIKit.axbundle/en.lproj/Accessibility.stringsdict
2023-01-13 11:40:12.050 Db AvaxWallet[53452:1d306af] [com.apple.CFBundle:strings] Bundle: CFBundle 0x150006f00 </Applications/Xcode.app/Contents/Developer/Platforms/iPhoneOS.platform/Library/Developer/CoreSimulator/Profiles/Runtimes/iOS.simruntime/Contents/Resources/RuntimeRoot/System/Library/AccessibilityBundles/UIKit.axbundle> (framework, loaded), key: global.keyboard.key.emoji, value: (null), table: Accessibility, localizationName: en, result: Emoji
2023-01-13 11:40:12.050 Db AvaxWallet[53452:1d306af] [com.apple.UIKit:KeyboardVisualMode] useVisualModeWindowed: 0 (windowingModeEnabled: 0)
2023-01-13 11:40:12.050 Db AvaxWallet[53452:1d306af] [com.apple.UIKit:KeyboardVisualMode] useVisualModeWindowed: 0 (windowingModeEnabled: 0)
2023-01-13 11:40:12.050 Db AvaxWallet[53452:1d306af] [com.apple.UIKit:KeyboardVisualMode] useVisualModeWindowed: 0 (windowingModeEnabled: 0)
2023-01-13 11:40:12.050 Db AvaxWallet[53452:1d306af] [com.apple.UIKit:KeyboardVisualMode] useVisualModeWindowed: 0 (windowingModeEnabled: 0)
2023-01-13 11:40:12.050 Db AvaxWallet[53452:1d306af] [com.apple.UIKit:KeyboardVisualMode] useVisualModeWindowed: 0 (windowingModeEnabled: 0)
2023-01-13 11:40:12.050 Db AvaxWallet[53452:1d306af] [com.apple.UIKit:KeyboardVisualMode] useVisualModeWindowed: 0 (windowingModeEnabled: 0)
2023-01-13 11:40:12.050 Db AvaxWallet[53452:1d306af] [com.apple.UIKit:KeyboardVisualMode] useVisualModeWindowed: 0 (windowingModeEnabled: 0)
2023-01-13 11:40:12.050 Db AvaxWallet[53452:1d306af] [com.apple.UIKit:KeyboardVisualMode] useVisualModeWindowed: 0 (windowingModeEnabled: 0)
2023-01-13 11:40:12.050 Db AvaxWallet[53452:1d306af] [com.apple.UIKit:KeyboardVisualMode] useVisualModeWindowed: 0 (windowingModeEnabled: 0)
2023-01-13 11:40:12.050 Db AvaxWallet[53452:1d306af] [com.apple.UIKit:KeyboardVisualMode] useVisualModeWindowed: 0 (windowingModeEnabled: 0)
2023-01-13 11:40:12.051 Db AvaxWallet[53452:1d306af] [com.apple.defaults:User Defaults] found no value for key KeyboardBias in CFPrefsSearchListSource<0x6000003b9a80> (Domain: com.apple.keyboard.preferences, Container: (null))
2023-01-13 11:40:12.051 Db AvaxWallet[53452:1d306af] [com.apple.defaults:User Defaults] found no value for key KeyboardBias in CFPrefsSearchListSource<0x6000003b9a80> (Domain: com.apple.keyboard.preferences, Container: (null))
2023-01-13 11:40:12.051 Db AvaxWallet[53452:1d306af] [com.apple.UIKit:KeyboardVisualMode] useVisualModeWindowed: 0 (windowingModeEnabled: 0)
2023-01-13 11:40:12.051 Df AvaxWallet[53452:1d306af] [com.apple.UIKit:InputWindowController] Setting input views: <<UIInputViewSet: 0x600001c9dae0>; keyboard = <UIKeyboardAutomatic: 0x14f7d77e0; frame = (0 0; 390 233); opaque = NO; layer = <CALayer: 0x600002ce3c20>>%; usesKeyClicks = NO;  (not visible)>
2023-01-13 11:40:12.051 Db AvaxWallet[53452:1d306af] [com.apple.UIKit:KeyboardVisualMode] useVisualModeWindowed: 0 (windowingModeEnabled: 0)
2023-01-13 11:40:12.051 Db AvaxWallet[53452:1d306af] [com.apple.UIKit:KeyboardVisualMode] useVisualModeWindowed: 0 (windowingModeEnabled: 0)
2023-01-13 11:40:12.051 Db AvaxWallet[53452:1d306af] [com.apple.UIKit:KeyboardVisualMode] useVisualModeWindowed: 0 (windowingModeEnabled: 0)
2023-01-13 11:40:12.051 Df AvaxWallet[53452:1d306af] [com.apple.UIKit:InputWindowController] Moving from placement: <UIInputViewSetPlacementOffScreenDown> to placement: <UIInputViewSetPlacementOffScreenDown>
2023-01-13 11:40:12.051 Df AvaxWallet[53452:1d306af] [com.apple.UIKit:InputWindowController] Change to input view set: <<UIInputViewSet: 0x600001c9dae0>; keyboard = <UIKeyboardAutomatic: 0x14f7d77e0; frame = (0 0; 390 233); opaque = NO; layer = <CALayer: 0x600002ce3c20>>%; usesKeyClicks = NO;  (not visible)>
2023-01-13 11:40:12.051 Db AvaxWallet[53452:1d306af] [com.apple.UIKit:KeyboardVisualMode] TEW _shouldResizeWithScene 0 (windowingModeEnabled: 0, resizeFor: 0)
2023-01-13 11:40:12.052 Df AvaxWallet[53452:1d306af] [com.apple.UIKit:KeyboardArbiterClientLog] -[_UIRemoteKeyboardPlaceholderView refreshPlaceholder]  refreshPlaceholder: size={390, 0}
2023-01-13 11:40:12.052 Db AvaxWallet[53452:1d306af] [com.apple.UIKit:KeyboardVisualMode] useVisualModeWindowed: 0 (windowingModeEnabled: 0)
2023-01-13 11:40:12.052 Db AvaxWallet[53452:1d306af] [com.apple.UIKit:KeyboardVisualMode] useVisualModeWindowed: 0 (windowingModeEnabled: 0)
2023-01-13 11:40:12.052 Db AvaxWallet[53452:1d306af] [com.apple.UIKit:KeyboardVisualMode] useVisualModeWindowed: 0 (windowingModeEnabled: 0)
2023-01-13 11:40:12.052 Db AvaxWallet[53452:1d306af] [com.apple.UIKit:KeyboardVisualMode] useVisualModeWindowed: 0 (windowingModeEnabled: 0)
2023-01-13 11:40:12.052 Db AvaxWallet[53452:1d306af] [com.apple.UIKit:KeyboardVisualMode] useVisualModeWindowed: 0 (windowingModeEnabled: 0)
2023-01-13 11:40:12.052 Db AvaxWallet[53452:1d306af] [com.apple.defaults:User Defaults] found no value for key DictationLanguagesLastUsed in CFPrefsSearchListSource<0x6000003b9a80> (Domain: com.apple.keyboard.preferences, Container: (null))
2023-01-13 11:40:12.053 I  AvaxWallet[53452:1d306af] [com.apple.siri:Client] -[AFDictationConnection dictationIsAvailableForLanguage:synchronous:] 0x600001636700 Checking if language en-US is available
2023-01-13 11:40:12.053 Db AvaxWallet[53452:1d306af] [com.apple.defaults:User Defaults] looked up value {
    "ar-SA" =     {
        "Auto Punctuation" = 0;
        "Continuous Listening" = 1;
        "Emoji Recognition" = 0;
        "High Quality" = 1;
        Installed = 0;
        "On Device Search" = 1;
    };
    "de-DE" =     {
        "Auto Punctuation" = 1;
        "Continuous Listening" = 1;
        "Emoji Recognition" = 1;
        "High Quality" = 1;
        Installed = 0;
        "On Device Search" = 1;
    };
    "en-AU" =     {
        "Auto Punctuation" = 1;
        "Continuous Listening" = 1;
        "Emoji Recognition" = 1;
        "High Quality" = 1;
        Installed = 0;
        "On Device Search" = 1;
    };
    "en-CA" =     {
        "Auto Punctuation" = 1;
        "Continuous Listening" = 1;
        "Emoji Recognition" = 1;
        "High Quality" = 1;
        Installed = 0;
        "On Device Search" = 1;
    };
    "en-GB" =     {
        "Auto Punctuation" = 1;
        "Continuous Listening" = 1;
        "Emoji Recognition" = 1;
        "High Quality" = 1;
        Installed =  for key <decode: missing data> in <decode: missing data> via <decode: missing data>
2023-01-13 11:40:12.053 Db AvaxWallet[53452:1d306af] [com.apple.defaults:User Defaults] found no value for key Siri Data Sharing Opt-In Status 2.0 in CFPrefsSearchListSource<0x60000031c880> (Domain: com.apple.assistant.support, Container: (null))
2023-01-13 11:40:12.053 Db AvaxWallet[53452:1d306af] [com.apple.defaults:User Defaults] found no value for key Assistant Enabled in CFPrefsSearchListSource<0x60000031c880> (Domain: com.apple.assistant.support, Container: (null))
2023-01-13 11:40:12.053 I  AvaxWallet[53452:1d306af] [com.apple.siri:Client] -[AFDictationConnection dictationIsAvailableForLanguage:synchronous:] 0x600001636700 Language en-US is available over network
2023-01-13 11:40:12.053 I  AvaxWallet[53452:1d306af] [com.apple.siri:Client] -[AFDictationConnection dictationIsAvailableForLanguage:synchronous:] 0x600001636700 Checking if language en-US is available
2023-01-13 11:40:12.053 Db AvaxWallet[53452:1d306af] [com.apple.defaults:User Defaults] looked up value {
    "ar-SA" =     {
        "Auto Punctuation" = 0;
        "Continuous Listening" = 1;
        "Emoji Recognition" = 0;
        "High Quality" = 1;
        Installed = 0;
        "On Device Search" = 1;
    };
    "de-DE" =     {
        "Auto Punctuation" = 1;
        "Continuous Listening" = 1;
        "Emoji Recognition" = 1;
        "High Quality" = 1;
        Installed = 0;
        "On Device Search" = 1;
    };
    "en-AU" =     {
        "Auto Punctuation" = 1;
        "Continuous Listening" = 1;
        "Emoji Recognition" = 1;
        "High Quality" = 1;
        Installed = 0;
        "On Device Search" = 1;
    };
    "en-CA" =     {
        "Auto Punctuation" = 1;
        "Continuous Listening" = 1;
        "Emoji Recognition" = 1;
        "High Quality" = 1;
        Installed = 0;
        "On Device Search" = 1;
    };
    "en-GB" =     {
        "Auto Punctuation" = 1;
        "Continuous Listening" = 1;
        "Emoji Recognition" = 1;
        "High Quality" = 1;
        Installed =  for key <decode: missing data> in <decode: missing data> via <decode: missing data>
2023-01-13 11:40:12.053 Db AvaxWallet[53452:1d306af] [com.apple.defaults:User Defaults] found no value for key Siri Data Sharing Opt-In Status 2.0 in CFPrefsSearchListSource<0x60000031c880> (Domain: com.apple.assistant.support, Container: (null))
2023-01-13 11:40:12.053 Db AvaxWallet[53452:1d306af] [com.apple.defaults:User Defaults] found no value for key Assistant Enabled in CFPrefsSearchListSource<0x60000031c880> (Domain: com.apple.assistant.support, Container: (null))
2023-01-13 11:40:12.053 I  AvaxWallet[53452:1d306af] [com.apple.siri:Client] -[AFDictationConnection dictationIsAvailableForLanguage:synchronous:] 0x600001636700 Language en-US is available over network
2023-01-13 11:40:12.053 I  AvaxWallet[53452:1d306af] [com.apple.siri:Client] +[AFDictationConnection dictationIsSupportedForLanguageCode:error:] Language en-US is supported for dictation
2023-01-13 11:40:12.053 I  AvaxWallet[53452:1d306af] [com.apple.siri:Client] +[AFDictationConnection dictationIsSupportedForLanguageCode:error:] Language en-US is supported for dictation
2023-01-13 11:40:12.053 I  AvaxWallet[53452:1d306af] [com.apple.siri:Client] +[AFDictationConnection dictationIsSupportedForLanguageCode:error:] Language emoji is NOT supported for dictation
2023-01-13 11:40:12.053 I  AvaxWallet[53452:1d306af] [com.apple.siri:Client] -[AFDictationConnection dictationIsAvailableForLanguage:synchronous:] 0x600001636700 Checking if language en-US is available
2023-01-13 11:40:12.054 Db AvaxWallet[53452:1d306af] [com.apple.defaults:User Defaults] looked up value {
    "ar-SA" =     {
        "Auto Punctuation" = 0;
        "Continuous Listening" = 1;
        "Emoji Recognition" = 0;
        "High Quality" = 1;
        Installed = 0;
        "On Device Search" = 1;
    };
    "de-DE" =     {
        "Auto Punctuation" = 1;
        "Continuous Listening" = 1;
        "Emoji Recognition" = 1;
        "High Quality" = 1;
        Installed = 0;
        "On Device Search" = 1;
    };
    "en-AU" =     {
        "Auto Punctuation" = 1;
        "Continuous Listening" = 1;
        "Emoji Recognition" = 1;
        "High Quality" = 1;
        Installed = 0;
        "On Device Search" = 1;
    };
    "en-CA" =     {
        "Auto Punctuation" = 1;
        "Continuous Listening" = 1;
        "Emoji Recognition" = 1;
        "High Quality" = 1;
        Installed = 0;
        "On Device Search" = 1;
    };
    "en-GB" =     {
        "Auto Punctuation" = 1;
        "Continuous Listening" = 1;
        "Emoji Recognition" = 1;
        "High Quality" = 1;
        Installed =  for key <decode: missing data> in <decode: missing data> via <decode: missing data>
2023-01-13 11:40:12.054 Db AvaxWallet[53452:1d306af] [com.apple.defaults:User Defaults] found no value for key Siri Data Sharing Opt-In Status 2.0 in CFPrefsSearchListSource<0x60000031c880> (Domain: com.apple.assistant.support, Container: (null))
2023-01-13 11:40:12.054 Db AvaxWallet[53452:1d306af] [com.apple.defaults:User Defaults] found no value for key Assistant Enabled in CFPrefsSearchListSource<0x60000031c880> (Domain: com.apple.assistant.support, Container: (null))
2023-01-13 11:40:12.054 I  AvaxWallet[53452:1d306af] [com.apple.siri:Client] -[AFDictationConnection dictationIsAvailableForLanguage:synchronous:] 0x600001636700 Language en-US is available over network
2023-01-13 11:40:12.054 Db AvaxWallet[53452:1d306af] [com.apple.defaults:User Defaults] found no value for key DictationLanguagesLastUsed in CFPrefsSearchListSource<0x6000003b9a80> (Domain: com.apple.keyboard.preferences, Container: (null))
2023-01-13 11:40:12.054 I  AvaxWallet[53452:1d306af] [com.apple.siri:Client] -[AFDictationConnection dictationIsAvailableForLanguage:synchronous:] 0x600001636700 Checking if language en-US is available
2023-01-13 11:40:12.054 Db AvaxWallet[53452:1d306af] [com.apple.defaults:User Defaults] looked up value {
    "ar-SA" =     {
        "Auto Punctuation" = 0;
        "Continuous Listening" = 1;
        "Emoji Recognition" = 0;
        "High Quality" = 1;
        Installed = 0;
        "On Device Search" = 1;
    };
    "de-DE" =     {
        "Auto Punctuation" = 1;
        "Continuous Listening" = 1;
        "Emoji Recognition" = 1;
        "High Quality" = 1;
        Installed = 0;
        "On Device Search" = 1;
    };
    "en-AU" =     {
        "Auto Punctuation" = 1;
        "Continuous Listening" = 1;
        "Emoji Recognition" = 1;
        "High Quality" = 1;
        Installed = 0;
        "On Device Search" = 1;
    };
    "en-CA" =     {
        "Auto Punctuation" = 1;
        "Continuous Listening" = 1;
        "Emoji Recognition" = 1;
        "High Quality" = 1;
        Installed = 0;
        "On Device Search" = 1;
    };
    "en-GB" =     {
        "Auto Punctuation" = 1;
        "Continuous Listening" = 1;
        "Emoji Recognition" = 1;
        "High Quality" = 1;
        Installed =  for key <decode: missing data> in <decode: missing data> via <decode: missing data>
2023-01-13 11:40:12.054 Db AvaxWallet[53452:1d306af] [com.apple.defaults:User Defaults] found no value for key Siri Data Sharing Opt-In Status 2.0 in CFPrefsSearchListSource<0x60000031c880> (Domain: com.apple.assistant.support, Container: (null))
2023-01-13 11:40:12.054 Db AvaxWallet[53452:1d306af] [com.apple.defaults:User Defaults] found no value for key Assistant Enabled in CFPrefsSearchListSource<0x60000031c880> (Domain: com.apple.assistant.support, Container: (null))
2023-01-13 11:40:12.054 I  AvaxWallet[53452:1d306af] [com.apple.siri:Client] -[AFDictationConnection dictationIsAvailableForLanguage:synchronous:] 0x600001636700 Language en-US is available over network
2023-01-13 11:40:12.054 I  AvaxWallet[53452:1d306af] [com.apple.siri:Client] -[AFDictationConnection dictationIsAvailableForLanguage:synchronous:] 0x600001636700 Checking if language en-US is available
2023-01-13 11:40:12.054 Db AvaxWallet[53452:1d306af] [com.apple.defaults:User Defaults] looked up value {
    "ar-SA" =     {
        "Auto Punctuation" = 0;
        "Continuous Listening" = 1;
        "Emoji Recognition" = 0;
        "High Quality" = 1;
        Installed = 0;
        "On Device Search" = 1;
    };
    "de-DE" =     {
        "Auto Punctuation" = 1;
        "Continuous Listening" = 1;
        "Emoji Recognition" = 1;
        "High Quality" = 1;
        Installed = 0;
        "On Device Search" = 1;
    };
    "en-AU" =     {
        "Auto Punctuation" = 1;
        "Continuous Listening" = 1;
        "Emoji Recognition" = 1;
        "High Quality" = 1;
        Installed = 0;
        "On Device Search" = 1;
    };
    "en-CA" =     {
        "Auto Punctuation" = 1;
        "Continuous Listening" = 1;
        "Emoji Recognition" = 1;
        "High Quality" = 1;
        Installed = 0;
        "On Device Search" = 1;
    };
    "en-GB" =     {
        "Auto Punctuation" = 1;
        "Continuous Listening" = 1;
        "Emoji Recognition" = 1;
        "High Quality" = 1;
        Installed =  for key <decode: missing data> in <decode: missing data> via <decode: missing data>
2023-01-13 11:40:12.054 Db AvaxWallet[53452:1d306af] [com.apple.defaults:User Defaults] found no value for key Siri Data Sharing Opt-In Status 2.0 in CFPrefsSearchListSource<0x60000031c880> (Domain: com.apple.assistant.support, Container: (null))
2023-01-13 11:40:12.054 Db AvaxWallet[53452:1d306af] [com.apple.defaults:User Defaults] found no value for key Assistant Enabled in CFPrefsSearchListSource<0x60000031c880> (Domain: com.apple.assistant.support, Container: (null))
2023-01-13 11:40:12.054 I  AvaxWallet[53452:1d306af] [com.apple.siri:Client] -[AFDictationConnection dictationIsAvailableForLanguage:synchronous:] 0x600001636700 Language en-US is available over network
2023-01-13 11:40:12.054 I  AvaxWallet[53452:1d306af] [com.apple.siri:Client] -[AFDictationConnection dictationIsAvailableForLanguage:synchronous:] 0x600001636700 Checking if language en-US is available
2023-01-13 11:40:12.054 Db AvaxWallet[53452:1d306af] [com.apple.defaults:User Defaults] looked up value {
    "ar-SA" =     {
        "Auto Punctuation" = 0;
        "Continuous Listening" = 1;
        "Emoji Recognition" = 0;
        "High Quality" = 1;
        Installed = 0;
        "On Device Search" = 1;
    };
    "de-DE" =     {
        "Auto Punctuation" = 1;
        "Continuous Listening" = 1;
        "Emoji Recognition" = 1;
        "High Quality" = 1;
        Installed = 0;
        "On Device Search" = 1;
    };
    "en-AU" =     {
        "Auto Punctuation" = 1;
        "Continuous Listening" = 1;
        "Emoji Recognition" = 1;
        "High Quality" = 1;
        Installed = 0;
        "On Device Search" = 1;
    };
    "en-CA" =     {
        "Auto Punctuation" = 1;
        "Continuous Listening" = 1;
        "Emoji Recognition" = 1;
        "High Quality" = 1;
        Installed = 0;
        "On Device Search" = 1;
    };
    "en-GB" =     {
        "Auto Punctuation" = 1;
        "Continuous Listening" = 1;
        "Emoji Recognition" = 1;
        "High Quality" = 1;
        Installed =  for key <decode: missing data> in <decode: missing data> via <decode: missing data>
2023-01-13 11:40:12.054 Db AvaxWallet[53452:1d306af] [com.apple.defaults:User Defaults] found no value for key Siri Data Sharing Opt-In Status 2.0 in CFPrefsSearchListSource<0x60000031c880> (Domain: com.apple.assistant.support, Container: (null))
2023-01-13 11:40:12.054 Db AvaxWallet[53452:1d306af] [com.apple.defaults:User Defaults] found no value for key Assistant Enabled in CFPrefsSearchListSource<0x60000031c880> (Domain: com.apple.assistant.support, Container: (null))
2023-01-13 11:40:12.054 I  AvaxWallet[53452:1d306af] [com.apple.siri:Client] -[AFDictationConnection dictationIsAvailableForLanguage:synchronous:] 0x600001636700 Language en-US is available over network
2023-01-13 11:40:12.055 Db AvaxWallet[53452:1d306af] [com.apple.CFBundle:resources] Resource lookup at CFBundle 0x150006f00 </Applications/Xcode.app/Contents/Developer/Platforms/iPhoneOS.platform/Library/Developer/CoreSimulator/Profiles/Runtimes/iOS.simruntime/Contents/Resources/RuntimeRoot/System/Library/AccessibilityBundles/UIKit.axbundle> (framework, loaded)
	Request       : Accessibility type: strings localization: en
	Result        : file:///Applications/Xcode.app/Contents/Developer/Platforms/iPhoneOS.platform/Library/Developer/CoreSimulator/Profiles/Runtimes/iOS.simruntime/Contents/Resources/RuntimeRoot/System/Library/AccessibilityBundles/UIKit.axbundle/en.lproj/Accessibility.strings
2023-01-13 11:40:12.055 Db AvaxWallet[53452:1d306af] [com.apple.CFBundle:resources] Resource lookup at CFBundle 0x150006f00 </Applications/Xcode.app/Contents/Developer/Platforms/iPhoneOS.platform/Library/Developer/CoreSimulator/Profiles/Runtimes/iOS.simruntime/Contents/Resources/RuntimeRoot/System/Library/AccessibilityBundles/UIKit.axbundle> (framework, loaded)
	Request       : Accessibility type: stringsdict localization: en
	Result        : file:///Applications/Xcode.app/Contents/Developer/Platforms/iPhoneOS.platform/Library/Developer/CoreSimulator/Profiles/Runtimes/iOS.simruntime/Contents/Resources/RuntimeRoot/System/Library/AccessibilityBundles/UIKit.axbundle/en.lproj/Accessibility.stringsdict
2023-01-13 11:40:12.055 Db AvaxWallet[53452:1d306af] [com.apple.CFBundle:strings] Bundle: CFBundle 0x150006f00 </Applications/Xcode.app/Contents/Developer/Platforms/iPhoneOS.platform/Library/Developer/CoreSimulator/Profiles/Runtimes/iOS.simruntime/Contents/Resources/RuntimeRoot/System/Library/AccessibilityBundles/UIKit.axbundle> (framework, loaded), key: global.keyboard.key.emoji, value: (null), table: Accessibility, localizationName: en, result: Emoji
2023-01-13 11:40:12.055 Db AvaxWallet[53452:1d306af] [com.apple.UIKit:KeyboardVisualMode] useVisualModeWindowed: 0 (windowingModeEnabled: 0)
2023-01-13 11:40:12.055 Db AvaxWallet[53452:1d306af] [com.apple.UIKit:KeyboardVisualMode] useVisualModeWindowed: 0 (windowingModeEnabled: 0)
2023-01-13 11:40:12.055 Db AvaxWallet[53452:1d306af] [com.apple.UIKit:KeyboardVisualMode] useVisualModeWindowed: 0 (windowingModeEnabled: 0)
2023-01-13 11:40:12.055 Db AvaxWallet[53452:1d306af] [com.apple.UIKit:KeyboardVisualMode] useVisualModeWindowed: 0 (windowingModeEnabled: 0)
2023-01-13 11:40:12.055 Db AvaxWallet[53452:1d306af] [com.apple.UIKit:KeyboardVisualMode] useVisualModeWindowed: 0 (windowingModeEnabled: 0)
2023-01-13 11:40:12.056 Db AvaxWallet[53452:1d306af] [com.apple.UIKit:KeyboardVisualMode] useVisualModeWindowed: 0 (windowingModeEnabled: 0)
2023-01-13 11:40:12.056 Db AvaxWallet[53452:1d306af] [com.apple.defaults:User Defaults] found no value for key KeyboardBias in CFPrefsSearchListSource<0x6000003b9a80> (Domain: com.apple.keyboard.preferences, Container: (null))
2023-01-13 11:40:12.056 Db AvaxWallet[53452:1d306af] [com.apple.defaults:User Defaults] found no value for key KeyboardBias in CFPrefsSearchListSource<0x6000003b9a80> (Domain: com.apple.keyboard.preferences, Container: (null))
2023-01-13 11:40:12.056 Db AvaxWallet[53452:1d306af] [com.apple.UIKit:KeyboardVisualMode] useVisualModeWindowed: 0 (windowingModeEnabled: 0)
2023-01-13 11:40:12.056 Db AvaxWallet[53452:1d306af] [com.apple.UIKit:KeyboardVisualMode] useVisualModeWindowed: 0 (windowingModeEnabled: 0)
2023-01-13 11:40:12.056 Db AvaxWallet[53452:1d306af] [com.apple.UIKit:KeyboardVisualMode] useVisualModeWindowed: 0 (windowingModeEnabled: 0)
2023-01-13 11:40:12.056 Db AvaxWallet[53452:1d306af] [com.apple.UIKit:KeyboardVisualMode] useVisualModeWindowed: 0 (windowingModeEnabled: 0)
2023-01-13 11:40:12.057 Df AvaxWallet[53452:1d306af] [com.apple.UIKit:InputWindowController] Posting start notifications: UIKeyboardWillHideNotification {
    UIKeyboardAnimationCurveUserInfoKey = 7;
    UIKeyboardAnimationDurationUserInfoKey = 0;
    UIKeyboardBoundsUserInfoKey = "NSRect: {{0, 0}, {390, 75}}";
    UIKeyboardCenterBeginUserInfoKey = "NSPoint: {195, 844}";
    UIKeyboardCenterEndUserInfoKey = "NSPoint: {195, 881.5}";
    UIKeyboardFrameBeginUserInfoKey = "NSRect: {{0, 844}, {390, 0}}";
    UIKeyboardFrameEndUserInfoKey = "NSRect: {{0, 844}, {390, 75}}";
    UIKeyboardIsLocalUserInfoKey = 1;
}
2023-01-13 11:40:12.057 Db AvaxWallet[53452:1d306af] [com.apple.UIKit:KeyboardVisualMode] useVisualModeWindowed: 0 (windowingModeEnabled: 0)
2023-01-13 11:40:12.057 Db AvaxWallet[53452:1d306af] [com.apple.UIKit:KeyboardVisualMode] useVisualModeWindowed: 0 (windowingModeEnabled: 0)
2023-01-13 11:40:12.057 Db AvaxWallet[53452:1d306af] [com.apple.UIKit:KeyboardVisualMode] useVisualModeWindowed: 0 (windowingModeEnabled: 0)
2023-01-13 11:40:12.057 Db AvaxWallet[53452:1d306af] [com.apple.UIKit:KeyboardVisualMode] useVisualModeWindowed: 0 (windowingModeEnabled: 0)
2023-01-13 11:40:12.057 Db AvaxWallet[53452:1d306af] [com.apple.CFBundle:strings] Bundle: CFBundle 0x14ea3c900 </Applications/Xcode.app/Contents/Developer/Platforms/iPhoneOS.platform/Library/Developer/CoreSimulator/Profiles/Runtimes/iOS.simruntime/Contents/Resources/RuntimeRoot/System/Library/AccessibilityBundles/TextInputUI.axbundle> (bundle, loaded), key: expand.toolbar, value: , table: Accessibility, localizationName: (null), result: Expand toolbar
2023-01-13 11:40:12.057 Db AvaxWallet[53452:1d306af] [com.apple.UIKit:KeyboardVisualMode] useVisualModeWindowed: 0 (windowingModeEnabled: 0)
2023-01-13 11:40:12.057 Db AvaxWallet[53452:1d306af] [com.apple.CFBundle:strings] Bundle: CFBundle 0x14f51d200 </Applications/Xcode.app/Contents/Developer/Platforms/iPhoneOS.platform/Library/Developer/CoreSimulator/Profiles/Runtimes/iOS.simruntime/Contents/Resources/RuntimeRoot/System/Library/AccessibilityBundles/AnnotationKit.axbundle> (bundle, loaded), key: color.picker.black, value: , table: Accessibility, localizationName: (null), result: Black
2023-01-13 11:40:12.057 Db AvaxWallet[53452:1d306af] [com.apple.defaults:User Defaults] found no value for key DictationLanguagesLastUsed in CFPrefsSearchListSource<0x6000003b9a80> (Domain: com.apple.keyboard.preferences, Container: (null))
2023-01-13 11:40:12.057 I  AvaxWallet[53452:1d306af] [com.apple.siri:Client] -[AFDictationConnection dictationIsAvailableForLanguage:synchronous:] 0x600001636700 Checking if language en-US is available
2023-01-13 11:40:12.057 Db AvaxWallet[53452:1d306af] [com.apple.defaults:User Defaults] looked up value {
    "ar-SA" =     {
        "Auto Punctuation" = 0;
        "Continuous Listening" = 1;
        "Emoji Recognition" = 0;
        "High Quality" = 1;
        Installed = 0;
        "On Device Search" = 1;
    };
    "de-DE" =     {
        "Auto Punctuation" = 1;
        "Continuous Listening" = 1;
        "Emoji Recognition" = 1;
        "High Quality" = 1;
        Installed = 0;
        "On Device Search" = 1;
    };
    "en-AU" =     {
        "Auto Punctuation" = 1;
        "Continuous Listening" = 1;
        "Emoji Recognition" = 1;
        "High Quality" = 1;
        Installed = 0;
        "On Device Search" = 1;
    };
    "en-CA" =     {
        "Auto Punctuation" = 1;
        "Continuous Listening" = 1;
        "Emoji Recognition" = 1;
        "High Quality" = 1;
        Installed = 0;
        "On Device Search" = 1;
    };
    "en-GB" =     {
        "Auto Punctuation" = 1;
        "Continuous Listening" = 1;
        "Emoji Recognition" = 1;
        "High Quality" = 1;
        Installed =  for key <decode: missing data> in <decode: missing data> via <decode: missing data>
2023-01-13 11:40:12.057 Db AvaxWallet[53452:1d306af] [com.apple.defaults:User Defaults] found no value for key Siri Data Sharing Opt-In Status 2.0 in CFPrefsSearchListSource<0x60000031c880> (Domain: com.apple.assistant.support, Container: (null))
2023-01-13 11:40:12.057 Db AvaxWallet[53452:1d306af] [com.apple.defaults:User Defaults] found no value for key Assistant Enabled in CFPrefsSearchListSource<0x60000031c880> (Domain: com.apple.assistant.support, Container: (null))
2023-01-13 11:40:12.057 I  AvaxWallet[53452:1d306af] [com.apple.siri:Client] -[AFDictationConnection dictationIsAvailableForLanguage:synchronous:] 0x600001636700 Language en-US is available over network
2023-01-13 11:40:12.057 I  AvaxWallet[53452:1d306af] [com.apple.siri:Client] -[AFDictationConnection dictationIsAvailableForLanguage:synchronous:] 0x600001636700 Checking if language en-US is available
2023-01-13 11:40:12.058 Db AvaxWallet[53452:1d306af] [com.apple.defaults:User Defaults] looked up value {
    "ar-SA" =     {
        "Auto Punctuation" = 0;
        "Continuous Listening" = 1;
        "Emoji Recognition" = 0;
        "High Quality" = 1;
        Installed = 0;
        "On Device Search" = 1;
    };
    "de-DE" =     {
        "Auto Punctuation" = 1;
        "Continuous Listening" = 1;
        "Emoji Recognition" = 1;
        "High Quality" = 1;
        Installed = 0;
        "On Device Search" = 1;
    };
    "en-AU" =     {
        "Auto Punctuation" = 1;
        "Continuous Listening" = 1;
        "Emoji Recognition" = 1;
        "High Quality" = 1;
        Installed = 0;
        "On Device Search" = 1;
    };
    "en-CA" =     {
        "Auto Punctuation" = 1;
        "Continuous Listening" = 1;
        "Emoji Recognition" = 1;
        "High Quality" = 1;
        Installed = 0;
        "On Device Search" = 1;
    };
    "en-GB" =     {
        "Auto Punctuation" = 1;
        "Continuous Listening" = 1;
        "Emoji Recognition" = 1;
        "High Quality" = 1;
        Installed =  for key <decode: missing data> in <decode: missing data> via <decode: missing data>
2023-01-13 11:40:12.058 Db AvaxWallet[53452:1d306af] [com.apple.defaults:User Defaults] found no value for key Siri Data Sharing Opt-In Status 2.0 in CFPrefsSearchListSource<0x60000031c880> (Domain: com.apple.assistant.support, Container: (null))
2023-01-13 11:40:12.058 Db AvaxWallet[53452:1d306af] [com.apple.defaults:User Defaults] found no value for key Assistant Enabled in CFPrefsSearchListSource<0x60000031c880> (Domain: com.apple.assistant.support, Container: (null))
2023-01-13 11:40:12.058 I  AvaxWallet[53452:1d306af] [com.apple.siri:Client] -[AFDictationConnection dictationIsAvailableForLanguage:synchronous:] 0x600001636700 Language en-US is available over network
2023-01-13 11:40:12.058 I  AvaxWallet[53452:1d306af] [com.apple.siri:Client] +[AFDictationConnection dictationIsSupportedForLanguageCode:error:] Language en-US is supported for dictation
2023-01-13 11:40:12.058 I  AvaxWallet[53452:1d306af] [com.apple.Accessibility:AXRuntimeNotifications] Attempting to send notification:  (1008) <Announcement data redacted>
2023-01-13 11:40:12.058 I  AvaxWallet[53452:1d306af] [com.apple.Accessibility:AXRuntimeNotifications] Attempting to send notification:  (1031) (null)
2023-01-13 11:40:12.058 Df AvaxWallet[53452:1d306af] [com.apple.UIKit:InputWindowController] Posting end notifications: UIKeyboardDidHideNotification {
    UIKeyboardAnimationCurveUserInfoKey = 7;
    UIKeyboardAnimationDurationUserInfoKey = 0;
    UIKeyboardBoundsUserInfoKey = "NSRect: {{0, 0}, {390, 75}}";
    UIKeyboardCenterBeginUserInfoKey = "NSPoint: {195, 844}";
    UIKeyboardCenterEndUserInfoKey = "NSPoint: {195, 881.5}";
    UIKeyboardFrameBeginUserInfoKey = "NSRect: {{0, 844}, {390, 0}}";
    UIKeyboardFrameEndUserInfoKey = "NSRect: {{0, 844}, {390, 75}}";
    UIKeyboardIsLocalUserInfoKey = 1;
}
2023-01-13 11:40:12.058 I  AvaxWallet[53452:1d306af] [com.apple.Accessibility:AXRuntimeNotifications] Attempting to send notification:  (1076) 15
2023-01-13 11:40:12.059 I  AvaxWallet[53452:1d306af] [com.apple.Accessibility:AXRuntimeNotifications] Did post notification. notification:  (1076) error:0 data:10
2023-01-13 11:40:12.059 Db AvaxWallet[53452:1d306af] [com.apple.UIKit:KeyboardVisualMode] useVisualModeWindowed: 0 (windowingModeEnabled: 0)
2023-01-13 11:40:12.061 I  AvaxWallet[53452:1d306af] [com.apple.Accessibility:AXRuntimeNotifications] Did post notification. notification:  (1017) error:0 data:(null)
2023-01-13 11:40:12.061 Db AvaxWallet[53452:1d306af] [com.apple.UIKit:KeyboardVisualMode] useVisualModeWindowed: 0 (windowingModeEnabled: 0)
2023-01-13 11:40:12.061 Db AvaxWallet[53452:1d306af] [com.apple.UIKit:KeyboardVisualMode] useVisualModeWindowed: 0 (windowingModeEnabled: 0)
2023-01-13 11:40:12.061 Db AvaxWallet[53452:1d306af] [com.apple.UIKit:KeyboardVisualMode] useVisualModeWindowed: 0 (windowingModeEnabled: 0)
2023-01-13 11:40:12.061 Db AvaxWallet[53452:1d306af] [com.apple.UIKit:KeyboardVisualMode] useVisualModeWindowed: 0 (windowingModeEnabled: 0)
2023-01-13 11:40:12.061 Db AvaxWallet[53452:1d306af] [com.apple.UIKit:KeyboardVisualMode] useVisualModeWindowed: 0 (windowingModeEnabled: 0)
2023-01-13 11:40:12.061 Db AvaxWallet[53452:1d306af] [com.apple.UIKit:KeyboardVisualMode] useVisualModeWindowed: 0 (windowingModeEnabled: 0)
2023-01-13 11:40:12.062 Db AvaxWallet[53452:1d306af] [com.apple.UIKit:KeyboardVisualMode] useVisualModeWindowed: 0 (windowingModeEnabled: 0)
2023-01-13 11:40:12.062 Db AvaxWallet[53452:1d306af] [com.apple.UIKit:KeyboardVisualMode] useVisualModeWindowed: 0 (windowingModeEnabled: 0)
2023-01-13 11:40:12.062 Db AvaxWallet[53452:1d306af] [com.apple.UIKit:KeyboardVisualMode] useVisualModeWindowed: 0 (windowingModeEnabled: 0)
2023-01-13 11:40:12.062 Db AvaxWallet[53452:1d306af] [com.apple.CFBundle:strings] Bundle: CFBundle 0x14ea3c900 </Applications/Xcode.app/Contents/Developer/Platforms/iPhoneOS.platform/Library/Developer/CoreSimulator/Profiles/Runtimes/iOS.simruntime/Contents/Resources/RuntimeRoot/System/Library/AccessibilityBundles/TextInputUI.axbundle> (bundle, loaded), key: expand.toolbar, value: , table: Accessibility, localizationName: (null), result: Expand toolbar
2023-01-13 11:40:12.062 Db AvaxWallet[53452:1d306af] [com.apple.UIKit:KeyboardVisualMode] useVisualModeWindowed: 0 (windowingModeEnabled: 0)
2023-01-13 11:40:12.062 Db AvaxWallet[53452:1d306af] [com.apple.UIKit:KeyboardVisualMode] useVisualModeWindowed: 0 (windowingModeEnabled: 0)
2023-01-13 11:40:12.062 Db AvaxWallet[53452:1d306af] [com.apple.UIKit:KeyboardVisualMode] useVisualModeWindowed: 0 (windowingModeEnabled: 0)
2023-01-13 11:40:12.062 Db AvaxWallet[53452:1d306af] [com.apple.UIKit:KeyboardVisualMode] useVisualModeWindowed: 0 (windowingModeEnabled: 0)
2023-01-13 11:40:12.062 Db AvaxWallet[53452:1d306af] [com.apple.UIKit:KeyboardVisualMode] useVisualModeWindowed: 0 (windowingModeEnabled: 0)
2023-01-13 11:40:12.062 Db AvaxWallet[53452:1d306af] [com.apple.UIKit:KeyboardVisualMode] useVisualModeWindowed: 0 (windowingModeEnabled: 0)
2023-01-13 11:40:12.062 Db AvaxWallet[53452:1d306af] [com.apple.UIKit:KeyboardVisualMode] useVisualModeWindowed: 0 (windowingModeEnabled: 0)
2023-01-13 11:40:12.062 Db AvaxWallet[53452:1d306af] [com.apple.CFBundle:strings] Bundle: CFBundle 0x14ea3c900 </Applications/Xcode.app/Contents/Developer/Platforms/iPhoneOS.platform/Library/Developer/CoreSimulator/Profiles/Runtimes/iOS.simruntime/Contents/Resources/RuntimeRoot/System/Library/AccessibilityBundles/TextInputUI.axbundle> (bundle, loaded), key: expand.toolbar, value: , table: Accessibility, localizationName: (null), result: Expand toolbar
2023-01-13 11:40:12.062 Db AvaxWallet[53452:1d306af] [com.apple.UIKit:KeyboardVisualMode] useVisualModeWindowed: 0 (windowingModeEnabled: 0)
2023-01-13 11:40:12.062 Db AvaxWallet[53452:1d306af] [com.apple.UIKit:KeyboardVisualMode] useVisualModeWindowed: 0 (windowingModeEnabled: 0)
2023-01-13 11:40:12.062 Db AvaxWallet[53452:1d306af] [com.apple.UIKit:KeyboardVisualMode] useVisualModeWindowed: 0 (windowingModeEnabled: 0)
2023-01-13 11:40:12.062 Db AvaxWallet[53452:1d306af] [com.apple.UIKit:KeyboardVisualMode] useVisualModeWindowed: 0 (windowingModeEnabled: 0)
2023-01-13 11:40:12.062 Db AvaxWallet[53452:1d306af] [com.apple.UIKit:KeyboardVisualMode] useVisualModeWindowed: 0 (windowingModeEnabled: 0)
2023-01-13 11:40:12.062 Db AvaxWallet[53452:1d306af] [com.apple.UIKit:KeyboardVisualMode] useVisualModeWindowed: 0 (windowingModeEnabled: 0)
2023-01-13 11:40:12.062 Db AvaxWallet[53452:1d306af] [com.apple.UIKit:KeyboardVisualMode] useVisualModeWindowed: 0 (windowingModeEnabled: 0)
2023-01-13 11:40:12.062 Db AvaxWallet[53452:1d306af] [com.apple.UIKit:KeyboardVisualMode] useVisualModeWindowed: 0 (windowingModeEnabled: 0)
2023-01-13 11:40:12.062 Db AvaxWallet[53452:1d306af] [com.apple.UIKit:KeyboardVisualMode] useVisualModeWindowed: 0 (windowingModeEnabled: 0)
2023-01-13 11:40:12.062 Db AvaxWallet[53452:1d306af] [com.apple.UIKit:KeyboardVisualMode] useVisualModeWindowed: 0 (windowingModeEnabled: 0)
2023-01-13 11:40:12.062 Db AvaxWallet[53452:1d306af] [com.apple.UIKit:KeyboardVisualMode] useVisualModeWindowed: 0 (windowingModeEnabled: 0)
2023-01-13 11:40:12.062 Db AvaxWallet[53452:1d306af] [com.apple.UIKit:KeyboardVisualMode] useVisualModeWindowed: 0 (windowingModeEnabled: 0)
2023-01-13 11:40:12.062 Db AvaxWallet[53452:1d306af] [com.apple.UIKit:KeyboardVisualMode] useVisualModeWindowed: 0 (windowingModeEnabled: 0)
2023-01-13 11:40:12.062 Db AvaxWallet[53452:1d306af] [com.apple.UIKit:KeyboardVisualMode] useVisualModeWindowed: 0 (windowingModeEnabled: 0)
2023-01-13 11:40:12.062 Db AvaxWallet[53452:1d306af] [com.apple.UIKit:KeyboardVisualMode] useVisualModeWindowed: 0 (windowingModeEnabled: 0)
2023-01-13 11:40:12.063 Db AvaxWallet[53452:1d306af] [com.apple.UIKit:KeyboardVisualMode] TEW _shouldResizeWithScene 0 (windowingModeEnabled: 0, resizeFor: 0)
2023-01-13 11:40:12.063 Df AvaxWallet[53452:1d306af] [com.apple.UIKit:KeyboardArbiterClientLog] -[_UIRemoteKeyboardPlaceholderView refreshPlaceholder]  refreshPlaceholder: size={390, 0}
2023-01-13 11:40:12.063 Db AvaxWallet[53452:1d306af] [com.apple.UIKit:KeyboardVisualMode] useVisualModeWindowed: 0 (windowingModeEnabled: 0)
2023-01-13 11:40:12.063 Db AvaxWallet[53452:1d306af] [com.apple.UIKit:KeyboardVisualMode] useVisualModeWindowed: 0 (windowingModeEnabled: 0)
2023-01-13 11:40:12.063 Db AvaxWallet[53452:1d306af] [com.apple.UIKit:KeyboardVisualMode] useVisualModeWindowed: 0 (windowingModeEnabled: 0)
2023-01-13 11:40:12.063 Db AvaxWallet[53452:1d306af] [com.apple.UIKit:KeyboardVisualMode] useVisualModeWindowed: 0 (windowingModeEnabled: 0)
2023-01-13 11:40:12.063 Db AvaxWallet[53452:1d306af] [com.apple.UIKit:KeyboardVisualMode] useVisualModeWindowed: 0 (windowingModeEnabled: 0)
2023-01-13 11:40:12.063 Db AvaxWallet[53452:1d306af] [com.apple.UIKit:KeyboardVisualMode] useVisualModeWindowed: 0 (windowingModeEnabled: 0)
2023-01-13 11:40:12.063 Db AvaxWallet[53452:1d306af] [com.apple.UIKit:KeyboardVisualMode] useVisualModeWindowed: 0 (windowingModeEnabled: 0)
2023-01-13 11:40:12.063 Db AvaxWallet[53452:1d306af] [com.apple.UIKit:KeyboardVisualMode] useVisualModeWindowed: 0 (windowingModeEnabled: 0)
2023-01-13 11:40:12.066 Db AvaxWallet[53452:1d306af] [com.apple.UIKit:KeyboardVisualMode] useVisualModeWindowed: 0 (windowingModeEnabled: 0)
2023-01-13 11:40:12.066 Db AvaxWallet[53452:1d306af] [com.apple.UIKit:KeyboardVisualMode] useVisualModeWindowed: 0 (windowingModeEnabled: 0)
2023-01-13 11:40:12.066 Db AvaxWallet[53452:1d306af] [com.apple.UIKit:KeyboardVisualMode] useVisualModeWindowed: 0 (windowingModeEnabled: 0)
2023-01-13 11:40:12.066 Db AvaxWallet[53452:1d306af] [com.apple.UIKit:KeyboardVisualMode] useVisualModeWindowed: 0 (windowingModeEnabled: 0)
2023-01-13 11:40:12.066 Db AvaxWallet[53452:1d306af] [com.apple.UIKit:KeyboardVisualMode] useVisualModeWindowed: 0 (windowingModeEnabled: 0)
2023-01-13 11:40:12.067 I  AvaxWallet[53452:1d306af] [com.apple.Accessibility:AXRuntimeNotifications] Did post notification. notification:  (1008) error:0 data:{
    data = AXAnnouncementTypeKeyboardDisappearSound;
    pid = 53452;
}
2023-01-13 11:40:12.067 I  AvaxWallet[53452:1d306af] [com.apple.Accessibility:AXRuntimeNotifications] Did post notification. notification:  (1031) error:0 data:(null)
2023-01-13 11:40:12.067 I  AvaxWallet[53452:1d306af] [com.apple.Accessibility:AXRuntimeNotifications] Did post notification. notification:  (1076) error:0 data:15
2023-01-13 11:40:12.067 Db AvaxWallet[53452:1d306af] [com.apple.foundation:general] Lookup of 'AppleLocale' from current preferences failed (app preferences do not contain the key; falling back to generation via preferred languages)
2023-01-13 11:40:12.067 Db AvaxWallet[53452:1d306af] [com.apple.foundation:general] CFLocaleCopyCurrent() constructing a locale identifier from preferred languages without a set country code
2023-01-13 11:40:12.068 I  AvaxWallet[53452:1d306af] [com.apple.Accessibility:AXRuntimeNotifications] Attempting to send notification:  (1076) 11
2023-01-13 11:40:12.068 Db AvaxWallet[53452:1d306af] [com.apple.UIKit:KeyboardVisualMode] useVisualModeWindowed: 0 (windowingModeEnabled: 0)
2023-01-13 11:40:12.068 Db AvaxWallet[53452:1d306af] [com.apple.UIKit:KeyboardVisualMode] useVisualModeWindowed: 0 (windowingModeEnabled: 0)
2023-01-13 11:40:12.068 Db AvaxWallet[53452:1d306af] [com.apple.CFBundle:strings] Bundle: CFBundle 0x14f51d200 </Applications/Xcode.app/Contents/Developer/Platforms/iPhoneOS.platform/Library/Developer/CoreSimulator/Profiles/Runtimes/iOS.simruntime/Contents/Resources/RuntimeRoot/System/Library/AccessibilityBundles/AnnotationKit.axbundle> (bundle, loaded), key: color.picker.white, value: , table: Accessibility, localizationName: (null), result: White
2023-01-13 11:40:12.068 Db AvaxWallet[53452:1d306af] [com.apple.UIKit:KeyboardVisualMode] useVisualModeWindowed: 0 (windowingModeEnabled: 0)
2023-01-13 11:40:12.068 Db AvaxWallet[53452:1d306af] [com.apple.UIKit:KeyboardVisualMode] useVisualModeWindowed: 0 (windowingModeEnabled: 0)
2023-01-13 11:40:12.068 Db AvaxWallet[53452:1d306af] [com.apple.UIKit:KeyboardVisualMode] useVisualModeWindowed: 0 (windowingModeEnabled: 0)
2023-01-13 11:40:12.068 Db AvaxWallet[53452:1d306af] [com.apple.UIKit:KeyboardVisualMode] useVisualModeWindowed: 0 (windowingModeEnabled: 0)
2023-01-13 11:40:12.068 Db AvaxWallet[53452:1d306af] [com.apple.UIKit:KeyboardVisualMode] useVisualModeWindowed: 0 (windowingModeEnabled: 0)
2023-01-13 11:40:12.068 Db AvaxWallet[53452:1d306af] [com.apple.UIKit:KeyboardVisualMode] useVisualModeWindowed: 0 (windowingModeEnabled: 0)
2023-01-13 11:40:12.068 Db AvaxWallet[53452:1d306af] [com.apple.UIKit:KeyboardVisualMode] useVisualModeWindowed: 0 (windowingModeEnabled: 0)
2023-01-13 11:40:12.068 Db AvaxWallet[53452:1d306af] [com.apple.UIKit:KeyboardVisualMode] useVisualModeWindowed: 0 (windowingModeEnabled: 0)
2023-01-13 11:40:12.068 Db AvaxWallet[53452:1d306af] [com.apple.UIKit:KeyboardVisualMode] useVisualModeWindowed: 0 (windowingModeEnabled: 0)
2023-01-13 11:40:12.068 Db AvaxWallet[53452:1d306af] [com.apple.UIKit:KeyboardVisualMode] useVisualModeWindowed: 0 (windowingModeEnabled: 0)
2023-01-13 11:40:12.068 Db AvaxWallet[53452:1d306af] [com.apple.UIKit:KeyboardVisualMode] useVisualModeWindowed: 0 (windowingModeEnabled: 0)
2023-01-13 11:40:12.069 Db AvaxWallet[53452:1d306af] [com.apple.UIKit:KeyboardVisualMode] useVisualModeWindowed: 0 (windowingModeEnabled: 0)
2023-01-13 11:40:12.069 Db AvaxWallet[53452:1d306af] [com.apple.UIKit:KeyboardVisualMode] useVisualModeWindowed: 0 (windowingModeEnabled: 0)
2023-01-13 11:40:12.069 Db AvaxWallet[53452:1d306af] [com.apple.UIKit:KeyboardVisualMode] useVisualModeWindowed: 0 (windowingModeEnabled: 0)
2023-01-13 11:40:12.069 Db AvaxWallet[53452:1d306af] [com.apple.UIKit:KeyboardVisualMode] useVisualModeWindowed: 0 (windowingModeEnabled: 0)
2023-01-13 11:40:12.069 Db AvaxWallet[53452:1d306af] [com.apple.UIKit:KeyboardVisualMode] useVisualModeWindowed: 0 (windowingModeEnabled: 0)
2023-01-13 11:40:12.069 Db AvaxWallet[53452:1d306af] [com.apple.UIKit:KeyboardVisualMode] useVisualModeWindowed: 0 (windowingModeEnabled: 0)
2023-01-13 11:40:12.069 Db AvaxWallet[53452:1d306af] [com.apple.UIKit:KeyboardVisualMode] useVisualModeWindowed: 0 (windowingModeEnabled: 0)
2023-01-13 11:40:12.069 Db AvaxWallet[53452:1d306af] [com.apple.UIKit:KeyboardVisualMode] useVisualModeWindowed: 0 (windowingModeEnabled: 0)
2023-01-13 11:40:12.069 Db AvaxWallet[53452:1d306af] [com.apple.UIKit:KeyboardVisualMode] useVisualModeWindowed: 0 (windowingModeEnabled: 0)
2023-01-13 11:40:12.069 Db AvaxWallet[53452:1d306af] [com.apple.UIKit:KeyboardVisualMode] useVisualModeWindowed: 0 (windowingModeEnabled: 0)
2023-01-13 11:40:12.069 Db AvaxWallet[53452:1d306af] [com.apple.UIKit:KeyboardVisualMode] useVisualModeWindowed: 0 (windowingModeEnabled: 0)
2023-01-13 11:40:12.069 Db AvaxWallet[53452:1d306af] [com.apple.UIKit:KeyboardVisualMode] useVisualModeWindowed: 0 (windowingModeEnabled: 0)
2023-01-13 11:40:12.069 Db AvaxWallet[53452:1d306af] [com.apple.UIKit:KeyboardVisualMode] useVisualModeWindowed: 0 (windowingModeEnabled: 0)
2023-01-13 11:40:12.069 Db AvaxWallet[53452:1d306af] [com.apple.UIKit:KeyboardVisualMode] useVisualModeWindowed: 0 (windowingModeEnabled: 0)
2023-01-13 11:40:12.069 Db AvaxWallet[53452:1d306af] [com.apple.UIKit:KeyboardVisualMode] useVisualModeWindowed: 0 (windowingModeEnabled: 0)
2023-01-13 11:40:12.069 Db AvaxWallet[53452:1d306af] [com.apple.UIKit:KeyboardVisualMode] useVisualModeWindowed: 0 (windowingModeEnabled: 0)
2023-01-13 11:40:12.069 Db AvaxWallet[53452:1d306af] [com.apple.UIKit:KeyboardVisualMode] useVisualModeWindowed: 0 (windowingModeEnabled: 0)
2023-01-13 11:40:12.069 Db AvaxWallet[53452:1d306af] [com.apple.UIKit:KeyboardVisualMode] useVisualModeWindowed: 0 (windowingModeEnabled: 0)
2023-01-13 11:40:12.069 Db AvaxWallet[53452:1d306af] [com.apple.UIKit:KeyboardVisualMode] useVisualModeWindowed: 0 (windowingModeEnabled: 0)
2023-01-13 11:40:12.069 Db AvaxWallet[53452:1d306af] [com.apple.UIKit:KeyboardVisualMode] useVisualModeWindowed: 0 (windowingModeEnabled: 0)
2023-01-13 11:40:12.069 Db AvaxWallet[53452:1d306af] [com.apple.UIKit:KeyboardVisualMode] useVisualModeWindowed: 0 (windowingModeEnabled: 0)
2023-01-13 11:40:12.069 Db AvaxWallet[53452:1d306af] [com.apple.UIKit:KeyboardVisualMode] useVisualModeWindowed: 0 (windowingModeEnabled: 0)
2023-01-13 11:40:12.069 Db AvaxWallet[53452:1d306af] [com.apple.UIKit:KeyboardVisualMode] useVisualModeWindowed: 0 (windowingModeEnabled: 0)
2023-01-13 11:40:12.069 Db AvaxWallet[53452:1d306af] [com.apple.UIKit:KeyboardVisualMode] useVisualModeWindowed: 0 (windowingModeEnabled: 0)
2023-01-13 11:40:12.070 Db AvaxWallet[53452:1d306af] [com.apple.defaults:User Defaults] looked up value 1 for key RCTI18nUtil_makeRTLFlipLeftAndRightStyles in CFPrefsPlistSource<0x6000003bc380> (Domain: org.avalabs.corewallet, User: kCFPreferencesCurrentUser, ByHost: No, Container: (null), Contents Need Refresh: No) via CFPrefsSearchListSource<0x6000003bc080> (Domain: org.avalabs.corewallet, Container: (null))
2023-01-13 11:40:12.070 Db AvaxWallet[53452:1d306af] [com.apple.defaults:User Defaults] looked up value 1 for key RCTI18nUtil_makeRTLFlipLeftAndRightStyles in CFPrefsPlistSource<0x6000003bc380> (Domain: org.avalabs.corewallet, User: kCFPreferencesCurrentUser, ByHost: No, Container: (null), Contents Need Refresh: No) via CFPrefsSearchListSource<0x6000003bc080> (Domain: org.avalabs.corewallet, Container: (null))
2023-01-13 11:40:12.070 Db AvaxWallet[53452:1d306af] [com.apple.defaults:User Defaults] looked up value 1 for key RCTI18nUtil_makeRTLFlipLeftAndRightStyles in CFPrefsPlistSource<0x6000003bc380> (Domain: org.avalabs.corewallet, User: kCFPreferencesCurrentUser, ByHost: No, Container: (null), Contents Need Refresh: No) via CFPrefsSearchListSource<0x6000003bc080> (Domain: org.avalabs.corewallet, Container: (null))
2023-01-13 11:40:12.070 Db AvaxWallet[53452:1d306af] [com.apple.defaults:User Defaults] looked up value 1 for key RCTI18nUtil_makeRTLFlipLeftAndRightStyles in CFPrefsPlistSource<0x6000003bc380> (Domain: org.avalabs.corewallet, User: kCFPreferencesCurrentUser, ByHost: No, Container: (null), Contents Need Refresh: No) via CFPrefsSearchListSource<0x6000003bc080> (Domain: org.avalabs.corewallet, Container: (null))
2023-01-13 11:40:12.070 Db AvaxWallet[53452:1d306af] [com.apple.defaults:User Defaults] looked up value 1 for key RCTI18nUtil_makeRTLFlipLeftAndRightStyles in CFPrefsPlistSource<0x6000003bc380> (Domain: org.avalabs.corewallet, User: kCFPreferencesCurrentUser, ByHost: No, Container: (null), Contents Need Refresh: No) via CFPrefsSearchListSource<0x6000003bc080> (Domain: org.avalabs.corewallet, Container: (null))
2023-01-13 11:40:12.070 Db AvaxWallet[53452:1d30729] [com.apple.CFBundle:resources] Language lookup at CFBundle 0x14f715710 </Applications/Xcode.app/Contents/Developer/Platforms/iPhoneOS.platform/Library/Developer/CoreSimulator/Profiles/Runtimes/iOS.simruntime/Contents/Resources/RuntimeRoot/System/Library/LinguisticData//RequiredAssets_en.bundle> (not loaded)
	Localizations : [en]
	Dev language  : en
	User prefs    : [en]
	Main bundle   : [en]
	Allow mixed   : 0
	Result        : [en]
2023-01-13 11:40:12.070 Db AvaxWallet[53452:1d306af] [com.apple.defaults:User Defaults] looked up value 1 for key RCTI18nUtil_makeRTLFlipLeftAndRightStyles in CFPrefsPlistSource<0x6000003bc380> (Domain: org.avalabs.corewallet, User: kCFPreferencesCurrentUser, ByHost: No, Container: (null), Contents Need Refresh: No) via CFPrefsSearchListSource<0x6000003bc080> (Domain: org.avalabs.corewallet, Container: (null))
2023-01-13 11:40:12.070 Db AvaxWallet[53452:1d306af] [com.apple.defaults:User Defaults] looked up value 1 for key RCTI18nUtil_makeRTLFlipLeftAndRightStyles in CFPrefsPlistSource<0x6000003bc380> (Domain: org.avalabs.corewallet, User: kCFPreferencesCurrentUser, ByHost: No, Container: (null), Contents Need Refresh: No) via CFPrefsSearchListSource<0x6000003bc080> (Domain: org.avalabs.corewallet, Container: (null))
