2023-01-13 11:14:45.324 Db AvaxWallet[51129:1d28a6f] [com.apple.network:connection] nw_endpoint_handler_add_write_request [C1 ::1.64655 ready parent-flow (satisfied (Path is satisfied), viable, interface: en0[802.11])] connected_child_handles_requests 0
2023-01-13 11:14:45.326 I  AvaxWallet[51129:1d289f5] [com.wix.Detox:WebSocket] Action received: invoke
2023-01-13 11:14:45.331 Db AvaxWallet[51129:1d28bff] [com.apple.network:connection] nw_endpoint_handler_add_write_request [C1 ::1.64655 ready parent-flow (satisfied (Path is satisfied), viable, interface: en0[802.11])] connected_child_handles_requests 0
2023-01-13 11:14:45.333 I  AvaxWallet[51129:1d289f5] [com.wix.Detox:WebSocket] Action received: invoke
2023-01-13 11:14:45.502 Df AvaxWallet[51129:1d289f5] [com.apple.UIKit:EventDispatch] Sending UIEvent type: 0; subtype: 0; to windows: 1
2023-01-13 11:14:45.502 Df AvaxWallet[51129:1d289f5] [com.apple.UIKit:EventDispatch] Sending UIEvent type: 0; subtype: 0; to window: <UIWindow: 0x14600d930>; contextId: 0xBB4E4078
2023-01-13 11:14:45.503 A  AvaxWallet[51129:1d289f5] (UIKitCore) send gesture actions
2023-01-13 11:14:45.518 Df AvaxWallet[51129:1d289f5] [com.apple.UIKit:EventDispatch] Sending UIEvent type: 0; subtype: 0; to windows: 1
2023-01-13 11:14:45.518 Df AvaxWallet[51129:1d289f5] [com.apple.UIKit:EventDispatch] Sending UIEvent type: 0; subtype: 0; to window: <UIWindow: 0x14600d930>; contextId: 0xBB4E4078
2023-01-13 11:14:45.519 A  AvaxWallet[51129:1d289f5] (UIKitCore) send gesture actions
2023-01-13 11:14:45.547 Df AvaxWallet[51129:1d28bfe] [com.apple.FrontBoard:Common] Creating service facility connection with <BSServiceConnectionEndpoint: 0x600000232f70; target: com.apple.frontboard.systemappservices; service: com.apple.frontboard.system-service>
2023-01-13 11:14:45.548 Df AvaxWallet[51129:1d28bfe] [com.apple.FrontBoard:Common] [FBSSystemService][0x17a0] Sending request to open "com.apple.SafariViewService"
2023-01-13 11:14:45.548 Df AvaxWallet[51129:1d28b3e] [com.apple.FrontBoard:Common] [FBSSystemAppProxy:0x6000027d13b0] Service facility connection invalidated
2023-01-13 11:14:45.550 I  AvaxWallet[51129:1d289f5] [com.apple.Accessibility:AXRuntimeNotifications] Attempting to send notification:  (1055) (null)
2023-01-13 11:14:45.550 I  AvaxWallet[51129:1d289f5] [com.apple.Accessibility:AXRuntimeNotifications] Attempting to send notification:  (1055) (null)
2023-01-13 11:14:45.551 Db AvaxWallet[51129:1d289f5] [com.apple.UIKit:KeyboardVisualMode] useVisualModeWindowed: 0 (windowingModeEnabled: 0)
2023-01-13 11:14:45.551 Df AvaxWallet[51129:1d289f5] [com.apple.UIKit:KeyboardSceneDelegate] Reloading input views for: <(null): 0x0> force: 0
2023-01-13 11:14:45.551 Db AvaxWallet[51129:1d289f5] [com.apple.UIKit:KeyboardVisualMode] useVisualModeWindowed: 0 (windowingModeEnabled: 0)
2023-01-13 11:14:45.551 Db AvaxWallet[51129:1d289f5] [com.apple.UIKit:KeyboardVisualMode] useVisualModeWindowed: 0 (windowingModeEnabled: 0)
2023-01-13 11:14:45.551 Db AvaxWallet[51129:1d289f5] [com.apple.UIKit:KeyboardVisualMode] useVisualModeWindowed: 0 (windowingModeEnabled: 0)
2023-01-13 11:14:45.551 Db AvaxWallet[51129:1d289f5] [com.apple.UIKit:KeyboardVisualMode] useVisualModeWindowed: 0 (windowingModeEnabled: 0)
2023-01-13 11:14:45.551 Db AvaxWallet[51129:1d289f5] [com.apple.UIKit:KeyboardVisualMode] Show keyboard with visual mode windowed (0)
2023-01-13 11:14:45.551 Df AvaxWallet[51129:1d289f5] [com.apple.UIKit:InputWindowController] Setting input views: <<UIInputViewSet: 0x600003df9400>; (empty)>
2023-01-13 11:14:45.551 Df AvaxWallet[51129:1d289f5] [com.apple.UIKit:InputWindowController] Moving from placement: <UIInputViewSetPlacementOffScreenDown> to placement: <UIInputViewSetPlacementOffScreenDown>
2023-01-13 11:14:45.551 Df AvaxWallet[51129:1d289f5] [com.apple.UIKit:InputWindowController] Change to input view set: <<UIInputViewSet: 0x600003df9400>; (empty)>
2023-01-13 11:14:45.552 Db AvaxWallet[51129:1d289f5] [com.apple.defaults:User Defaults] found no value for key DictationLanguagesLastUsed in CFPrefsSearchListSource<0x6000022ae000> (Domain: com.apple.keyboard.preferences, Container: (null))
2023-01-13 11:14:45.552 I  AvaxWallet[51129:1d289f5] [com.apple.siri:Client] -[AFDictationConnection dictationIsAvailableForLanguage:synchronous:] 0x600003739ad0 Checking if language en-US is available
2023-01-13 11:14:45.552 Db AvaxWallet[51129:1d289f5] [com.apple.defaults:User Defaults] looked up value {
    "ar-SA" =     {
        "Auto Punctuation" = 0;
        "Continuous Listening" = 1;
        "Emoji Recognition" = 0;
        "High Quality" = 1;
        Installed = 0;
        "On Device Search" = 1;
    };
    "de-DE" =     {
        "Auto Punctuation" = 1;
        "Continuous Listening" = 1;
        "Emoji Recognition" = 1;
        "High Quality" = 1;
        Installed = 0;
        "On Device Search" = 1;
    };
    "en-AU" =     {
        "Auto Punctuation" = 1;
        "Continuous Listening" = 1;
        "Emoji Recognition" = 1;
        "High Quality" = 1;
        Installed = 0;
        "On Device Search" = 1;
    };
    "en-CA" =     {
        "Auto Punctuation" = 1;
        "Continuous Listening" = 1;
        "Emoji Recognition" = 1;
        "High Quality" = 1;
        Installed = 0;
        "On Device Search" = 1;
    };
    "en-GB" =     {
        "Auto Punctuation" = 1;
        "Continuous Listening" = 1;
        "Emoji Recognition" = 1;
        "High Quality" = 1;
        Installed =  for key <decode: missing data> in <decode: missing data> via <decode: missing data>
2023-01-13 11:14:45.552 Db AvaxWallet[51129:1d289f5] [com.apple.defaults:User Defaults] found no value for key Siri Data Sharing Opt-In Status 2.0 in CFPrefsSearchListSource<0x600002219c00> (Domain: com.apple.assistant.support, Container: (null))
2023-01-13 11:14:45.552 Db AvaxWallet[51129:1d289f5] [com.apple.defaults:User Defaults] found no value for key Assistant Enabled in CFPrefsSearchListSource<0x600002219c00> (Domain: com.apple.assistant.support, Container: (null))
2023-01-13 11:14:45.552 I  AvaxWallet[51129:1d289f5] [com.apple.siri:Client] -[AFDictationConnection dictationIsAvailableForLanguage:synchronous:] 0x600003739ad0 Language en-US is available over network
2023-01-13 11:14:45.552 I  AvaxWallet[51129:1d289f5] [com.apple.siri:Client] -[AFDictationConnection dictationIsAvailableForLanguage:synchronous:] 0x600003739ad0 Checking if language en-US is available
2023-01-13 11:14:45.552 Db AvaxWallet[51129:1d289f5] [com.apple.defaults:User Defaults] looked up value {
    "ar-SA" =     {
        "Auto Punctuation" = 0;
        "Continuous Listening" = 1;
        "Emoji Recognition" = 0;
        "High Quality" = 1;
        Installed = 0;
        "On Device Search" = 1;
    };
    "de-DE" =     {
        "Auto Punctuation" = 1;
        "Continuous Listening" = 1;
        "Emoji Recognition" = 1;
        "High Quality" = 1;
        Installed = 0;
        "On Device Search" = 1;
    };
    "en-AU" =     {
        "Auto Punctuation" = 1;
        "Continuous Listening" = 1;
        "Emoji Recognition" = 1;
        "High Quality" = 1;
        Installed = 0;
        "On Device Search" = 1;
    };
    "en-CA" =     {
        "Auto Punctuation" = 1;
        "Continuous Listening" = 1;
        "Emoji Recognition" = 1;
        "High Quality" = 1;
        Installed = 0;
        "On Device Search" = 1;
    };
    "en-GB" =     {
        "Auto Punctuation" = 1;
        "Continuous Listening" = 1;
        "Emoji Recognition" = 1;
        "High Quality" = 1;
        Installed =  for key <decode: missing data> in <decode: missing data> via <decode: missing data>
2023-01-13 11:14:45.552 Db AvaxWallet[51129:1d289f5] [com.apple.defaults:User Defaults] found no value for key Siri Data Sharing Opt-In Status 2.0 in CFPrefsSearchListSource<0x600002219c00> (Domain: com.apple.assistant.support, Container: (null))
2023-01-13 11:14:45.552 Db AvaxWallet[51129:1d289f5] [com.apple.defaults:User Defaults] found no value for key Assistant Enabled in CFPrefsSearchListSource<0x600002219c00> (Domain: com.apple.assistant.support, Container: (null))
2023-01-13 11:14:45.552 I  AvaxWallet[51129:1d289f5] [com.apple.siri:Client] -[AFDictationConnection dictationIsAvailableForLanguage:synchronous:] 0x600003739ad0 Language en-US is available over network
2023-01-13 11:14:45.552 I  AvaxWallet[51129:1d289f5] [com.apple.siri:Client] -[AFDictationConnection dictationIsAvailableForLanguage:synchronous:] 0x600003739ad0 Checking if language en-US is available
2023-01-13 11:14:45.553 Db AvaxWallet[51129:1d289f5] [com.apple.defaults:User Defaults] looked up value {
    "ar-SA" =     {
        "Auto Punctuation" = 0;
        "Continuous Listening" = 1;
        "Emoji Recognition" = 0;
        "High Quality" = 1;
        Installed = 0;
        "On Device Search" = 1;
    };
    "de-DE" =     {
        "Auto Punctuation" = 1;
        "Continuous Listening" = 1;
        "Emoji Recognition" = 1;
        "High Quality" = 1;
        Installed = 0;
        "On Device Search" = 1;
    };
    "en-AU" =     {
        "Auto Punctuation" = 1;
        "Continuous Listening" = 1;
        "Emoji Recognition" = 1;
        "High Quality" = 1;
        Installed = 0;
        "On Device Search" = 1;
    };
    "en-CA" =     {
        "Auto Punctuation" = 1;
        "Continuous Listening" = 1;
        "Emoji Recognition" = 1;
        "High Quality" = 1;
        Installed = 0;
        "On Device Search" = 1;
    };
    "en-GB" =     {
        "Auto Punctuation" = 1;
        "Continuous Listening" = 1;
        "Emoji Recognition" = 1;
        "High Quality" = 1;
        Installed =  for key <decode: missing data> in <decode: missing data> via <decode: missing data>
2023-01-13 11:14:45.553 Db AvaxWallet[51129:1d289f5] [com.apple.defaults:User Defaults] found no value for key Siri Data Sharing Opt-In Status 2.0 in CFPrefsSearchListSource<0x600002219c00> (Domain: com.apple.assistant.support, Container: (null))
2023-01-13 11:14:45.553 Db AvaxWallet[51129:1d289f5] [com.apple.defaults:User Defaults] found no value for key Assistant Enabled in CFPrefsSearchListSource<0x600002219c00> (Domain: com.apple.assistant.support, Container: (null))
2023-01-13 11:14:45.553 I  AvaxWallet[51129:1d289f5] [com.apple.siri:Client] -[AFDictationConnection dictationIsAvailableForLanguage:synchronous:] 0x600003739ad0 Language en-US is available over network
2023-01-13 11:14:45.553 Db AvaxWallet[51129:1d289f5] [com.apple.CFBundle:resources] Resource lookup at CFBundle 0x145714100 </Applications/Xcode.app/Contents/Developer/Platforms/iPhoneOS.platform/Library/Developer/CoreSimulator/Profiles/Runtimes/iOS.simruntime/Contents/Resources/RuntimeRoot/System/Library/AccessibilityBundles/UIKit.axbundle> (framework, loaded)
	Request       : Accessibility type: strings localization: en
	Result        : file:///Applications/Xcode.app/Contents/Developer/Platforms/iPhoneOS.platform/Library/Developer/CoreSimulator/Profiles/Runtimes/iOS.simruntime/Contents/Resources/RuntimeRoot/System/Library/AccessibilityBundles/UIKit.axbundle/en.lproj/Accessibility.strings
2023-01-13 11:14:45.553 Db AvaxWallet[51129:1d289f5] [com.apple.CFBundle:resources] Resource lookup at CFBundle 0x145714100 </Applications/Xcode.app/Contents/Developer/Platforms/iPhoneOS.platform/Library/Developer/CoreSimulator/Profiles/Runtimes/iOS.simruntime/Contents/Resources/RuntimeRoot/System/Library/AccessibilityBundles/UIKit.axbundle> (framework, loaded)
	Request       : Accessibility type: stringsdict localization: en
	Result        : file:///Applications/Xcode.app/Contents/Developer/Platforms/iPhoneOS.platform/Library/Developer/CoreSimulator/Profiles/Runtimes/iOS.simruntime/Contents/Resources/RuntimeRoot/System/Library/AccessibilityBundles/UIKit.axbundle/en.lproj/Accessibility.stringsdict
2023-01-13 11:14:45.553 Db AvaxWallet[51129:1d289f5] [com.apple.CFBundle:strings] Bundle: CFBundle 0x145714100 </Applications/Xcode.app/Contents/Developer/Platforms/iPhoneOS.platform/Library/Developer/CoreSimulator/Profiles/Runtimes/iOS.simruntime/Contents/Resources/RuntimeRoot/System/Library/AccessibilityBundles/UIKit.axbundle> (framework, loaded), key: global.keyboard.key.emoji, value: (null), table: Accessibility, localizationName: en, result: Emoji
2023-01-13 11:14:45.553 Db AvaxWallet[51129:1d289f5] [com.apple.UIKit:KeyboardVisualMode] useVisualModeWindowed: 0 (windowingModeEnabled: 0)
2023-01-13 11:14:45.554 Db AvaxWallet[51129:1d289f5] [com.apple.defaults:User Defaults] found no value for key KeyboardBias in CFPrefsSearchListSource<0x6000022ae000> (Domain: com.apple.keyboard.preferences, Container: (null))
2023-01-13 11:14:45.554 Db AvaxWallet[51129:1d289f5] [com.apple.UIKit:KeyboardVisualMode] useVisualModeWindowed: 0 (windowingModeEnabled: 0)
2023-01-13 11:14:45.554 Db AvaxWallet[51129:1d289f5] [com.apple.UIKit:KeyboardVisualMode] useVisualModeWindowed: 0 (windowingModeEnabled: 0)
2023-01-13 11:14:45.554 Db AvaxWallet[51129:1d289f5] [com.apple.UIKit:KeyboardVisualMode] useVisualModeWindowed: 0 (windowingModeEnabled: 0)
2023-01-13 11:14:45.555 Db AvaxWallet[51129:1d28b3e] [com.apple.BaseBoard:MachPort]  *|machport|* <BSMachPortTaskNameRight: 0x600001685e40; usable: YES; (51129:10e2f:send xpcCode) from (84275:22377:send task_name_for_pid:SafariViewServi.41855)> -> (<NSThread: 0x6000016b9e00>{number = 15, name = (null)}) (
	0   BaseBoard                           0x000000018333a548 -[BSMachPortRight _initWithPort:type:owner:trace:] + 192
	1   BaseBoard                           0x000000018333af5c -[BSMachPortRight initWithXPCDictionary:] + 164
	2   BaseBoard                           0x000000018333c7e4 -[BSMachPortTaskNameRight initWithXPCDictionary:] + 56
	3   BaseBoard                           0x000000018330fc84 BSCreateDeserializedBSXPCEncodableObjectFromXPCDictionary + 148
	4   BaseBoard                           0x000000018330fbac BSCreateDeserializedBSXPCEncodableObjectFromXPCDictionaryWithKey + 56
	5   BaseBoard                           0x0000000183349d34 -[BSProcessHandle initWithXPCDictionary:] + 212
	6   BaseBoard                           0x0000000183375a7c _BSXPCDecodeObject + 1536
	7   BaseBo
2023-01-13 11:14:45.555 Df AvaxWallet[51129:1d28b3e] [com.apple.FrontBoard:Common] [FBSSystemService][0x17a0] Request successful: <BSProcessHandle: 0x6000002471b0; SafariViewServi:41855; valid: YES>
2023-01-13 11:14:45.555 Db AvaxWallet[51129:1d28c07] [com.apple.defaults:User Defaults] found no value for key LogViewServiceAssertion in CFPrefsSearchListSource<0x6000022aea80> (Domain: com.apple.UIKit, Container: (null))
2023-01-13 11:14:45.555 I  AvaxWallet[51129:1d28bfe] [com.apple.runningboard:assertion] Acquiring assertion: <RBSAssertionDescriptor| "com.apple.viewservice.session" ID:(null) target:application<com.apple.SafariViewService>>
2023-01-13 11:14:45.555 Df AvaxWallet[51129:1d28c07] [com.apple.UIKit:ViewServiceAssertion] Assertion created: identifier: com.apple.SafariViewService; assertion: 0x600002faedf0
2023-01-13 11:14:45.555 Db AvaxWallet[51129:1d28b3e] [com.apple.BaseBoard:MachPort]  *|machport|* invalidate <BSMachPortTaskNameRight:0x600001685e40 usable=YES (51129:10e2f:send xpcCode) from (84275:22377:send task_name_for_pid:SafariViewServi.41855)> -> (<NSThread: 0x6000016b9e00>{number = 15, name = (null)}) (
	0   BaseBoard                           0x000000018333acb4 -[BSMachPortRight _lock_invalidateForOwner:] + 288
	1   BaseBoard                           0x000000018333ad98 -[BSMachPortRight invalidate] + 56
	2   BaseBoard                           0x000000018334986c -[BSProcessHandle dealloc] + 28
	3   libobjc.A.dylib                     0x000000018004eeb4 _ZN19AutoreleasePoolPage12releaseUntilEPP11objc_object + 200
	4   libobjc.A.dylib                     0x000000018004ecc4 objc_autoreleasePoolPop + 252
	5   BoardServices                       0x0000000184b05190 BSXPCServiceConnectionExecuteCallOut + 240
	6   BoardServices                       0x0000000184ad64c0 __80+[BSXPCServiceConnectionProxy createImplementationOfProtocol:forClass:withName:]_block_invoke.100 + 152
	7   BoardServices
2023-01-13 11:14:45.556 Db AvaxWallet[51129:1d28bfe] [com.apple.runningboard:assertion] Adding assertion 84277-51129-110348 to dictionary
2023-01-13 11:14:45.557 Df AvaxWallet[51129:1d28bfe] [com.apple.UIKit:ViewServiceAssertion] Did connect to service: identifier: com.apple.SafariViewService; assertion: 0x600002faedf0
2023-01-13 11:14:45.557 Df AvaxWallet[51129:1d28bfe] [com.apple.UIKit:ViewServiceAssertion] Initialized service interface: identifier: com.apple.SafariViewService; assertion: 0x600002faedf0
2023-01-13 11:14:45.559 Df AvaxWallet[51129:1d28bfe] [com.apple.UIKit:ViewServiceAssertion] Cancelled active service request: identifier: com.apple.SafariViewService; assertion: 0x0
2023-01-13 11:14:45.559 Df AvaxWallet[51129:1d28bfe] [com.apple.UIKit:ViewServiceAssertion] Invalidating assertion: identifier: com.apple.SafariViewService; assertion: 0x0
2023-01-13 11:14:45.559 Df AvaxWallet[51129:1d28bfe] [com.apple.UIKit:ViewServiceAssertion] Calling out to connection handler to cancel active service request: identifier: com.apple.SafariViewService; assertion: 0x0
2023-01-13 11:14:45.562 I  AvaxWallet[51129:1d289f5] [com.apple.Accessibility:AXRuntimeNotifications] Attempting to send notification:  (1000) (null)
2023-01-13 11:14:45.565 Db AvaxWallet[51129:1d289f5] [com.apple.CFBundle:strings] Bundle: CFBundle 0x146406320 </Applications/Xcode.app/Contents/Developer/Platforms/iPhoneOS.platform/Library/Developer/CoreSimulator/Profiles/Runtimes/iOS.simruntime/Contents/Resources/RuntimeRoot/System/Library/AccessibilityBundles/AnnotationKit.axbundle> (bundle, loaded), key: color.picker.white, value: , table: Accessibility, localizationName: (null), result: White
2023-01-13 11:14:45.565 Db AvaxWallet[51129:1d289f5] [com.apple.CFBundle:strings] Bundle: CFBundle 0x146406320 </Applications/Xcode.app/Contents/Developer/Platforms/iPhoneOS.platform/Library/Developer/CoreSimulator/Profiles/Runtimes/iOS.simruntime/Contents/Resources/RuntimeRoot/System/Library/AccessibilityBundles/AnnotationKit.axbundle> (bundle, loaded), key: color.picker.white, value: , table: Accessibility, localizationName: (null), result: White
2023-01-13 11:14:45.565 Db AvaxWallet[51129:1d289f5] [com.apple.CFBundle:strings] Bundle: CFBundle 0x146404d20 </Applications/Xcode.app/Contents/Developer/Platforms/iPhoneOS.platform/Library/Developer/CoreSimulator/Profiles/Runtimes/iOS.simruntime/Contents/Resources/RuntimeRoot/System/Library/PrivateFrameworks/UIKitCore.framework> (not loaded), key: CONTEXT_MENU_LOADING, value: Loading, table: Localizable, localizationName: (null), result: Loading
2023-01-13 11:14:45.565 Db AvaxWallet[51129:1d289f5] [com.apple.CFBundle:strings] Bundle: CFBundle 0x146404d20 </Applications/Xcode.app/Contents/Developer/Platforms/iPhoneOS.platform/Library/Developer/CoreSimulator/Profiles/Runtimes/iOS.simruntime/Contents/Resources/RuntimeRoot/System/Library/PrivateFrameworks/UIKitCore.framework> (not loaded), key: CONTEXT_MENU_LOADING, value: Loading, table: Localizable, localizationName: (null), result: Loading
2023-01-13 11:14:45.566 Db AvaxWallet[51129:1d289f5] [com.apple.CFBundle:strings] Bundle: CFBundle 0x146406320 </Applications/Xcode.app/Contents/Developer/Platforms/iPhoneOS.platform/Library/Developer/CoreSimulator/Profiles/Runtimes/iOS.simruntime/Contents/Resources/RuntimeRoot/System/Library/AccessibilityBundles/AnnotationKit.axbundle> (bundle, loaded), key: color.picker.white, value: , table: Accessibility, localizationName: (null), result: White
2023-01-13 11:14:45.566 Db AvaxWallet[51129:1d289f5] [com.apple.CFBundle:strings] Bundle: CFBundle 0x146406320 </Applications/Xcode.app/Contents/Developer/Platforms/iPhoneOS.platform/Library/Developer/CoreSimulator/Profiles/Runtimes/iOS.simruntime/Contents/Resources/RuntimeRoot/System/Library/AccessibilityBundles/AnnotationKit.axbundle> (bundle, loaded), key: color.picker.white, value: , table: Accessibility, localizationName: (null), result: White
2023-01-13 11:14:45.566 Db AvaxWallet[51129:1d289f5] [com.apple.CFBundle:strings] Bundle: CFBundle 0x146404d20 </Applications/Xcode.app/Contents/Developer/Platforms/iPhoneOS.platform/Library/Developer/CoreSimulator/Profiles/Runtimes/iOS.simruntime/Contents/Resources/RuntimeRoot/System/Library/PrivateFrameworks/UIKitCore.framework> (not loaded), key: CONTEXT_MENU_LOADING, value: Loading, table: Localizable, localizationName: (null), result: Loading
2023-01-13 11:14:45.567 Db AvaxWallet[51129:1d289f5] [com.apple.CFBundle:strings] Bundle: CFBundle 0x146404d20 </Applications/Xcode.app/Contents/Developer/Platforms/iPhoneOS.platform/Library/Developer/CoreSimulator/Profiles/Runtimes/iOS.simruntime/Contents/Resources/RuntimeRoot/System/Library/PrivateFrameworks/UIKitCore.framework> (not loaded), key: CONTEXT_MENU_LOADING, value: Loading, table: Localizable, localizationName: (null), result: Loading
2023-01-13 11:14:45.567 I  AvaxWallet[51129:1d289f5] [com.apple.Accessibility:AXRuntimeNotifications] Attempting to send notification:  (1001) (null)
2023-01-13 11:14:45.567 I  AvaxWallet[51129:1d289f5] [com.apple.Accessibility:AXRuntimeNotifications] Did post notification. notification:  (1055) error:0 data:(null)
2023-01-13 11:14:45.568 I  AvaxWallet[51129:1d289f5] [com.apple.Accessibility:AXRuntimeNotifications] Did post notification. notification:  (1000) error:0 data:(null)
2023-01-13 11:14:45.569 I  AvaxWallet[51129:1d289f5] [com.apple.Accessibility:AXRuntimeNotifications] Did post notification. notification:  (1001) error:0 data:(null)
2023-01-13 11:14:45.580 Db AvaxWallet[51129:1d289f5] [com.apple.BaseBoard:MachPort]  *|machport|* <BSMachPortSendRight: 0x600000272070; usable: YES; (51129:7a03:send take)> -> (<_NSMainThread: 0x6000019b85c0>{number = 1, name = main}) (
	0   BaseBoard                           0x000000018333a548 -[BSMachPortRight _initWithPort:type:owner:trace:] + 192
	1   BaseBoard                           0x000000018333bc00 -[BSMachPortSendRight initWithPort:] + 116
	2   UIKitCore                           0x0000000110523bec -[_UIRemoteViewControllerConnectionRequest _sendServiceViewControllerRequest] + 188
	3   DetoxSync                           0x0000000113e3e67c ____detox_sync_dispatch_wrapper_block_invoke + 44
	4   libdispatch.dylib                   0x0000000180135768 _dispatch_client_callout + 16
	5   libdispatch.dylib                   0x0000000180145f04 _dispatch_lane_barrier_sync_invoke_and_complete + 92
	6   DetoxSync                           0x0000000113e3e034 __detox_sync_dispatch_sync + 200
	7   UIKitCore                           0x000000011052334c __115-[_UIRemoteViewControllerConnectio
2023-01-13 11:14:45.583 Db AvaxWallet[51129:1d289f5] [com.apple.BaseBoard:MachPort]  *|machport|* invalidate <BSMachPortSendRight:0x600000272070 usable=YES (51129:7a03:send take)> -> (<_NSMainThread: 0x6000019b85c0>{number = 1, name = main}) (
	0   BaseBoard                           0x000000018333acb4 -[BSMachPortRight _lock_invalidateForOwner:] + 288
	1   BaseBoard                           0x000000018333ad98 -[BSMachPortRight invalidate] + 56
	2   BaseBoard                           0x000000018333a72c -[BSMachPortRight dealloc] + 24
	3   UIKitCore                           0x0000000110523d80 -[_UIRemoteViewControllerConnectionRequest _sendServiceViewControllerRequest] + 592
	4   DetoxSync                           0x0000000113e3e67c ____detox_sync_dispatch_wrapper_block_invoke + 44
	5   libdispatch.dylib                   0x0000000180135768 _dispatch_client_callout + 16
	6   libdispatch.dylib                   0x0000000180145f04 _dispatch_lane_barrier_sync_invoke_and_complete + 92
	7   DetoxSync                           0x0000000113e3e034 __detox_sync_dispatch_sync + 200
	8   UIKitCore
2023-01-13 11:14:45.632 Db AvaxWallet[51129:1d28b3e] [com.apple.BaseBoard:MachPort]  *|machport|* <BSMachPortSendRight: 0x600000271c20; usable: YES; (51129:d777:send secCode) from (41855:4803:send take)> -> (<NSThread: 0x6000016b9e00>{number = 15, name = (null)}) (
	0   BaseBoard                           0x000000018333a548 -[BSMachPortRight _initWithPort:type:owner:trace:] + 192
	1   BaseBoard                           0x000000018333b428 -[BSMachPortRight initWithCoder:] + 308
	2   Foundation                          0x0000000180cbbd88 _decodeObject + 1348
	3   Foundation                          0x0000000180cbc24c _decodeObjectAfterSettingAllowListForKey + 164
	4   Foundation                          0x0000000180cbc170 -[NSXPCDecoder decodeObjectOfClass:forKey:] + 48
	5   UIKitCore                           0x0000000110540008 -[_UIViewServiceControllerOperatorCreateResult initWithCoder:] + 416
	6   Foundation                          0x0000000180cbbd88 _decodeObject + 1348
	7   Foundation                          0x0000000180cbb7b8 -[NSXPCDecoder _decodeObjectOfClasses:atObject:] + 144
2023-01-13 11:14:45.637 Db AvaxWallet[51129:1d289f5] [com.apple.BaseBoard:MachPort]  *|machport|* invalidate <BSMachPortSendRight:0x600000271c20 usable=YES (51129:d777:send secCode) from (41855:4803:send take)> -> (<_NSMainThread: 0x6000019b85c0>{number = 1, name = main}) (
	0   BaseBoard                           0x000000018333acb4 -[BSMachPortRight _lock_invalidateForOwner:] + 288
	1   BaseBoard                           0x000000018333ab90 -[BSMachPortRight extractPortAndIKnowWhatImDoingISwear] + 120
	2   UIKitCore                           0x00000001105251ec -[_UIRemoteViewController _awakeWithConnectionInfo:] + 764
	3   UIKit                               0x0000000115fb56dc -[_UIRemoteViewControllerAccessibility _awakeWithConnectionInfo:] + 48
	4   UIKitCore                           0x0000000110524d24 __124+[_UIRemoteViewController _requestViewController:traitCollection:fromServiceWithBundleIdentifier:service:connectionHandler:]_block_invoke_2 + 80
	5   DetoxSync                           0x0000000113e3e67c ____detox_sync_dispatch_wrapper_block_invoke + 44
	6   libdispatch.dylib
2023-01-13 11:14:45.638 Db AvaxWallet[51129:1d289f5] [com.apple.UIKit:KeyboardVisualMode] TEW _shouldResizeWithScene 0 (windowingModeEnabled: 0, resizeFor: 0)
2023-01-13 11:14:45.639 Db AvaxWallet[51129:1d289f5] [com.apple.UIKit:KeyboardVisualMode] TEW _shouldResizeWithScene 0 (windowingModeEnabled: 0, resizeFor: 0)
2023-01-13 11:14:45.639 Df AvaxWallet[51129:1d289f5] [com.apple.UIKit:InputWindowController] Change to input view set: (null)
2023-01-13 11:14:45.639 Db AvaxWallet[51129:1d289f5] [com.apple.UIKit:KeyboardVisualMode] TEW _shouldResizeWithScene 0 (windowingModeEnabled: 0, resizeFor: 0)
2023-01-13 11:14:45.639 Db AvaxWallet[51129:1d289f5] [com.apple.UIKit:KeyboardVisualMode] TEW _shouldResizeWithScene 0 (windowingModeEnabled: 0, resizeFor: 0)
2023-01-13 11:14:45.640 E  AvaxWallet[51129:1d28bfe] [com.apple.Accessibility:AXRuntimeCommon] Unknown client: AvaxWallet
2023-01-13 11:14:45.642 Db AvaxWallet[51129:1d289f5] [com.apple.UIKit:KeyboardVisualMode] TEW _shouldResizeWithScene 0 (windowingModeEnabled: 0, resizeFor: 0)
2023-01-13 11:14:45.642 Db AvaxWallet[51129:1d289f5] [com.apple.UIKit:KeyboardVisualMode] TEW _shouldResizeWithScene 0 (windowingModeEnabled: 0, resizeFor: 0)
2023-01-13 11:14:45.642 Db AvaxWallet[51129:1d289f5] [com.apple.UIKit:KeyboardVisualMode] TEW _shouldResizeWithScene 0 (windowingModeEnabled: 0, resizeFor: 0)
2023-01-13 11:14:45.642 Df AvaxWallet[51129:1d289f5] [com.apple.UIKit:InputWindowController] Change to input view set: (null)
2023-01-13 11:14:45.642 Db AvaxWallet[51129:1d289f5] [com.apple.UIKit:KeyboardVisualMode] TEW _shouldResizeWithScene 0 (windowingModeEnabled: 0, resizeFor: 0)
2023-01-13 11:14:45.642 Db AvaxWallet[51129:1d289f5] [com.apple.UIKit:KeyboardVisualMode] TEW _shouldResizeWithScene 0 (windowingModeEnabled: 0, resizeFor: 0)
2023-01-13 11:14:45.642 I  AvaxWallet[51129:1d28bfe] [com.apple.runningboard:assertion] Acquiring assertion: <RBSAssertionDescriptor| "injecting inherited from "UIScene:com.apple.frontboard.systemappservices::FBSceneManager:sceneID%3Aorg.avalabs.corewallet-default" to 41855<UIHostedWindow:9909822>" ID:(null) target:41855<UIHostedWindow:9909822>>
2023-01-13 11:14:45.642 Df AvaxWallet[51129:1d289f5] [com.apple.UIKit:InputWindowController] Change to input view set: <<UIInputViewSet: 0x600003da29e0>; (empty)>
2023-01-13 11:14:45.643 Db AvaxWallet[51129:1d28bfe] [com.apple.runningboard:assertion] Adding assertion 84277-51129-110351 to dictionary
2023-01-13 11:14:45.645 Db AvaxWallet[51129:1d289f5] [com.apple.CFBundle:resources] Resource lookup at CFBundle 0x145714100 </Applications/Xcode.app/Contents/Developer/Platforms/iPhoneOS.platform/Library/Developer/CoreSimulator/Profiles/Runtimes/iOS.simruntime/Contents/Resources/RuntimeRoot/System/Library/AccessibilityBundles/UIKit.axbundle> (framework, loaded)
	Request       : Accessibility type: strings localization: en
	Result        : file:///Applications/Xcode.app/Contents/Developer/Platforms/iPhoneOS.platform/Library/Developer/CoreSimulator/Profiles/Runtimes/iOS.simruntime/Contents/Resources/RuntimeRoot/System/Library/AccessibilityBundles/UIKit.axbundle/en.lproj/Accessibility.strings
2023-01-13 11:14:45.645 Db AvaxWallet[51129:1d289f5] [com.apple.CFBundle:resources] Resource lookup at CFBundle 0x145714100 </Applications/Xcode.app/Contents/Developer/Platforms/iPhoneOS.platform/Library/Developer/CoreSimulator/Profiles/Runtimes/iOS.simruntime/Contents/Resources/RuntimeRoot/System/Library/AccessibilityBundles/UIKit.axbundle> (framework, loaded)
	Request       : Accessibility type: stringsdict localization: en
	Result        : file:///Applications/Xcode.app/Contents/Developer/Platforms/iPhoneOS.platform/Library/Developer/CoreSimulator/Profiles/Runtimes/iOS.simruntime/Contents/Resources/RuntimeRoot/System/Library/AccessibilityBundles/UIKit.axbundle/en.lproj/Accessibility.stringsdict
2023-01-13 11:14:45.645 Db AvaxWallet[51129:1d289f5] [com.apple.CFBundle:strings] Bundle: CFBundle 0x145714100 </Applications/Xcode.app/Contents/Developer/Platforms/iPhoneOS.platform/Library/Developer/CoreSimulator/Profiles/Runtimes/iOS.simruntime/Contents/Resources/RuntimeRoot/System/Library/AccessibilityBundles/UIKit.axbundle> (framework, loaded), key: global.keyboard.key.emoji, value: (null), table: Accessibility, localizationName: en, result: Emoji
2023-01-13 11:14:45.645 Db AvaxWallet[51129:1d289f5] [com.apple.CFBundle:strings] Bundle: CFBundle 0x145714100 </Applications/Xcode.app/Contents/Developer/Platforms/iPhoneOS.platform/Library/Developer/CoreSimulator/Profiles/Runtimes/iOS.simruntime/Contents/Resources/RuntimeRoot/System/Library/AccessibilityBundles/UIKit.axbundle> (framework, loaded), key: globe.keyboard.key.hint, value: , table: Accessibility, localizationName: (null), result: Double-tap and hold, then drag up to select another keyboard
2023-01-13 11:14:45.645 Db AvaxWallet[51129:1d289f5] [com.apple.CFBundle:strings] Bundle: CFBundle 0x145714100 </Applications/Xcode.app/Contents/Developer/Platforms/iPhoneOS.platform/Library/Developer/CoreSimulator/Profiles/Runtimes/iOS.simruntime/Contents/Resources/RuntimeRoot/System/Library/AccessibilityBundles/UIKit.axbundle> (framework, loaded), key: dictation.key, value: , table: Accessibility, localizationName: (null), result: Dictate
2023-01-13 11:14:45.645 Db AvaxWallet[51129:1d289f5] [com.apple.CFBundle:strings] Bundle: CFBundle 0x145714100 </Applications/Xcode.app/Contents/Developer/Platforms/iPhoneOS.platform/Library/Developer/CoreSimulator/Profiles/Runtimes/iOS.simruntime/Contents/Resources/RuntimeRoot/System/Library/AccessibilityBundles/UIKit.axbundle> (framework, loaded), key: dictation.key.hint, value: , table: Accessibility, localizationName: (null), result: Double-tap to start dictation. Double-tap with two fingers when finished.
2023-01-13 11:14:45.645 Db AvaxWallet[51129:1d289f5] [com.apple.CFBundle:strings] Bundle: CFBundle 0x145714100 </Applications/Xcode.app/Contents/Developer/Platforms/iPhoneOS.platform/Library/Developer/CoreSimulator/Profiles/Runtimes/iOS.simruntime/Contents/Resources/RuntimeRoot/System/Library/AccessibilityBundles/UIKit.axbundle> (framework, loaded), key: keyboardMinimized.tabButton, value: , table: Accessibility, localizationName: (null), result: show keyboard
2023-01-13 11:14:45.645 Db AvaxWallet[51129:1d289f5] [com.apple.CFBundle:resources] Resource lookup at CFBundle 0x145714100 </Applications/Xcode.app/Contents/Developer/Platforms/iPhoneOS.platform/Library/Developer/CoreSimulator/Profiles/Runtimes/iOS.simruntime/Contents/Resources/RuntimeRoot/System/Library/AccessibilityBundles/UIKit.axbundle> (framework, loaded)
	Request       : Accessibility type: strings localization: en
	Result        : file:///Applications/Xcode.app/Contents/Developer/Platforms/iPhoneOS.platform/Library/Developer/CoreSimulator/Profiles/Runtimes/iOS.simruntime/Contents/Resources/RuntimeRoot/System/Library/AccessibilityBundles/UIKit.axbundle/en.lproj/Accessibility.strings
2023-01-13 11:14:45.645 Db AvaxWallet[51129:1d289f5] [com.apple.CFBundle:resources] Resource lookup at CFBundle 0x145714100 </Applications/Xcode.app/Contents/Developer/Platforms/iPhoneOS.platform/Library/Developer/CoreSimulator/Profiles/Runtimes/iOS.simruntime/Contents/Resources/RuntimeRoot/System/Library/AccessibilityBundles/UIKit.axbundle> (framework, loaded)
	Request       : Accessibility type: stringsdict localization: en
	Result        : file:///Applications/Xcode.app/Contents/Developer/Platforms/iPhoneOS.platform/Library/Developer/CoreSimulator/Profiles/Runtimes/iOS.simruntime/Contents/Resources/RuntimeRoot/System/Library/AccessibilityBundles/UIKit.axbundle/en.lproj/Accessibility.stringsdict
2023-01-13 11:14:45.646 Db AvaxWallet[51129:1d289f5] [com.apple.CFBundle:strings] Bundle: CFBundle 0x145714100 </Applications/Xcode.app/Contents/Developer/Platforms/iPhoneOS.platform/Library/Developer/CoreSimulator/Profiles/Runtimes/iOS.simruntime/Contents/Resources/RuntimeRoot/System/Library/AccessibilityBundles/UIKit.axbundle> (framework, loaded), key: global.keyboard.key.emoji, value: (null), table: Accessibility, localizationName: en, result: Emoji
2023-01-13 11:14:45.646 Db AvaxWallet[51129:1d289f5] [com.apple.CFBundle:strings] Bundle: CFBundle 0x145714100 </Applications/Xcode.app/Contents/Developer/Platforms/iPhoneOS.platform/Library/Developer/CoreSimulator/Profiles/Runtimes/iOS.simruntime/Contents/Resources/RuntimeRoot/System/Library/AccessibilityBundles/UIKit.axbundle> (framework, loaded), key: globe.keyboard.key.hint, value: , table: Accessibility, localizationName: (null), result: Double-tap and hold, then drag up to select another keyboard
2023-01-13 11:14:45.646 Db AvaxWallet[51129:1d289f5] [com.apple.CFBundle:strings] Bundle: CFBundle 0x145714100 </Applications/Xcode.app/Contents/Developer/Platforms/iPhoneOS.platform/Library/Developer/CoreSimulator/Profiles/Runtimes/iOS.simruntime/Contents/Resources/RuntimeRoot/System/Library/AccessibilityBundles/UIKit.axbundle> (framework, loaded), key: dictation.key, value: , table: Accessibility, localizationName: (null), result: Dictate
2023-01-13 11:14:45.646 Db AvaxWallet[51129:1d289f5] [com.apple.CFBundle:strings] Bundle: CFBundle 0x145714100 </Applications/Xcode.app/Contents/Developer/Platforms/iPhoneOS.platform/Library/Developer/CoreSimulator/Profiles/Runtimes/iOS.simruntime/Contents/Resources/RuntimeRoot/System/Library/AccessibilityBundles/UIKit.axbundle> (framework, loaded), key: dictation.key.hint, value: , table: Accessibility, localizationName: (null), result: Double-tap to start dictation. Double-tap with two fingers when finished.
2023-01-13 11:14:45.646 Db AvaxWallet[51129:1d289f5] [com.apple.CFBundle:strings] Bundle: CFBundle 0x145714100 </Applications/Xcode.app/Contents/Developer/Platforms/iPhoneOS.platform/Library/Developer/CoreSimulator/Profiles/Runtimes/iOS.simruntime/Contents/Resources/RuntimeRoot/System/Library/AccessibilityBundles/UIKit.axbundle> (framework, loaded), key: keyboardMinimized.tabButton, value: , table: Accessibility, localizationName: (null), result: show keyboard
2023-01-13 11:14:45.647 Db AvaxWallet[51129:1d289f5] [com.apple.defaults:User Defaults] found no value for key DictationLanguagesLastUsed in CFPrefsSearchListSource<0x6000022ae000> (Domain: com.apple.keyboard.preferences, Container: (null))
2023-01-13 11:14:45.647 I  AvaxWallet[51129:1d289f5] [com.apple.siri:Client] -[AFDictationConnection dictationIsAvailableForLanguage:synchronous:] 0x600003739ad0 Checking if language en-US is available
2023-01-13 11:14:45.647 Db AvaxWallet[51129:1d289f5] [com.apple.defaults:User Defaults] looked up value {
    "ar-SA" =     {
        "Auto Punctuation" = 0;
        "Continuous Listening" = 1;
        "Emoji Recognition" = 0;
        "High Quality" = 1;
        Installed = 0;
        "On Device Search" = 1;
    };
    "de-DE" =     {
        "Auto Punctuation" = 1;
        "Continuous Listening" = 1;
        "Emoji Recognition" = 1;
        "High Quality" = 1;
        Installed = 0;
        "On Device Search" = 1;
    };
    "en-AU" =     {
        "Auto Punctuation" = 1;
        "Continuous Listening" = 1;
        "Emoji Recognition" = 1;
        "High Quality" = 1;
        Installed = 0;
        "On Device Search" = 1;
    };
    "en-CA" =     {
        "Auto Punctuation" = 1;
        "Continuous Listening" = 1;
        "Emoji Recognition" = 1;
        "High Quality" = 1;
        Installed = 0;
        "On Device Search" = 1;
    };
    "en-GB" =     {
        "Auto Punctuation" = 1;
        "Continuous Listening" = 1;
        "Emoji Recognition" = 1;
        "High Quality" = 1;
        Installed =  for key <decode: missing data> in <decode: missing data> via <decode: missing data>
2023-01-13 11:14:45.647 Db AvaxWallet[51129:1d289f5] [com.apple.defaults:User Defaults] found no value for key Siri Data Sharing Opt-In Status 2.0 in CFPrefsSearchListSource<0x600002219c00> (Domain: com.apple.assistant.support, Container: (null))
2023-01-13 11:14:45.647 Db AvaxWallet[51129:1d289f5] [com.apple.defaults:User Defaults] found no value for key Assistant Enabled in CFPrefsSearchListSource<0x600002219c00> (Domain: com.apple.assistant.support, Container: (null))
2023-01-13 11:14:45.647 I  AvaxWallet[51129:1d289f5] [com.apple.siri:Client] -[AFDictationConnection dictationIsAvailableForLanguage:synchronous:] 0x600003739ad0 Language en-US is available over network
2023-01-13 11:14:45.647 I  AvaxWallet[51129:1d289f5] [com.apple.siri:Client] -[AFDictationConnection dictationIsAvailableForLanguage:synchronous:] 0x600003739ad0 Checking if language en-US is available
2023-01-13 11:14:45.647 Db AvaxWallet[51129:1d289f5] [com.apple.defaults:User Defaults] looked up value {
    "ar-SA" =     {
        "Auto Punctuation" = 0;
        "Continuous Listening" = 1;
        "Emoji Recognition" = 0;
        "High Quality" = 1;
        Installed = 0;
        "On Device Search" = 1;
    };
    "de-DE" =     {
        "Auto Punctuation" = 1;
        "Continuous Listening" = 1;
        "Emoji Recognition" = 1;
        "High Quality" = 1;
        Installed = 0;
        "On Device Search" = 1;
    };
    "en-AU" =     {
        "Auto Punctuation" = 1;
        "Continuous Listening" = 1;
        "Emoji Recognition" = 1;
        "High Quality" = 1;
        Installed = 0;
        "On Device Search" = 1;
    };
    "en-CA" =     {
        "Auto Punctuation" = 1;
        "Continuous Listening" = 1;
        "Emoji Recognition" = 1;
        "High Quality" = 1;
        Installed = 0;
        "On Device Search" = 1;
    };
    "en-GB" =     {
        "Auto Punctuation" = 1;
        "Continuous Listening" = 1;
        "Emoji Recognition" = 1;
        "High Quality" = 1;
        Installed =  for key <decode: missing data> in <decode: missing data> via <decode: missing data>
2023-01-13 11:14:45.647 Db AvaxWallet[51129:1d289f5] [com.apple.defaults:User Defaults] found no value for key Siri Data Sharing Opt-In Status 2.0 in CFPrefsSearchListSource<0x600002219c00> (Domain: com.apple.assistant.support, Container: (null))
2023-01-13 11:14:45.647 Db AvaxWallet[51129:1d289f5] [com.apple.defaults:User Defaults] found no value for key Assistant Enabled in CFPrefsSearchListSource<0x600002219c00> (Domain: com.apple.assistant.support, Container: (null))
2023-01-13 11:14:45.647 I  AvaxWallet[51129:1d289f5] [com.apple.siri:Client] -[AFDictationConnection dictationIsAvailableForLanguage:synchronous:] 0x600003739ad0 Language en-US is available over network
2023-01-13 11:14:45.647 I  AvaxWallet[51129:1d289f5] [com.apple.siri:Client] -[AFDictationConnection dictationIsAvailableForLanguage:synchronous:] 0x600003739ad0 Checking if language en-US is available
2023-01-13 11:14:45.647 Db AvaxWallet[51129:1d289f5] [com.apple.defaults:User Defaults] looked up value {
    "ar-SA" =     {
        "Auto Punctuation" = 0;
        "Continuous Listening" = 1;
        "Emoji Recognition" = 0;
        "High Quality" = 1;
        Installed = 0;
        "On Device Search" = 1;
    };
    "de-DE" =     {
        "Auto Punctuation" = 1;
        "Continuous Listening" = 1;
        "Emoji Recognition" = 1;
        "High Quality" = 1;
        Installed = 0;
        "On Device Search" = 1;
    };
    "en-AU" =     {
        "Auto Punctuation" = 1;
        "Continuous Listening" = 1;
        "Emoji Recognition" = 1;
        "High Quality" = 1;
        Installed = 0;
        "On Device Search" = 1;
    };
    "en-CA" =     {
        "Auto Punctuation" = 1;
        "Continuous Listening" = 1;
        "Emoji Recognition" = 1;
        "High Quality" = 1;
        Installed = 0;
        "On Device Search" = 1;
    };
    "en-GB" =     {
        "Auto Punctuation" = 1;
        "Continuous Listening" = 1;
        "Emoji Recognition" = 1;
        "High Quality" = 1;
        Installed =  for key <decode: missing data> in <decode: missing data> via <decode: missing data>
2023-01-13 11:14:45.647 Db AvaxWallet[51129:1d289f5] [com.apple.defaults:User Defaults] found no value for key Siri Data Sharing Opt-In Status 2.0 in CFPrefsSearchListSource<0x600002219c00> (Domain: com.apple.assistant.support, Container: (null))
2023-01-13 11:14:45.647 Db AvaxWallet[51129:1d289f5] [com.apple.defaults:User Defaults] found no value for key Assistant Enabled in CFPrefsSearchListSource<0x600002219c00> (Domain: com.apple.assistant.support, Container: (null))
2023-01-13 11:14:45.647 I  AvaxWallet[51129:1d289f5] [com.apple.siri:Client] -[AFDictationConnection dictationIsAvailableForLanguage:synchronous:] 0x600003739ad0 Language en-US is available over network
2023-01-13 11:14:45.648 Db AvaxWallet[51129:1d289f5] [com.apple.CFBundle:resources] Resource lookup at CFBundle 0x145714100 </Applications/Xcode.app/Contents/Developer/Platforms/iPhoneOS.platform/Library/Developer/CoreSimulator/Profiles/Runtimes/iOS.simruntime/Contents/Resources/RuntimeRoot/System/Library/AccessibilityBundles/UIKit.axbundle> (framework, loaded)
	Request       : Accessibility type: strings localization: en
	Result        : file:///Applications/Xcode.app/Contents/Developer/Platforms/iPhoneOS.platform/Library/Developer/CoreSimulator/Profiles/Runtimes/iOS.simruntime/Contents/Resources/RuntimeRoot/System/Library/AccessibilityBundles/UIKit.axbundle/en.lproj/Accessibility.strings
2023-01-13 11:14:45.648 Db AvaxWallet[51129:1d289f5] [com.apple.CFBundle:resources] Resource lookup at CFBundle 0x145714100 </Applications/Xcode.app/Contents/Developer/Platforms/iPhoneOS.platform/Library/Developer/CoreSimulator/Profiles/Runtimes/iOS.simruntime/Contents/Resources/RuntimeRoot/System/Library/AccessibilityBundles/UIKit.axbundle> (framework, loaded)
	Request       : Accessibility type: stringsdict localization: en
	Result        : file:///Applications/Xcode.app/Contents/Developer/Platforms/iPhoneOS.platform/Library/Developer/CoreSimulator/Profiles/Runtimes/iOS.simruntime/Contents/Resources/RuntimeRoot/System/Library/AccessibilityBundles/UIKit.axbundle/en.lproj/Accessibility.stringsdict
2023-01-13 11:14:45.648 Db AvaxWallet[51129:1d289f5] [com.apple.CFBundle:strings] Bundle: CFBundle 0x145714100 </Applications/Xcode.app/Contents/Developer/Platforms/iPhoneOS.platform/Library/Developer/CoreSimulator/Profiles/Runtimes/iOS.simruntime/Contents/Resources/RuntimeRoot/System/Library/AccessibilityBundles/UIKit.axbundle> (framework, loaded), key: global.keyboard.key.emoji, value: (null), table: Accessibility, localizationName: en, result: Emoji
2023-01-13 11:14:45.649 Db AvaxWallet[51129:1d289f5] [com.apple.defaults:User Defaults] found no value for key KeyboardBias in CFPrefsSearchListSource<0x6000022ae000> (Domain: com.apple.keyboard.preferences, Container: (null))
2023-01-13 11:14:45.649 Db AvaxWallet[51129:1d289f5] [com.apple.defaults:User Defaults] found no value for key KeyboardBias in CFPrefsSearchListSource<0x6000022ae000> (Domain: com.apple.keyboard.preferences, Container: (null))
2023-01-13 11:14:45.650 I  AvaxWallet[51129:1d28bfe] [com.apple.runningboard:assertion] Acquiring assertion: <RBSAssertionDescriptor| "injecting inherited from "UIHostedWindow:3684d288" to 41855<UIHostedWindow:389955d3>" ID:(null) target:41855<UIHostedWindow:389955d3>>
2023-01-13 11:14:45.650 I  AvaxWallet[51129:1d28b3e] [com.apple.runningboard:assertion] Acquiring assertion: <RBSAssertionDescriptor| "injecting inherited from "UIScene:com.apple.frontboard.systemappservices::FBSceneManager:sceneID%3Aorg.avalabs.corewallet-default" to 41855<UIHostedWindow:5e670d75>" ID:(null) target:41855<UIHostedWindow:5e670d75>>
2023-01-13 11:14:45.650 Db AvaxWallet[51129:1d28bfe] [com.apple.runningboard:assertion] Adding assertion 84277-51129-110352 to dictionary
2023-01-13 11:14:45.650 I  AvaxWallet[51129:1d28bfe] [com.apple.runningboard:assertion] Acquiring assertion: <RBSAssertionDescriptor| "systemAnimationFence" ID:(null) target:51129>
2023-01-13 11:14:45.652 Db AvaxWallet[51129:1d28b3e] [com.apple.runningboard:assertion] Adding assertion 84277-51129-110355 to dictionary
2023-01-13 11:14:45.654 Db AvaxWallet[51129:1d28bfe] [com.apple.runningboard:assertion] Adding assertion 84277-51129-110356 to dictionary
2023-01-13 11:14:45.740 Df AvaxWallet[51129:1d289f5] [com.apple.UIKit:KeyboardSceneDelegate] Reloading input views for: <SFBrowserRemoteViewController: 0x1470e4a00> force: 0
2023-01-13 11:14:45.740 Db AvaxWallet[51129:1d289f5] [com.apple.UIKit:KeyboardVisualMode] useVisualModeWindowed: 0 (windowingModeEnabled: 0)
2023-01-13 11:14:45.740 Db AvaxWallet[51129:1d289f5] [com.apple.UIKit:KeyboardVisualMode] useVisualModeWindowed: 0 (windowingModeEnabled: 0)
2023-01-13 11:14:45.740 Db AvaxWallet[51129:1d289f5] [com.apple.UIKit:KeyboardVisualMode] useVisualModeWindowed: 0 (windowingModeEnabled: 0)
2023-01-13 11:14:45.740 Db AvaxWallet[51129:1d289f5] [com.apple.UIKit:KeyboardVisualMode] useVisualModeWindowed: 0 (windowingModeEnabled: 0)
2023-01-13 11:14:45.740 Db AvaxWallet[51129:1d289f5] [com.apple.UIKit:KeyboardVisualMode] Show keyboard with visual mode windowed (0)
2023-01-13 11:14:45.740 Df AvaxWallet[51129:1d289f5] [com.apple.UIKit:InputWindowController] Setting input views: <<UIInputViewSet: 0x600003da3b60>; (empty)>
2023-01-13 11:14:45.740 Df AvaxWallet[51129:1d289f5] [com.apple.UIKit:InputWindowController] Moving from placement: <UIInputViewSetPlacementOffScreenDown> to placement: <UIInputViewSetPlacementOffScreenDownByScreenHeight>
2023-01-13 11:14:45.741 Df AvaxWallet[51129:1d289f5] [com.apple.UIKit:InputWindowController] Change to input view set: <<UIInputViewSet: 0x600003da3b60>; (empty)>
2023-01-13 11:14:45.741 Db AvaxWallet[51129:1d289f5] [com.apple.CFBundle:resources] Resource lookup at CFBundle 0x145714100 </Applications/Xcode.app/Contents/Developer/Platforms/iPhoneOS.platform/Library/Developer/CoreSimulator/Profiles/Runtimes/iOS.simruntime/Contents/Resources/RuntimeRoot/System/Library/AccessibilityBundles/UIKit.axbundle> (framework, loaded)
	Request       : Accessibility type: strings localization: en
	Result        : file:///Applications/Xcode.app/Contents/Developer/Platforms/iPhoneOS.platform/Library/Developer/CoreSimulator/Profiles/Runtimes/iOS.simruntime/Contents/Resources/RuntimeRoot/System/Library/AccessibilityBundles/UIKit.axbundle/en.lproj/Accessibility.strings
2023-01-13 11:14:45.741 Db AvaxWallet[51129:1d289f5] [com.apple.CFBundle:resources] Resource lookup at CFBundle 0x145714100 </Applications/Xcode.app/Contents/Developer/Platforms/iPhoneOS.platform/Library/Developer/CoreSimulator/Profiles/Runtimes/iOS.simruntime/Contents/Resources/RuntimeRoot/System/Library/AccessibilityBundles/UIKit.axbundle> (framework, loaded)
	Request       : Accessibility type: stringsdict localization: en
	Result        : file:///Applications/Xcode.app/Contents/Developer/Platforms/iPhoneOS.platform/Library/Developer/CoreSimulator/Profiles/Runtimes/iOS.simruntime/Contents/Resources/RuntimeRoot/System/Library/AccessibilityBundles/UIKit.axbundle/en.lproj/Accessibility.stringsdict
2023-01-13 11:14:45.741 Db AvaxWallet[51129:1d289f5] [com.apple.CFBundle:strings] Bundle: CFBundle 0x145714100 </Applications/Xcode.app/Contents/Developer/Platforms/iPhoneOS.platform/Library/Developer/CoreSimulator/Profiles/Runtimes/iOS.simruntime/Contents/Resources/RuntimeRoot/System/Library/AccessibilityBundles/UIKit.axbundle> (framework, loaded), key: global.keyboard.key.emoji, value: (null), table: Accessibility, localizationName: en, result: Emoji
2023-01-13 11:14:45.742 I  AvaxWallet[51129:1d28bfe] [com.apple.runningboard:assertion] Acquiring assertion: <RBSAssertionDescriptor| "systemAnimationFence" ID:(null) target:51129>
2023-01-13 11:14:45.742 Df AvaxWallet[51129:1d289f5] [com.apple.UIKit:InputWindowController] Setting input views: <<UIInputViewSet: 0x600003da3de0>; (empty)>
2023-01-13 11:14:45.742 Df AvaxWallet[51129:1d289f5] [com.apple.UIKit:InputWindowController] Moving from placement: <UIInputViewSetPlacementOffScreenDown> to placement: <UIInputViewSetPlacementOffScreenDownByScreenHeight>
