2023-01-13 11:15:07.684 Db AvaxWallet[51269:1d29131] [com.apple.defaults:User Defaults] found no value for key KeyboardBias in CFPrefsSearchListSource<0x60000087a900> (Domain: com.apple.keyboard.preferences, Container: (null))
2023-01-13 11:15:07.685 Db AvaxWallet[51269:1d29131] [com.apple.defaults:User Defaults] found no value for key KeyboardBias in CFPrefsSearchListSource<0x60000087a900> (Domain: com.apple.keyboard.preferences, Container: (null))
2023-01-13 11:15:07.685 Df AvaxWallet[51269:1d29131] [com.apple.UIKit:InputWindowController] Moving from placement: <UIInputViewSetPlacementOffScreenDown> to placement: <UIInputViewSetPlacementOffScreenDown>
2023-01-13 11:15:07.685 Df AvaxWallet[51269:1d29131] [com.apple.UIKit:InputWindowController] Change to input view set: <<UIInputViewSet: 0x6000017523a0>; keyboard = <UIKeyboardAutomatic: 0x14c1487f0; frame = (0 0; 390 233); opaque = NO; layer = <CALayer: 0x600002688440>>%; usesKeyClicks = NO;  (not visible)>
2023-01-13 11:15:07.685 Db AvaxWallet[51269:1d29131] [com.apple.UIKit:KeyboardVisualMode] useVisualModeWindowed: 0 (windowingModeEnabled: 0)
2023-01-13 11:15:07.685 Db AvaxWallet[51269:1d29131] [com.apple.UIKit:KeyboardVisualMode] useVisualModeWindowed: 0 (windowingModeEnabled: 0)
2023-01-13 11:15:07.685 Db AvaxWallet[51269:1d29131] [com.apple.UIKit:KeyboardVisualMode] useVisualModeWindowed: 0 (windowingModeEnabled: 0)
2023-01-13 11:15:07.685 Db AvaxWallet[51269:1d29131] [com.apple.UIKit:KeyboardVisualMode] useVisualModeWindowed: 0 (windowingModeEnabled: 0)
2023-01-13 11:15:07.685 Db AvaxWallet[51269:1d29131] [com.apple.UIKit:KeyboardVisualMode] useVisualModeWindowed: 0 (windowingModeEnabled: 0)
2023-01-13 11:15:07.686 Db AvaxWallet[51269:1d29131] [com.apple.defaults:User Defaults] found no value for key DictationLanguagesLastUsed in CFPrefsSearchListSource<0x60000087a900> (Domain: com.apple.keyboard.preferences, Container: (null))
2023-01-13 11:15:07.686 I  AvaxWallet[51269:1d29131] [com.apple.siri:Client] -[AFDictationConnection dictationIsAvailableForLanguage:synchronous:] 0x600001df1380 Checking if language en-US is available
2023-01-13 11:15:07.686 Db AvaxWallet[51269:1d29131] [com.apple.defaults:User Defaults] looked up value {
    "ar-SA" =     {
        "Auto Punctuation" = 0;
        "Continuous Listening" = 1;
        "Emoji Recognition" = 0;
        "High Quality" = 1;
        Installed = 0;
        "On Device Search" = 1;
    };
    "de-DE" =     {
        "Auto Punctuation" = 1;
        "Continuous Listening" = 1;
        "Emoji Recognition" = 1;
        "High Quality" = 1;
        Installed = 0;
        "On Device Search" = 1;
    };
    "en-AU" =     {
        "Auto Punctuation" = 1;
        "Continuous Listening" = 1;
        "Emoji Recognition" = 1;
        "High Quality" = 1;
        Installed = 0;
        "On Device Search" = 1;
    };
    "en-CA" =     {
        "Auto Punctuation" = 1;
        "Continuous Listening" = 1;
        "Emoji Recognition" = 1;
        "High Quality" = 1;
        Installed = 0;
        "On Device Search" = 1;
    };
    "en-GB" =     {
        "Auto Punctuation" = 1;
        "Continuous Listening" = 1;
        "Emoji Recognition" = 1;
        "High Quality" = 1;
        Installed =  for key <decode: missing data> in <decode: missing data> via <decode: missing data>
2023-01-13 11:15:07.686 Db AvaxWallet[51269:1d29131] [com.apple.defaults:User Defaults] found no value for key Siri Data Sharing Opt-In Status 2.0 in CFPrefsSearchListSource<0x6000008e3900> (Domain: com.apple.assistant.support, Container: (null))
2023-01-13 11:15:07.686 Db AvaxWallet[51269:1d29131] [com.apple.defaults:User Defaults] found no value for key Assistant Enabled in CFPrefsSearchListSource<0x6000008e3900> (Domain: com.apple.assistant.support, Container: (null))
2023-01-13 11:15:07.686 I  AvaxWallet[51269:1d29131] [com.apple.siri:Client] -[AFDictationConnection dictationIsAvailableForLanguage:synchronous:] 0x600001df1380 Language en-US is available over network
2023-01-13 11:15:07.686 I  AvaxWallet[51269:1d29131] [com.apple.siri:Client] -[AFDictationConnection dictationIsAvailableForLanguage:synchronous:] 0x600001df1380 Checking if language en-US is available
2023-01-13 11:15:07.686 Db AvaxWallet[51269:1d29131] [com.apple.defaults:User Defaults] looked up value {
    "ar-SA" =     {
        "Auto Punctuation" = 0;
        "Continuous Listening" = 1;
        "Emoji Recognition" = 0;
        "High Quality" = 1;
        Installed = 0;
        "On Device Search" = 1;
    };
    "de-DE" =     {
        "Auto Punctuation" = 1;
        "Continuous Listening" = 1;
        "Emoji Recognition" = 1;
        "High Quality" = 1;
        Installed = 0;
        "On Device Search" = 1;
    };
    "en-AU" =     {
        "Auto Punctuation" = 1;
        "Continuous Listening" = 1;
        "Emoji Recognition" = 1;
        "High Quality" = 1;
        Installed = 0;
        "On Device Search" = 1;
    };
    "en-CA" =     {
        "Auto Punctuation" = 1;
        "Continuous Listening" = 1;
        "Emoji Recognition" = 1;
        "High Quality" = 1;
        Installed = 0;
        "On Device Search" = 1;
    };
    "en-GB" =     {
        "Auto Punctuation" = 1;
        "Continuous Listening" = 1;
        "Emoji Recognition" = 1;
        "High Quality" = 1;
        Installed =  for key <decode: missing data> in <decode: missing data> via <decode: missing data>
2023-01-13 11:15:07.686 Db AvaxWallet[51269:1d29131] [com.apple.defaults:User Defaults] found no value for key Siri Data Sharing Opt-In Status 2.0 in CFPrefsSearchListSource<0x6000008e3900> (Domain: com.apple.assistant.support, Container: (null))
2023-01-13 11:15:07.686 Db AvaxWallet[51269:1d29131] [com.apple.defaults:User Defaults] found no value for key Assistant Enabled in CFPrefsSearchListSource<0x6000008e3900> (Domain: com.apple.assistant.support, Container: (null))
2023-01-13 11:15:07.686 I  AvaxWallet[51269:1d29131] [com.apple.siri:Client] -[AFDictationConnection dictationIsAvailableForLanguage:synchronous:] 0x600001df1380 Language en-US is available over network
2023-01-13 11:15:07.686 I  AvaxWallet[51269:1d29131] [com.apple.siri:Client] +[AFDictationConnection dictationIsSupportedForLanguageCode:error:] Language en-US is supported for dictation
2023-01-13 11:15:07.687 I  AvaxWallet[51269:1d29131] [com.apple.siri:Client] +[AFDictationConnection dictationIsSupportedForLanguageCode:error:] Language en-US is supported for dictation
2023-01-13 11:15:07.687 I  AvaxWallet[51269:1d29131] [com.apple.siri:Client] +[AFDictationConnection dictationIsSupportedForLanguageCode:error:] Language emoji is NOT supported for dictation
2023-01-13 11:15:07.687 I  AvaxWallet[51269:1d29131] [com.apple.siri:Client] -[AFDictationConnection dictationIsAvailableForLanguage:synchronous:] 0x600001df1380 Checking if language en-US is available
2023-01-13 11:15:07.687 Db AvaxWallet[51269:1d29131] [com.apple.defaults:User Defaults] looked up value {
    "ar-SA" =     {
        "Auto Punctuation" = 0;
        "Continuous Listening" = 1;
        "Emoji Recognition" = 0;
        "High Quality" = 1;
        Installed = 0;
        "On Device Search" = 1;
    };
    "de-DE" =     {
        "Auto Punctuation" = 1;
        "Continuous Listening" = 1;
        "Emoji Recognition" = 1;
        "High Quality" = 1;
        Installed = 0;
        "On Device Search" = 1;
    };
    "en-AU" =     {
        "Auto Punctuation" = 1;
        "Continuous Listening" = 1;
        "Emoji Recognition" = 1;
        "High Quality" = 1;
        Installed = 0;
        "On Device Search" = 1;
    };
    "en-CA" =     {
        "Auto Punctuation" = 1;
        "Continuous Listening" = 1;
        "Emoji Recognition" = 1;
        "High Quality" = 1;
        Installed = 0;
        "On Device Search" = 1;
    };
    "en-GB" =     {
        "Auto Punctuation" = 1;
        "Continuous Listening" = 1;
        "Emoji Recognition" = 1;
        "High Quality" = 1;
        Installed =  for key <decode: missing data> in <decode: missing data> via <decode: missing data>
2023-01-13 11:15:07.687 Db AvaxWallet[51269:1d29131] [com.apple.defaults:User Defaults] found no value for key Siri Data Sharing Opt-In Status 2.0 in CFPrefsSearchListSource<0x6000008e3900> (Domain: com.apple.assistant.support, Container: (null))
2023-01-13 11:15:07.687 Db AvaxWallet[51269:1d29131] [com.apple.defaults:User Defaults] found no value for key Assistant Enabled in CFPrefsSearchListSource<0x6000008e3900> (Domain: com.apple.assistant.support, Container: (null))
2023-01-13 11:15:07.687 I  AvaxWallet[51269:1d29131] [com.apple.siri:Client] -[AFDictationConnection dictationIsAvailableForLanguage:synchronous:] 0x600001df1380 Language en-US is available over network
2023-01-13 11:15:07.687 Db AvaxWallet[51269:1d29131] [com.apple.defaults:User Defaults] found no value for key DictationLanguagesLastUsed in CFPrefsSearchListSource<0x60000087a900> (Domain: com.apple.keyboard.preferences, Container: (null))
2023-01-13 11:15:07.687 I  AvaxWallet[51269:1d29131] [com.apple.siri:Client] -[AFDictationConnection dictationIsAvailableForLanguage:synchronous:] 0x600001df1380 Checking if language en-US is available
2023-01-13 11:15:07.687 Db AvaxWallet[51269:1d29131] [com.apple.defaults:User Defaults] looked up value {
    "ar-SA" =     {
        "Auto Punctuation" = 0;
        "Continuous Listening" = 1;
        "Emoji Recognition" = 0;
        "High Quality" = 1;
        Installed = 0;
        "On Device Search" = 1;
    };
    "de-DE" =     {
        "Auto Punctuation" = 1;
        "Continuous Listening" = 1;
        "Emoji Recognition" = 1;
        "High Quality" = 1;
        Installed = 0;
        "On Device Search" = 1;
    };
    "en-AU" =     {
        "Auto Punctuation" = 1;
        "Continuous Listening" = 1;
        "Emoji Recognition" = 1;
        "High Quality" = 1;
        Installed = 0;
        "On Device Search" = 1;
    };
    "en-CA" =     {
        "Auto Punctuation" = 1;
        "Continuous Listening" = 1;
        "Emoji Recognition" = 1;
        "High Quality" = 1;
        Installed = 0;
        "On Device Search" = 1;
    };
    "en-GB" =     {
        "Auto Punctuation" = 1;
        "Continuous Listening" = 1;
        "Emoji Recognition" = 1;
        "High Quality" = 1;
        Installed =  for key <decode: missing data> in <decode: missing data> via <decode: missing data>
2023-01-13 11:15:07.687 Db AvaxWallet[51269:1d29131] [com.apple.defaults:User Defaults] found no value for key Siri Data Sharing Opt-In Status 2.0 in CFPrefsSearchListSource<0x6000008e3900> (Domain: com.apple.assistant.support, Container: (null))
2023-01-13 11:15:07.687 Db AvaxWallet[51269:1d29131] [com.apple.defaults:User Defaults] found no value for key Assistant Enabled in CFPrefsSearchListSource<0x6000008e3900> (Domain: com.apple.assistant.support, Container: (null))
2023-01-13 11:15:07.687 I  AvaxWallet[51269:1d29131] [com.apple.siri:Client] -[AFDictationConnection dictationIsAvailableForLanguage:synchronous:] 0x600001df1380 Language en-US is available over network
2023-01-13 11:15:07.687 I  AvaxWallet[51269:1d29131] [com.apple.siri:Client] -[AFDictationConnection dictationIsAvailableForLanguage:synchronous:] 0x600001df1380 Checking if language en-US is available
2023-01-13 11:15:07.687 Db AvaxWallet[51269:1d29131] [com.apple.defaults:User Defaults] looked up value {
    "ar-SA" =     {
        "Auto Punctuation" = 0;
        "Continuous Listening" = 1;
        "Emoji Recognition" = 0;
        "High Quality" = 1;
        Installed = 0;
        "On Device Search" = 1;
    };
    "de-DE" =     {
        "Auto Punctuation" = 1;
        "Continuous Listening" = 1;
        "Emoji Recognition" = 1;
        "High Quality" = 1;
        Installed = 0;
        "On Device Search" = 1;
    };
    "en-AU" =     {
        "Auto Punctuation" = 1;
        "Continuous Listening" = 1;
        "Emoji Recognition" = 1;
        "High Quality" = 1;
        Installed = 0;
        "On Device Search" = 1;
    };
    "en-CA" =     {
        "Auto Punctuation" = 1;
        "Continuous Listening" = 1;
        "Emoji Recognition" = 1;
        "High Quality" = 1;
        Installed = 0;
        "On Device Search" = 1;
    };
    "en-GB" =     {
        "Auto Punctuation" = 1;
        "Continuous Listening" = 1;
        "Emoji Recognition" = 1;
        "High Quality" = 1;
        Installed =  for key <decode: missing data> in <decode: missing data> via <decode: missing data>
2023-01-13 11:15:07.687 Db AvaxWallet[51269:1d29131] [com.apple.defaults:User Defaults] found no value for key Siri Data Sharing Opt-In Status 2.0 in CFPrefsSearchListSource<0x6000008e3900> (Domain: com.apple.assistant.support, Container: (null))
2023-01-13 11:15:07.687 Db AvaxWallet[51269:1d29131] [com.apple.defaults:User Defaults] found no value for key Assistant Enabled in CFPrefsSearchListSource<0x6000008e3900> (Domain: com.apple.assistant.support, Container: (null))
2023-01-13 11:15:07.687 I  AvaxWallet[51269:1d29131] [com.apple.siri:Client] -[AFDictationConnection dictationIsAvailableForLanguage:synchronous:] 0x600001df1380 Language en-US is available over network
2023-01-13 11:15:07.688 I  AvaxWallet[51269:1d29131] [com.apple.siri:Client] -[AFDictationConnection dictationIsAvailableForLanguage:synchronous:] 0x600001df1380 Checking if language en-US is available
2023-01-13 11:15:07.688 Db AvaxWallet[51269:1d29131] [com.apple.defaults:User Defaults] looked up value {
    "ar-SA" =     {
        "Auto Punctuation" = 0;
        "Continuous Listening" = 1;
        "Emoji Recognition" = 0;
        "High Quality" = 1;
        Installed = 0;
        "On Device Search" = 1;
    };
    "de-DE" =     {
        "Auto Punctuation" = 1;
        "Continuous Listening" = 1;
        "Emoji Recognition" = 1;
        "High Quality" = 1;
        Installed = 0;
        "On Device Search" = 1;
    };
    "en-AU" =     {
        "Auto Punctuation" = 1;
        "Continuous Listening" = 1;
        "Emoji Recognition" = 1;
        "High Quality" = 1;
        Installed = 0;
        "On Device Search" = 1;
    };
    "en-CA" =     {
        "Auto Punctuation" = 1;
        "Continuous Listening" = 1;
        "Emoji Recognition" = 1;
        "High Quality" = 1;
        Installed = 0;
        "On Device Search" = 1;
    };
    "en-GB" =     {
        "Auto Punctuation" = 1;
        "Continuous Listening" = 1;
        "Emoji Recognition" = 1;
        "High Quality" = 1;
        Installed =  for key <decode: missing data> in <decode: missing data> via <decode: missing data>
2023-01-13 11:15:07.688 Db AvaxWallet[51269:1d29131] [com.apple.defaults:User Defaults] found no value for key Siri Data Sharing Opt-In Status 2.0 in CFPrefsSearchListSource<0x6000008e3900> (Domain: com.apple.assistant.support, Container: (null))
2023-01-13 11:15:07.688 Db AvaxWallet[51269:1d29131] [com.apple.defaults:User Defaults] found no value for key Assistant Enabled in CFPrefsSearchListSource<0x6000008e3900> (Domain: com.apple.assistant.support, Container: (null))
2023-01-13 11:15:07.688 I  AvaxWallet[51269:1d29131] [com.apple.siri:Client] -[AFDictationConnection dictationIsAvailableForLanguage:synchronous:] 0x600001df1380 Language en-US is available over network
2023-01-13 11:15:07.688 Db AvaxWallet[51269:1d29131] [com.apple.CFBundle:resources] Resource lookup at CFBundle 0x14f308400 </Applications/Xcode.app/Contents/Developer/Platforms/iPhoneOS.platform/Library/Developer/CoreSimulator/Profiles/Runtimes/iOS.simruntime/Contents/Resources/RuntimeRoot/System/Library/AccessibilityBundles/UIKit.axbundle> (framework, loaded)
	Request       : Accessibility type: strings localization: en
	Result        : file:///Applications/Xcode.app/Contents/Developer/Platforms/iPhoneOS.platform/Library/Developer/CoreSimulator/Profiles/Runtimes/iOS.simruntime/Contents/Resources/RuntimeRoot/System/Library/AccessibilityBundles/UIKit.axbundle/en.lproj/Accessibility.strings
2023-01-13 11:15:07.688 Db AvaxWallet[51269:1d29131] [com.apple.CFBundle:resources] Resource lookup at CFBundle 0x14f308400 </Applications/Xcode.app/Contents/Developer/Platforms/iPhoneOS.platform/Library/Developer/CoreSimulator/Profiles/Runtimes/iOS.simruntime/Contents/Resources/RuntimeRoot/System/Library/AccessibilityBundles/UIKit.axbundle> (framework, loaded)
	Request       : Accessibility type: stringsdict localization: en
	Result        : file:///Applications/Xcode.app/Contents/Developer/Platforms/iPhoneOS.platform/Library/Developer/CoreSimulator/Profiles/Runtimes/iOS.simruntime/Contents/Resources/RuntimeRoot/System/Library/AccessibilityBundles/UIKit.axbundle/en.lproj/Accessibility.stringsdict
2023-01-13 11:15:07.688 Db AvaxWallet[51269:1d29131] [com.apple.CFBundle:strings] Bundle: CFBundle 0x14f308400 </Applications/Xcode.app/Contents/Developer/Platforms/iPhoneOS.platform/Library/Developer/CoreSimulator/Profiles/Runtimes/iOS.simruntime/Contents/Resources/RuntimeRoot/System/Library/AccessibilityBundles/UIKit.axbundle> (framework, loaded), key: global.keyboard.key.emoji, value: (null), table: Accessibility, localizationName: en, result: Emoji
2023-01-13 11:15:07.689 Db AvaxWallet[51269:1d29131] [com.apple.UIKit:KeyboardVisualMode] useVisualModeWindowed: 0 (windowingModeEnabled: 0)
2023-01-13 11:15:07.689 Db AvaxWallet[51269:1d29131] [com.apple.defaults:User Defaults] found no value for key KeyboardBias in CFPrefsSearchListSource<0x60000087a900> (Domain: com.apple.keyboard.preferences, Container: (null))
2023-01-13 11:15:07.689 Db AvaxWallet[51269:1d29131] [com.apple.UIKit:KeyboardVisualMode] useVisualModeWindowed: 0 (windowingModeEnabled: 0)
2023-01-13 11:15:07.689 Db AvaxWallet[51269:1d29131] [com.apple.UIKit:KeyboardVisualMode] useVisualModeWindowed: 0 (windowingModeEnabled: 0)
2023-01-13 11:15:07.689 Db AvaxWallet[51269:1d29131] [com.apple.UIKit:KeyboardVisualMode] useVisualModeWindowed: 0 (windowingModeEnabled: 0)
2023-01-13 11:15:07.689 Db AvaxWallet[51269:1d29131] [com.apple.UIKit:KeyboardVisualMode] useVisualModeWindowed: 0 (windowingModeEnabled: 0)
2023-01-13 11:15:07.689 Df AvaxWallet[51269:1d29131] [com.apple.UIKit:InputWindowController] Posting start notifications: UIKeyboardWillHideNotification {
    UIKeyboardAnimationCurveUserInfoKey = 7;
    UIKeyboardAnimationDurationUserInfoKey = 0;
    UIKeyboardBoundsUserInfoKey = "NSRect: {{0, 0}, {390, 75}}";
    UIKeyboardCenterBeginUserInfoKey = "NSPoint: {195, 881.5}";
    UIKeyboardCenterEndUserInfoKey = "NSPoint: {195, 881.5}";
    UIKeyboardFrameBeginUserInfoKey = "NSRect: {{0, 844}, {390, 75}}";
    UIKeyboardFrameEndUserInfoKey = "NSRect: {{0, 844}, {390, 75}}";
    UIKeyboardIsLocalUserInfoKey = 1;
}
2023-01-13 11:15:07.689 Db AvaxWallet[51269:1d29131] [com.apple.UIKit:KeyboardVisualMode] useVisualModeWindowed: 0 (windowingModeEnabled: 0)
2023-01-13 11:15:07.690 Db AvaxWallet[51269:1d29131] [com.apple.UIKit:KeyboardVisualMode] useVisualModeWindowed: 0 (windowingModeEnabled: 0)
2023-01-13 11:15:07.690 Db AvaxWallet[51269:1d29131] [com.apple.UIKit:KeyboardVisualMode] useVisualModeWindowed: 0 (windowingModeEnabled: 0)
2023-01-13 11:15:07.690 Db AvaxWallet[51269:1d29131] [com.apple.UIKit:KeyboardVisualMode] useVisualModeWindowed: 0 (windowingModeEnabled: 0)
2023-01-13 11:15:07.690 Db AvaxWallet[51269:1d29131] [com.apple.UIKit:KeyboardVisualMode] useVisualModeWindowed: 0 (windowingModeEnabled: 0)
2023-01-13 11:15:07.690 Db AvaxWallet[51269:1d29131] [com.apple.CFBundle:strings] Bundle: CFBundle 0x14f7070a0 </Applications/Xcode.app/Contents/Developer/Platforms/iPhoneOS.platform/Library/Developer/CoreSimulator/Profiles/Runtimes/iOS.simruntime/Contents/Resources/RuntimeRoot/System/Library/AccessibilityBundles/AnnotationKit.axbundle> (bundle, loaded), key: color.picker.black, value: , table: Accessibility, localizationName: (null), result: Black
2023-01-13 11:15:07.690 Db AvaxWallet[51269:1d29131] [com.apple.defaults:User Defaults] found no value for key DictationLanguagesLastUsed in CFPrefsSearchListSource<0x60000087a900> (Domain: com.apple.keyboard.preferences, Container: (null))
2023-01-13 11:15:07.690 I  AvaxWallet[51269:1d29131] [com.apple.siri:Client] -[AFDictationConnection dictationIsAvailableForLanguage:synchronous:] 0x600001df1380 Checking if language en-US is available
2023-01-13 11:15:07.690 Db AvaxWallet[51269:1d29131] [com.apple.defaults:User Defaults] looked up value {
    "ar-SA" =     {
        "Auto Punctuation" = 0;
        "Continuous Listening" = 1;
        "Emoji Recognition" = 0;
        "High Quality" = 1;
        Installed = 0;
        "On Device Search" = 1;
    };
    "de-DE" =     {
        "Auto Punctuation" = 1;
        "Continuous Listening" = 1;
        "Emoji Recognition" = 1;
        "High Quality" = 1;
        Installed = 0;
        "On Device Search" = 1;
    };
    "en-AU" =     {
        "Auto Punctuation" = 1;
        "Continuous Listening" = 1;
        "Emoji Recognition" = 1;
        "High Quality" = 1;
        Installed = 0;
        "On Device Search" = 1;
    };
    "en-CA" =     {
        "Auto Punctuation" = 1;
        "Continuous Listening" = 1;
        "Emoji Recognition" = 1;
        "High Quality" = 1;
        Installed = 0;
        "On Device Search" = 1;
    };
    "en-GB" =     {
        "Auto Punctuation" = 1;
        "Continuous Listening" = 1;
        "Emoji Recognition" = 1;
        "High Quality" = 1;
        Installed =  for key <decode: missing data> in <decode: missing data> via <decode: missing data>
2023-01-13 11:15:07.690 Db AvaxWallet[51269:1d29131] [com.apple.defaults:User Defaults] found no value for key Siri Data Sharing Opt-In Status 2.0 in CFPrefsSearchListSource<0x6000008e3900> (Domain: com.apple.assistant.support, Container: (null))
2023-01-13 11:15:07.690 Db AvaxWallet[51269:1d29131] [com.apple.defaults:User Defaults] found no value for key Assistant Enabled in CFPrefsSearchListSource<0x6000008e3900> (Domain: com.apple.assistant.support, Container: (null))
2023-01-13 11:15:07.690 I  AvaxWallet[51269:1d29131] [com.apple.siri:Client] -[AFDictationConnection dictationIsAvailableForLanguage:synchronous:] 0x600001df1380 Language en-US is available over network
2023-01-13 11:15:07.690 I  AvaxWallet[51269:1d29131] [com.apple.siri:Client] -[AFDictationConnection dictationIsAvailableForLanguage:synchronous:] 0x600001df1380 Checking if language en-US is available
2023-01-13 11:15:07.690 Db AvaxWallet[51269:1d29131] [com.apple.defaults:User Defaults] looked up value {
    "ar-SA" =     {
        "Auto Punctuation" = 0;
        "Continuous Listening" = 1;
        "Emoji Recognition" = 0;
        "High Quality" = 1;
        Installed = 0;
        "On Device Search" = 1;
    };
    "de-DE" =     {
        "Auto Punctuation" = 1;
        "Continuous Listening" = 1;
        "Emoji Recognition" = 1;
        "High Quality" = 1;
        Installed = 0;
        "On Device Search" = 1;
    };
    "en-AU" =     {
        "Auto Punctuation" = 1;
        "Continuous Listening" = 1;
        "Emoji Recognition" = 1;
        "High Quality" = 1;
        Installed = 0;
        "On Device Search" = 1;
    };
    "en-CA" =     {
        "Auto Punctuation" = 1;
        "Continuous Listening" = 1;
        "Emoji Recognition" = 1;
        "High Quality" = 1;
        Installed = 0;
        "On Device Search" = 1;
    };
    "en-GB" =     {
        "Auto Punctuation" = 1;
        "Continuous Listening" = 1;
        "Emoji Recognition" = 1;
        "High Quality" = 1;
        Installed =  for key <decode: missing data> in <decode: missing data> via <decode: missing data>
2023-01-13 11:15:07.690 Db AvaxWallet[51269:1d29131] [com.apple.defaults:User Defaults] found no value for key Siri Data Sharing Opt-In Status 2.0 in CFPrefsSearchListSource<0x6000008e3900> (Domain: com.apple.assistant.support, Container: (null))
2023-01-13 11:15:07.690 Db AvaxWallet[51269:1d29131] [com.apple.defaults:User Defaults] found no value for key Assistant Enabled in CFPrefsSearchListSource<0x6000008e3900> (Domain: com.apple.assistant.support, Container: (null))
2023-01-13 11:15:07.690 I  AvaxWallet[51269:1d29131] [com.apple.siri:Client] -[AFDictationConnection dictationIsAvailableForLanguage:synchronous:] 0x600001df1380 Language en-US is available over network
2023-01-13 11:15:07.691 I  AvaxWallet[51269:1d29131] [com.apple.siri:Client] +[AFDictationConnection dictationIsSupportedForLanguageCode:error:] Language en-US is supported for dictation
2023-01-13 11:15:07.691 I  AvaxWallet[51269:1d29131] [com.apple.Accessibility:AXRuntimeNotifications] Attempting to send notification:  (1008) <Announcement data redacted>
2023-01-13 11:15:07.691 I  AvaxWallet[51269:1d29131] [com.apple.Accessibility:AXRuntimeNotifications] Attempting to send notification:  (1031) (null)
2023-01-13 11:15:07.691 Db AvaxWallet[51269:1d29131] [com.apple.UIKit:KeyboardVisualMode] useVisualModeWindowed: 0 (windowingModeEnabled: 0)
2023-01-13 11:15:07.691 Db AvaxWallet[51269:1d29131] [com.apple.UIKit:KeyboardVisualMode] useVisualModeWindowed: 0 (windowingModeEnabled: 0)
2023-01-13 11:15:07.692 Db AvaxWallet[51269:1d29131] [com.apple.CFBundle:strings] Lazy cache miss for bundle: CFBundle 0x14f308400 </Applications/Xcode.app/Contents/Developer/Platforms/iPhoneOS.platform/Library/Developer/CoreSimulator/Profiles/Runtimes/iOS.simruntime/Contents/Resources/RuntimeRoot/System/Library/AccessibilityBundles/UIKit.axbundle> (framework, loaded) key: dictate.globe.button table: Accessibility
2023-01-13 11:15:07.692 Db AvaxWallet[51269:1d29131] [com.apple.CFBundle:strings] Bundle: CFBundle 0x14f308400 </Applications/Xcode.app/Contents/Developer/Platforms/iPhoneOS.platform/Library/Developer/CoreSimulator/Profiles/Runtimes/iOS.simruntime/Contents/Resources/RuntimeRoot/System/Library/AccessibilityBundles/UIKit.axbundle> (framework, loaded), key: dictate.globe.button, value: , table: Accessibility, localizationName: (null), result: Next Keyboard
2023-01-13 11:15:07.692 Db AvaxWallet[51269:1d29131] [com.apple.CFBundle:strings] Lazy cache miss for bundle: CFBundle 0x14f308400 </Applications/Xcode.app/Contents/Developer/Platforms/iPhoneOS.platform/Library/Developer/CoreSimulator/Profiles/Runtimes/iOS.simruntime/Contents/Resources/RuntimeRoot/System/Library/AccessibilityBundles/UIKit.axbundle> (framework, loaded) key: dictate.keyboard.button table: Accessibility
2023-01-13 11:15:07.692 Db AvaxWallet[51269:1d29131] [com.apple.CFBundle:strings] Bundle: CFBundle 0x14f308400 </Applications/Xcode.app/Contents/Developer/Platforms/iPhoneOS.platform/Library/Developer/CoreSimulator/Profiles/Runtimes/iOS.simruntime/Contents/Resources/RuntimeRoot/System/Library/AccessibilityBundles/UIKit.axbundle> (framework, loaded), key: dictate.keyboard.button, value: , table: Accessibility, localizationName: (null), result: Keyboard
2023-01-13 11:15:07.694 Db AvaxWallet[51269:1d29131] [com.apple.CFBundle:strings] Lazy cache miss for bundle: CFBundle 0x14f308400 </Applications/Xcode.app/Contents/Developer/Platforms/iPhoneOS.platform/Library/Developer/CoreSimulator/Profiles/Runtimes/iOS.simruntime/Contents/Resources/RuntimeRoot/System/Library/AccessibilityBundles/UIKit.axbundle> (framework, loaded) key: done.button table: Accessibility
2023-01-13 11:15:07.694 Db AvaxWallet[51269:1d29131] [com.apple.CFBundle:strings] Bundle: CFBundle 0x14f308400 </Applications/Xcode.app/Contents/Developer/Platforms/iPhoneOS.platform/Library/Developer/CoreSimulator/Profiles/Runtimes/iOS.simruntime/Contents/Resources/RuntimeRoot/System/Library/AccessibilityBundles/UIKit.axbundle> (framework, loaded), key: done.button, value: , table: Accessibility, localizationName: (null), result: Done
2023-01-13 11:15:07.694 Db AvaxWallet[51269:1d29131] [com.apple.CFBundle:strings] Lazy cache miss for bundle: CFBundle 0x14f308400 </Applications/Xcode.app/Contents/Developer/Platforms/iPhoneOS.platform/Library/Developer/CoreSimulator/Profiles/Runtimes/iOS.simruntime/Contents/Resources/RuntimeRoot/System/Library/AccessibilityBundles/UIKit.axbundle> (framework, loaded) key: end.quietly.hint table: Accessibility
2023-01-13 11:15:07.694 Db AvaxWallet[51269:1d29131] [com.apple.CFBundle:strings] Bundle: CFBundle 0x14f308400 </Applications/Xcode.app/Contents/Developer/Platforms/iPhoneOS.platform/Library/Developer/CoreSimulator/Profiles/Runtimes/iOS.simruntime/Contents/Resources/RuntimeRoot/System/Library/AccessibilityBundles/UIKit.axbundle> (framework, loaded), key: end.quietly.hint, value: , table: Accessibility, localizationName: (null), result: Two-finger double tap to end dictation
2023-01-13 11:15:07.694 Db AvaxWallet[51269:1d29131] [com.apple.CFBundle:strings] Bundle: CFBundle 0x14f308400 </Applications/Xcode.app/Contents/Developer/Platforms/iPhoneOS.platform/Library/Developer/CoreSimulator/Profiles/Runtimes/iOS.simruntime/Contents/Resources/RuntimeRoot/System/Library/AccessibilityBundles/UIKit.axbundle> (framework, loaded), key: done.button, value: , table: Accessibility, localizationName: (null), result: Done
2023-01-13 11:15:07.694 Db AvaxWallet[51269:1d29131] [com.apple.CFBundle:strings] Bundle: CFBundle 0x14f308400 </Applications/Xcode.app/Contents/Developer/Platforms/iPhoneOS.platform/Library/Developer/CoreSimulator/Profiles/Runtimes/iOS.simruntime/Contents/Resources/RuntimeRoot/System/Library/AccessibilityBundles/UIKit.axbundle> (framework, loaded), key: end.quietly.hint, value: , table: Accessibility, localizationName: (null), result: Two-finger double tap to end dictation
2023-01-13 11:15:07.694 Db AvaxWallet[51269:1d29131] [com.apple.CFBundle:strings] Bundle: CFBundle 0x14f308400 </Applications/Xcode.app/Contents/Developer/Platforms/iPhoneOS.platform/Library/Developer/CoreSimulator/Profiles/Runtimes/iOS.simruntime/Contents/Resources/RuntimeRoot/System/Library/AccessibilityBundles/UIKit.axbundle> (framework, loaded), key: dictation.key, value: , table: Accessibility, localizationName: (null), result: Dictate
2023-01-13 11:15:07.694 Db AvaxWallet[51269:1d29131] [com.apple.CFBundle:strings] Bundle: CFBundle 0x14f308400 </Applications/Xcode.app/Contents/Developer/Platforms/iPhoneOS.platform/Library/Developer/CoreSimulator/Profiles/Runtimes/iOS.simruntime/Contents/Resources/RuntimeRoot/System/Library/AccessibilityBundles/UIKit.axbundle> (framework, loaded), key: dictation.key.hint, value: , table: Accessibility, localizationName: (null), result: Double-tap to start dictation. Double-tap with two fingers when finished.
2023-01-13 11:15:07.694 Df AvaxWallet[51269:1d29131] [com.apple.UIKit:InputWindowController] Posting end notifications: UIKeyboardDidHideNotification {
    UIKeyboardAnimationCurveUserInfoKey = 7;
    UIKeyboardAnimationDurationUserInfoKey = 0;
    UIKeyboardBoundsUserInfoKey = "NSRect: {{0, 0}, {390, 75}}";
    UIKeyboardCenterBeginUserInfoKey = "NSPoint: {195, 881.5}";
    UIKeyboardCenterEndUserInfoKey = "NSPoint: {195, 881.5}";
    UIKeyboardFrameBeginUserInfoKey = "NSRect: {{0, 844}, {390, 75}}";
    UIKeyboardFrameEndUserInfoKey = "NSRect: {{0, 844}, {390, 75}}";
    UIKeyboardIsLocalUserInfoKey = 1;
}
2023-01-13 11:15:07.694 I  AvaxWallet[51269:1d29131] [com.apple.Accessibility:AXRuntimeNotifications] Attempting to send notification:  (1018) (null)
2023-01-13 11:15:07.694 I  AvaxWallet[51269:1d29131] [com.apple.Accessibility:AXRuntimeNotifications] consuming associated object for notification: <RCTUITextView: 0x14e9b9200> 1018
2023-01-13 11:15:07.694 Db AvaxWallet[51269:1d29131] [com.apple.UIKit:KeyboardVisualMode] useVisualModeWindowed: 0 (windowingModeEnabled: 0)
2023-01-13 11:15:07.696 I  AvaxWallet[51269:1d29131] [com.apple.Accessibility:AXRuntimeNotifications] Did post notification. notification:  (1008) error:0 data:{
    data = AXAnnouncementTypeKeyboardDisappearSound;
    pid = 51269;
}
2023-01-13 11:15:07.696 I  AvaxWallet[51269:1d29131] [com.apple.Accessibility:AXRuntimeNotifications] Did post notification. notification:  (1031) error:0 data:(null)
2023-01-13 11:15:07.696 I  AvaxWallet[51269:1d29131] [com.apple.Accessibility:AXRuntimeNotifications] Did post notification. notification:  (1018) error:0 data:(null)
2023-01-13 11:15:07.696 Db AvaxWallet[51269:1d29131] [com.apple.UIKit:KeyboardVisualMode] useVisualModeWindowed: 0 (windowingModeEnabled: 0)
2023-01-13 11:15:07.696 Db AvaxWallet[51269:1d29131] [com.apple.UIKit:KeyboardVisualMode] useVisualModeWindowed: 0 (windowingModeEnabled: 0)
2023-01-13 11:15:07.700 Db AvaxWallet[51269:1d29131] [com.apple.CFBundle:strings] Bundle: CFBundle 0x14f7070a0 </Applications/Xcode.app/Contents/Developer/Platforms/iPhoneOS.platform/Library/Developer/CoreSimulator/Profiles/Runtimes/iOS.simruntime/Contents/Resources/RuntimeRoot/System/Library/AccessibilityBundles/AnnotationKit.axbundle> (bundle, loaded), key: color.picker.white, value: , table: Accessibility, localizationName: (null), result: White
2023-01-13 11:15:07.700 Db AvaxWallet[51269:1d29131] [com.apple.UIKit:KeyboardVisualMode] useVisualModeWindowed: 0 (windowingModeEnabled: 0)
2023-01-13 11:15:07.700 Db AvaxWallet[51269:1d29131] [com.apple.UIKit:KeyboardVisualMode] useVisualModeWindowed: 0 (windowingModeEnabled: 0)
2023-01-13 11:15:07.700 Db AvaxWallet[51269:1d29131] [com.apple.UIKit:KeyboardVisualMode] useVisualModeWindowed: 0 (windowingModeEnabled: 0)
2023-01-13 11:15:07.700 Db AvaxWallet[51269:1d29131] [com.apple.UIKit:KeyboardVisualMode] useVisualModeWindowed: 0 (windowingModeEnabled: 0)
2023-01-13 11:15:07.700 Db AvaxWallet[51269:1d29131] [com.apple.UIKit:KeyboardVisualMode] useVisualModeWindowed: 0 (windowingModeEnabled: 0)
2023-01-13 11:15:07.700 Db AvaxWallet[51269:1d29131] [com.apple.UIKit:KeyboardVisualMode] useVisualModeWindowed: 0 (windowingModeEnabled: 0)
2023-01-13 11:15:07.700 Db AvaxWallet[51269:1d29131] [com.apple.UIKit:KeyboardVisualMode] useVisualModeWindowed: 0 (windowingModeEnabled: 0)
2023-01-13 11:15:07.701 Db AvaxWallet[51269:1d29131] [com.apple.UIKit:KeyboardVisualMode] useVisualModeWindowed: 0 (windowingModeEnabled: 0)
2023-01-13 11:15:07.702 Db AvaxWallet[51269:1d29131] [com.apple.UIKit:KeyboardVisualMode] useVisualModeWindowed: 0 (windowingModeEnabled: 0)
2023-01-13 11:15:07.702 Db AvaxWallet[51269:1d29131] [com.apple.UIKit:KeyboardVisualMode] useVisualModeWindowed: 0 (windowingModeEnabled: 0)
2023-01-13 11:15:07.702 Db AvaxWallet[51269:1d29131] [com.apple.UIKit:KeyboardVisualMode] useVisualModeWindowed: 0 (windowingModeEnabled: 0)
2023-01-13 11:15:07.702 Db AvaxWallet[51269:1d29131] [com.apple.UIKit:KeyboardVisualMode] useVisualModeWindowed: 0 (windowingModeEnabled: 0)
2023-01-13 11:15:07.702 Db AvaxWallet[51269:1d29131] [com.apple.UIKit:KeyboardVisualMode] useVisualModeWindowed: 0 (windowingModeEnabled: 0)
2023-01-13 11:15:07.702 Db AvaxWallet[51269:1d29131] [com.apple.UIKit:KeyboardVisualMode] useVisualModeWindowed: 0 (windowingModeEnabled: 0)
2023-01-13 11:15:07.703 Db AvaxWallet[51269:1d29131] [com.apple.UIKit:KeyboardVisualMode] useVisualModeWindowed: 0 (windowingModeEnabled: 0)
2023-01-13 11:15:07.703 Db AvaxWallet[51269:1d29131] [com.apple.UIKit:KeyboardVisualMode] useVisualModeWindowed: 0 (windowingModeEnabled: 0)
2023-01-13 11:15:07.703 Db AvaxWallet[51269:1d29131] [com.apple.UIKit:KeyboardVisualMode] useVisualModeWindowed: 0 (windowingModeEnabled: 0)
2023-01-13 11:15:07.703 Db AvaxWallet[51269:1d29131] [com.apple.UIKit:KeyboardVisualMode] useVisualModeWindowed: 0 (windowingModeEnabled: 0)
2023-01-13 11:15:07.703 Db AvaxWallet[51269:1d29131] [com.apple.UIKit:KeyboardVisualMode] useVisualModeWindowed: 0 (windowingModeEnabled: 0)
2023-01-13 11:15:07.703 Db AvaxWallet[51269:1d29131] [com.apple.UIKit:KeyboardVisualMode] useVisualModeWindowed: 0 (windowingModeEnabled: 0)
2023-01-13 11:15:07.703 Db AvaxWallet[51269:1d29131] [com.apple.UIKit:KeyboardVisualMode] useVisualModeWindowed: 0 (windowingModeEnabled: 0)
2023-01-13 11:15:07.704 Db AvaxWallet[51269:1d29131] [com.apple.UIKit:KeyboardVisualMode] useVisualModeWindowed: 0 (windowingModeEnabled: 0)
2023-01-13 11:15:07.704 Db AvaxWallet[51269:1d29131] [com.apple.UIKit:KeyboardVisualMode] useVisualModeWindowed: 0 (windowingModeEnabled: 0)
2023-01-13 11:15:07.704 Db AvaxWallet[51269:1d29131] [com.apple.UIKit:KeyboardVisualMode] useVisualModeWindowed: 0 (windowingModeEnabled: 0)
2023-01-13 11:15:07.704 Db AvaxWallet[51269:1d29131] [com.apple.UIKit:KeyboardVisualMode] useVisualModeWindowed: 0 (windowingModeEnabled: 0)
2023-01-13 11:15:07.704 Db AvaxWallet[51269:1d29131] [com.apple.UIKit:KeyboardVisualMode] useVisualModeWindowed: 0 (windowingModeEnabled: 0)
2023-01-13 11:15:07.704 Db AvaxWallet[51269:1d29131] [com.apple.UIKit:KeyboardVisualMode] useVisualModeWindowed: 0 (windowingModeEnabled: 0)
2023-01-13 11:15:07.704 Db AvaxWallet[51269:1d29131] [com.apple.UIKit:KeyboardVisualMode] useVisualModeWindowed: 0 (windowingModeEnabled: 0)
2023-01-13 11:15:07.705 Db AvaxWallet[51269:1d29131] [com.apple.UIKit:KeyboardVisualMode] useVisualModeWindowed: 0 (windowingModeEnabled: 0)
2023-01-13 11:15:07.705 Db AvaxWallet[51269:1d29131] [com.apple.UIKit:KeyboardVisualMode] useVisualModeWindowed: 0 (windowingModeEnabled: 0)
2023-01-13 11:15:07.705 Db AvaxWallet[51269:1d29131] [com.apple.UIKit:KeyboardVisualMode] useVisualModeWindowed: 0 (windowingModeEnabled: 0)
2023-01-13 11:15:07.705 Db AvaxWallet[51269:1d29131] [com.apple.UIKit:KeyboardVisualMode] useVisualModeWindowed: 0 (windowingModeEnabled: 0)
2023-01-13 11:15:07.705 Db AvaxWallet[51269:1d29131] [com.apple.UIKit:KeyboardVisualMode] useVisualModeWindowed: 0 (windowingModeEnabled: 0)
2023-01-13 11:15:07.705 Db AvaxWallet[51269:1d29131] [com.apple.UIKit:KeyboardVisualMode] useVisualModeWindowed: 0 (windowingModeEnabled: 0)
2023-01-13 11:15:07.705 Db AvaxWallet[51269:1d29131] [com.apple.UIKit:KeyboardVisualMode] useVisualModeWindowed: 0 (windowingModeEnabled: 0)
2023-01-13 11:15:07.773 Db AvaxWallet[51269:1d29131] [com.apple.defaults:User Defaults] found no value for key DictationLanguagesLastUsed in CFPrefsSearchListSource<0x60000087a900> (Domain: com.apple.keyboard.preferences, Container: (null))
2023-01-13 11:15:07.774 I  AvaxWallet[51269:1d29131] [com.apple.siri:Client] -[AFDictationConnection dictationIsAvailableForLanguage:synchronous:] 0x600001df1380 Checking if language en-US is available
2023-01-13 11:15:07.774 Db AvaxWallet[51269:1d29131] [com.apple.defaults:User Defaults] looked up value {
    "ar-SA" =     {
        "Auto Punctuation" = 0;
        "Continuous Listening" = 1;
        "Emoji Recognition" = 0;
        "High Quality" = 1;
        Installed = 0;
        "On Device Search" = 1;
    };
    "de-DE" =     {
        "Auto Punctuation" = 1;
        "Continuous Listening" = 1;
        "Emoji Recognition" = 1;
        "High Quality" = 1;
        Installed = 0;
        "On Device Search" = 1;
    };
    "en-AU" =     {
        "Auto Punctuation" = 1;
        "Continuous Listening" = 1;
        "Emoji Recognition" = 1;
        "High Quality" = 1;
        Installed = 0;
        "On Device Search" = 1;
    };
    "en-CA" =     {
        "Auto Punctuation" = 1;
        "Continuous Listening" = 1;
        "Emoji Recognition" = 1;
        "High Quality" = 1;
        Installed = 0;
        "On Device Search" = 1;
    };
    "en-GB" =     {
        "Auto Punctuation" = 1;
        "Continuous Listening" = 1;
        "Emoji Recognition" = 1;
        "High Quality" = 1;
        Installed =  for key <decode: missing data> in <decode: missing data> via <decode: missing data>
2023-01-13 11:15:07.774 Db AvaxWallet[51269:1d29131] [com.apple.defaults:User Defaults] found no value for key Siri Data Sharing Opt-In Status 2.0 in CFPrefsSearchListSource<0x6000008e3900> (Domain: com.apple.assistant.support, Container: (null))
2023-01-13 11:15:07.774 Db AvaxWallet[51269:1d29131] [com.apple.defaults:User Defaults] found no value for key Assistant Enabled in CFPrefsSearchListSource<0x6000008e3900> (Domain: com.apple.assistant.support, Container: (null))
2023-01-13 11:15:07.774 I  AvaxWallet[51269:1d29131] [com.apple.siri:Client] -[AFDictationConnection dictationIsAvailableForLanguage:synchronous:] 0x600001df1380 Language en-US is available over network
2023-01-13 11:15:07.774 I  AvaxWallet[51269:1d29131] [com.apple.siri:Client] -[AFDictationConnection dictationIsAvailableForLanguage:synchronous:] 0x600001df1380 Checking if language en-US is available
2023-01-13 11:15:07.774 Db AvaxWallet[51269:1d29131] [com.apple.defaults:User Defaults] looked up value {
    "ar-SA" =     {
        "Auto Punctuation" = 0;
        "Continuous Listening" = 1;
        "Emoji Recognition" = 0;
        "High Quality" = 1;
        Installed = 0;
        "On Device Search" = 1;
    };
    "de-DE" =     {
        "Auto Punctuation" = 1;
        "Continuous Listening" = 1;
        "Emoji Recognition" = 1;
        "High Quality" = 1;
        Installed = 0;
        "On Device Search" = 1;
    };
    "en-AU" =     {
        "Auto Punctuation" = 1;
        "Continuous Listening" = 1;
        "Emoji Recognition" = 1;
        "High Quality" = 1;
        Installed = 0;
        "On Device Search" = 1;
    };
    "en-CA" =     {
        "Auto Punctuation" = 1;
        "Continuous Listening" = 1;
        "Emoji Recognition" = 1;
        "High Quality" = 1;
        Installed = 0;
        "On Device Search" = 1;
    };
    "en-GB" =     {
        "Auto Punctuation" = 1;
        "Continuous Listening" = 1;
        "Emoji Recognition" = 1;
        "High Quality" = 1;
        Installed =  for key <decode: missing data> in <decode: missing data> via <decode: missing data>
2023-01-13 11:15:07.774 Db AvaxWallet[51269:1d29131] [com.apple.defaults:User Defaults] found no value for key Siri Data Sharing Opt-In Status 2.0 in CFPrefsSearchListSource<0x6000008e3900> (Domain: com.apple.assistant.support, Container: (null))
2023-01-13 11:15:07.774 Db AvaxWallet[51269:1d29131] [com.apple.defaults:User Defaults] found no value for key Assistant Enabled in CFPrefsSearchListSource<0x6000008e3900> (Domain: com.apple.assistant.support, Container: (null))
2023-01-13 11:15:07.774 I  AvaxWallet[51269:1d29131] [com.apple.siri:Client] -[AFDictationConnection dictationIsAvailableForLanguage:synchronous:] 0x600001df1380 Language en-US is available over network
2023-01-13 11:15:07.774 I  AvaxWallet[51269:1d29131] [com.apple.siri:Client] +[AFDictationConnection dictationIsSupportedForLanguageCode:error:] Language en-US is supported for dictation
2023-01-13 11:15:07.774 Db AvaxWallet[51269:1d29131] [com.apple.defaults:User Defaults] found no value for key HWKeyboardDictationShortcut in CFPrefsSearchListSource<0x60000087a900> (Domain: com.apple.keyboard.preferences, Container: (null))
2023-01-13 11:15:07.814 Db AvaxWallet[51269:1d29163] [com.apple.network:boringssl] boringssl_context_log_message(2125) [C25.1.1:2][0x14e5c0660] Reading SSL3_RT_ALERT 2 bytes
2023-01-13 11:15:07.814 I  AvaxWallet[51269:1d29163] [com.apple.network:boringssl] boringssl_context_handle_warning_alert(2010) [C25.1.1:2][0x14e5c0660] read alert, level: warning, description: close notify
2023-01-13 11:15:07.814 Db AvaxWallet[51269:1d29163] [com.apple.network:boringssl] nw_protocol_boringssl_input_finished(1836) [C25.1.1:2][0x14e5c0660] session state: connected [2]
2023-01-13 11:15:07.814 Df AvaxWallet[51269:1d29163] (CFNetwork) Connection 25: read-side closed
2023-01-13 11:15:07.814 Db AvaxWallet[51269:1d29163] [com.apple.network:connection] nw_endpoint_handler_add_write_request [C25 52.217.173.177:443 ready parent-flow (satisfied (Path is satisfied), viable, interface: en0[802.11])] connected_child_handles_requests 0
2023-01-13 11:15:07.814 Df AvaxWallet[51269:1d29163] (CFNetwork) Connection 25: cleaning up
2023-01-13 11:15:07.814 Df AvaxWallet[51269:1d29163] [com.apple.network:connection] [C25 6E135AAE-02C6-4926-8E1F-E60FF100688C warden-avax-storage.s3.amazonaws.com:443 tcp, url hash: bd0cc6da, tls, definite, attribution: developer] cancel
2023-01-13 11:15:07.814 Df AvaxWallet[51269:1d29163] [com.apple.network:connection] [C25 6E135AAE-02C6-4926-8E1F-E60FF100688C warden-avax-storage.s3.amazonaws.com:443 tcp, url hash: bd0cc6da, tls, definite, attribution: developer] cancelled
	[C25.1.1 B93FB155-E767-4CE2-B64A-5E12D1F874E3 192.168.4.48:49262<->52.217.173.177:443]
	Connected Path: satisfied (Path is satisfied), viable, interface: en0[802.11]
	Privacy Stance: Not Eligible
	Duration: 6.535s, DNS @0.001s took 0.016s, TCP @0.042s took 0.083s, TLS 1.2 took 0.185s
	bytes in/out: 103712/919, packets in/out: 19/3, rtt: 0.082s, retransmitted bytes: 0, out-of-order bytes: 0
2023-01-13 11:15:07.814 I  AvaxWallet[51269:1d29163] [com.apple.network:connection] nw_endpoint_handler_cancel [C25 52.217.173.177:443 ready parent-flow (satisfied (Path is satisfied), viable, interface: en0[802.11])]
2023-01-13 11:15:07.814 Db AvaxWallet[51269:1d29163] [com.apple.network:boringssl] boringssl_context_log_message(2125) [C25.1.1:2][0x14e5c0660] Writing SSL3_RT_ALERT 2 bytes
2023-01-13 11:15:07.814 I  AvaxWallet[51269:1d29163] [com.apple.network:boringssl] boringssl_context_handle_warning_alert(2010) [C25.1.1:2][0x14e5c0660] write alert, level: warning, description: close notify
2023-01-13 11:15:07.814 Df AvaxWallet[51269:1d29163] [com.apple.network:connection] nw_flow_disconnected [C25 52.217.173.177:443 cancelled parent-flow ((null))] Output protocol disconnected
2023-01-13 11:15:07.815 I  AvaxWallet[51269:1d29163] [com.apple.network:connection] nw_endpoint_handler_cancel [C25.1 warden-avax-storage.s3.amazonaws.com:443 ready resolver (satisfied (Path is satisfied), viable, interface: en0[802.11])]
2023-01-13 11:15:07.815 I  AvaxWallet[51269:1d29163] [com.apple.network:connection] nw_endpoint_handler_cancel [C25.1.1 52.217.173.177:443 ready socket-flow (satisfied (Path is satisfied), interface: en0[802.11])]
2023-01-13 11:15:07.815 Df AvaxWallet[51269:1d29163] [com.apple.network:connection] nw_flow_disconnected [C25 warden-avax-storage.s3.amazonaws.com:443 cancelled parent-flow ((null))] Output protocol disconnected
2023-01-13 11:15:07.815 I  AvaxWallet[51269:1d29163] [com.apple.network:connection] nw_endpoint_handler_cancel [C25.1.2 52.217.134.225:443 cancelled path ((null))]
2023-01-13 11:15:07.815 I  AvaxWallet[51269:1d29163] [com.apple.network:connection] nw_endpoint_handler_cancel [C25.1.2 52.217.134.225:443 cancelled path ((null))] Handler already cancelled, ignoring cancel
2023-01-13 11:15:07.815 I  AvaxWallet[51269:1d29163] [com.apple.network:connection] nw_endpoint_handler_cancel [C25.1.3 52.216.144.155:443 cancelled path ((null))]
2023-01-13 11:15:07.815 I  AvaxWallet[51269:1d29163] [com.apple.network:connection] nw_endpoint_handler_cancel [C25.1.3 52.216.144.155:443 cancelled path ((null))] Handler already cancelled, ignoring cancel
2023-01-13 11:15:07.815 I  AvaxWallet[51269:1d29163] [com.apple.network:connection] nw_endpoint_handler_cancel [C25.1.4 52.216.42.129:443 cancelled path ((null))]
2023-01-13 11:15:07.815 I  AvaxWallet[51269:1d29163] [com.apple.network:connection] nw_endpoint_handler_cancel [C25.1.4 52.216.42.129:443 cancelled path ((null))] Handler already cancelled, ignoring cancel
2023-01-13 11:15:07.815 I  AvaxWallet[51269:1d29163] [com.apple.network:connection] nw_endpoint_handler_cancel [C25.1.5 52.216.82.72:443 cancelled path ((null))]
2023-01-13 11:15:07.815 I  AvaxWallet[51269:1d29163] [com.apple.network:connection] nw_endpoint_handler_cancel [C25.1.5 52.216.82.72:443 cancelled path ((null))] Handler already cancelled, ignoring cancel
2023-01-13 11:15:07.815 I  AvaxWallet[51269:1d29163] [com.apple.network:connection] nw_endpoint_handler_cancel [C25.1.6 52.216.214.41:443 cancelled path ((null))]
2023-01-13 11:15:07.815 I  AvaxWallet[51269:1d29163] [com.apple.network:connection] nw_endpoint_handler_cancel [C25.1.6 52.216.214.41:443 cancelled path ((null))] Handler already cancelled, ignoring cancel
2023-01-13 11:15:07.815 I  AvaxWallet[51269:1d29163] [com.apple.network:connection] nw_endpoint_handler_cancel [C25.1.7 54.231.133.25:443 cancelled path ((null))]
2023-01-13 11:15:07.815 I  AvaxWallet[51269:1d29163] [com.apple.network:connection] nw_endpoint_handler_cancel [C25.1.7 54.231.133.25:443 cancelled path ((null))] Handler already cancelled, ignoring cancel
2023-01-13 11:15:07.815 I  AvaxWallet[51269:1d29163] [com.apple.network:connection] nw_endpoint_handler_cancel [C25.1.8 52.216.218.233:443 cancelled path ((null))]
2023-01-13 11:15:07.815 I  AvaxWallet[51269:1d29163] [com.apple.network:connection] nw_endpoint_handler_cancel [C25.1.8 52.216.218.233:443 cancelled path ((null))] Handler already cancelled, ignoring cancel
2023-01-13 11:15:07.815 Db AvaxWallet[51269:1d29163] [com.apple.network:connection] nw_resolver_cancel [C25.1] 0x14f5145f0
2023-01-13 11:15:07.815 Df AvaxWallet[51269:1d29163] [com.apple.network:connection] nw_connection_report_state_with_handler_on_nw_queue [C25] reporting state cancelled
2023-01-13 11:15:07.815 Df AvaxWallet[51269:1d29163] (CFNetwork) Connection 25: done
2023-01-13 11:15:07.816 I  AvaxWallet[51269:1d29163] [com.apple.network:connection] [C25 warden-avax-storage.s3.amazonaws.com:443 tcp, url hash: bd0cc6da, tls, definite, attribution: developer] dealloc
2023-01-13 11:15:07.816 Db AvaxWallet[51269:1d29163] [com.apple.network:boringssl] boringssl_bio_destroy(196)
2023-01-13 11:15:07.816 Db AvaxWallet[51269:1d29163] [com.apple.network:] nw_fd_wrapper_close closed <fd_wrapper 53, guarded: true>
2023-01-13 11:15:07.816 Db AvaxWallet[51269:1d29163] [com.apple.network:boringssl] boringssl_context_log_message(2125) [C24.1.1:2][0x14e794960] Reading SSL3_RT_ALERT 2 bytes
2023-01-13 11:15:07.816 I  AvaxWallet[51269:1d29163] [com.apple.network:boringssl] boringssl_context_handle_warning_alert(2010) [C24.1.1:2][0x14e794960] read alert, level: warning, description: close notify
2023-01-13 11:15:07.816 Db AvaxWallet[51269:1d29163] [com.apple.network:boringssl] nw_protocol_boringssl_input_finished(1836) [C24.1.1:2][0x14e794960] session state: connected [2]
2023-01-13 11:15:07.816 Df AvaxWallet[51269:1d29163] (CFNetwork) Connection 24: read-side closed
