Filtering the log data using "processImagePath BEGINSWITH "/Users/tyler.hackett/Library/Developer/CoreSimulator/Devices/F875505B-B6AE-445A-83C5-DDA0B4489670/data/Containers/Bundle/Application/43815C2D-90B5-4AFB-9DAB-D7EC49ADB101/AvaxWallet.app""
Timestamp               Ty Process[PID:TID]
2023-01-13 11:15:05.269 Df AvaxWallet[51269:1d2916c] Running: capture: with arguments (
    "<PHGCapturePayload: 0x60000226c300>"
) on integration: PostHog
2023-01-13 11:15:05.269 Db AvaxWallet[51269:1d29169] [com.apple.defaults:User Defaults] looked up value 1 for key RCTI18nUtil_makeRTLFlipLeftAndRightStyles in CFPrefsPlistSource<0x600000878b00> (Domain: org.avalabs.corewallet, User: kCFPreferencesCurrentUser, ByHost: No, Container: (null), Contents Need Refresh: No) via CFPrefsSearchListSource<0x600000878280> (Domain: org.avalabs.corewallet, Container: (null))
2023-01-13 11:15:05.269 Db AvaxWallet[51269:1d29169] [com.apple.defaults:User Defaults] looked up value 1 for key RCTI18nUtil_makeRTLFlipLeftAndRightStyles in CFPrefsPlistSource<0x600000878b00> (Domain: org.avalabs.corewallet, User: kCFPreferencesCurrentUser, ByHost: No, Container: (null), Contents Need Refresh: No) via CFPrefsSearchListSource<0x600000878280> (Domain: org.avalabs.corewallet, Container: (null))
2023-01-13 11:15:05.269 Db AvaxWallet[51269:1d29169] [com.apple.defaults:User Defaults] looked up value 1 for key RCTI18nUtil_makeRTLFlipLeftAndRightStyles in CFPrefsPlistSource<0x600000878b00> (Domain: org.avalabs.corewallet, User: kCFPreferencesCurrentUser, ByHost: No, Container: (null), Contents Need Refresh: No) via CFPrefsSearchListSource<0x600000878280> (Domain: org.avalabs.corewallet, Container: (null))
2023-01-13 11:15:05.269 Db AvaxWallet[51269:1d29169] [com.apple.defaults:User Defaults] looked up value 1 for key RCTI18nUtil_makeRTLFlipLeftAndRightStyles in CFPrefsPlistSource<0x600000878b00> (Domain: org.avalabs.corewallet, User: kCFPreferencesCurrentUser, ByHost: No, Container: (null), Contents Need Refresh: No) via CFPrefsSearchListSource<0x600000878280> (Domain: org.avalabs.corewallet, Container: (null))
2023-01-13 11:15:05.269 Db AvaxWallet[51269:1d29169] [com.apple.defaults:User Defaults] looked up value 1 for key RCTI18nUtil_makeRTLFlipLeftAndRightStyles in CFPrefsPlistSource<0x600000878b00> (Domain: org.avalabs.corewallet, User: kCFPreferencesCurrentUser, ByHost: No, Container: (null), Contents Need Refresh: No) via CFPrefsSearchListSource<0x600000878280> (Domain: org.avalabs.corewallet, Container: (null))
2023-01-13 11:15:05.269 Db AvaxWallet[51269:1d29169] [com.apple.defaults:User Defaults] looked up value 1 for key RCTI18nUtil_makeRTLFlipLeftAndRightStyles in CFPrefsPlistSource<0x600000878b00> (Domain: org.avalabs.corewallet, User: kCFPreferencesCurrentUser, ByHost: No, Container: (null), Contents Need Refresh: No) via CFPrefsSearchListSource<0x600000878280> (Domain: org.avalabs.corewallet, Container: (null))
2023-01-13 11:15:05.269 Db AvaxWallet[51269:1d29169] [com.apple.defaults:User Defaults] looked up value 1 for key RCTI18nUtil_makeRTLFlipLeftAndRightStyles in CFPrefsPlistSource<0x600000878b00> (Domain: org.avalabs.corewallet, User: kCFPreferencesCurrentUser, ByHost: No, Container: (null), Contents Need Refresh: No) via CFPrefsSearchListSource<0x600000878280> (Domain: org.avalabs.corewallet, Container: (null))
2023-01-13 11:15:05.269 Db AvaxWallet[51269:1d29169] [com.apple.defaults:User Defaults] looked up value 1 for key RCTI18nUtil_makeRTLFlipLeftAndRightStyles in CFPrefsPlistSource<0x600000878b00> (Domain: org.avalabs.corewallet, User: kCFPreferencesCurrentUser, ByHost: No, Container: (null), Contents Need Refresh: No) via CFPrefsSearchListSource<0x600000878280> (Domain: org.avalabs.corewallet, Container: (null))
2023-01-13 11:15:05.269 Db AvaxWallet[51269:1d29169] [com.apple.defaults:User Defaults] looked up value 1 for key RCTI18nUtil_makeRTLFlipLeftAndRightStyles in CFPrefsPlistSource<0x600000878b00> (Domain: org.avalabs.corewallet, User: kCFPreferencesCurrentUser, ByHost: No, Container: (null), Contents Need Refresh: No) via CFPrefsSearchListSource<0x600000878280> (Domain: org.avalabs.corewallet, Container: (null))
2023-01-13 11:15:05.269 Db AvaxWallet[51269:1d29169] [com.apple.defaults:User Defaults] looked up value 1 for key RCTI18nUtil_makeRTLFlipLeftAndRightStyles in CFPrefsPlistSource<0x600000878b00> (Domain: org.avalabs.corewallet, User: kCFPreferencesCurrentUser, ByHost: No, Container: (null), Contents Need Refresh: No) via CFPrefsSearchListSource<0x600000878280> (Domain: org.avalabs.corewallet, Container: (null))
2023-01-13 11:15:05.269 Db AvaxWallet[51269:1d29169] [com.apple.defaults:User Defaults] looked up value 1 for key RCTI18nUtil_makeRTLFlipLeftAndRightStyles in CFPrefsPlistSource<0x600000878b00> (Domain: org.avalabs.corewallet, User: kCFPreferencesCurrentUser, ByHost: No, Container: (null), Contents Need Refresh: No) via CFPrefsSearchListSource<0x600000878280> (Domain: org.avalabs.corewallet, Container: (null))
2023-01-13 11:15:05.269 Db AvaxWallet[51269:1d29169] [com.apple.defaults:User Defaults] looked up value 1 for key RCTI18nUtil_makeRTLFlipLeftAndRightStyles in CFPrefsPlistSource<0x600000878b00> (Domain: org.avalabs.corewallet, User: kCFPreferencesCurrentUser, ByHost: No, Container: (null), Contents Need Refresh: No) via CFPrefsSearchListSource<0x600000878280> (Domain: org.avalabs.corewallet, Container: (null))
2023-01-13 11:15:05.269 Db AvaxWallet[51269:1d2916c] [com.apple.SystemConfiguration:SCNetworkReachability] [0x14f33c8c0] __SCNetworkReachabilityGetFlagsFromPath(GetFlags), flags = 0x00000002, nw_path_status_satisfied, resolved endpoint flags
2023-01-13 11:15:05.269 Db AvaxWallet[51269:1d29169] [com.apple.defaults:User Defaults] looked up value 1 for key RCTI18nUtil_makeRTLFlipLeftAndRightStyles in CFPrefsPlistSource<0x600000878b00> (Domain: org.avalabs.corewallet, User: kCFPreferencesCurrentUser, ByHost: No, Container: (null), Contents Need Refresh: No) via CFPrefsSearchListSource<0x600000878280> (Domain: org.avalabs.corewallet, Container: (null))
2023-01-13 11:15:05.269 Db AvaxWallet[51269:1d2916c] [com.apple.SystemConfiguration:SCNetworkReachability] [0x14f33c8c0] __SCNetworkReachabilityGetFlagsFromPath(GetFlags), flags = 0x00000002, nw_path_status_satisfied, resolved endpoint flags
2023-01-13 11:15:05.269 Db AvaxWallet[51269:1d29169] [com.apple.defaults:User Defaults] looked up value 1 for key RCTI18nUtil_makeRTLFlipLeftAndRightStyles in CFPrefsPlistSource<0x600000878b00> (Domain: org.avalabs.corewallet, User: kCFPreferencesCurrentUser, ByHost: No, Container: (null), Contents Need Refresh: No) via CFPrefsSearchListSource<0x600000878280> (Domain: org.avalabs.corewallet, Container: (null))
2023-01-13 11:15:05.269 Db AvaxWallet[51269:1d2916c] [com.apple.SystemConfiguration:SCNetworkReachability] [0x14f33c8c0] __SCNetworkReachabilityGetFlagsFromPath(GetFlags), flags = 0x00000002, nw_path_status_satisfied, resolved endpoint flags
2023-01-13 11:15:05.269 Df AvaxWallet[51269:1d2916c] <0x600000861800:PHGPostHogIntegration, phc_wkYCkQ0TybOM3y6OUtdUnUdjFimeG4Zsv69JJHIxic9> Enqueueing action: {
    "distinct_id" = "7BFA45F2-0074-482A-A6CC-998C2C2B1324";
    event = ExistingWalletTabClicked;
    "message_id" = "9693A034-21DA-4DF8-BD50-6D4C5CF3BC60";
    properties =     {
        "$app_build" = 1;
        "$app_name" = Core;
        "$app_namespace" = "org.avalabs.corewallet";
        "$app_version" = "0.0.0";
        "$device_id" = "291E3867-6889-4BB1-B360-22697E4D4C47";
        "$device_manufacturer" = Apple;
        "$device_model" = arm64;
        "$device_name" = iPhone;
        "$device_type" = ios;
        "$ip" = "";
        "$lib" = "posthog-react-native";
        "$lib_version" = "1.1.4";
        "$locale" = "en-US";
        "$network_cellular" = 0;
        "$network_wifi" = 1;
        "$os_name" = iOS;
        "$os_version" = "16.2";
        "$screen_height" = 844;
        "$screen_width" = 390;
        "$timezone" = "America/Los_Angeles";
        "$user_id" = "904a9093-0596-47e6-9f69-3
2023-01-13 11:15:05.270 Df AvaxWallet[51269:1d2916c] [com.apple.FileURL:default] kExcludedFromBackupXattrName set on path: /Users/tyler.hackett/Library/Developer/CoreSimulator/Devices/F875505B-B6AE-445A-83C5-DDA0B4489670/data/Containers/Data/Application/C6E8B72B-D93F-4BB1-8CDA-8FDCD8C1F7EC/Library/Application Support/org.avalabs.corewallet/posthog.queue.plist
2023-01-13 11:15:05.270 Df AvaxWallet[51269:1d2916c] <0x600000861800:PHGPostHogIntegration, phc_wkYCkQ0TybOM3y6OUtdUnUdjFimeG4Zsv69JJHIxic9> Length is 1.
2023-01-13 11:15:05.270 Df AvaxWallet[51269:1d2916c] <0x600000861800:PHGPostHogIntegration, phc_wkYCkQ0TybOM3y6OUtdUnUdjFimeG4Zsv69JJHIxic9> Flushing 1 of 1 queued API calls.
2023-01-13 11:15:05.270 Df AvaxWallet[51269:1d2916c] Flushing batch {
    "api_key" = "phc_wkYCkQ0TybOM3y6OUtdUnUdjFimeG4Zsv69JJHIxic9";
    batch =     (
                {
            "distinct_id" = "7BFA45F2-0074-482A-A6CC-998C2C2B1324";
            event = ExistingWalletTabClicked;
            "message_id" = "9693A034-21DA-4DF8-BD50-6D4C5CF3BC60";
            properties =             {
                "$app_build" = 1;
                "$app_name" = Core;
                "$app_namespace" = "org.avalabs.corewallet";
                "$app_version" = "0.0.0";
                "$device_id" = "291E3867-6889-4BB1-B360-22697E4D4C47";
                "$device_manufacturer" = Apple;
                "$device_model" = arm64;
                "$device_name" = iPhone;
                "$device_type" = ios;
                "$ip" = "";
                "$lib" = "posthog-react-native";
                "$lib_version" = "1.1.4";
                "$locale" = "en-US";
                "$network_cellular" = 0;
                "$network_wifi" = 1;
                "$os_name" = iOS;
          .
2023-01-13 11:15:05.271 Df AvaxWallet[51269:1d2916c] (CFNetwork) Task <D9678462-DFC1-477E-9B6D-47588550A231>.<2> resuming, timeouts(60.0, 604800.0) QOS(0x19) Voucher (null)
2023-01-13 11:15:05.271 Db AvaxWallet[51269:1d2916c] [com.apple.network:activity] Returning should log: 0 for activity cfnetwork:foreground_task
2023-01-13 11:15:05.271 Db AvaxWallet[51269:1d2916c] [com.apple.network:activity] Domain cfnetwork rate configured in registry as 1 / 20000
2023-01-13 11:15:05.271 Db AvaxWallet[51269:1d2916c] [com.apple.network:activity] Domain cfnetwork rate configured after remote default override as 1 / 20000
2023-01-13 11:15:05.271 Db AvaxWallet[51269:1d2916c] [com.apple.network:activity] After reading settings plist, domain cfnetwork rate configured as 1 / 2000000
2023-01-13 11:15:05.271 Db AvaxWallet[51269:1d2916c] [com.apple.network:activity] After settings override, domain cfnetwork rate configured as 1 / 2000000
2023-01-13 11:15:05.271 Db AvaxWallet[51269:1d2916c] [com.apple.network:activity] Final domain cfnetwork rate configured as 1 / 2000000
2023-01-13 11:15:05.271 Db AvaxWallet[51269:1d2916c] [com.apple.network:activity] <nw_activity 12:2[No UUID] (reporting strategy default)> sampled at 1 / 2000000
2023-01-13 11:15:05.271 Db AvaxWallet[51269:1d2916c] [com.apple.network:activity] Returning should log: 0 for activity cfnetwork:foreground_task
2023-01-13 11:15:05.271 Df AvaxWallet[51269:1d2916c] (CFNetwork) [Telemetry]: Activity <nw_activity 12:2[B5517665-1642-4C2B-96D2-458D36AC80E0] (reporting strategy default)> on Task <D9678462-DFC1-477E-9B6D-47588550A231>.<2> was not selected for reporting
2023-01-13 11:15:05.271 Df AvaxWallet[51269:1d29131] sent notification PostHogDidSendRequest
2023-01-13 11:15:05.271 Df AvaxWallet[51269:1d29167] [com.apple.CFNetwork:ATS] Task <D9678462-DFC1-477E-9B6D-47588550A231>.<2> {strength 0, tls 4, sub 0, sig 1, ciphers 0, bundle 0, builtin 0}
2023-01-13 11:15:05.271 Db AvaxWallet[51269:1d29167] (CFNetwork) Connection 19: set is idle false
2023-01-13 11:15:05.271 Df AvaxWallet[51269:1d29167] [com.apple.network:connection] [C19] event: client:connection_reused @4.193s
2023-01-13 11:15:05.271 I  AvaxWallet[51269:1d29167] [com.apple.network:connection] nw_endpoint_handler_report_connection_idle [C19 104.18.20.25:443 ready parent-flow (satisfied (Path is satisfied), viable, interface: en0[802.11])] Reporting connection not idle to protocols
2023-01-13 11:15:05.271 I  AvaxWallet[51269:1d29167] [com.apple.network:connection] nw_flow_passthrough_notify [C19.1.1 104.18.20.25:443 ready socket-flow (satisfied (Path is satisfied), interface: en0[802.11])] received notification connection_idle
2023-01-13 11:15:05.271 Df AvaxWallet[51269:1d29167] (CFNetwork) Task <D9678462-DFC1-477E-9B6D-47588550A231>.<2> now using Connection 19
2023-01-13 11:15:05.271 Db AvaxWallet[51269:1d29167] [com.apple.network:activity] Returning should log: 0 for activity cfnetwork:foreground_task
2023-01-13 11:15:05.272 Db AvaxWallet[51269:1d29167] [com.apple.network:connection] nw_connection_modify_estimated_bytes_block_invoke [C19] Incremented estimated bytes to send by 555, total now 1099
2023-01-13 11:15:05.272 Db AvaxWallet[51269:1d29167] [com.apple.network:connection] nw_connection_modify_estimated_bytes_block_invoke [C19] Using lower threshold 12582912, upper threshold 31457280
2023-01-13 11:15:05.272 Db AvaxWallet[51269:1d29167] [com.apple.network:connection] nw_endpoint_handler_add_write_request [C19 104.18.20.25:443 ready parent-flow (satisfied (Path is satisfied), viable, interface: en0[802.11])] connected_child_handles_requests 0
2023-01-13 11:15:05.272 Df AvaxWallet[51269:1d29167] (CFNetwork) Task <D9678462-DFC1-477E-9B6D-47588550A231>.<2> sent request, body S 555
2023-01-13 11:15:05.272 Db AvaxWallet[51269:1d29167] [com.apple.network:connection] nw_endpoint_handler_add_write_request [C19 104.18.20.25:443 ready parent-flow (satisfied (Path is satisfied), viable, interface: en0[802.11])] connected_child_handles_requests 0
2023-01-13 11:15:05.293 Df AvaxWallet[51269:1d29169] (CFNetwork) Task <EE40C155-7A9F-47F8-ACFA-30A0EA3EA391>.<79> resuming, timeouts(60.0, 604800.0) QOS(0x19) Voucher (null)
2023-01-13 11:15:05.294 Db AvaxWallet[51269:1d29169] [com.apple.network:activity] Returning should log: 0 for activity cfnetwork:foreground_task
2023-01-13 11:15:05.294 Db AvaxWallet[51269:1d29169] [com.apple.network:activity] Domain cfnetwork rate configured in registry as 1 / 20000
2023-01-13 11:15:05.294 Db AvaxWallet[51269:1d29169] [com.apple.network:activity] Domain cfnetwork rate configured after remote default override as 1 / 20000
2023-01-13 11:15:05.294 Db AvaxWallet[51269:1d29169] [com.apple.network:activity] After reading settings plist, domain cfnetwork rate configured as 1 / 2000000
2023-01-13 11:15:05.294 Db AvaxWallet[51269:1d29169] [com.apple.network:activity] After settings override, domain cfnetwork rate configured as 1 / 2000000
2023-01-13 11:15:05.294 Db AvaxWallet[51269:1d29169] [com.apple.network:activity] Final domain cfnetwork rate configured as 1 / 2000000
2023-01-13 11:15:05.294 Db AvaxWallet[51269:1d29169] [com.apple.network:activity] <nw_activity 12:2[No UUID] (reporting strategy default)> sampled at 1 / 2000000
2023-01-13 11:15:05.294 Db AvaxWallet[51269:1d29169] [com.apple.network:activity] Returning should log: 0 for activity cfnetwork:foreground_task
2023-01-13 11:15:05.294 Df AvaxWallet[51269:1d29169] (CFNetwork) [Telemetry]: Activity <nw_activity 12:2[BCB7A76B-5398-41D5-B3A4-86A3E600B183] (reporting strategy default)> on Task <EE40C155-7A9F-47F8-ACFA-30A0EA3EA391>.<79> was not selected for reporting
2023-01-13 11:15:05.294 Db AvaxWallet[51269:1d2916c] [com.apple.CFNetwork:ATS] Uploading ATS exception ATSAllowsLocalNetworking
2023-01-13 11:15:05.294 A  AvaxWallet[51269:1d29166] (Security) SecTrustReportNetworkingAnalytics
2023-01-13 11:15:05.294 I  AvaxWallet[51269:1d2916c] [com.apple.network:connection] nw_connection_create_with_id [C45] create connection to Hostname#b18a1838:8081
2023-01-13 11:15:05.294 Df AvaxWallet[51269:1d2916c] (CFNetwork) Connection 45: starting, TC(0x0)
2023-01-13 11:15:05.294 Df AvaxWallet[51269:1d2916c] [com.apple.network:connection] [C45 4E15B9E3-CDBB-4DB5-8037-E50AFB11281E localhost:8081 tcp, url hash: adeb4356, definite, attribution: developer, context: com.apple.CFNetwork.NSURLSession.{FCF58A07-B9C0-4039-B69E-463DC9130AFC}{(null)}{Y}{2} (private), proc: FE83E01C-B577-322E-99B1-72345FEF6D33] start
2023-01-13 11:15:05.294 I  AvaxWallet[51269:1d2916c] [com.apple.network:connection] nw_endpoint_handler_start [C45 localhost:8081 initial parent-flow ((null))]
2023-01-13 11:15:05.294 Df AvaxWallet[51269:1d2916c] [com.apple.network:connection] [C45 localhost:8081 initial parent-flow ((null))] event: path:start @0.000s
2023-01-13 11:15:05.294 Db AvaxWallet[51269:1d2916c] [com.apple.network:connection] nw_endpoint_handler_path_change [C45 localhost:8081 waiting parent-flow (satisfied (Path is satisfied), interface: en0[802.11])]
2023-01-13 11:15:05.294 Df AvaxWallet[51269:1d2916c] [com.apple.network:connection] [C45 localhost:8081 waiting parent-flow (satisfied (Path is satisfied), interface: en0[802.11])] event: path:satisfied @0.000s, uuid: 1A0F0FB6-53A1-4C4B-9942-B1BE634E6763
2023-01-13 11:15:05.294 I  AvaxWallet[51269:1d2916c] [com.apple.network:connection] nw_connection_endpoint_report_on_nw_queue_block_invoke [C45 localhost:8081 waiting parent-flow (satisfied (Path is satisfied), interface: en0[802.11])] skipping state update
2023-01-13 11:15:05.295 Db AvaxWallet[51269:1d2916c] [com.apple.network:] nw_endpoint_proxy_handler_should_use_proxy Looking up proxy for hostname: localhost, ifindex: 0
2023-01-13 11:15:05.295 Db AvaxWallet[51269:1d2916c] [com.apple.SystemConfiguration:SCPreferences] create <SCPreferences 0x14f7656f0 [0x1ba9afc60]> {name = SCDynamicStoreCopyProxiesWithOptions, id = /Library/Managed Preferences/mobile/com.apple.SystemConfiguration.plist, path = /Library/Managed Preferences/mobile/com.apple.SystemConfiguration.plist}
2023-01-13 11:15:05.295 Db AvaxWallet[51269:1d2916c] [com.apple.SystemConfiguration:SCPreferences] SCPreferences() access: /Library/Managed Preferences/mobile/com.apple.SystemConfiguration.plist, size=0
2023-01-13 11:15:05.295 Df AvaxWallet[51269:1d29166] [com.apple.securityd:SecError] SecTrustReportNetworkingAnalytics failed with error: -4
2023-01-13 11:15:05.295 Db AvaxWallet[51269:1d2916c] [com.apple.SystemConfiguration:SCPreferences] release <SCPreferences 0x14f7656f0 [0x1ba9afc60]> {name = SCDynamicStoreCopyProxiesWithOptions, id = /Library/Managed Preferences/mobile/com.apple.SystemConfiguration.plist, path = /Library/Managed Preferences/mobile/com.apple.SystemConfiguration.plist, accessed}
2023-01-13 11:15:05.295 Db AvaxWallet[51269:1d2916c] [com.apple.network:connection] nw_endpoint_flow_attach_protocols [C45 localhost:8081 in_progress parent-flow (satisfied (Path is satisfied), interface: en0[802.11])]
2023-01-13 11:15:05.295 Db AvaxWallet[51269:1d2916c] [com.apple.network:connection] nw_endpoint_flow_attach_protocols [C45 localhost:8081 in_progress parent-flow (satisfied (Path is satisfied), interface: en0[802.11])] stopping after adding persistent application protocols
2023-01-13 11:15:05.295 Df AvaxWallet[51269:1d2916c] [com.apple.network:connection] [C45 localhost:8081 in_progress parent-flow (satisfied (Path is satisfied), interface: en0[802.11])] event: flow:start_child @0.000s
2023-01-13 11:15:05.295 Df AvaxWallet[51269:1d2916c] [com.apple.network:connection] nw_connection_report_state_with_handler_on_nw_queue [C45] reporting state preparing
2023-01-13 11:15:05.295 I  AvaxWallet[51269:1d2916c] [com.apple.network:connection] nw_endpoint_handler_start [C45.1 localhost:8081 initial path ((null))]
2023-01-13 11:15:05.295 Db AvaxWallet[51269:1d2916c] [com.apple.network:connection] nw_endpoint_flow_receive_report [C45 localhost:8081 in_progress parent-flow (satisfied (Path is satisfied), interface: en0[802.11])] received child report: [C45.1 localhost:8081 initial path ((null))]
2023-01-13 11:15:05.295 Df AvaxWallet[51269:1d2916c] [com.apple.network:connection] [C45.1 localhost:8081 initial path ((null))] event: path:start @0.001s
2023-01-13 11:15:05.295 Db AvaxWallet[51269:1d2916c] [com.apple.network:connection] nw_endpoint_handler_path_change [C45.1 localhost:8081 waiting path (satisfied (Path is satisfied), interface: en0[802.11])]
2023-01-13 11:15:05.295 Db AvaxWallet[51269:1d2916c] [com.apple.network:connection] nw_endpoint_flow_receive_report [C45 localhost:8081 in_progress parent-flow (satisfied (Path is satisfied), interface: en0[802.11])] received child report: [C45.1 localhost:8081 waiting path (satisfied (Path is satisfied), interface: en0[802.11])]
2023-01-13 11:15:05.295 Db AvaxWallet[51269:1d29131] [com.apple.defaults:User Defaults] looked up value 1 for key RCTI18nUtil_makeRTLFlipLeftAndRightStyles in CFPrefsPlistSource<0x600000878b00> (Domain: org.avalabs.corewallet, User: kCFPreferencesCurrentUser, ByHost: No, Container: (null), Contents Need Refresh: No) via CFPrefsSearchListSource<0x600000878280> (Domain: org.avalabs.corewallet, Container: (null))
2023-01-13 11:15:05.295 Df AvaxWallet[51269:1d2916c] [com.apple.network:connection] [C45.1 localhost:8081 waiting path (satisfied (Path is satisfied), interface: en0[802.11])] event: path:satisfied @0.001s, uuid: 1A0F0FB6-53A1-4C4B-9942-B1BE634E6763
2023-01-13 11:15:05.295 Db AvaxWallet[51269:1d29131] [com.apple.defaults:User Defaults] looked up value 1 for key RCTI18nUtil_makeRTLFlipLeftAndRightStyles in CFPrefsPlistSource<0x600000878b00> (Domain: org.avalabs.corewallet, User: kCFPreferencesCurrentUser, ByHost: No, Container: (null), Contents Need Refresh: No) via CFPrefsSearchListSource<0x600000878280> (Domain: org.avalabs.corewallet, Container: (null))
2023-01-13 11:15:05.295 Db AvaxWallet[51269:1d29131] [com.apple.defaults:User Defaults] looked up value 1 for key RCTI18nUtil_makeRTLFlipLeftAndRightStyles in CFPrefsPlistSource<0x600000878b00> (Domain: org.avalabs.corewallet, User: kCFPreferencesCurrentUser, ByHost: No, Container: (null), Contents Need Refresh: No) via CFPrefsSearchListSource<0x600000878280> (Domain: org.avalabs.corewallet, Container: (null))
2023-01-13 11:15:05.295 Db AvaxWallet[51269:1d29131] [com.apple.defaults:User Defaults] looked up value 1 for key RCTI18nUtil_makeRTLFlipLeftAndRightStyles in CFPrefsPlistSource<0x600000878b00> (Domain: org.avalabs.corewallet, User: kCFPreferencesCurrentUser, ByHost: No, Container: (null), Contents Need Refresh: No) via CFPrefsSearchListSource<0x600000878280> (Domain: org.avalabs.corewallet, Container: (null))
2023-01-13 11:15:05.296 Db AvaxWallet[51269:1d29131] [com.apple.defaults:User Defaults] looked up value 1 for key RCTI18nUtil_makeRTLFlipLeftAndRightStyles in CFPrefsPlistSource<0x600000878b00> (Domain: org.avalabs.corewallet, User: kCFPreferencesCurrentUser, ByHost: No, Container: (null), Contents Need Refresh: No) via CFPrefsSearchListSource<0x600000878280> (Domain: org.avalabs.corewallet, Container: (null))
2023-01-13 11:15:05.296 Db AvaxWallet[51269:1d29131] [com.apple.defaults:User Defaults] looked up value 1 for key RCTI18nUtil_makeRTLFlipLeftAndRightStyles in CFPrefsPlistSource<0x600000878b00> (Domain: org.avalabs.corewallet, User: kCFPreferencesCurrentUser, ByHost: No, Container: (null), Contents Need Refresh: No) via CFPrefsSearchListSource<0x600000878280> (Domain: org.avalabs.corewallet, Container: (null))
2023-01-13 11:15:05.296 Db AvaxWallet[51269:1d29131] [com.apple.defaults:User Defaults] looked up value 1 for key RCTI18nUtil_makeRTLFlipLeftAndRightStyles in CFPrefsPlistSource<0x600000878b00> (Domain: org.avalabs.corewallet, User: kCFPreferencesCurrentUser, ByHost: No, Container: (null), Contents Need Refresh: No) via CFPrefsSearchListSource<0x600000878280> (Domain: org.avalabs.corewallet, Container: (null))
2023-01-13 11:15:05.296 Db AvaxWallet[51269:1d29131] [com.apple.defaults:User Defaults] looked up value 1 for key RCTI18nUtil_makeRTLFlipLeftAndRightStyles in CFPrefsPlistSource<0x600000878b00> (Domain: org.avalabs.corewallet, User: kCFPreferencesCurrentUser, ByHost: No, Container: (null), Contents Need Refresh: No) via CFPrefsSearchListSource<0x600000878280> (Domain: org.avalabs.corewallet, Container: (null))
2023-01-13 11:15:05.296 Db AvaxWallet[51269:1d29131] [com.apple.defaults:User Defaults] looked up value 1 for key RCTI18nUtil_makeRTLFlipLeftAndRightStyles in CFPrefsPlistSource<0x600000878b00> (Domain: org.avalabs.corewallet, User: kCFPreferencesCurrentUser, ByHost: No, Container: (null), Contents Need Refresh: No) via CFPrefsSearchListSource<0x600000878280> (Domain: org.avalabs.corewallet, Container: (null))
2023-01-13 11:15:05.296 Db AvaxWallet[51269:1d29131] [com.apple.defaults:User Defaults] looked up value 1 for key RCTI18nUtil_makeRTLFlipLeftAndRightStyles in CFPrefsPlistSource<0x600000878b00> (Domain: org.avalabs.corewallet, User: kCFPreferencesCurrentUser, ByHost: No, Container: (null), Contents Need Refresh: No) via CFPrefsSearchListSource<0x600000878280> (Domain: org.avalabs.corewallet, Container: (null))
2023-01-13 11:15:05.296 Db AvaxWallet[51269:1d29131] [com.apple.defaults:User Defaults] looked up value 1 for key RCTI18nUtil_makeRTLFlipLeftAndRightStyles in CFPrefsPlistSource<0x600000878b00> (Domain: org.avalabs.corewallet, User: kCFPreferencesCurrentUser, ByHost: No, Container: (null), Contents Need Refresh: No) via CFPrefsSearchListSource<0x600000878280> (Domain: org.avalabs.corewallet, Container: (null))
2023-01-13 11:15:05.296 Db AvaxWallet[51269:1d29131] [com.apple.defaults:User Defaults] looked up value 1 for key RCTI18nUtil_makeRTLFlipLeftAndRightStyles in CFPrefsPlistSource<0x600000878b00> (Domain: org.avalabs.corewallet, User: kCFPreferencesCurrentUser, ByHost: No, Container: (null), Contents Need Refresh: No) via CFPrefsSearchListSource<0x600000878280> (Domain: org.avalabs.corewallet, Container: (null))
2023-01-13 11:15:05.295 Db AvaxWallet[51269:1d2916c] [com.apple.network:] nw_endpoint_proxy_handler_should_use_proxy Looking up proxy for hostname: localhost, ifindex: 0
2023-01-13 11:15:05.296 Db AvaxWallet[51269:1d29131] [com.apple.defaults:User Defaults] looked up value 1 for key RCTI18nUtil_makeRTLFlipLeftAndRightStyles in CFPrefsPlistSource<0x600000878b00> (Domain: org.avalabs.corewallet, User: kCFPreferencesCurrentUser, ByHost: No, Container: (null), Contents Need Refresh: No) via CFPrefsSearchListSource<0x600000878280> (Domain: org.avalabs.corewallet, Container: (null))
2023-01-13 11:15:05.296 Db AvaxWallet[51269:1d29131] [com.apple.defaults:User Defaults] looked up value 1 for key RCTI18nUtil_makeRTLFlipLeftAndRightStyles in CFPrefsPlistSource<0x600000878b00> (Domain: org.avalabs.corewallet, User: kCFPreferencesCurrentUser, ByHost: No, Container: (null), Contents Need Refresh: No) via CFPrefsSearchListSource<0x600000878280> (Domain: org.avalabs.corewallet, Container: (null))
2023-01-13 11:15:05.296 Db AvaxWallet[51269:1d29131] [com.apple.defaults:User Defaults] looked up value 1 for key RCTI18nUtil_makeRTLFlipLeftAndRightStyles in CFPrefsPlistSource<0x600000878b00> (Domain: org.avalabs.corewallet, User: kCFPreferencesCurrentUser, ByHost: No, Container: (null), Contents Need Refresh: No) via CFPrefsSearchListSource<0x600000878280> (Domain: org.avalabs.corewallet, Container: (null))
2023-01-13 11:15:05.296 Db AvaxWallet[51269:1d29131] [com.apple.defaults:User Defaults] looked up value 1 for key RCTI18nUtil_makeRTLFlipLeftAndRightStyles in CFPrefsPlistSource<0x600000878b00> (Domain: org.avalabs.corewallet, User: kCFPreferencesCurrentUser, ByHost: No, Container: (null), Contents Need Refresh: No) via CFPrefsSearchListSource<0x600000878280> (Domain: org.avalabs.corewallet, Container: (null))
2023-01-13 11:15:05.296 Db AvaxWallet[51269:1d29131] [com.apple.defaults:User Defaults] looked up value 1 for key RCTI18nUtil_makeRTLFlipLeftAndRightStyles in CFPrefsPlistSource<0x600000878b00> (Domain: org.avalabs.corewallet, User: kCFPreferencesCurrentUser, ByHost: No, Container: (null), Contents Need Refresh: No) via CFPrefsSearchListSource<0x600000878280> (Domain: org.avalabs.corewallet, Container: (null))
2023-01-13 11:15:05.296 Db AvaxWallet[51269:1d29131] [com.apple.defaults:User Defaults] looked up value 1 for key RCTI18nUtil_makeRTLFlipLeftAndRightStyles in CFPrefsPlistSource<0x600000878b00> (Domain: org.avalabs.corewallet, User: kCFPreferencesCurrentUser, ByHost: No, Container: (null), Contents Need Refresh: No) via CFPrefsSearchListSource<0x600000878280> (Domain: org.avalabs.corewallet, Container: (null))
2023-01-13 11:15:05.296 Db AvaxWallet[51269:1d2916c] [com.apple.SystemConfiguration:SCPreferences] create <SCPreferences 0x14f7656f0 [0x1ba9afc60]> {name = SCDynamicStoreCopyProxiesWithOptions, id = /Library/Managed Preferences/mobile/com.apple.SystemConfiguration.plist, path = /Library/Managed Preferences/mobile/com.apple.SystemConfiguration.plist}
2023-01-13 11:15:05.296 Db AvaxWallet[51269:1d29131] [com.apple.defaults:User Defaults] looked up value 1 for key RCTI18nUtil_makeRTLFlipLeftAndRightStyles in CFPrefsPlistSource<0x600000878b00> (Domain: org.avalabs.corewallet, User: kCFPreferencesCurrentUser, ByHost: No, Container: (null), Contents Need Refresh: No) via CFPrefsSearchListSource<0x600000878280> (Domain: org.avalabs.corewallet, Container: (null))
2023-01-13 11:15:05.296 Db AvaxWallet[51269:1d2916c] [com.apple.SystemConfiguration:SCPreferences] SCPreferences() access: /Library/Managed Preferences/mobile/com.apple.SystemConfiguration.plist, size=0
2023-01-13 11:15:05.296 Db AvaxWallet[51269:1d29131] [com.apple.defaults:User Defaults] looked up value 1 for key RCTI18nUtil_makeRTLFlipLeftAndRightStyles in CFPrefsPlistSource<0x600000878b00> (Domain: org.avalabs.corewallet, User: kCFPreferencesCurrentUser, ByHost: No, Container: (null), Contents Need Refresh: No) via CFPrefsSearchListSource<0x600000878280> (Domain: org.avalabs.corewallet, Container: (null))
2023-01-13 11:15:05.296 Db AvaxWallet[51269:1d29131] [com.apple.defaults:User Defaults] looked up value 1 for key RCTI18nUtil_makeRTLFlipLeftAndRightStyles in CFPrefsPlistSource<0x600000878b00> (Domain: org.avalabs.corewallet, User: kCFPreferencesCurrentUser, ByHost: No, Container: (null), Contents Need Refresh: No) via CFPrefsSearchListSource<0x600000878280> (Domain: org.avalabs.corewallet, Container: (null))
2023-01-13 11:15:05.296 Db AvaxWallet[51269:1d29131] [com.apple.defaults:User Defaults] looked up value 1 for key RCTI18nUtil_makeRTLFlipLeftAndRightStyles in CFPrefsPlistSource<0x600000878b00> (Domain: org.avalabs.corewallet, User: kCFPreferencesCurrentUser, ByHost: No, Container: (null), Contents Need Refresh: No) via CFPrefsSearchListSource<0x600000878280> (Domain: org.avalabs.corewallet, Container: (null))
2023-01-13 11:15:05.296 Db AvaxWallet[51269:1d29131] [com.apple.defaults:User Defaults] looked up value 1 for key RCTI18nUtil_makeRTLFlipLeftAndRightStyles in CFPrefsPlistSource<0x600000878b00> (Domain: org.avalabs.corewallet, User: kCFPreferencesCurrentUser, ByHost: No, Container: (null), Contents Need Refresh: No) via CFPrefsSearchListSource<0x600000878280> (Domain: org.avalabs.corewallet, Container: (null))
2023-01-13 11:15:05.296 Db AvaxWallet[51269:1d29131] [com.apple.defaults:User Defaults] looked up value 1 for key RCTI18nUtil_makeRTLFlipLeftAndRightStyles in CFPrefsPlistSource<0x600000878b00> (Domain: org.avalabs.corewallet, User: kCFPreferencesCurrentUser, ByHost: No, Container: (null), Contents Need Refresh: No) via CFPrefsSearchListSource<0x600000878280> (Domain: org.avalabs.corewallet, Container: (null))
2023-01-13 11:15:05.296 Db AvaxWallet[51269:1d29131] [com.apple.defaults:User Defaults] looked up value 1 for key RCTI18nUtil_makeRTLFlipLeftAndRightStyles in CFPrefsPlistSource<0x600000878b00> (Domain: org.avalabs.corewallet, User: kCFPreferencesCurrentUser, ByHost: No, Container: (null), Contents Need Refresh: No) via CFPrefsSearchListSource<0x600000878280> (Domain: org.avalabs.corewallet, Container: (null))
2023-01-13 11:15:05.296 Db AvaxWallet[51269:1d29131] [com.apple.defaults:User Defaults] looked up value 1 for key RCTI18nUtil_makeRTLFlipLeftAndRightStyles in CFPrefsPlistSource<0x600000878b00> (Domain: org.avalabs.corewallet, User: kCFPreferencesCurrentUser, ByHost: No, Container: (null), Contents Need Refresh: No) via CFPrefsSearchListSource<0x600000878280> (Domain: org.avalabs.corewallet, Container: (null))
2023-01-13 11:15:05.296 Db AvaxWallet[51269:1d29131] [com.apple.defaults:User Defaults] looked up value 1 for key RCTI18nUtil_makeRTLFlipLeftAndRightStyles in CFPrefsPlistSource<0x600000878b00> (Domain: org.avalabs.corewallet, User: kCFPreferencesCurrentUser, ByHost: No, Container: (null), Contents Need Refresh: No) via CFPrefsSearchListSource<0x600000878280> (Domain: org.avalabs.corewallet, Container: (null))
2023-01-13 11:15:05.296 Db AvaxWallet[51269:1d29131] [com.apple.defaults:User Defaults] looked up value 1 for key RCTI18nUtil_makeRTLFlipLeftAndRightStyles in CFPrefsPlistSource<0x600000878b00> (Domain: org.avalabs.corewallet, User: kCFPreferencesCurrentUser, ByHost: No, Container: (null), Contents Need Refresh: No) via CFPrefsSearchListSource<0x600000878280> (Domain: org.avalabs.corewallet, Container: (null))
2023-01-13 11:15:05.296 Db AvaxWallet[51269:1d29131] [com.apple.defaults:User Defaults] looked up value 1 for key RCTI18nUtil_makeRTLFlipLeftAndRightStyles in CFPrefsPlistSource<0x600000878b00> (Domain: org.avalabs.corewallet, User: kCFPreferencesCurrentUser, ByHost: No, Container: (null), Contents Need Refresh: No) via CFPrefsSearchListSource<0x600000878280> (Domain: org.avalabs.corewallet, Container: (null))
2023-01-13 11:15:05.296 Db AvaxWallet[51269:1d29131] [com.apple.defaults:User Defaults] looked up value 1 for key RCTI18nUtil_makeRTLFlipLeftAndRightStyles in CFPrefsPlistSource<0x600000878b00> (Domain: org.avalabs.corewallet, User: kCFPreferencesCurrentUser, ByHost: No, Container: (null), Contents Need Refresh: No) via CFPrefsSearchListSource<0x600000878280> (Domain: org.avalabs.corewallet, Container: (null))
2023-01-13 11:15:05.296 Db AvaxWallet[51269:1d2916c] [com.apple.SystemConfiguration:SCPreferences] release <SCPreferences 0x14f7656f0 [0x1ba9afc60]> {name = SCDynamicStoreCopyProxiesWithOptions, id = /Library/Managed Preferences/mobile/com.apple.SystemConfiguration.plist, path = /Library/Managed Preferences/mobile/com.apple.SystemConfiguration.plist, accessed}
2023-01-13 11:15:05.296 Db AvaxWallet[51269:1d29131] [com.apple.defaults:User Defaults] looked up value 1 for key RCTI18nUtil_makeRTLFlipLeftAndRightStyles in CFPrefsPlistSource<0x600000878b00> (Domain: org.avalabs.corewallet, User: kCFPreferencesCurrentUser, ByHost: No, Container: (null), Contents Need Refresh: No) via CFPrefsSearchListSource<0x600000878280> (Domain: org.avalabs.corewallet, Container: (null))
2023-01-13 11:15:05.296 Db AvaxWallet[51269:1d29131] [com.apple.defaults:User Defaults] looked up value 1 for key RCTI18nUtil_makeRTLFlipLeftAndRightStyles in CFPrefsPlistSource<0x600000878b00> (Domain: org.avalabs.corewallet, User: kCFPreferencesCurrentUser, ByHost: No, Container: (null), Contents Need Refresh: No) via CFPrefsSearchListSource<0x600000878280> (Domain: org.avalabs.corewallet, Container: (null))
2023-01-13 11:15:05.296 Db AvaxWallet[51269:1d29131] [com.apple.defaults:User Defaults] looked up value 1 for key RCTI18nUtil_makeRTLFlipLeftAndRightStyles in CFPrefsPlistSource<0x600000878b00> (Domain: org.avalabs.corewallet, User: kCFPreferencesCurrentUser, ByHost: No, Container: (null), Contents Need Refresh: No) via CFPrefsSearchListSource<0x600000878280> (Domain: org.avalabs.corewallet, Container: (null))
2023-01-13 11:15:05.296 Db AvaxWallet[51269:1d2916c] [com.apple.network:connection] -[NWConcrete_nw_endpoint_resolver startWithHandler:] [C45.1 localhost:8081 waiting resolver (satisfied (Path is satisfied), interface: en0[802.11])]
2023-01-13 11:15:05.296 Db AvaxWallet[51269:1d29131] [com.apple.defaults:User Defaults] looked up value 1 for key RCTI18nUtil_makeRTLFlipLeftAndRightStyles in CFPrefsPlistSource<0x600000878b00> (Domain: org.avalabs.corewallet, User: kCFPreferencesCurrentUser, ByHost: No, Container: (null), Contents Need Refresh: No) via CFPrefsSearchListSource<0x600000878280> (Domain: org.avalabs.corewallet, Container: (null))
2023-01-13 11:15:05.296 Db AvaxWallet[51269:1d29131] [com.apple.defaults:User Defaults] looked up value 1 for key RCTI18nUtil_makeRTLFlipLeftAndRightStyles in CFPrefsPlistSource<0x600000878b00> (Domain: org.avalabs.corewallet, User: kCFPreferencesCurrentUser, ByHost: No, Container: (null), Contents Need Refresh: No) via CFPrefsSearchListSource<0x600000878280> (Domain: org.avalabs.corewallet, Container: (null))
2023-01-13 11:15:05.296 Db AvaxWallet[51269:1d29131] [com.apple.defaults:User Defaults] looked up value 1 for key RCTI18nUtil_makeRTLFlipLeftAndRightStyles in CFPrefsPlistSource<0x600000878b00> (Domain: org.avalabs.corewallet, User: kCFPreferencesCurrentUser, ByHost: No, Container: (null), Contents Need Refresh: No) via CFPrefsSearchListSource<0x600000878280> (Domain: org.avalabs.corewallet, Container: (null))
2023-01-13 11:15:05.296 Db AvaxWallet[51269:1d29131] [com.apple.defaults:User Defaults] looked up value 1 for key RCTI18nUtil_makeRTLFlipLeftAndRightStyles in CFPrefsPlistSource<0x600000878b00> (Domain: org.avalabs.corewallet, User: kCFPreferencesCurrentUser, ByHost: No, Container: (null), Contents Need Refresh: No) via CFPrefsSearchListSource<0x600000878280> (Domain: org.avalabs.corewallet, Container: (null))
2023-01-13 11:15:05.296 Db AvaxWallet[51269:1d29131] [com.apple.defaults:User Defaults] looked up value 1 for key RCTI18nUtil_makeRTLFlipLeftAndRightStyles in CFPrefsPlistSource<0x600000878b00> (Domain: org.avalabs.corewallet, User: kCFPreferencesCurrentUser, ByHost: No, Container: (null), Contents Need Refresh: No) via CFPrefsSearchListSource<0x600000878280> (Domain: org.avalabs.corewallet, Container: (null))
2023-01-13 11:15:05.296 Db AvaxWallet[51269:1d29131] [com.apple.defaults:User Defaults] looked up value 1 for key RCTI18nUtil_makeRTLFlipLeftAndRightStyles in CFPrefsPlistSource<0x600000878b00> (Domain: org.avalabs.corewallet, User: kCFPreferencesCurrentUser, ByHost: No, Container: (null), Contents Need Refresh: No) via CFPrefsSearchListSource<0x600000878280> (Domain: org.avalabs.corewallet, Container: (null))
2023-01-13 11:15:05.296 Db AvaxWallet[51269:1d29131] [com.apple.defaults:User Defaults] looked up value 1 for key RCTI18nUtil_makeRTLFlipLeftAndRightStyles in CFPrefsPlistSource<0x600000878b00> (Domain: org.avalabs.corewallet, User: kCFPreferencesCurrentUser, ByHost: No, Container: (null), Contents Need Refresh: No) via CFPrefsSearchListSource<0x600000878280> (Domain: org.avalabs.corewallet, Container: (null))
2023-01-13 11:15:05.296 Db AvaxWallet[51269:1d29131] [com.apple.defaults:User Defaults] looked up value 1 for key RCTI18nUtil_makeRTLFlipLeftAndRightStyles in CFPrefsPlistSource<0x600000878b00> (Domain: org.avalabs.corewallet, User: kCFPreferencesCurrentUser, ByHost: No, Container: (null), Contents Need Refresh: No) via CFPrefsSearchListSource<0x600000878280> (Domain: org.avalabs.corewallet, Container: (null))
2023-01-13 11:15:05.296 Db AvaxWallet[51269:1d2916c] [com.apple.network:connection] nw_endpoint_flow_receive_report [C45 localhost:8081 in_progress parent-flow (satisfied (Path is satisfied), interface: en0[802.11])] received child report: [C45.1 localhost:8081 in_progress resolver (satisfied (Path is satisfied), interface: en0[802.11])]
2023-01-13 11:15:05.297 Db AvaxWallet[51269:1d29131] [com.apple.defaults:User Defaults] looked up value 1 for key RCTI18nUtil_makeRTLFlipLeftAndRightStyles in CFPrefsPlistSource<0x600000878b00> (Domain: org.avalabs.corewallet, User: kCFPreferencesCurrentUser, ByHost: No, Container: (null), Contents Need Refresh: No) via CFPrefsSearchListSource<0x600000878280> (Domain: org.avalabs.corewallet, Container: (null))
2023-01-13 11:15:05.297 Db AvaxWallet[51269:1d29131] [com.apple.defaults:User Defaults] looked up value 1 for key RCTI18nUtil_makeRTLFlipLeftAndRightStyles in CFPrefsPlistSource<0x600000878b00> (Domain: org.avalabs.corewallet, User: kCFPreferencesCurrentUser, ByHost: No, Container: (null), Contents Need Refresh: No) via CFPrefsSearchListSource<0x600000878280> (Domain: org.avalabs.corewallet, Container: (null))
2023-01-13 11:15:05.297 Db AvaxWallet[51269:1d29131] [com.apple.defaults:User Defaults] looked up value 1 for key RCTI18nUtil_makeRTLFlipLeftAndRightStyles in CFPrefsPlistSource<0x600000878b00> (Domain: org.avalabs.corewallet, User: kCFPreferencesCurrentUser, ByHost: No, Container: (null), Contents Need Refresh: No) via CFPrefsSearchListSource<0x600000878280> (Domain: org.avalabs.corewallet, Container: (null))
2023-01-13 11:15:05.297 Db AvaxWallet[51269:1d29131] [com.apple.defaults:User Defaults] looked up value 1 for key RCTI18nUtil_makeRTLFlipLeftAndRightStyles in CFPrefsPlistSource<0x600000878b00> (Domain: org.avalabs.corewallet, User: kCFPreferencesCurrentUser, ByHost: No, Container: (null), Contents Need Refresh: No) via CFPrefsSearchListSource<0x600000878280> (Domain: org.avalabs.corewallet, Container: (null))
2023-01-13 11:15:05.297 Db AvaxWallet[51269:1d29131] [com.apple.defaults:User Defaults] looked up value 1 for key RCTI18nUtil_makeRTLFlipLeftAndRightStyles in CFPrefsPlistSource<0x600000878b00> (Domain: org.avalabs.corewallet, User: kCFPreferencesCurrentUser, ByHost: No, Container: (null), Contents Need Refresh: No) via CFPrefsSearchListSource<0x600000878280> (Domain: org.avalabs.corewallet, Container: (null))
2023-01-13 11:15:05.297 Db AvaxWallet[51269:1d29131] [com.apple.defaults:User Defaults] looked up value 1 for key RCTI18nUtil_makeRTLFlipLeftAndRightStyles in CFPrefsPlistSource<0x600000878b00> (Domain: org.avalabs.corewallet, User: kCFPreferencesCurrentUser, ByHost: No, Container: (null), Contents Need Refresh: No) via CFPrefsSearchListSource<0x600000878280> (Domain: org.avalabs.corewallet, Container: (null))
2023-01-13 11:15:05.297 Db AvaxWallet[51269:1d29131] [com.apple.defaults:User Defaults] looked up value 1 for key RCTI18nUtil_makeRTLFlipLeftAndRightStyles in CFPrefsPlistSource<0x600000878b00> (Domain: org.avalabs.corewallet, User: kCFPreferencesCurrentUser, ByHost: No, Container: (null), Contents Need Refresh: No) via CFPrefsSearchListSource<0x600000878280> (Domain: org.avalabs.corewallet, Container: (null))
2023-01-13 11:15:05.297 Df AvaxWallet[51269:1d2916c] [com.apple.network:connection] [C45.1 localhost:8081 in_progress resolver (satisfied (Path is satisfied), interface: en0[802.11])] event: resolver:start_dns @0.002s
2023-01-13 11:15:05.297 Db AvaxWallet[51269:1d29131] [com.apple.defaults:User Defaults] looked up value 1 for key RCTI18nUtil_makeRTLFlipLeftAndRightStyles in CFPrefsPlistSource<0x600000878b00> (Domain: org.avalabs.corewallet, User: kCFPreferencesCurrentUser, ByHost: No, Container: (null), Contents Need Refresh: No) via CFPrefsSearchListSource<0x600000878280> (Domain: org.avalabs.corewallet, Container: (null))
2023-01-13 11:15:05.297 Db AvaxWallet[51269:1d29131] [com.apple.defaults:User Defaults] looked up value 1 for key RCTI18nUtil_makeRTLFlipLeftAndRightStyles in CFPrefsPlistSource<0x600000878b00> (Domain: org.avalabs.corewallet, User: kCFPreferencesCurrentUser, ByHost: No, Container: (null), Contents Need Refresh: No) via CFPrefsSearchListSource<0x600000878280> (Domain: org.avalabs.corewallet, Container: (null))
2023-01-13 11:15:05.297 Db AvaxWallet[51269:1d29131] [com.apple.defaults:User Defaults] looked up value 1 for key RCTI18nUtil_makeRTLFlipLeftAndRightStyles in CFPrefsPlistSource<0x600000878b00> (Domain: org.avalabs.corewallet, User: kCFPreferencesCurrentUser, ByHost: No, Container: (null), Contents Need Refresh: No) via CFPrefsSearchListSource<0x600000878280> (Domain: org.avalabs.corewallet, Container: (null))
2023-01-13 11:15:05.297 Db AvaxWallet[51269:1d29131] [com.apple.defaults:User Defaults] looked up value 1 for key RCTI18nUtil_makeRTLFlipLeftAndRightStyles in CFPrefsPlistSource<0x600000878b00> (Domain: org.avalabs.corewallet, User: kCFPreferencesCurrentUser, ByHost: No, Container: (null), Contents Need Refresh: No) via CFPrefsSearchListSource<0x600000878280> (Domain: org.avalabs.corewallet, Container: (null))
2023-01-13 11:15:05.297 Db AvaxWallet[51269:1d29131] [com.apple.defaults:User Defaults] looked up value 1 for key RCTI18nUtil_makeRTLFlipLeftAndRightStyles in CFPrefsPlistSource<0x600000878b00> (Domain: org.avalabs.corewallet, User: kCFPreferencesCurrentUser, ByHost: No, Container: (null), Contents Need Refresh: No) via CFPrefsSearchListSource<0x600000878280> (Domain: org.avalabs.corewallet, Container: (null))
2023-01-13 11:15:05.297 Db AvaxWallet[51269:1d29131] [com.apple.defaults:User Defaults] looked up value 1 for key RCTI18nUtil_makeRTLFlipLeftAndRightStyles in CFPrefsPlistSource<0x600000878b00> (Domain: org.avalabs.corewallet, User: kCFPreferencesCurrentUser, ByHost: No, Container: (null), Contents Need Refresh: No) via CFPrefsSearchListSource<0x600000878280> (Domain: org.avalabs.corewallet, Container: (null))
2023-01-13 11:15:05.297 Db AvaxWallet[51269:1d29131] [com.apple.defaults:User Defaults] looked up value 1 for key RCTI18nUtil_makeRTLFlipLeftAndRightStyles in CFPrefsPlistSource<0x600000878b00> (Domain: org.avalabs.corewallet, User: kCFPreferencesCurrentUser, ByHost: No, Container: (null), Contents Need Refresh: No) via CFPrefsSearchListSource<0x600000878280> (Domain: org.avalabs.corewallet, Container: (null))
2023-01-13 11:15:05.297 Db AvaxWallet[51269:1d29131] [com.apple.defaults:User Defaults] looked up value 1 for key RCTI18nUtil_makeRTLFlipLeftAndRightStyles in CFPrefsPlistSource<0x600000878b00> (Domain: org.avalabs.corewallet, User: kCFPreferencesCurrentUser, ByHost: No, Container: (null), Contents Need Refresh: No) via CFPrefsSearchListSource<0x600000878280> (Domain: org.avalabs.corewallet, Container: (null))
2023-01-13 11:15:05.297 Db AvaxWallet[51269:1d29131] [com.apple.defaults:User Defaults] looked up value 1 for key RCTI18nUtil_makeRTLFlipLeftAndRightStyles in CFPrefsPlistSource<0x600000878b00> (Domain: org.avalabs.corewallet, User: kCFPreferencesCurrentUser, ByHost: No, Container: (null), Contents Need Refresh: No) via CFPrefsSearchListSource<0x600000878280> (Domain: org.avalabs.corewallet, Container: (null))
2023-01-13 11:15:05.297 Db AvaxWallet[51269:1d29131] [com.apple.defaults:User Defaults] looked up value 1 for key RCTI18nUtil_makeRTLFlipLeftAndRightStyles in CFPrefsPlistSource<0x600000878b00> (Domain: org.avalabs.corewallet, User: kCFPreferencesCurrentUser, ByHost: No, Container: (null), Contents Need Refresh: No) via CFPrefsSearchListSource<0x600000878280> (Domain: org.avalabs.corewallet, Container: (null))
2023-01-13 11:15:05.297 Db AvaxWallet[51269:1d29131] [com.apple.defaults:User Defaults] looked up value 1 for key RCTI18nUtil_makeRTLFlipLeftAndRightStyles in CFPrefsPlistSource<0x600000878b00> (Domain: org.avalabs.corewallet, User: kCFPreferencesCurrentUser, ByHost: No, Container: (null), Contents Need Refresh: No) via CFPrefsSearchListSource<0x600000878280> (Domain: org.avalabs.corewallet, Container: (null))
2023-01-13 11:15:05.297 Db AvaxWallet[51269:1d29131] [com.apple.defaults:User Defaults] looked up value 1 for key RCTI18nUtil_makeRTLFlipLeftAndRightStyles in CFPrefsPlistSource<0x600000878b00> (Domain: org.avalabs.corewallet, User: kCFPreferencesCurrentUser, ByHost: No, Container: (null), Contents Need Refresh: No) via CFPrefsSearchListSource<0x600000878280> (Domain: org.avalabs.corewallet, Container: (null))
2023-01-13 11:15:05.297 I  AvaxWallet[51269:1d2916c] [com.apple.network:connection] nw_resolver_create_dns_service_locked [C45.1] Starting host resolution localhost:8081, flags 0xc000d000 proto 0
2023-01-13 11:15:05.297 Db AvaxWallet[51269:1d29131] [com.apple.defaults:User Defaults] looked up value 1 for key RCTI18nUtil_makeRTLFlipLeftAndRightStyles in CFPrefsPlistSource<0x600000878b00> (Domain: org.avalabs.corewallet, User: kCFPreferencesCurrentUser, ByHost: No, Container: (null), Contents Need Refresh: No) via CFPrefsSearchListSource<0x600000878280> (Domain: org.avalabs.corewallet, Container: (null))
2023-01-13 11:15:05.297 Db AvaxWallet[51269:1d29131] [com.apple.defaults:User Defaults] looked up value 1 for key RCTI18nUtil_makeRTLFlipLeftAndRightStyles in CFPrefsPlistSource<0x600000878b00> (Domain: org.avalabs.corewallet, User: kCFPreferencesCurrentUser, ByHost: No, Container: (null), Contents Need Refresh: No) via CFPrefsSearchListSource<0x600000878280> (Domain: org.avalabs.corewallet, Container: (null))
2023-01-13 11:15:05.297 Df AvaxWallet[51269:1d2916c] (CFNetwork) Task <EE40C155-7A9F-47F8-ACFA-30A0EA3EA391>.<79> setting up Connection 45
2023-01-13 11:15:05.297 Db AvaxWallet[51269:1d29131] [com.apple.defaults:User Defaults] looked up value 1 for key RCTI18nUtil_makeRTLFlipLeftAndRightStyles in CFPrefsPlistSource<0x600000878b00> (Domain: org.avalabs.corewallet, User: kCFPreferencesCurrentUser, ByHost: No, Container: (null), Contents Need Refresh: No) via CFPrefsSearchListSource<0x600000878280> (Domain: org.avalabs.corewallet, Container: (null))
2023-01-13 11:15:05.297 Db AvaxWallet[51269:1d2916c] [com.apple.network:activity] Returning should log: 0 for activity cfnetwork:foreground_task
2023-01-13 11:15:05.297 Db AvaxWallet[51269:1d29131] [com.apple.defaults:User Defaults] looked up value 1 for key RCTI18nUtil_makeRTLFlipLeftAndRightStyles in CFPrefsPlistSource<0x600000878b00> (Domain: org.avalabs.corewallet, User: kCFPreferencesCurrentUser, ByHost: No, Container: (null), Contents Need Refresh: No) via CFPrefsSearchListSource<0x600000878280> (Domain: org.avalabs.corewallet, Container: (null))
