2023-01-13 11:21:27.901 Db AvaxWallet[51956:1d2b84a] [com.apple.network:connection] nw_endpoint_handler_add_write_request [C1 ::1.52182 ready parent-flow (satisfied (Path is satisfied), viable, interface: en0[802.11])] connected_child_handles_requests 0
2023-01-13 11:21:27.905 I  AvaxWallet[51956:1d2b655] [com.wix.Detox:WebSocket] Action received: invoke
2023-01-13 11:21:27.911 Db AvaxWallet[51956:1d2b84a] [com.apple.network:connection] nw_endpoint_handler_add_write_request [C1 ::1.52182 ready parent-flow (satisfied (Path is satisfied), viable, interface: en0[802.11])] connected_child_handles_requests 0
2023-01-13 11:21:27.913 I  AvaxWallet[51956:1d2b655] [com.wix.Detox:WebSocket] Action received: invoke
2023-01-13 11:21:27.931 I  AvaxWallet[51956:1d2b6cb] [com.apple.network:] nw_context_purge_endpoints Context <nw_context com.apple.CFNetwork.NSURLSession.{DF3F3184-75C7-413F-B5AE-6936A7E416BB}{(null)}{Y}{2} (private)> has more than 20 idle cache entries, purging 9 from 29 down to 20
2023-01-13 11:21:28.077 Df AvaxWallet[51956:1d2b655] [com.apple.UIKit:EventDispatch] Sending UIEvent type: 0; subtype: 0; to windows: 1
2023-01-13 11:21:28.078 Df AvaxWallet[51956:1d2b655] [com.apple.UIKit:EventDispatch] Sending UIEvent type: 0; subtype: 0; to window: <UIWindow: 0x12e038a90>; contextId: 0xB6EBFAC9
2023-01-13 11:21:28.079 A  AvaxWallet[51956:1d2b655] (UIKitCore) send gesture actions
2023-01-13 11:21:28.093 Df AvaxWallet[51956:1d2b655] [com.apple.UIKit:EventDispatch] Sending UIEvent type: 0; subtype: 0; to windows: 1
2023-01-13 11:21:28.094 Df AvaxWallet[51956:1d2b655] [com.apple.UIKit:EventDispatch] Sending UIEvent type: 0; subtype: 0; to window: <UIWindow: 0x12e038a90>; contextId: 0xB6EBFAC9
2023-01-13 11:21:28.094 A  AvaxWallet[51956:1d2b655] (UIKitCore) send gesture actions
2023-01-13 11:21:28.117 Df AvaxWallet[51956:1d2b84b] [com.apple.FrontBoard:Common] Creating service facility connection with <BSServiceConnectionEndpoint: 0x600000a56a00; target: com.apple.frontboard.systemappservices; service: com.apple.frontboard.system-service>
2023-01-13 11:21:28.117 Df AvaxWallet[51956:1d2b84b] [com.apple.FrontBoard:Common] [FBSSystemService][0x8ce9] Sending request to open "com.apple.SafariViewService"
2023-01-13 11:21:28.118 Df AvaxWallet[51956:1d2b84b] [com.apple.FrontBoard:Common] [FBSSystemAppProxy:0x600002e15e30] Service facility connection invalidated
2023-01-13 11:21:28.120 I  AvaxWallet[51956:1d2b655] [com.apple.Accessibility:AXRuntimeNotifications] Attempting to send notification:  (1055) (null)
2023-01-13 11:21:28.120 I  AvaxWallet[51956:1d2b655] [com.apple.Accessibility:AXRuntimeNotifications] Attempting to send notification:  (1055) (null)
2023-01-13 11:21:28.120 Db AvaxWallet[51956:1d2b655] [com.apple.UIKit:KeyboardVisualMode] useVisualModeWindowed: 0 (windowingModeEnabled: 0)
2023-01-13 11:21:28.120 Df AvaxWallet[51956:1d2b655] [com.apple.UIKit:KeyboardSceneDelegate] Reloading input views for: <(null): 0x0> force: 0
2023-01-13 11:21:28.120 Db AvaxWallet[51956:1d2b655] [com.apple.UIKit:KeyboardVisualMode] useVisualModeWindowed: 0 (windowingModeEnabled: 0)
2023-01-13 11:21:28.120 Db AvaxWallet[51956:1d2b655] [com.apple.UIKit:KeyboardVisualMode] useVisualModeWindowed: 0 (windowingModeEnabled: 0)
2023-01-13 11:21:28.120 Db AvaxWallet[51956:1d2b655] [com.apple.UIKit:KeyboardVisualMode] useVisualModeWindowed: 0 (windowingModeEnabled: 0)
2023-01-13 11:21:28.120 Db AvaxWallet[51956:1d2b655] [com.apple.UIKit:KeyboardVisualMode] useVisualModeWindowed: 0 (windowingModeEnabled: 0)
2023-01-13 11:21:28.120 Db AvaxWallet[51956:1d2b655] [com.apple.UIKit:KeyboardVisualMode] Show keyboard with visual mode windowed (0)
2023-01-13 11:21:28.120 Df AvaxWallet[51956:1d2b655] [com.apple.UIKit:InputWindowController] Setting input views: <<UIInputViewSet: 0x60000343c820>; (empty)>
2023-01-13 11:21:28.120 Df AvaxWallet[51956:1d2b655] [com.apple.UIKit:InputWindowController] Moving from placement: <UIInputViewSetPlacementOffScreenDown> to placement: <UIInputViewSetPlacementOffScreenDown>
2023-01-13 11:21:28.120 Df AvaxWallet[51956:1d2b655] [com.apple.UIKit:InputWindowController] Change to input view set: <<UIInputViewSet: 0x60000343c820>; (empty)>
2023-01-13 11:21:28.121 Db AvaxWallet[51956:1d2b84a] [com.apple.BaseBoard:MachPort]  *|machport|* <BSMachPortTaskNameRight: 0x60000104c2c0; usable: YES; (51956:e15f:send xpcCode) from (84275:22377:send task_name_for_pid:SafariViewServi.41855)> -> (<NSThread: 0x600001083d00>{number = 16, name = (null)}) (
	0   BaseBoard                           0x000000018333a548 -[BSMachPortRight _initWithPort:type:owner:trace:] + 192
	1   BaseBoard                           0x000000018333af5c -[BSMachPortRight initWithXPCDictionary:] + 164
	2   BaseBoard                           0x000000018333c7e4 -[BSMachPortTaskNameRight initWithXPCDictionary:] + 56
	3   BaseBoard                           0x000000018330fc84 BSCreateDeserializedBSXPCEncodableObjectFromXPCDictionary + 148
	4   BaseBoard                           0x000000018330fbac BSCreateDeserializedBSXPCEncodableObjectFromXPCDictionaryWithKey + 56
	5   BaseBoard                           0x0000000183349d34 -[BSProcessHandle initWithXPCDictionary:] + 212
	6   BaseBoard                           0x0000000183375a7c _BSXPCDecodeObject + 1536
	7   BaseBoa
2023-01-13 11:21:28.121 Df AvaxWallet[51956:1d2b84a] [com.apple.FrontBoard:Common] [FBSSystemService][0x8ce9] Request successful: <BSProcessHandle: 0x600000b42580; SafariViewServi:41855; valid: YES>
2023-01-13 11:21:28.121 Db AvaxWallet[51956:1d2b84b] [com.apple.defaults:User Defaults] found no value for key LogViewServiceAssertion in CFPrefsSearchListSource<0x600002b6a080> (Domain: com.apple.UIKit, Container: (null))
2023-01-13 11:21:28.121 I  AvaxWallet[51956:1d2b846] [com.apple.runningboard:assertion] Acquiring assertion: <RBSAssertionDescriptor| "com.apple.viewservice.session" ID:(null) target:application<com.apple.SafariViewService>>
2023-01-13 11:21:28.121 Db AvaxWallet[51956:1d2b655] [com.apple.defaults:User Defaults] found no value for key DictationLanguagesLastUsed in CFPrefsSearchListSource<0x600002b68c80> (Domain: com.apple.keyboard.preferences, Container: (null))
2023-01-13 11:21:28.121 Df AvaxWallet[51956:1d2b84b] [com.apple.UIKit:ViewServiceAssertion] Assertion created: identifier: com.apple.SafariViewService; assertion: 0x60000260eee0
2023-01-13 11:21:28.121 I  AvaxWallet[51956:1d2b655] [com.apple.siri:Client] -[AFDictationConnection dictationIsAvailableForLanguage:synchronous:] 0x600003e07740 Checking if language en-US is available
2023-01-13 11:21:28.121 Db AvaxWallet[51956:1d2b655] [com.apple.defaults:User Defaults] looked up value {
    "ar-SA" =     {
        "Auto Punctuation" = 0;
        "Continuous Listening" = 1;
        "Emoji Recognition" = 0;
        "High Quality" = 1;
        Installed = 0;
        "On Device Search" = 1;
    };
    "de-DE" =     {
        "Auto Punctuation" = 1;
        "Continuous Listening" = 1;
        "Emoji Recognition" = 1;
        "High Quality" = 1;
        Installed = 0;
        "On Device Search" = 1;
    };
    "en-AU" =     {
        "Auto Punctuation" = 1;
        "Continuous Listening" = 1;
        "Emoji Recognition" = 1;
        "High Quality" = 1;
        Installed = 0;
        "On Device Search" = 1;
    };
    "en-CA" =     {
        "Auto Punctuation" = 1;
        "Continuous Listening" = 1;
        "Emoji Recognition" = 1;
        "High Quality" = 1;
        Installed = 0;
        "On Device Search" = 1;
    };
    "en-GB" =     {
        "Auto Punctuation" = 1;
        "Continuous Listening" = 1;
        "Emoji Recognition" = 1;
        "High Quality" = 1;
        Installed =  for key <decode: missing data> in <decode: missing data> via <decode: missing data>
2023-01-13 11:21:28.121 Db AvaxWallet[51956:1d2b84a] [com.apple.BaseBoard:MachPort]  *|machport|* invalidate <BSMachPortTaskNameRight:0x60000104c2c0 usable=YES (51956:e15f:send xpcCode) from (84275:22377:send task_name_for_pid:SafariViewServi.41855)> -> (<NSThread: 0x600001083d00>{number = 16, name = (null)}) (
	0   BaseBoard                           0x000000018333acb4 -[BSMachPortRight _lock_invalidateForOwner:] + 288
	1   BaseBoard                           0x000000018333ad98 -[BSMachPortRight invalidate] + 56
	2   BaseBoard                           0x000000018334986c -[BSProcessHandle dealloc] + 28
	3   libobjc.A.dylib                     0x000000018004eeb4 _ZN19AutoreleasePoolPage12releaseUntilEPP11objc_object + 200
	4   libobjc.A.dylib                     0x000000018004ecc4 objc_autoreleasePoolPop + 252
	5   BoardServices                       0x0000000184b05190 BSXPCServiceConnectionExecuteCallOut + 240
	6   BoardServices                       0x0000000184ad64c0 __80+[BSXPCServiceConnectionProxy createImplementationOfProtocol:forClass:withName:]_block_invoke.100 + 152
	7   BoardServices
2023-01-13 11:21:28.121 Db AvaxWallet[51956:1d2b655] [com.apple.defaults:User Defaults] found no value for key Siri Data Sharing Opt-In Status 2.0 in CFPrefsSearchListSource<0x600002bcc780> (Domain: com.apple.assistant.support, Container: (null))
2023-01-13 11:21:28.121 Db AvaxWallet[51956:1d2b655] [com.apple.defaults:User Defaults] found no value for key Assistant Enabled in CFPrefsSearchListSource<0x600002bcc780> (Domain: com.apple.assistant.support, Container: (null))
2023-01-13 11:21:28.121 I  AvaxWallet[51956:1d2b655] [com.apple.siri:Client] -[AFDictationConnection dictationIsAvailableForLanguage:synchronous:] 0x600003e07740 Language en-US is available over network
2023-01-13 11:21:28.121 I  AvaxWallet[51956:1d2b655] [com.apple.siri:Client] -[AFDictationConnection dictationIsAvailableForLanguage:synchronous:] 0x600003e07740 Checking if language en-US is available
2023-01-13 11:21:28.122 Db AvaxWallet[51956:1d2b655] [com.apple.defaults:User Defaults] looked up value {
    "ar-SA" =     {
        "Auto Punctuation" = 0;
        "Continuous Listening" = 1;
        "Emoji Recognition" = 0;
        "High Quality" = 1;
        Installed = 0;
        "On Device Search" = 1;
    };
    "de-DE" =     {
        "Auto Punctuation" = 1;
        "Continuous Listening" = 1;
        "Emoji Recognition" = 1;
        "High Quality" = 1;
        Installed = 0;
        "On Device Search" = 1;
    };
    "en-AU" =     {
        "Auto Punctuation" = 1;
        "Continuous Listening" = 1;
        "Emoji Recognition" = 1;
        "High Quality" = 1;
        Installed = 0;
        "On Device Search" = 1;
    };
    "en-CA" =     {
        "Auto Punctuation" = 1;
        "Continuous Listening" = 1;
        "Emoji Recognition" = 1;
        "High Quality" = 1;
        Installed = 0;
        "On Device Search" = 1;
    };
    "en-GB" =     {
        "Auto Punctuation" = 1;
        "Continuous Listening" = 1;
        "Emoji Recognition" = 1;
        "High Quality" = 1;
        Installed =  for key <decode: missing data> in <decode: missing data> via <decode: missing data>
2023-01-13 11:21:28.122 Db AvaxWallet[51956:1d2b655] [com.apple.defaults:User Defaults] found no value for key Siri Data Sharing Opt-In Status 2.0 in CFPrefsSearchListSource<0x600002bcc780> (Domain: com.apple.assistant.support, Container: (null))
2023-01-13 11:21:28.122 Db AvaxWallet[51956:1d2b655] [com.apple.defaults:User Defaults] found no value for key Assistant Enabled in CFPrefsSearchListSource<0x600002bcc780> (Domain: com.apple.assistant.support, Container: (null))
2023-01-13 11:21:28.122 I  AvaxWallet[51956:1d2b655] [com.apple.siri:Client] -[AFDictationConnection dictationIsAvailableForLanguage:synchronous:] 0x600003e07740 Language en-US is available over network
2023-01-13 11:21:28.122 I  AvaxWallet[51956:1d2b655] [com.apple.siri:Client] -[AFDictationConnection dictationIsAvailableForLanguage:synchronous:] 0x600003e07740 Checking if language en-US is available
2023-01-13 11:21:28.122 Db AvaxWallet[51956:1d2b846] [com.apple.runningboard:assertion] Adding assertion 84277-51956-110786 to dictionary
2023-01-13 11:21:28.122 Db AvaxWallet[51956:1d2b655] [com.apple.defaults:User Defaults] looked up value {
    "ar-SA" =     {
        "Auto Punctuation" = 0;
        "Continuous Listening" = 1;
        "Emoji Recognition" = 0;
        "High Quality" = 1;
        Installed = 0;
        "On Device Search" = 1;
    };
    "de-DE" =     {
        "Auto Punctuation" = 1;
        "Continuous Listening" = 1;
        "Emoji Recognition" = 1;
        "High Quality" = 1;
        Installed = 0;
        "On Device Search" = 1;
    };
    "en-AU" =     {
        "Auto Punctuation" = 1;
        "Continuous Listening" = 1;
        "Emoji Recognition" = 1;
        "High Quality" = 1;
        Installed = 0;
        "On Device Search" = 1;
    };
    "en-CA" =     {
        "Auto Punctuation" = 1;
        "Continuous Listening" = 1;
        "Emoji Recognition" = 1;
        "High Quality" = 1;
        Installed = 0;
        "On Device Search" = 1;
    };
    "en-GB" =     {
        "Auto Punctuation" = 1;
        "Continuous Listening" = 1;
        "Emoji Recognition" = 1;
        "High Quality" = 1;
        Installed =  for key <decode: missing data> in <decode: missing data> via <decode: missing data>
2023-01-13 11:21:28.123 Db AvaxWallet[51956:1d2b655] [com.apple.defaults:User Defaults] found no value for key Siri Data Sharing Opt-In Status 2.0 in CFPrefsSearchListSource<0x600002bcc780> (Domain: com.apple.assistant.support, Container: (null))
2023-01-13 11:21:28.123 Db AvaxWallet[51956:1d2b655] [com.apple.defaults:User Defaults] found no value for key Assistant Enabled in CFPrefsSearchListSource<0x600002bcc780> (Domain: com.apple.assistant.support, Container: (null))
2023-01-13 11:21:28.123 I  AvaxWallet[51956:1d2b655] [com.apple.siri:Client] -[AFDictationConnection dictationIsAvailableForLanguage:synchronous:] 0x600003e07740 Language en-US is available over network
2023-01-13 11:21:28.123 Df AvaxWallet[51956:1d2b84a] [com.apple.UIKit:ViewServiceAssertion] Did connect to service: identifier: com.apple.SafariViewService; assertion: 0x60000260eee0
2023-01-13 11:21:28.123 Df AvaxWallet[51956:1d2b84a] [com.apple.UIKit:ViewServiceAssertion] Initialized service interface: identifier: com.apple.SafariViewService; assertion: 0x60000260eee0
2023-01-13 11:21:28.124 Db AvaxWallet[51956:1d2b655] [com.apple.CFBundle:resources] Resource lookup at CFBundle 0x12e3075a0 </Applications/Xcode.app/Contents/Developer/Platforms/iPhoneOS.platform/Library/Developer/CoreSimulator/Profiles/Runtimes/iOS.simruntime/Contents/Resources/RuntimeRoot/System/Library/AccessibilityBundles/UIKit.axbundle> (framework, loaded)
	Request       : Accessibility type: strings localization: en
	Result        : file:///Applications/Xcode.app/Contents/Developer/Platforms/iPhoneOS.platform/Library/Developer/CoreSimulator/Profiles/Runtimes/iOS.simruntime/Contents/Resources/RuntimeRoot/System/Library/AccessibilityBundles/UIKit.axbundle/en.lproj/Accessibility.strings
2023-01-13 11:21:28.124 Db AvaxWallet[51956:1d2b655] [com.apple.CFBundle:resources] Resource lookup at CFBundle 0x12e3075a0 </Applications/Xcode.app/Contents/Developer/Platforms/iPhoneOS.platform/Library/Developer/CoreSimulator/Profiles/Runtimes/iOS.simruntime/Contents/Resources/RuntimeRoot/System/Library/AccessibilityBundles/UIKit.axbundle> (framework, loaded)
	Request       : Accessibility type: stringsdict localization: en
	Result        : file:///Applications/Xcode.app/Contents/Developer/Platforms/iPhoneOS.platform/Library/Developer/CoreSimulator/Profiles/Runtimes/iOS.simruntime/Contents/Resources/RuntimeRoot/System/Library/AccessibilityBundles/UIKit.axbundle/en.lproj/Accessibility.stringsdict
2023-01-13 11:21:28.124 Db AvaxWallet[51956:1d2b655] [com.apple.CFBundle:strings] Bundle: CFBundle 0x12e3075a0 </Applications/Xcode.app/Contents/Developer/Platforms/iPhoneOS.platform/Library/Developer/CoreSimulator/Profiles/Runtimes/iOS.simruntime/Contents/Resources/RuntimeRoot/System/Library/AccessibilityBundles/UIKit.axbundle> (framework, loaded), key: global.keyboard.key.emoji, value: (null), table: Accessibility, localizationName: en, result: Emoji
2023-01-13 11:21:28.124 Db AvaxWallet[51956:1d2b655] [com.apple.UIKit:KeyboardVisualMode] useVisualModeWindowed: 0 (windowingModeEnabled: 0)
2023-01-13 11:21:28.125 Db AvaxWallet[51956:1d2b655] [com.apple.defaults:User Defaults] found no value for key KeyboardBias in CFPrefsSearchListSource<0x600002b68c80> (Domain: com.apple.keyboard.preferences, Container: (null))
2023-01-13 11:21:28.125 Db AvaxWallet[51956:1d2b655] [com.apple.UIKit:KeyboardVisualMode] useVisualModeWindowed: 0 (windowingModeEnabled: 0)
2023-01-13 11:21:28.125 Db AvaxWallet[51956:1d2b655] [com.apple.UIKit:KeyboardVisualMode] useVisualModeWindowed: 0 (windowingModeEnabled: 0)
2023-01-13 11:21:28.125 Db AvaxWallet[51956:1d2b655] [com.apple.UIKit:KeyboardVisualMode] useVisualModeWindowed: 0 (windowingModeEnabled: 0)
2023-01-13 11:21:28.126 Df AvaxWallet[51956:1d2b846] [com.apple.UIKit:ViewServiceAssertion] Cancelled active service request: identifier: com.apple.SafariViewService; assertion: 0x0
2023-01-13 11:21:28.126 Df AvaxWallet[51956:1d2b846] [com.apple.UIKit:ViewServiceAssertion] Invalidating assertion: identifier: com.apple.SafariViewService; assertion: 0x0
2023-01-13 11:21:28.126 Df AvaxWallet[51956:1d2b846] [com.apple.UIKit:ViewServiceAssertion] Calling out to connection handler to cancel active service request: identifier: com.apple.SafariViewService; assertion: 0x0
2023-01-13 11:21:28.131 I  AvaxWallet[51956:1d2b655] [com.apple.Accessibility:AXRuntimeNotifications] Attempting to send notification:  (1000) (null)
2023-01-13 11:21:28.132 Db AvaxWallet[51956:1d2b655] [com.apple.CFBundle:strings] Bundle: CFBundle 0x12e409170 </Applications/Xcode.app/Contents/Developer/Platforms/iPhoneOS.platform/Library/Developer/CoreSimulator/Profiles/Runtimes/iOS.simruntime/Contents/Resources/RuntimeRoot/System/Library/AccessibilityBundles/AnnotationKit.axbundle> (bundle, loaded), key: color.picker.white, value: , table: Accessibility, localizationName: (null), result: White
2023-01-13 11:21:28.132 Db AvaxWallet[51956:1d2b655] [com.apple.CFBundle:strings] Bundle: CFBundle 0x12e409170 </Applications/Xcode.app/Contents/Developer/Platforms/iPhoneOS.platform/Library/Developer/CoreSimulator/Profiles/Runtimes/iOS.simruntime/Contents/Resources/RuntimeRoot/System/Library/AccessibilityBundles/AnnotationKit.axbundle> (bundle, loaded), key: color.picker.white, value: , table: Accessibility, localizationName: (null), result: White
2023-01-13 11:21:28.132 Db AvaxWallet[51956:1d2b655] [com.apple.CFBundle:strings] Bundle: CFBundle 0x12e3041a0 </Applications/Xcode.app/Contents/Developer/Platforms/iPhoneOS.platform/Library/Developer/CoreSimulator/Profiles/Runtimes/iOS.simruntime/Contents/Resources/RuntimeRoot/System/Library/PrivateFrameworks/UIKitCore.framework> (not loaded), key: CONTEXT_MENU_LOADING, value: Loading, table: Localizable, localizationName: (null), result: Loading
2023-01-13 11:21:28.132 Db AvaxWallet[51956:1d2b655] [com.apple.CFBundle:strings] Bundle: CFBundle 0x12e3041a0 </Applications/Xcode.app/Contents/Developer/Platforms/iPhoneOS.platform/Library/Developer/CoreSimulator/Profiles/Runtimes/iOS.simruntime/Contents/Resources/RuntimeRoot/System/Library/PrivateFrameworks/UIKitCore.framework> (not loaded), key: CONTEXT_MENU_LOADING, value: Loading, table: Localizable, localizationName: (null), result: Loading
2023-01-13 11:21:28.132 Db AvaxWallet[51956:1d2b655] [com.apple.CFBundle:strings] Bundle: CFBundle 0x12e409170 </Applications/Xcode.app/Contents/Developer/Platforms/iPhoneOS.platform/Library/Developer/CoreSimulator/Profiles/Runtimes/iOS.simruntime/Contents/Resources/RuntimeRoot/System/Library/AccessibilityBundles/AnnotationKit.axbundle> (bundle, loaded), key: color.picker.white, value: , table: Accessibility, localizationName: (null), result: White
2023-01-13 11:21:28.132 Db AvaxWallet[51956:1d2b655] [com.apple.CFBundle:strings] Bundle: CFBundle 0x12e409170 </Applications/Xcode.app/Contents/Developer/Platforms/iPhoneOS.platform/Library/Developer/CoreSimulator/Profiles/Runtimes/iOS.simruntime/Contents/Resources/RuntimeRoot/System/Library/AccessibilityBundles/AnnotationKit.axbundle> (bundle, loaded), key: color.picker.white, value: , table: Accessibility, localizationName: (null), result: White
2023-01-13 11:21:28.133 Db AvaxWallet[51956:1d2b655] [com.apple.CFBundle:strings] Bundle: CFBundle 0x12e3041a0 </Applications/Xcode.app/Contents/Developer/Platforms/iPhoneOS.platform/Library/Developer/CoreSimulator/Profiles/Runtimes/iOS.simruntime/Contents/Resources/RuntimeRoot/System/Library/PrivateFrameworks/UIKitCore.framework> (not loaded), key: CONTEXT_MENU_LOADING, value: Loading, table: Localizable, localizationName: (null), result: Loading
2023-01-13 11:21:28.133 Db AvaxWallet[51956:1d2b655] [com.apple.CFBundle:strings] Bundle: CFBundle 0x12e3041a0 </Applications/Xcode.app/Contents/Developer/Platforms/iPhoneOS.platform/Library/Developer/CoreSimulator/Profiles/Runtimes/iOS.simruntime/Contents/Resources/RuntimeRoot/System/Library/PrivateFrameworks/UIKitCore.framework> (not loaded), key: CONTEXT_MENU_LOADING, value: Loading, table: Localizable, localizationName: (null), result: Loading
2023-01-13 11:21:28.134 I  AvaxWallet[51956:1d2b655] [com.apple.Accessibility:AXRuntimeNotifications] Attempting to send notification:  (1001) (null)
2023-01-13 11:21:28.134 I  AvaxWallet[51956:1d2b655] [com.apple.Accessibility:AXRuntimeNotifications] Did post notification. notification:  (1055) error:0 data:(null)
2023-01-13 11:21:28.134 I  AvaxWallet[51956:1d2b655] [com.apple.Accessibility:AXRuntimeNotifications] Did post notification. notification:  (1000) error:0 data:(null)
2023-01-13 11:21:28.135 I  AvaxWallet[51956:1d2b655] [com.apple.Accessibility:AXRuntimeNotifications] Did post notification. notification:  (1001) error:0 data:(null)
2023-01-13 11:21:28.142 Db AvaxWallet[51956:1d2b655] [com.apple.BaseBoard:MachPort]  *|machport|* <BSMachPortSendRight: 0x600000a759e0; usable: YES; (51956:7b03:send take)> -> (<_NSMainThread: 0x6000010785c0>{number = 1, name = main}) (
	0   BaseBoard                           0x000000018333a548 -[BSMachPortRight _initWithPort:type:owner:trace:] + 192
	1   BaseBoard                           0x000000018333bc00 -[BSMachPortSendRight initWithPort:] + 116
	2   UIKitCore                           0x000000010fd77bec -[_UIRemoteViewControllerConnectionRequest _sendServiceViewControllerRequest] + 188
	3   DetoxSync                           0x00000001136f267c ____detox_sync_dispatch_wrapper_block_invoke + 44
	4   libdispatch.dylib                   0x0000000180135768 _dispatch_client_callout + 16
	5   libdispatch.dylib                   0x0000000180145f04 _dispatch_lane_barrier_sync_invoke_and_complete + 92
	6   DetoxSync                           0x00000001136f2034 __detox_sync_dispatch_sync + 200
	7   UIKitCore                           0x000000010fd7734c __115-[_UIRemoteViewControllerConnectio
2023-01-13 11:21:28.144 Db AvaxWallet[51956:1d2b655] [com.apple.BaseBoard:MachPort]  *|machport|* invalidate <BSMachPortSendRight:0x600000a759e0 usable=YES (51956:7b03:send take)> -> (<_NSMainThread: 0x6000010785c0>{number = 1, name = main}) (
	0   BaseBoard                           0x000000018333acb4 -[BSMachPortRight _lock_invalidateForOwner:] + 288
	1   BaseBoard                           0x000000018333ad98 -[BSMachPortRight invalidate] + 56
	2   BaseBoard                           0x000000018333a72c -[BSMachPortRight dealloc] + 24
	3   UIKitCore                           0x000000010fd77d80 -[_UIRemoteViewControllerConnectionRequest _sendServiceViewControllerRequest] + 592
	4   DetoxSync                           0x00000001136f267c ____detox_sync_dispatch_wrapper_block_invoke + 44
	5   libdispatch.dylib                   0x0000000180135768 _dispatch_client_callout + 16
	6   libdispatch.dylib                   0x0000000180145f04 _dispatch_lane_barrier_sync_invoke_and_complete + 92
	7   DetoxSync                           0x00000001136f2034 __detox_sync_dispatch_sync + 200
	8   UIKitCore
2023-01-13 11:21:28.172 Db AvaxWallet[51956:1d2b846] [com.apple.BaseBoard:MachPort]  *|machport|* <BSMachPortSendRight: 0x600000b627c0; usable: YES; (51956:15527:send secCode) from (41855:4803:send take)> -> (<NSThread: 0x60000109ecc0>{number = 17, name = (null)}) (
	0   BaseBoard                           0x000000018333a548 -[BSMachPortRight _initWithPort:type:owner:trace:] + 192
	1   BaseBoard                           0x000000018333b428 -[BSMachPortRight initWithCoder:] + 308
	2   Foundation                          0x0000000180cbbd88 _decodeObject + 1348
	3   Foundation                          0x0000000180cbc24c _decodeObjectAfterSettingAllowListForKey + 164
	4   Foundation                          0x0000000180cbc170 -[NSXPCDecoder decodeObjectOfClass:forKey:] + 48
	5   UIKitCore                           0x000000010fd94008 -[_UIViewServiceControllerOperatorCreateResult initWithCoder:] + 416
	6   Foundation                          0x0000000180cbbd88 _decodeObject + 1348
	7   Foundation                          0x0000000180cbb7b8 -[NSXPCDecoder _decodeObjectOfClasses:atObject:] + 144
2023-01-13 11:21:28.177 Db AvaxWallet[51956:1d2b655] [com.apple.BaseBoard:MachPort]  *|machport|* invalidate <BSMachPortSendRight:0x600000b627c0 usable=YES (51956:15527:send secCode) from (41855:4803:send take)> -> (<_NSMainThread: 0x6000010785c0>{number = 1, name = main}) (
	0   BaseBoard                           0x000000018333acb4 -[BSMachPortRight _lock_invalidateForOwner:] + 288
	1   BaseBoard                           0x000000018333ab90 -[BSMachPortRight extractPortAndIKnowWhatImDoingISwear] + 120
	2   UIKitCore                           0x000000010fd791ec -[_UIRemoteViewController _awakeWithConnectionInfo:] + 764
	3   UIKit                               0x0000000114d696dc -[_UIRemoteViewControllerAccessibility _awakeWithConnectionInfo:] + 48
	4   UIKitCore                           0x000000010fd78d24 __124+[_UIRemoteViewController _requestViewController:traitCollection:fromServiceWithBundleIdentifier:service:connectionHandler:]_block_invoke_2 + 80
	5   DetoxSync                           0x00000001136f267c ____detox_sync_dispatch_wrapper_block_invoke + 44
	6   libdispatch.dylib
2023-01-13 11:21:28.178 Db AvaxWallet[51956:1d2b655] [com.apple.UIKit:KeyboardVisualMode] TEW _shouldResizeWithScene 0 (windowingModeEnabled: 0, resizeFor: 0)
2023-01-13 11:21:28.179 Db AvaxWallet[51956:1d2b655] [com.apple.UIKit:KeyboardVisualMode] TEW _shouldResizeWithScene 0 (windowingModeEnabled: 0, resizeFor: 0)
2023-01-13 11:21:28.179 Df AvaxWallet[51956:1d2b655] [com.apple.UIKit:InputWindowController] Change to input view set: (null)
2023-01-13 11:21:28.179 Db AvaxWallet[51956:1d2b655] [com.apple.UIKit:KeyboardVisualMode] TEW _shouldResizeWithScene 0 (windowingModeEnabled: 0, resizeFor: 0)
2023-01-13 11:21:28.179 Db AvaxWallet[51956:1d2b655] [com.apple.UIKit:KeyboardVisualMode] TEW _shouldResizeWithScene 0 (windowingModeEnabled: 0, resizeFor: 0)
2023-01-13 11:21:28.179 E  AvaxWallet[51956:1d2b846] [com.apple.Accessibility:AXRuntimeCommon] Unknown client: AvaxWallet
2023-01-13 11:21:28.181 Db AvaxWallet[51956:1d2b655] [com.apple.UIKit:KeyboardVisualMode] TEW _shouldResizeWithScene 0 (windowingModeEnabled: 0, resizeFor: 0)
2023-01-13 11:21:28.181 Db AvaxWallet[51956:1d2b655] [com.apple.UIKit:KeyboardVisualMode] TEW _shouldResizeWithScene 0 (windowingModeEnabled: 0, resizeFor: 0)
2023-01-13 11:21:28.181 Db AvaxWallet[51956:1d2b655] [com.apple.UIKit:KeyboardVisualMode] TEW _shouldResizeWithScene 0 (windowingModeEnabled: 0, resizeFor: 0)
2023-01-13 11:21:28.182 Df AvaxWallet[51956:1d2b655] [com.apple.UIKit:InputWindowController] Change to input view set: (null)
2023-01-13 11:21:28.182 Db AvaxWallet[51956:1d2b655] [com.apple.UIKit:KeyboardVisualMode] TEW _shouldResizeWithScene 0 (windowingModeEnabled: 0, resizeFor: 0)
2023-01-13 11:21:28.182 Db AvaxWallet[51956:1d2b655] [com.apple.UIKit:KeyboardVisualMode] TEW _shouldResizeWithScene 0 (windowingModeEnabled: 0, resizeFor: 0)
2023-01-13 11:21:28.182 I  AvaxWallet[51956:1d2b846] [com.apple.runningboard:assertion] Acquiring assertion: <RBSAssertionDescriptor| "injecting inherited from "UIScene:com.apple.frontboard.systemappservices::FBSceneManager:sceneID%3Aorg.avalabs.corewallet-default" to 41855<UIHostedWindow:dd9ea874>" ID:(null) target:41855<UIHostedWindow:dd9ea874>>
2023-01-13 11:21:28.182 Df AvaxWallet[51956:1d2b655] [com.apple.UIKit:InputWindowController] Change to input view set: <<UIInputViewSet: 0x60000343cfa0>; (empty)>
2023-01-13 11:21:28.182 Db AvaxWallet[51956:1d2b846] [com.apple.runningboard:assertion] Adding assertion 84277-51956-110789 to dictionary
2023-01-13 11:21:28.184 Db AvaxWallet[51956:1d2b655] [com.apple.CFBundle:resources] Resource lookup at CFBundle 0x12e3075a0 </Applications/Xcode.app/Contents/Developer/Platforms/iPhoneOS.platform/Library/Developer/CoreSimulator/Profiles/Runtimes/iOS.simruntime/Contents/Resources/RuntimeRoot/System/Library/AccessibilityBundles/UIKit.axbundle> (framework, loaded)
	Request       : Accessibility type: strings localization: en
	Result        : file:///Applications/Xcode.app/Contents/Developer/Platforms/iPhoneOS.platform/Library/Developer/CoreSimulator/Profiles/Runtimes/iOS.simruntime/Contents/Resources/RuntimeRoot/System/Library/AccessibilityBundles/UIKit.axbundle/en.lproj/Accessibility.strings
2023-01-13 11:21:28.184 Db AvaxWallet[51956:1d2b655] [com.apple.CFBundle:resources] Resource lookup at CFBundle 0x12e3075a0 </Applications/Xcode.app/Contents/Developer/Platforms/iPhoneOS.platform/Library/Developer/CoreSimulator/Profiles/Runtimes/iOS.simruntime/Contents/Resources/RuntimeRoot/System/Library/AccessibilityBundles/UIKit.axbundle> (framework, loaded)
	Request       : Accessibility type: stringsdict localization: en
	Result        : file:///Applications/Xcode.app/Contents/Developer/Platforms/iPhoneOS.platform/Library/Developer/CoreSimulator/Profiles/Runtimes/iOS.simruntime/Contents/Resources/RuntimeRoot/System/Library/AccessibilityBundles/UIKit.axbundle/en.lproj/Accessibility.stringsdict
2023-01-13 11:21:28.184 Db AvaxWallet[51956:1d2b655] [com.apple.CFBundle:strings] Bundle: CFBundle 0x12e3075a0 </Applications/Xcode.app/Contents/Developer/Platforms/iPhoneOS.platform/Library/Developer/CoreSimulator/Profiles/Runtimes/iOS.simruntime/Contents/Resources/RuntimeRoot/System/Library/AccessibilityBundles/UIKit.axbundle> (framework, loaded), key: global.keyboard.key.emoji, value: (null), table: Accessibility, localizationName: en, result: Emoji
2023-01-13 11:21:28.184 Db AvaxWallet[51956:1d2b655] [com.apple.CFBundle:strings] Bundle: CFBundle 0x12e3075a0 </Applications/Xcode.app/Contents/Developer/Platforms/iPhoneOS.platform/Library/Developer/CoreSimulator/Profiles/Runtimes/iOS.simruntime/Contents/Resources/RuntimeRoot/System/Library/AccessibilityBundles/UIKit.axbundle> (framework, loaded), key: globe.keyboard.key.hint, value: , table: Accessibility, localizationName: (null), result: Double-tap and hold, then drag up to select another keyboard
2023-01-13 11:21:28.184 Db AvaxWallet[51956:1d2b655] [com.apple.CFBundle:strings] Bundle: CFBundle 0x12e3075a0 </Applications/Xcode.app/Contents/Developer/Platforms/iPhoneOS.platform/Library/Developer/CoreSimulator/Profiles/Runtimes/iOS.simruntime/Contents/Resources/RuntimeRoot/System/Library/AccessibilityBundles/UIKit.axbundle> (framework, loaded), key: dictation.key, value: , table: Accessibility, localizationName: (null), result: Dictate
2023-01-13 11:21:28.184 Db AvaxWallet[51956:1d2b655] [com.apple.CFBundle:strings] Bundle: CFBundle 0x12e3075a0 </Applications/Xcode.app/Contents/Developer/Platforms/iPhoneOS.platform/Library/Developer/CoreSimulator/Profiles/Runtimes/iOS.simruntime/Contents/Resources/RuntimeRoot/System/Library/AccessibilityBundles/UIKit.axbundle> (framework, loaded), key: dictation.key.hint, value: , table: Accessibility, localizationName: (null), result: Double-tap to start dictation. Double-tap with two fingers when finished.
2023-01-13 11:21:28.184 Db AvaxWallet[51956:1d2b655] [com.apple.CFBundle:strings] Bundle: CFBundle 0x12e3075a0 </Applications/Xcode.app/Contents/Developer/Platforms/iPhoneOS.platform/Library/Developer/CoreSimulator/Profiles/Runtimes/iOS.simruntime/Contents/Resources/RuntimeRoot/System/Library/AccessibilityBundles/UIKit.axbundle> (framework, loaded), key: keyboardMinimized.tabButton, value: , table: Accessibility, localizationName: (null), result: show keyboard
2023-01-13 11:21:28.185 Db AvaxWallet[51956:1d2b655] [com.apple.CFBundle:resources] Resource lookup at CFBundle 0x12e3075a0 </Applications/Xcode.app/Contents/Developer/Platforms/iPhoneOS.platform/Library/Developer/CoreSimulator/Profiles/Runtimes/iOS.simruntime/Contents/Resources/RuntimeRoot/System/Library/AccessibilityBundles/UIKit.axbundle> (framework, loaded)
	Request       : Accessibility type: strings localization: en
	Result        : file:///Applications/Xcode.app/Contents/Developer/Platforms/iPhoneOS.platform/Library/Developer/CoreSimulator/Profiles/Runtimes/iOS.simruntime/Contents/Resources/RuntimeRoot/System/Library/AccessibilityBundles/UIKit.axbundle/en.lproj/Accessibility.strings
2023-01-13 11:21:28.185 Db AvaxWallet[51956:1d2b655] [com.apple.CFBundle:resources] Resource lookup at CFBundle 0x12e3075a0 </Applications/Xcode.app/Contents/Developer/Platforms/iPhoneOS.platform/Library/Developer/CoreSimulator/Profiles/Runtimes/iOS.simruntime/Contents/Resources/RuntimeRoot/System/Library/AccessibilityBundles/UIKit.axbundle> (framework, loaded)
	Request       : Accessibility type: stringsdict localization: en
	Result        : file:///Applications/Xcode.app/Contents/Developer/Platforms/iPhoneOS.platform/Library/Developer/CoreSimulator/Profiles/Runtimes/iOS.simruntime/Contents/Resources/RuntimeRoot/System/Library/AccessibilityBundles/UIKit.axbundle/en.lproj/Accessibility.stringsdict
2023-01-13 11:21:28.185 Db AvaxWallet[51956:1d2b655] [com.apple.CFBundle:strings] Bundle: CFBundle 0x12e3075a0 </Applications/Xcode.app/Contents/Developer/Platforms/iPhoneOS.platform/Library/Developer/CoreSimulator/Profiles/Runtimes/iOS.simruntime/Contents/Resources/RuntimeRoot/System/Library/AccessibilityBundles/UIKit.axbundle> (framework, loaded), key: global.keyboard.key.emoji, value: (null), table: Accessibility, localizationName: en, result: Emoji
2023-01-13 11:21:28.185 Db AvaxWallet[51956:1d2b655] [com.apple.CFBundle:strings] Bundle: CFBundle 0x12e3075a0 </Applications/Xcode.app/Contents/Developer/Platforms/iPhoneOS.platform/Library/Developer/CoreSimulator/Profiles/Runtimes/iOS.simruntime/Contents/Resources/RuntimeRoot/System/Library/AccessibilityBundles/UIKit.axbundle> (framework, loaded), key: globe.keyboard.key.hint, value: , table: Accessibility, localizationName: (null), result: Double-tap and hold, then drag up to select another keyboard
2023-01-13 11:21:28.185 Db AvaxWallet[51956:1d2b655] [com.apple.CFBundle:strings] Bundle: CFBundle 0x12e3075a0 </Applications/Xcode.app/Contents/Developer/Platforms/iPhoneOS.platform/Library/Developer/CoreSimulator/Profiles/Runtimes/iOS.simruntime/Contents/Resources/RuntimeRoot/System/Library/AccessibilityBundles/UIKit.axbundle> (framework, loaded), key: dictation.key, value: , table: Accessibility, localizationName: (null), result: Dictate
2023-01-13 11:21:28.185 Db AvaxWallet[51956:1d2b655] [com.apple.CFBundle:strings] Bundle: CFBundle 0x12e3075a0 </Applications/Xcode.app/Contents/Developer/Platforms/iPhoneOS.platform/Library/Developer/CoreSimulator/Profiles/Runtimes/iOS.simruntime/Contents/Resources/RuntimeRoot/System/Library/AccessibilityBundles/UIKit.axbundle> (framework, loaded), key: dictation.key.hint, value: , table: Accessibility, localizationName: (null), result: Double-tap to start dictation. Double-tap with two fingers when finished.
2023-01-13 11:21:28.185 Db AvaxWallet[51956:1d2b655] [com.apple.CFBundle:strings] Bundle: CFBundle 0x12e3075a0 </Applications/Xcode.app/Contents/Developer/Platforms/iPhoneOS.platform/Library/Developer/CoreSimulator/Profiles/Runtimes/iOS.simruntime/Contents/Resources/RuntimeRoot/System/Library/AccessibilityBundles/UIKit.axbundle> (framework, loaded), key: keyboardMinimized.tabButton, value: , table: Accessibility, localizationName: (null), result: show keyboard
2023-01-13 11:21:28.186 Db AvaxWallet[51956:1d2b655] [com.apple.defaults:User Defaults] found no value for key DictationLanguagesLastUsed in CFPrefsSearchListSource<0x600002b68c80> (Domain: com.apple.keyboard.preferences, Container: (null))
2023-01-13 11:21:28.186 I  AvaxWallet[51956:1d2b655] [com.apple.siri:Client] -[AFDictationConnection dictationIsAvailableForLanguage:synchronous:] 0x600003e07740 Checking if language en-US is available
2023-01-13 11:21:28.186 Db AvaxWallet[51956:1d2b655] [com.apple.defaults:User Defaults] looked up value {
    "ar-SA" =     {
        "Auto Punctuation" = 0;
        "Continuous Listening" = 1;
        "Emoji Recognition" = 0;
        "High Quality" = 1;
        Installed = 0;
        "On Device Search" = 1;
    };
    "de-DE" =     {
        "Auto Punctuation" = 1;
        "Continuous Listening" = 1;
        "Emoji Recognition" = 1;
        "High Quality" = 1;
        Installed = 0;
        "On Device Search" = 1;
    };
    "en-AU" =     {
        "Auto Punctuation" = 1;
        "Continuous Listening" = 1;
        "Emoji Recognition" = 1;
        "High Quality" = 1;
        Installed = 0;
        "On Device Search" = 1;
    };
    "en-CA" =     {
        "Auto Punctuation" = 1;
        "Continuous Listening" = 1;
        "Emoji Recognition" = 1;
        "High Quality" = 1;
        Installed = 0;
        "On Device Search" = 1;
    };
    "en-GB" =     {
        "Auto Punctuation" = 1;
        "Continuous Listening" = 1;
        "Emoji Recognition" = 1;
        "High Quality" = 1;
        Installed =  for key <decode: missing data> in <decode: missing data> via <decode: missing data>
2023-01-13 11:21:28.186 Db AvaxWallet[51956:1d2b655] [com.apple.defaults:User Defaults] found no value for key Siri Data Sharing Opt-In Status 2.0 in CFPrefsSearchListSource<0x600002bcc780> (Domain: com.apple.assistant.support, Container: (null))
2023-01-13 11:21:28.186 Db AvaxWallet[51956:1d2b655] [com.apple.defaults:User Defaults] found no value for key Assistant Enabled in CFPrefsSearchListSource<0x600002bcc780> (Domain: com.apple.assistant.support, Container: (null))
2023-01-13 11:21:28.186 I  AvaxWallet[51956:1d2b655] [com.apple.siri:Client] -[AFDictationConnection dictationIsAvailableForLanguage:synchronous:] 0x600003e07740 Language en-US is available over network
2023-01-13 11:21:28.186 I  AvaxWallet[51956:1d2b655] [com.apple.siri:Client] -[AFDictationConnection dictationIsAvailableForLanguage:synchronous:] 0x600003e07740 Checking if language en-US is available
2023-01-13 11:21:28.186 Db AvaxWallet[51956:1d2b655] [com.apple.defaults:User Defaults] looked up value {
    "ar-SA" =     {
        "Auto Punctuation" = 0;
        "Continuous Listening" = 1;
        "Emoji Recognition" = 0;
        "High Quality" = 1;
        Installed = 0;
        "On Device Search" = 1;
    };
    "de-DE" =     {
        "Auto Punctuation" = 1;
        "Continuous Listening" = 1;
        "Emoji Recognition" = 1;
        "High Quality" = 1;
        Installed = 0;
        "On Device Search" = 1;
    };
    "en-AU" =     {
        "Auto Punctuation" = 1;
        "Continuous Listening" = 1;
        "Emoji Recognition" = 1;
        "High Quality" = 1;
        Installed = 0;
        "On Device Search" = 1;
    };
    "en-CA" =     {
        "Auto Punctuation" = 1;
        "Continuous Listening" = 1;
        "Emoji Recognition" = 1;
        "High Quality" = 1;
        Installed = 0;
        "On Device Search" = 1;
    };
    "en-GB" =     {
        "Auto Punctuation" = 1;
        "Continuous Listening" = 1;
        "Emoji Recognition" = 1;
        "High Quality" = 1;
        Installed =  for key <decode: missing data> in <decode: missing data> via <decode: missing data>
2023-01-13 11:21:28.186 Db AvaxWallet[51956:1d2b655] [com.apple.defaults:User Defaults] found no value for key Siri Data Sharing Opt-In Status 2.0 in CFPrefsSearchListSource<0x600002bcc780> (Domain: com.apple.assistant.support, Container: (null))
2023-01-13 11:21:28.186 Db AvaxWallet[51956:1d2b655] [com.apple.defaults:User Defaults] found no value for key Assistant Enabled in CFPrefsSearchListSource<0x600002bcc780> (Domain: com.apple.assistant.support, Container: (null))
2023-01-13 11:21:28.186 I  AvaxWallet[51956:1d2b655] [com.apple.siri:Client] -[AFDictationConnection dictationIsAvailableForLanguage:synchronous:] 0x600003e07740 Language en-US is available over network
2023-01-13 11:21:28.186 I  AvaxWallet[51956:1d2b655] [com.apple.siri:Client] -[AFDictationConnection dictationIsAvailableForLanguage:synchronous:] 0x600003e07740 Checking if language en-US is available
2023-01-13 11:21:28.187 Db AvaxWallet[51956:1d2b655] [com.apple.defaults:User Defaults] looked up value {
    "ar-SA" =     {
        "Auto Punctuation" = 0;
        "Continuous Listening" = 1;
        "Emoji Recognition" = 0;
        "High Quality" = 1;
        Installed = 0;
        "On Device Search" = 1;
    };
    "de-DE" =     {
        "Auto Punctuation" = 1;
        "Continuous Listening" = 1;
        "Emoji Recognition" = 1;
        "High Quality" = 1;
        Installed = 0;
        "On Device Search" = 1;
    };
    "en-AU" =     {
        "Auto Punctuation" = 1;
        "Continuous Listening" = 1;
        "Emoji Recognition" = 1;
        "High Quality" = 1;
        Installed = 0;
        "On Device Search" = 1;
    };
    "en-CA" =     {
        "Auto Punctuation" = 1;
        "Continuous Listening" = 1;
        "Emoji Recognition" = 1;
        "High Quality" = 1;
        Installed = 0;
        "On Device Search" = 1;
    };
    "en-GB" =     {
        "Auto Punctuation" = 1;
        "Continuous Listening" = 1;
        "Emoji Recognition" = 1;
        "High Quality" = 1;
        Installed =  for key <decode: missing data> in <decode: missing data> via <decode: missing data>
2023-01-13 11:21:28.187 Db AvaxWallet[51956:1d2b655] [com.apple.defaults:User Defaults] found no value for key Siri Data Sharing Opt-In Status 2.0 in CFPrefsSearchListSource<0x600002bcc780> (Domain: com.apple.assistant.support, Container: (null))
2023-01-13 11:21:28.187 Db AvaxWallet[51956:1d2b655] [com.apple.defaults:User Defaults] found no value for key Assistant Enabled in CFPrefsSearchListSource<0x600002bcc780> (Domain: com.apple.assistant.support, Container: (null))
2023-01-13 11:21:28.187 I  AvaxWallet[51956:1d2b655] [com.apple.siri:Client] -[AFDictationConnection dictationIsAvailableForLanguage:synchronous:] 0x600003e07740 Language en-US is available over network
2023-01-13 11:21:28.187 Db AvaxWallet[51956:1d2b655] [com.apple.CFBundle:resources] Resource lookup at CFBundle 0x12e3075a0 </Applications/Xcode.app/Contents/Developer/Platforms/iPhoneOS.platform/Library/Developer/CoreSimulator/Profiles/Runtimes/iOS.simruntime/Contents/Resources/RuntimeRoot/System/Library/AccessibilityBundles/UIKit.axbundle> (framework, loaded)
	Request       : Accessibility type: strings localization: en
	Result        : file:///Applications/Xcode.app/Contents/Developer/Platforms/iPhoneOS.platform/Library/Developer/CoreSimulator/Profiles/Runtimes/iOS.simruntime/Contents/Resources/RuntimeRoot/System/Library/AccessibilityBundles/UIKit.axbundle/en.lproj/Accessibility.strings
2023-01-13 11:21:28.187 Db AvaxWallet[51956:1d2b655] [com.apple.CFBundle:resources] Resource lookup at CFBundle 0x12e3075a0 </Applications/Xcode.app/Contents/Developer/Platforms/iPhoneOS.platform/Library/Developer/CoreSimulator/Profiles/Runtimes/iOS.simruntime/Contents/Resources/RuntimeRoot/System/Library/AccessibilityBundles/UIKit.axbundle> (framework, loaded)
	Request       : Accessibility type: stringsdict localization: en
	Result        : file:///Applications/Xcode.app/Contents/Developer/Platforms/iPhoneOS.platform/Library/Developer/CoreSimulator/Profiles/Runtimes/iOS.simruntime/Contents/Resources/RuntimeRoot/System/Library/AccessibilityBundles/UIKit.axbundle/en.lproj/Accessibility.stringsdict
2023-01-13 11:21:28.187 Db AvaxWallet[51956:1d2b655] [com.apple.CFBundle:strings] Bundle: CFBundle 0x12e3075a0 </Applications/Xcode.app/Contents/Developer/Platforms/iPhoneOS.platform/Library/Developer/CoreSimulator/Profiles/Runtimes/iOS.simruntime/Contents/Resources/RuntimeRoot/System/Library/AccessibilityBundles/UIKit.axbundle> (framework, loaded), key: global.keyboard.key.emoji, value: (null), table: Accessibility, localizationName: en, result: Emoji
2023-01-13 11:21:28.188 Db AvaxWallet[51956:1d2b655] [com.apple.defaults:User Defaults] found no value for key KeyboardBias in CFPrefsSearchListSource<0x600002b68c80> (Domain: com.apple.keyboard.preferences, Container: (null))
2023-01-13 11:21:28.188 Db AvaxWallet[51956:1d2b655] [com.apple.defaults:User Defaults] found no value for key KeyboardBias in CFPrefsSearchListSource<0x600002b68c80> (Domain: com.apple.keyboard.preferences, Container: (null))
2023-01-13 11:21:28.188 I  AvaxWallet[51956:1d2b846] [com.apple.runningboard:assertion] Acquiring assertion: <RBSAssertionDescriptor| "injecting inherited from "UIHostedWindow:e821af8a" to 41855<UIHostedWindow:389955d3>" ID:(null) target:41855<UIHostedWindow:389955d3>>
2023-01-13 11:21:28.188 I  AvaxWallet[51956:1d2b84a] [com.apple.runningboard:assertion] Acquiring assertion: <RBSAssertionDescriptor| "injecting inherited from "UIScene:com.apple.frontboard.systemappservices::FBSceneManager:sceneID%3Aorg.avalabs.corewallet-default" to 41855<UIHostedWindow:68e725d4>" ID:(null) target:41855<UIHostedWindow:68e725d4>>
2023-01-13 11:21:28.189 I  AvaxWallet[51956:1d2b84b] [com.apple.runningboard:assertion] Acquiring assertion: <RBSAssertionDescriptor| "systemAnimationFence" ID:(null) target:51956>
2023-01-13 11:21:28.190 Db AvaxWallet[51956:1d2b846] [com.apple.runningboard:assertion] Adding assertion 84277-51956-110792 to dictionary
2023-01-13 11:21:28.191 Db AvaxWallet[51956:1d2b84a] [com.apple.runningboard:assertion] Adding assertion 84277-51956-110793 to dictionary
2023-01-13 11:21:28.192 Db AvaxWallet[51956:1d2b84b] [com.apple.runningboard:assertion] Adding assertion 84277-51956-110794 to dictionary
2023-01-13 11:21:28.249 Df AvaxWallet[51956:1d2b655] [com.apple.UIKit:KeyboardSceneDelegate] Reloading input views for: <SFBrowserRemoteViewController: 0x12e86fa00> force: 0
2023-01-13 11:21:28.249 Db AvaxWallet[51956:1d2b655] [com.apple.UIKit:KeyboardVisualMode] useVisualModeWindowed: 0 (windowingModeEnabled: 0)
2023-01-13 11:21:28.250 Db AvaxWallet[51956:1d2b655] [com.apple.UIKit:KeyboardVisualMode] useVisualModeWindowed: 0 (windowingModeEnabled: 0)
2023-01-13 11:21:28.250 Db AvaxWallet[51956:1d2b655] [com.apple.UIKit:KeyboardVisualMode] useVisualModeWindowed: 0 (windowingModeEnabled: 0)
2023-01-13 11:21:28.250 Db AvaxWallet[51956:1d2b655] [com.apple.UIKit:KeyboardVisualMode] useVisualModeWindowed: 0 (windowingModeEnabled: 0)
2023-01-13 11:21:28.250 Db AvaxWallet[51956:1d2b655] [com.apple.UIKit:KeyboardVisualMode] Show keyboard with visual mode windowed (0)
2023-01-13 11:21:28.250 Df AvaxWallet[51956:1d2b655] [com.apple.UIKit:InputWindowController] Setting input views: <<UIInputViewSet: 0x600003456b20>; (empty)>
2023-01-13 11:21:28.250 Df AvaxWallet[51956:1d2b655] [com.apple.UIKit:InputWindowController] Moving from placement: <UIInputViewSetPlacementOffScreenDown> to placement: <UIInputViewSetPlacementOffScreenDownByScreenHeight>
2023-01-13 11:21:28.250 Df AvaxWallet[51956:1d2b655] [com.apple.UIKit:InputWindowController] Change to input view set: <<UIInputViewSet: 0x600003456b20>; (empty)>
2023-01-13 11:21:28.251 Db AvaxWallet[51956:1d2b655] [com.apple.CFBundle:resources] Resource lookup at CFBundle 0x12e3075a0 </Applications/Xcode.app/Contents/Developer/Platforms/iPhoneOS.platform/Library/Developer/CoreSimulator/Profiles/Runtimes/iOS.simruntime/Contents/Resources/RuntimeRoot/System/Library/AccessibilityBundles/UIKit.axbundle> (framework, loaded)
	Request       : Accessibility type: strings localization: en
	Result        : file:///Applications/Xcode.app/Contents/Developer/Platforms/iPhoneOS.platform/Library/Developer/CoreSimulator/Profiles/Runtimes/iOS.simruntime/Contents/Resources/RuntimeRoot/System/Library/AccessibilityBundles/UIKit.axbundle/en.lproj/Accessibility.strings
2023-01-13 11:21:28.251 Db AvaxWallet[51956:1d2b655] [com.apple.CFBundle:resources] Resource lookup at CFBundle 0x12e3075a0 </Applications/Xcode.app/Contents/Developer/Platforms/iPhoneOS.platform/Library/Developer/CoreSimulator/Profiles/Runtimes/iOS.simruntime/Contents/Resources/RuntimeRoot/System/Library/AccessibilityBundles/UIKit.axbundle> (framework, loaded)
	Request       : Accessibility type: stringsdict localization: en
	Result        : file:///Applications/Xcode.app/Contents/Developer/Platforms/iPhoneOS.platform/Library/Developer/CoreSimulator/Profiles/Runtimes/iOS.simruntime/Contents/Resources/RuntimeRoot/System/Library/AccessibilityBundles/UIKit.axbundle/en.lproj/Accessibility.stringsdict
2023-01-13 11:21:28.251 Db AvaxWallet[51956:1d2b655] [com.apple.CFBundle:strings] Bundle: CFBundle 0x12e3075a0 </Applications/Xcode.app/Contents/Developer/Platforms/iPhoneOS.platform/Library/Developer/CoreSimulator/Profiles/Runtimes/iOS.simruntime/Contents/Resources/RuntimeRoot/System/Library/AccessibilityBundles/UIKit.axbundle> (framework, loaded), key: global.keyboard.key.emoji, value: (null), table: Accessibility, localizationName: en, result: Emoji
2023-01-13 11:21:28.251 I  AvaxWallet[51956:1d2b84b] [com.apple.runningboard:assertion] Acquiring assertion: <RBSAssertionDescriptor| "systemAnimationFence" ID:(null) target:51956>
